###############################################################################
#
# IAR ELF Linker V7.50.2.10312/W32 for ARM                29/Feb/2016  16:48:08
# Copyright 2007-2015 IAR Systems AB.
#
#    Output file  =  
#        G:\Users\nanimo\Documents\GitHub\upsat-obc-software\stm_cube\test3\EWARM\test3
#        Configuration\Exe\test3 Configuration.out
#    Map file     =  
#        G:\Users\nanimo\Documents\GitHub\upsat-obc-software\stm_cube\test3\EWARM\test3
#        Configuration\List\test3 Configuration.map
#    Command line =  
#        "G:\Users\nanimo\Documents\GitHub\upsat-obc-software\stm_cube\test3\EWARM\test3
#        Configuration\Obj\bsp_driver_sd.o"
#        "G:\Users\nanimo\Documents\GitHub\upsat-obc-software\stm_cube\test3\EWARM\test3
#        Configuration\Obj\cmsis_os.o"
#        "G:\Users\nanimo\Documents\GitHub\upsat-obc-software\stm_cube\test3\EWARM\test3
#        Configuration\Obj\croutine.o"
#        "G:\Users\nanimo\Documents\GitHub\upsat-obc-software\stm_cube\test3\EWARM\test3
#        Configuration\Obj\diskio.o"
#        "G:\Users\nanimo\Documents\GitHub\upsat-obc-software\stm_cube\test3\EWARM\test3
#        Configuration\Obj\event_groups.o"
#        "G:\Users\nanimo\Documents\GitHub\upsat-obc-software\stm_cube\test3\EWARM\test3
#        Configuration\Obj\fatfs.o"
#        "G:\Users\nanimo\Documents\GitHub\upsat-obc-software\stm_cube\test3\EWARM\test3
#        Configuration\Obj\ff.o"
#        "G:\Users\nanimo\Documents\GitHub\upsat-obc-software\stm_cube\test3\EWARM\test3
#        Configuration\Obj\ff_gen_drv.o"
#        "G:\Users\nanimo\Documents\GitHub\upsat-obc-software\stm_cube\test3\EWARM\test3
#        Configuration\Obj\freertos.o"
#        "G:\Users\nanimo\Documents\GitHub\upsat-obc-software\stm_cube\test3\EWARM\test3
#        Configuration\Obj\heap_4.o"
#        "G:\Users\nanimo\Documents\GitHub\upsat-obc-software\stm_cube\test3\EWARM\test3
#        Configuration\Obj\hldlc.o"
#        "G:\Users\nanimo\Documents\GitHub\upsat-obc-software\stm_cube\test3\EWARM\test3
#        Configuration\Obj\housekeeping_service.o"
#        "G:\Users\nanimo\Documents\GitHub\upsat-obc-software\stm_cube\test3\EWARM\test3
#        Configuration\Obj\list.o"
#        "G:\Users\nanimo\Documents\GitHub\upsat-obc-software\stm_cube\test3\EWARM\test3
#        Configuration\Obj\main.o"
#        "G:\Users\nanimo\Documents\GitHub\upsat-obc-software\stm_cube\test3\EWARM\test3
#        Configuration\Obj\obc_hal.o"
#        "G:\Users\nanimo\Documents\GitHub\upsat-obc-software\stm_cube\test3\EWARM\test3
#        Configuration\Obj\port.o"
#        "G:\Users\nanimo\Documents\GitHub\upsat-obc-software\stm_cube\test3\EWARM\test3
#        Configuration\Obj\portasm.o"
#        "G:\Users\nanimo\Documents\GitHub\upsat-obc-software\stm_cube\test3\EWARM\test3
#        Configuration\Obj\power_ctrl.o"
#        "G:\Users\nanimo\Documents\GitHub\upsat-obc-software\stm_cube\test3\EWARM\test3
#        Configuration\Obj\queue.o"
#        "G:\Users\nanimo\Documents\GitHub\upsat-obc-software\stm_cube\test3\EWARM\test3
#        Configuration\Obj\route_verification.o"
#        "G:\Users\nanimo\Documents\GitHub\upsat-obc-software\stm_cube\test3\EWARM\test3
#        Configuration\Obj\sd_diskio.o"
#        "G:\Users\nanimo\Documents\GitHub\upsat-obc-software\stm_cube\test3\EWARM\test3
#        Configuration\Obj\serial.o"
#        "G:\Users\nanimo\Documents\GitHub\upsat-obc-software\stm_cube\test3\EWARM\test3
#        Configuration\Obj\startup_stm32f407xx.o"
#        "G:\Users\nanimo\Documents\GitHub\upsat-obc-software\stm_cube\test3\EWARM\test3
#        Configuration\Obj\stm32f4xx_hal.o"
#        "G:\Users\nanimo\Documents\GitHub\upsat-obc-software\stm_cube\test3\EWARM\test3
#        Configuration\Obj\stm32f4xx_hal_cortex.o"
#        "G:\Users\nanimo\Documents\GitHub\upsat-obc-software\stm_cube\test3\EWARM\test3
#        Configuration\Obj\stm32f4xx_hal_dma.o"
#        "G:\Users\nanimo\Documents\GitHub\upsat-obc-software\stm_cube\test3\EWARM\test3
#        Configuration\Obj\stm32f4xx_hal_dma_ex.o"
#        "G:\Users\nanimo\Documents\GitHub\upsat-obc-software\stm_cube\test3\EWARM\test3
#        Configuration\Obj\stm32f4xx_hal_flash.o"
#        "G:\Users\nanimo\Documents\GitHub\upsat-obc-software\stm_cube\test3\EWARM\test3
#        Configuration\Obj\stm32f4xx_hal_flash_ex.o"
#        "G:\Users\nanimo\Documents\GitHub\upsat-obc-software\stm_cube\test3\EWARM\test3
#        Configuration\Obj\stm32f4xx_hal_flash_ramfunc.o"
#        "G:\Users\nanimo\Documents\GitHub\upsat-obc-software\stm_cube\test3\EWARM\test3
#        Configuration\Obj\stm32f4xx_hal_gpio.o"
#        "G:\Users\nanimo\Documents\GitHub\upsat-obc-software\stm_cube\test3\EWARM\test3
#        Configuration\Obj\stm32f4xx_hal_msp.o"
#        "G:\Users\nanimo\Documents\GitHub\upsat-obc-software\stm_cube\test3\EWARM\test3
#        Configuration\Obj\stm32f4xx_hal_pwr.o"
#        "G:\Users\nanimo\Documents\GitHub\upsat-obc-software\stm_cube\test3\EWARM\test3
#        Configuration\Obj\stm32f4xx_hal_pwr_ex.o"
#        "G:\Users\nanimo\Documents\GitHub\upsat-obc-software\stm_cube\test3\EWARM\test3
#        Configuration\Obj\stm32f4xx_hal_rcc.o"
#        "G:\Users\nanimo\Documents\GitHub\upsat-obc-software\stm_cube\test3\EWARM\test3
#        Configuration\Obj\stm32f4xx_hal_rcc_ex.o"
#        "G:\Users\nanimo\Documents\GitHub\upsat-obc-software\stm_cube\test3\EWARM\test3
#        Configuration\Obj\stm32f4xx_hal_sd.o"
#        "G:\Users\nanimo\Documents\GitHub\upsat-obc-software\stm_cube\test3\EWARM\test3
#        Configuration\Obj\stm32f4xx_hal_uart.o"
#        "G:\Users\nanimo\Documents\GitHub\upsat-obc-software\stm_cube\test3\EWARM\test3
#        Configuration\Obj\stm32f4xx_it.o"
#        "G:\Users\nanimo\Documents\GitHub\upsat-obc-software\stm_cube\test3\EWARM\test3
#        Configuration\Obj\stm32f4xx_ll_sdmmc.o"
#        "G:\Users\nanimo\Documents\GitHub\upsat-obc-software\stm_cube\test3\EWARM\test3
#        Configuration\Obj\syscall.o"
#        "G:\Users\nanimo\Documents\GitHub\upsat-obc-software\stm_cube\test3\EWARM\test3
#        Configuration\Obj\system_stm32f4xx.o"
#        "G:\Users\nanimo\Documents\GitHub\upsat-obc-software\stm_cube\test3\EWARM\test3
#        Configuration\Obj\tasks.o"
#        "G:\Users\nanimo\Documents\GitHub\upsat-obc-software\stm_cube\test3\EWARM\test3
#        Configuration\Obj\tc_tm.o"
#        "G:\Users\nanimo\Documents\GitHub\upsat-obc-software\stm_cube\test3\EWARM\test3
#        Configuration\Obj\timers.o"
#        "G:\Users\nanimo\Documents\GitHub\upsat-obc-software\stm_cube\test3\EWARM\test3
#        Configuration\Obj\verification_service.o" --redirect
#        _Printf=_PrintfFull --redirect _Scanf=_ScanfFull -o
#        "G:\Users\nanimo\Documents\GitHub\upsat-obc-software\stm_cube\test3\EWARM\test3
#        Configuration\Exe\test3 Configuration.out" --map
#        "G:\Users\nanimo\Documents\GitHub\upsat-obc-software\stm_cube\test3\EWARM\test3
#        Configuration\List\test3 Configuration.map" --config
#        G:\Users\nanimo\Documents\GitHub\upsat-obc-software\stm_cube\test3\EWARM/stm32f407xx_flash.icf
#        --semihosting --entry __iar_program_start --vfe
#
###############################################################################

*******************************************************************************
*** RUNTIME MODEL ATTRIBUTES
***

CppFlavor       = *
__SystemLibrary = DLib


*******************************************************************************
*** PLACEMENT SUMMARY
***

"A1":  place at 0x08000000 { ro section .intvec };
"P1":  place in [from 0x08000000 to 0x080fffff] { ro };
"P2":  place in [from 0x20000000 to 0x2001ffff] { rw, block CSTACK, block HEAP };

  Section            Kind        Address    Size  Object
  -------            ----        -------    ----  ------
"A1":                                      0x188
  .intvec            ro code  0x08000000   0x188  startup_stm32f407xx.o [1]
                            - 0x08000188   0x188

"P1":                                     0x3711
  .text              ro code  0x08000188   0xcc4  stm32f4xx_hal_sd.o [1]
  .text              ro code  0x08000e4c    0xf4  stm32f4xx_hal_msp.o [1]
  .text              ro code  0x08000f40    0x56  ABImemcpy_unaligned.o [5]
  .text              ro code  0x08000f98    0xb4  stm32f4xx_ll_sdmmc.o [1]
  .text              ro code  0x0800104c    0x7c  stm32f4xx_hal.o [1]
  .text              ro code  0x080010c8    0xd8  stm32f4xx_hal_cortex.o [1]
  .text              ro code  0x080011a0   0x1f8  stm32f4xx_hal_gpio.o [1]
  .text              ro code  0x08001398   0x4e4  stm32f4xx_hal_rcc.o [1]
  .text              ro code  0x0800187c   0x530  tasks.o [1]
  .text              ro code  0x08001dac   0x19c  port.o [1]
  .text              ro code  0x08001f48    0x8e  list.o [1]
  .text              ro code  0x08001fd8   0x1ac  heap_4.o [1]
  .text              ro code  0x08002184    0x3a  ABImemset48.o [5]
  CODE               ro code  0x080021c0    0xa8  portasm.o [1]
  .text              ro code  0x08002268   0x4a4  stm32f4xx_hal_uart.o [1]
  .rodata            const    0x0800270c   0x424  route_verification.o [1]
  .text              ro code  0x08002b30   0x33c  main.o [1]
  .text              ro code  0x08002e6c    0x6e  cmsis_os.o [1]
  .text              ro code  0x08002edc    0x18  fatfs.o [1]
  .text              ro code  0x08002ef4    0x74  serial.o [1]
  .text              ro code  0x08002f68    0x44  ff_gen_drv.o [1]
  .text              ro code  0x08002fac   0x1fc  tc_tm.o [1]
  .text              ro code  0x080031a8    0x9c  hldlc.o [1]
  .text              ro code  0x08003244    0x78  route_verification.o [1]
  .text              ro code  0x080032bc    0x86  verification_service.o [1]
  .text              ro code  0x08003342    0x40  power_ctrl.o [1]
  .text              ro code  0x08003384    0xc4  housekeeping_service.o [1]
  .text              ro code  0x08003448    0x14  obc_hal.o [1]
  .text              ro code  0x0800345c    0xa4  sd_diskio.o [1]
  .text              ro code  0x08003500    0x68  bsp_driver_sd.o [1]
  .text              ro code  0x08003568    0x50  system_stm32f4xx.o [1]
  .text              ro code  0x080035b8    0x40  zero_init3.o [5]
  .text              ro code  0x080035f8    0x38  packbits_init_single.o [5]
  .text              ro code  0x08003630    0x28  data_init.o [5]
  .text              ro code  0x08003658    0x22  fpinit_M.o [4]
  .iar.init_table    const    0x0800367c    0x20  - Linker created -
  .text              ro code  0x0800369c    0x1a  cmain.o [5]
  .text              ro code  0x080036b6     0x4  low_level_init.o [3]
  .text              ro code  0x080036ba     0x4  exit.o [3]
  .text              ro code  0x080036c0     0xa  cexit.o [5]
  .text              ro code  0x080036cc    0x14  exit.o [6]
  .text              ro code  0x080036e0    0x18  stm32f4xx_it.o [1]
  .rodata            const    0x080036f8    0x14  sd_diskio.o [1]
  .text              ro code  0x0800370c    0x10  startup_stm32f407xx.o [1]
  .rodata            const    0x0800371c     0xc  main.o [1]
  .text              ro code  0x08003728     0xc  cstartup_M.o [5]
  .text              ro code  0x08003734     0x4  startup_stm32f407xx.o [1]
  .text              ro code  0x08003738     0x4  startup_stm32f407xx.o [1]
  .text              ro code  0x0800373c     0x4  startup_stm32f407xx.o [1]
  .text              ro code  0x08003740     0x4  startup_stm32f407xx.o [1]
  .text              ro code  0x08003744     0x4  startup_stm32f407xx.o [1]
  .text              ro code  0x08003748     0x4  startup_stm32f407xx.o [1]
  .text              ro code  0x0800374c     0x4  startup_stm32f407xx.o [1]
  .text              ro code  0x08003750     0x4  startup_stm32f407xx.o [1]
  .text              ro code  0x08003754     0x4  startup_stm32f407xx.o [1]
  .text              ro code  0x08003758     0x4  startup_stm32f407xx.o [1]
  .text              ro code  0x0800375c     0x4  startup_stm32f407xx.o [1]
  .text              ro code  0x08003760     0x4  startup_stm32f407xx.o [1]
  .text              ro code  0x08003764     0x4  startup_stm32f407xx.o [1]
  .text              ro code  0x08003768     0x4  startup_stm32f407xx.o [1]
  .text              ro code  0x0800376c     0x4  startup_stm32f407xx.o [1]
  .text              ro code  0x08003770     0x4  startup_stm32f407xx.o [1]
  .text              ro code  0x08003774     0x4  startup_stm32f407xx.o [1]
  .text              ro code  0x08003778     0x4  startup_stm32f407xx.o [1]
  .text              ro code  0x0800377c     0x4  startup_stm32f407xx.o [1]
  .text              ro code  0x08003780     0x4  startup_stm32f407xx.o [1]
  .text              ro code  0x08003784     0x4  startup_stm32f407xx.o [1]
  .text              ro code  0x08003788     0x4  startup_stm32f407xx.o [1]
  .text              ro code  0x0800378c     0x4  startup_stm32f407xx.o [1]
  .text              ro code  0x08003790     0x4  startup_stm32f407xx.o [1]
  .text              ro code  0x08003794     0x4  startup_stm32f407xx.o [1]
  .text              ro code  0x08003798     0x4  startup_stm32f407xx.o [1]
  .text              ro code  0x0800379c     0x4  startup_stm32f407xx.o [1]
  .text              ro code  0x080037a0     0x4  startup_stm32f407xx.o [1]
  .text              ro code  0x080037a4     0x4  startup_stm32f407xx.o [1]
  .text              ro code  0x080037a8     0x4  startup_stm32f407xx.o [1]
  .text              ro code  0x080037ac     0x4  startup_stm32f407xx.o [1]
  .text              ro code  0x080037b0     0x4  startup_stm32f407xx.o [1]
  .text              ro code  0x080037b4     0x4  startup_stm32f407xx.o [1]
  .text              ro code  0x080037b8     0x4  startup_stm32f407xx.o [1]
  .text              ro code  0x080037bc     0x4  startup_stm32f407xx.o [1]
  .text              ro code  0x080037c0     0x4  startup_stm32f407xx.o [1]
  .text              ro code  0x080037c4     0x4  startup_stm32f407xx.o [1]
  .text              ro code  0x080037c8     0x4  startup_stm32f407xx.o [1]
  .text              ro code  0x080037cc     0x4  startup_stm32f407xx.o [1]
  .text              ro code  0x080037d0     0x4  startup_stm32f407xx.o [1]
  .text              ro code  0x080037d4     0x4  startup_stm32f407xx.o [1]
  .text              ro code  0x080037d8     0x4  startup_stm32f407xx.o [1]
  .text              ro code  0x080037dc     0x4  startup_stm32f407xx.o [1]
  .text              ro code  0x080037e0     0x4  startup_stm32f407xx.o [1]
  .text              ro code  0x080037e4     0x4  startup_stm32f407xx.o [1]
  .text              ro code  0x080037e8     0x4  startup_stm32f407xx.o [1]
  .text              ro code  0x080037ec     0x4  startup_stm32f407xx.o [1]
  .text              ro code  0x080037f0     0x4  startup_stm32f407xx.o [1]
  .text              ro code  0x080037f4     0x4  startup_stm32f407xx.o [1]
  .text              ro code  0x080037f8     0x4  startup_stm32f407xx.o [1]
  .text              ro code  0x080037fc     0x4  startup_stm32f407xx.o [1]
  .text              ro code  0x08003800     0x4  startup_stm32f407xx.o [1]
  .text              ro code  0x08003804     0x4  startup_stm32f407xx.o [1]
  .text              ro code  0x08003808     0x4  startup_stm32f407xx.o [1]
  .text              ro code  0x0800380c     0x4  startup_stm32f407xx.o [1]
  .text              ro code  0x08003810     0x4  startup_stm32f407xx.o [1]
  .text              ro code  0x08003814     0x4  startup_stm32f407xx.o [1]
  .text              ro code  0x08003818     0x4  startup_stm32f407xx.o [1]
  .text              ro code  0x0800381c     0x4  startup_stm32f407xx.o [1]
  .text              ro code  0x08003820     0x4  startup_stm32f407xx.o [1]
  .text              ro code  0x08003824     0x4  startup_stm32f407xx.o [1]
  .text              ro code  0x08003828     0x4  startup_stm32f407xx.o [1]
  .text              ro code  0x0800382c     0x4  startup_stm32f407xx.o [1]
  .text              ro code  0x08003830     0x4  startup_stm32f407xx.o [1]
  .text              ro code  0x08003834     0x4  startup_stm32f407xx.o [1]
  .text              ro code  0x08003838     0x4  startup_stm32f407xx.o [1]
  .text              ro code  0x0800383c     0x4  startup_stm32f407xx.o [1]
  .text              ro code  0x08003840     0x4  startup_stm32f407xx.o [1]
  .text              ro code  0x08003844     0x4  startup_stm32f407xx.o [1]
  .text              ro code  0x08003848     0x4  startup_stm32f407xx.o [1]
  .text              ro code  0x0800384c     0x4  startup_stm32f407xx.o [1]
  .text              ro code  0x08003850     0x4  startup_stm32f407xx.o [1]
  .text              ro code  0x08003854     0x4  startup_stm32f407xx.o [1]
  .text              ro code  0x08003858     0x4  startup_stm32f407xx.o [1]
  .text              ro code  0x0800385c     0x4  startup_stm32f407xx.o [1]
  .text              ro code  0x08003860     0x4  startup_stm32f407xx.o [1]
  .text              ro code  0x08003864     0x4  startup_stm32f407xx.o [1]
  .text              ro code  0x08003868     0x4  startup_stm32f407xx.o [1]
  .text              ro code  0x0800386c     0x4  startup_stm32f407xx.o [1]
  .text              ro code  0x08003870     0x4  startup_stm32f407xx.o [1]
  .text              ro code  0x08003874     0x4  startup_stm32f407xx.o [1]
  .text              ro code  0x08003878     0x4  startup_stm32f407xx.o [1]
  .text              ro code  0x0800387c     0x4  startup_stm32f407xx.o [1]
  .text              ro code  0x08003880     0x4  startup_stm32f407xx.o [1]
  .text              ro code  0x08003884     0x4  startup_stm32f407xx.o [1]
  .rodata            const    0x08003888     0x0  zero_init3.o [5]
  .rodata            const    0x08003888     0x0  packbits_init_single.o [5]
  Initializer bytes  const    0x08003888    0x11  <for P2-1>
                            - 0x08003899  0x3711

"P2", part 1 of 3:                          0xad
  P2-1                        0x20000000    0xad  <Init block>
    .data            inited   0x20000000     0xc  port.o [1]
    .data            inited   0x2000000c     0x4  system_stm32f4xx.o [1]
    .data            inited   0x20000010    0x9c  tasks.o [1]
    .data            inited   0x200000ac     0x1  sd_diskio.o [1]
                            - 0x200000ad    0xad

"P2", part 2 of 3:                         0x400
  CSTACK                      0x200000b0   0x400  <Block>
    CSTACK           uninit   0x200000b0   0x400  <Block tail>
                            - 0x200004b0   0x400

"P2", part 3 of 3:                        0x3dc0
  .bss               zero     0x200004b0  0x3c18  heap_4.o [1]
  .bss               zero     0x200040c8    0x8c  tasks.o [1]
  .bss               zero     0x20004154    0x64  main.o [1]
  .bss               zero     0x200041b8    0x58  main.o [1]
  .bss               zero     0x20004210    0x40  main.o [1]
  .bss               zero     0x20004250     0xc  ff_gen_drv.o [1]
  .bss               zero     0x2000425c     0x8  fatfs.o [1]
  .bss               zero     0x20004264     0x8  housekeeping_service.o [1]
  .bss               zero     0x2000426c     0x4  stm32f4xx_hal.o [1]
                            - 0x20004270  0x3dc0


*******************************************************************************
*** INIT TABLE
***

          Address     Size
          -------     ----
Zero (__iar_zero_init3)
    1 destination range, total size 0x3dc0:
          0x200004b0  0x3dc0

Copy/packbits (__iar_packbits_init_single3)
    1 source range, total size 0x11 (9% of destination):
          0x08003888    0x11
    1 destination range, total size 0xad:
          0x20000000    0xad



*******************************************************************************
*** MODULE SUMMARY
***

    Module                  ro code  ro data  rw data
    ------                  -------  -------  -------
G:\Users\nanimo\Documents\GitHub\upsat-obc-software\stm_cube\test3\EWARM\test3 Configuration\Obj: [1]
    bsp_driver_sd.o             104
    cmsis_os.o                  110
    fatfs.o                      24                 8
    ff_gen_drv.o                 68                12
    heap_4.o                    428            15 384
    hldlc.o                     156
    housekeeping_service.o      196                 8
    list.o                      142
    main.o                      828       12      252
    obc_hal.o                    20
    port.o                      412        1       12
    portasm.o                   168
    power_ctrl.o                 64
    route_verification.o        120    1 060
    sd_diskio.o                 164       21        1
    serial.o                    116
    startup_stm32f407xx.o       748
    stm32f4xx_hal.o             124                 4
    stm32f4xx_hal_cortex.o      216
    stm32f4xx_hal_gpio.o        504
    stm32f4xx_hal_msp.o         244
    stm32f4xx_hal_rcc.o       1 252
    stm32f4xx_hal_sd.o        3 268
    stm32f4xx_hal_uart.o      1 188
    stm32f4xx_it.o               24
    stm32f4xx_ll_sdmmc.o        180
    system_stm32f4xx.o           80                 4
    tasks.o                   1 328       15      296
    tc_tm.o                     508
    verification_service.o      134
    -------------------------------------------------
    Total:                   12 918    1 109   15 981

command line: [2]
    -------------------------------------------------
    Total:

dl7M_tlf.a: [3]
    exit.o                        4
    low_level_init.o              4
    -------------------------------------------------
    Total:                        8

m7M_tls.a: [4]
    fpinit_M.o                   34
    -------------------------------------------------
    Total:                       34

rt7M_tl.a: [5]
    ABImemcpy_unaligned.o        86
    ABImemset48.o                58
    cexit.o                      10
    cmain.o                      26
    cstartup_M.o                 12
    data_init.o                  40
    packbits_init_single.o       56
    zero_init3.o                 64
    -------------------------------------------------
    Total:                      352

shb_l.a: [6]
    exit.o                       20
    -------------------------------------------------
    Total:                       20

    Gaps                         14        2
    Linker created                        32    1 024
-----------------------------------------------------
    Grand Total:             13 346    1 143   17 005


*******************************************************************************
*** ENTRY LIST
***

Entry                      Address    Size  Type      Object
-----                      -------    ----  ----      ------
.iar.init_table$$Base   0x0800367c           --   Gb  - Linker created -
.iar.init_table$$Limit  0x0800369c           --   Gb  - Linker created -
?main                   0x0800369d          Code  Gb  cmain.o [5]
APBAHBPrescTable        0x0800186c    0x10  Data  Gb  stm32f4xx_hal_rcc.o [1]
BSP_SD_GetCardInfo      0x08003557     0x8  Code  Gb  bsp_driver_sd.o [1]
BSP_SD_GetStatus        0x08003551     0x6  Code  Gb  bsp_driver_sd.o [1]
BSP_SD_Init             0x08003501    0x22  Code  Gb  bsp_driver_sd.o [1]
BSP_SD_ReadBlocks       0x08003523     0xe  Code  Gb  bsp_driver_sd.o [1]
BSP_SD_WriteBlocks      0x08003531     0xc  Code  Gb  bsp_driver_sd.o [1]
CSTACK$$Base            0x200000b0           --   Gb  - Linker created -
CSTACK$$Limit           0x200004b0           --   Gb  - Linker created -
FATFS_LinkDriver        0x08002fa3     0x4  Code  Gb  ff_gen_drv.o [1]
FATFS_LinkDriverEx      0x08002f69    0x3a  Code  Gb  ff_gen_drv.o [1]
HAL_Delay               0x080010a7    0x18  Code  Wk  stm32f4xx_hal.o [1]
HAL_GPIO_Init           0x080011a1   0x1c0  Code  Gb  stm32f4xx_hal_gpio.o [1]
HAL_GPIO_WritePin       0x08001361     0x8  Code  Gb  stm32f4xx_hal_gpio.o [1]
HAL_GetTick             0x080010a1     0x6  Code  Wk  stm32f4xx_hal.o [1]
HAL_Init                0x0800104d    0x30  Code  Gb  stm32f4xx_hal.o [1]
HAL_InitTick            0x0800107d    0x24  Code  Wk  stm32f4xx_hal.o [1]
HAL_MspInit             0x08000e4d    0x18  Code  Gb  stm32f4xx_hal_msp.o [1]
HAL_NVIC_EnableIRQ      0x08001137     0xc  Code  Gb  stm32f4xx_hal_cortex.o [1]
HAL_NVIC_SetPriority    0x080010fd    0x3a  Code  Gb  stm32f4xx_hal_cortex.o [1]
HAL_NVIC_SetPriorityGrouping
                        0x080010e3    0x1a  Code  Gb  stm32f4xx_hal_cortex.o [1]
HAL_RCC_ClockConfig     0x0800160f   0x158  Code  Gb  stm32f4xx_hal_rcc.o [1]
HAL_RCC_GetHCLKFreq     0x080017f5    0x1e  Code  Gb  stm32f4xx_hal_rcc.o [1]
HAL_RCC_GetPCLK1Freq    0x08001813    0x10  Code  Gb  stm32f4xx_hal_rcc.o [1]
HAL_RCC_GetPCLK2Freq    0x08001823     0xe  Code  Gb  stm32f4xx_hal_rcc.o [1]
HAL_RCC_GetSysClockFreq
                        0x080017af    0x46  Code  Wk  stm32f4xx_hal_rcc.o [1]
HAL_RCC_OscConfig       0x08001399   0x26c  Code  Wk  stm32f4xx_hal_rcc.o [1]
HAL_SD_GetStatus        0x08000909    0x36  Code  Gb  stm32f4xx_hal_sd.o [1]
HAL_SD_Get_CardInfo     0x080005e5   0x2d8  Code  Gb  stm32f4xx_hal_sd.o [1]
HAL_SD_IRQHandler       0x0800056b    0x76  Code  Gb  stm32f4xx_hal_sd.o [1]
HAL_SD_Init             0x08000189    0x96  Code  Gb  stm32f4xx_hal_sd.o [1]
HAL_SD_MspInit          0x08000e65    0x56  Code  Gb  stm32f4xx_hal_msp.o [1]
HAL_SD_ReadBlocks       0x08000229   0x160  Code  Gb  stm32f4xx_hal_sd.o [1]
HAL_SD_StopTransfer     0x080008bd    0x1c  Code  Gb  stm32f4xx_hal_sd.o [1]
HAL_SD_WriteBlocks      0x0800039b   0x1b6  Code  Gb  stm32f4xx_hal_sd.o [1]
HAL_SD_XferCpltCallback
                        0x080005e1     0x2  Code  Wk  stm32f4xx_hal_sd.o [1]
HAL_SD_XferErrorCallback
                        0x080005e3     0x2  Code  Wk  stm32f4xx_hal_sd.o [1]
HAL_SYSTICK_CLKSourceConfig
                        0x08001173    0x14  Code  Gb  stm32f4xx_hal_cortex.o [1]
HAL_SYSTICK_Config      0x0800114b    0x28  Code  Gb  stm32f4xx_hal_cortex.o [1]
HAL_UART_ErrorCallback  0x080024e1     0x2  Code  Wk  stm32f4xx_hal_uart.o [1]
HAL_UART_IRQHandler     0x080023a5   0x138  Code  Gb  stm32f4xx_hal_uart.o [1]
HAL_UART_Init           0x08002269    0x26  Code  Gb  stm32f4xx_hal_uart.o [1]
HAL_UART_MspInit        0x08000ecd    0x4e  Code  Gb  stm32f4xx_hal_msp.o [1]
HAL_UART_Receive        0x080022d3    0x9e  Code  Gb  stm32f4xx_hal_uart.o [1]
HAL_UART_RxCpltCallback
                        0x080024df     0x2  Code  Wk  stm32f4xx_hal_uart.o [1]
HAL_UART_TxCpltCallback
                        0x080024dd     0x2  Code  Wk  stm32f4xx_hal_uart.o [1]
HAL_obc_SD_OFF          0x0800344d     0x2  Code  Gb  obc_hal.o [1]
HAL_obc_SD_ON           0x08003449     0x4  Code  Gb  obc_hal.o [1]
HLDLC_deframe           0x080031a9    0x52  Code  Gb  hldlc.o [1]
HLDLC_frame             0x080031fb    0x4a  Code  Gb  hldlc.o [1]
MX_FATFS_Init           0x08002edd    0x10  Code  Gb  fatfs.o [1]
MX_GPIO_Init            0x08002c35   0x15c  Code  Lc  main.o [1]
NVIC_SetPriority        0x080010c9    0x1a  Code  Lc  stm32f4xx_hal_cortex.o [1]
PendSV_Handler          0x080021c1          Code  Gb  portasm.o [1]
Region$$Table$$Base     0x0800367c           --   Gb  - Linker created -
Region$$Table$$Limit    0x0800369c           --   Gb  - Linker created -
SDCardInfo              0x200041b8    0x58  Data  Gb  main.o [1]
SDIO_DataConfig         0x08001019    0x24  Code  Gb  stm32f4xx_ll_sdmmc.o [1]
SDIO_GetCommandResponse
                        0x08000fff     0x6  Code  Gb  stm32f4xx_ll_sdmmc.o [1]
SDIO_GetPowerState      0x08000fd5     0x8  Code  Gb  stm32f4xx_ll_sdmmc.o [1]
SDIO_GetResponse        0x08001005    0x14  Code  Gb  stm32f4xx_ll_sdmmc.o [1]
SDIO_IRQHandler         0x080036eb     0x6  Code  Gb  stm32f4xx_it.o [1]
SDIO_Init               0x08000f99    0x26  Code  Gb  stm32f4xx_ll_sdmmc.o [1]
SDIO_PowerState_ON      0x08000fcb     0x4  Code  Gb  stm32f4xx_ll_sdmmc.o [1]
SDIO_ReadFIFO           0x08000fbf     0x2  Code  Gb  stm32f4xx_ll_sdmmc.o [1]
SDIO_SendCommand        0x08000fdd    0x22  Code  Gb  stm32f4xx_ll_sdmmc.o [1]
SDIO_WriteFIFO          0x08000fc1     0xa  Code  Gb  stm32f4xx_ll_sdmmc.o [1]
SD_CmdResp1Error        0x08000bff    0xce  Code  Lc  stm32f4xx_hal_sd.o [1]
SD_CmdResp2Error        0x08000ccd    0x30  Code  Lc  stm32f4xx_hal_sd.o [1]
SD_Driver               0x080036f8    0x14  Data  Gb  sd_diskio.o [1]
SD_Initialize_Cards     0x08000955   0x10a  Code  Lc  stm32f4xx_hal_sd.o [1]
SD_IsCardProgramming    0x08000d05   0x136  Code  Lc  stm32f4xx_hal_sd.o [1]
SD_Path                 0x20004260     0x4  Data  Gb  fatfs.o [1]
SD_PowerON              0x08000a6d   0x168  Code  Lc  stm32f4xx_hal_sd.o [1]
SD_initialize           0x0800345d     0xe  Code  Gb  sd_diskio.o [1]
SD_ioctl                0x080034b5    0x48  Code  Gb  sd_diskio.o [1]
SD_read                 0x08003485     0xc  Code  Gb  sd_diskio.o [1]
SD_status               0x0800346b     0xc  Code  Gb  sd_diskio.o [1]
SD_write                0x08003491     0xa  Code  Gb  sd_diskio.o [1]
SVC_Handler             0x08002219          Code  Gb  portasm.o [1]
StartDefaultTask        0x08002df9    0x28  Code  Gb  main.o [1]
Stat                    0x200000ac     0x1  Data  Lc  sd_diskio.o [1]
SysTick_Handler         0x080036e1     0x4  Code  Gb  stm32f4xx_it.o [1]
SystemClock_Config      0x08002b93    0xa2  Code  Gb  main.o [1]
SystemCoreClock         0x2000000c     0x4  Data  Gb  system_stm32f4xx.o [1]
SystemInit              0x08003569    0x3a  Code  Gb  system_stm32f4xx.o [1]
UART_Receive_IT         0x0800257d    0xa0  Code  Lc  stm32f4xx_hal_uart.o [1]
UART_SetConfig          0x0800261d    0xe0  Code  Lc  stm32f4xx_hal_uart.o [1]
UART_WaitOnFlagUntilTimeout
                        0x080024e3    0x8a  Code  Lc  stm32f4xx_hal_uart.o [1]
USART2_IRQHandler       0x080036e5     0x6  Code  Gb  stm32f4xx_it.o [1]
__aeabi_memset4         0x08002185          Code  Gb  ABImemset48.o [5]
__aeabi_memset8         0x08002185          Code  Gb  ABImemset48.o [5]
__cmain                 0x0800369d          Code  Gb  cmain.o [5]
__exit                  0x080036cd    0x14  Code  Gb  exit.o [6]
__iar_Memset4_word      0x0800218d          Code  Gb  ABImemset48.o [5]
__iar_Memset8_word      0x0800218d          Code  Gb  ABImemset48.o [5]
__iar_data_init3        0x08003631    0x28  Code  Gb  data_init.o [5]
__iar_init_vfp          0x08003659          Code  Gb  fpinit_M.o [4]
__iar_packbits_init_single3
                        0x080035f9    0x38  Code  Gb  packbits_init_single.o [5]
__iar_program_start     0x08003729          Code  Gb  cstartup_M.o [5]
__iar_unaligned___aeabi_memcpy4
                        0x08000f41          Code  Gb  ABImemcpy_unaligned.o [5]
__iar_unaligned___aeabi_memcpy8
                        0x08000f41          Code  Gb  ABImemcpy_unaligned.o [5]
__iar_zero_init3        0x080035b9    0x40  Code  Gb  zero_init3.o [5]
__low_level_init        0x080036b7     0x4  Code  Gb  low_level_init.o [3]
__vector_table          0x08000000          Data  Gb  startup_stm32f407xx.o [1]
_call_main              0x080036a9          Code  Gb  cmain.o [5]
_exit                   0x080036c1          Code  Gb  cexit.o [5]
_main                   0x080036b3          Code  Gb  cmain.o [5]
app_id_verification     0x0800270c    0x14  Data  Gb  route_verification.o [1]
checkSum                0x08002fad    0x14  Code  Gb  tc_tm.o [1]
defaultTaskHandle       0x200041b4     0x4  Data  Gb  main.o [1]
disk                    0x20004250     0xc  Data  Gb  ff_gen_drv.o [1]
exit                    0x080036bb     0x4  Code  Gb  exit.o [3]
hk_app                  0x08003385    0x5c  Code  Gb  housekeeping_service.o [1]
hk_crt_pkt_TM           0x080033e1    0x62  Code  Gb  housekeeping_service.o [1]
hsd                     0x20004154    0x60  Data  Gb  main.o [1]
huart2                  0x20004210    0x40  Data  Gb  main.o [1]
main                    0x08002b31    0x62  Code  Gb  main.o [1]
makeFreeRtosPriority    0x08002e6d     0xc  Code  Lc  cmsis_os.o [1]
obc_status              0x20004264     0x8  Data  Gb  housekeeping_service.o [1]
osDelay                 0x08002eb9     0xe  Code  Gb  cmsis_os.o [1]
osKernelStart           0x08002e79     0xa  Code  Gb  cmsis_os.o [1]
osSystickHandler        0x08002ec7    0x14  Code  Gb  cmsis_os.o [1]
osThreadCreate          0x08002e83    0x36  Code  Gb  cmsis_os.o [1]
pack_pkt                0x0800307f   0x118  Code  Gb  tc_tm.o [1]
power_control_app       0x08003343    0x1a  Code  Gb  power_ctrl.o [1]
power_control_app_api   0x0800335d    0x26  Code  Gb  power_ctrl.o [1]
prvAddCurrentTaskToDelayedList
                        0x08001cdb    0x30  Code  Lc  tasks.o [1]
prvAllocateTCBAndStack  0x08001d0b    0x38  Code  Lc  tasks.o [1]
prvIdleTask             0x08001c2d    0x5a  Code  Lc  tasks.o [1]
prvInitialiseTCBVariables
                        0x08001c87    0x54  Code  Lc  tasks.o [1]
prvInsertBlockIntoFreeList
                        0x08002137    0x46  Code  Lc  heap_4.o [1]
prvResetNextTaskUnblockTime
                        0x08001d43    0x1a  Code  Lc  tasks.o [1]
prvTaskExitError        0x08001dd1    0x28  Code  Lc  port.o [1]
pvPortMalloc            0x08001fd9    0xfa  Code  Gb  heap_4.o [1]
pxCurrentTCB            0x20000038     0x4  Data  Gb  tasks.o [1]
pxDelayedTaskList       0x2000003c     0x4  Data  Lc  tasks.o [1]
pxEnd                   0x200004b8     0x4  Data  Lc  heap_4.o [1]
pxOverflowDelayedTaskList
                        0x20000040     0x4  Data  Lc  tasks.o [1]
pxPortInitialiseStack   0x08001dad    0x22  Code  Gb  port.o [1]
pxReadyTasksLists       0x200040c8    0x8c  Data  Lc  tasks.o [1]
retSD                   0x2000425c     0x1  Data  Gb  fatfs.o [1]
route_pkt               0x08003245    0x78  Code  Gb  route_verification.o [1]
serial_app              0x08002ef5    0x74  Code  Gb  serial.o [1]
services_verification_TC_TM
                        0x08002720   0x410  Data  Gb  route_verification.o [1]
ucHeap                  0x200004c8  0x3c00  Data  Lc  heap_4.o [1]
ucMaxSysCallPriority    0x20000000     0x1  Data  Lc  port.o [1]
ulMaxPRIGROUPValue      0x20000008     0x4  Data  Lc  port.o [1]
unpack_pkt              0x08002fc1    0xac  Code  Gb  tc_tm.o [1]
uwTick                  0x2000426c     0x4  Data  Lc  stm32f4xx_hal.o [1]
uxCriticalNesting       0x20000004     0x4  Data  Lc  port.o [1]
uxCurrentNumberOfTasks  0x2000005c     0x4  Data  Lc  tasks.o [1]
uxListRemove            0x08001fb3    0x24  Code  Gb  list.o [1]
uxPendedTicks           0x2000006c     0x4  Data  Lc  tasks.o [1]
uxSchedulerSuspended    0x20000080     0x4  Data  Lc  tasks.o [1]
uxTaskNumber            0x20000078     0x4  Data  Lc  tasks.o [1]
uxTasksDeleted          0x20000044     0x4  Data  Lc  tasks.o [1]
uxTopReadyPriority      0x20000064     0x4  Data  Lc  tasks.o [1]
vListInitialise         0x08001f49    0x1a  Code  Gb  list.o [1]
vListInitialiseItem     0x08001f63     0x6  Code  Gb  list.o [1]
vListInsert             0x08001f81    0x32  Code  Gb  list.o [1]
vListInsertEnd          0x08001f69    0x18  Code  Gb  list.o [1]
vPortEnableVFP          0x0800224d          Code  Gb  portasm.o [1]
vPortEnterCritical      0x08001e91    0x32  Code  Gb  port.o [1]
vPortExitCritical       0x08001ec3    0x24  Code  Gb  port.o [1]
vPortFree               0x080020e5    0x44  Code  Gb  heap_4.o [1]
vPortSetupTimerInterrupt
                        0x08001f0d    0x18  Code  Wk  port.o [1]
vPortStartFirstTask     0x08002235          Code  Gb  portasm.o [1]
vTaskDelay              0x0800198f    0x3a  Code  Gb  tasks.o [1]
vTaskStartScheduler     0x080019fd    0x54  Code  Gb  tasks.o [1]
vTaskSuspendAll         0x08001a51     0xc  Code  Gb  tasks.o [1]
vTaskSwitchContext      0x08001bbd    0x52  Code  Gb  tasks.o [1]
verify_crt_pkt          0x080032ef    0x54  Code  Gb  verification_service.o [1]
verify_pkt              0x080032bd    0x32  Code  Gb  verification_service.o [1]
xBlockAllocatedBit      0x200004c4     0x4  Data  Lc  heap_4.o [1]
xDelayedTaskList1       0x20000084    0x14  Data  Lc  tasks.o [1]
xDelayedTaskList2       0x20000098    0x14  Data  Lc  tasks.o [1]
xFreeBytesRemaining     0x200004bc     0x4  Data  Lc  heap_4.o [1]
xMinimumEverFreeBytesRemaining
                        0x200004c0     0x4  Data  Lc  heap_4.o [1]
xNextTaskUnblockTime    0x2000007c     0x4  Data  Lc  tasks.o [1]
xNumOfOverflows         0x20000074     0x4  Data  Lc  tasks.o [1]
xPendingReadyList       0x20000010    0x14  Data  Lc  tasks.o [1]
xPortStartScheduler     0x08001df9    0x84  Code  Gb  port.o [1]
xPortSysTickHandler     0x08001ee7    0x26  Code  Gb  port.o [1]
xSchedulerRunning       0x20000068     0x4  Data  Lc  tasks.o [1]
xStart                  0x200004b0     0x8  Data  Lc  heap_4.o [1]
xSuspendedTaskList      0x20000048    0x14  Data  Lc  tasks.o [1]
xTaskGenericCreate      0x0800187d   0x112  Code  Gb  tasks.o [1]
xTaskGetSchedulerState  0x08001d5d    0x16  Code  Gb  tasks.o [1]
xTaskIncrementTick      0x08001b01    0xbc  Code  Gb  tasks.o [1]
xTaskResumeAll          0x08001a5d    0x90  Code  Gb  tasks.o [1]
xTasksWaitingTermination
                        0x20000024    0x14  Data  Lc  tasks.o [1]
xTickCount              0x20000060     0x4  Data  Lc  tasks.o [1]
xYieldPending           0x20000070     0x4  Data  Lc  tasks.o [1]


[1] = G:\Users\nanimo\Documents\GitHub\upsat-obc-software\stm_cube\test3\EWARM\test3 Configuration\Obj
[2] = command line
[3] = dl7M_tlf.a
[4] = m7M_tls.a
[5] = rt7M_tl.a
[6] = shb_l.a

  13 346 bytes of readonly  code memory
   1 143 bytes of readonly  data memory
  17 005 bytes of readwrite data memory

Errors: none
Warnings: none
