###############################################################################
#
# IAR ELF Linker V7.50.2.10312/W32 for ARM                22/Mar/2016  00:17:59
# Copyright 2007-2015 IAR Systems AB.
#
#    Output file  =  
#        G:\Users\nanimo\Documents\GitHub\upsat-obc-software\stm_cube\test3\EWARM\test3
#        Configuration\Exe\test3 Configuration.out
#    Map file     =  
#        G:\Users\nanimo\Documents\GitHub\upsat-obc-software\stm_cube\test3\EWARM\test3
#        Configuration\List\test3 Configuration.map
#    Command line =  
#        "G:\Users\nanimo\Documents\GitHub\upsat-obc-software\stm_cube\test3\EWARM\test3
#        Configuration\Obj\bsp_driver_sd.o"
#        "G:\Users\nanimo\Documents\GitHub\upsat-obc-software\stm_cube\test3\EWARM\test3
#        Configuration\Obj\cmsis_os.o"
#        "G:\Users\nanimo\Documents\GitHub\upsat-obc-software\stm_cube\test3\EWARM\test3
#        Configuration\Obj\croutine.o"
#        "G:\Users\nanimo\Documents\GitHub\upsat-obc-software\stm_cube\test3\EWARM\test3
#        Configuration\Obj\diskio.o"
#        "G:\Users\nanimo\Documents\GitHub\upsat-obc-software\stm_cube\test3\EWARM\test3
#        Configuration\Obj\event_groups.o"
#        "G:\Users\nanimo\Documents\GitHub\upsat-obc-software\stm_cube\test3\EWARM\test3
#        Configuration\Obj\fatfs.o"
#        "G:\Users\nanimo\Documents\GitHub\upsat-obc-software\stm_cube\test3\EWARM\test3
#        Configuration\Obj\ff.o"
#        "G:\Users\nanimo\Documents\GitHub\upsat-obc-software\stm_cube\test3\EWARM\test3
#        Configuration\Obj\ff_gen_drv.o"
#        "G:\Users\nanimo\Documents\GitHub\upsat-obc-software\stm_cube\test3\EWARM\test3
#        Configuration\Obj\freertos.o"
#        "G:\Users\nanimo\Documents\GitHub\upsat-obc-software\stm_cube\test3\EWARM\test3
#        Configuration\Obj\function_management_service.o"
#        "G:\Users\nanimo\Documents\GitHub\upsat-obc-software\stm_cube\test3\EWARM\test3
#        Configuration\Obj\heap_4.o"
#        "G:\Users\nanimo\Documents\GitHub\upsat-obc-software\stm_cube\test3\EWARM\test3
#        Configuration\Obj\hldlc.o"
#        "G:\Users\nanimo\Documents\GitHub\upsat-obc-software\stm_cube\test3\EWARM\test3
#        Configuration\Obj\housekeeping_service.o"
#        "G:\Users\nanimo\Documents\GitHub\upsat-obc-software\stm_cube\test3\EWARM\test3
#        Configuration\Obj\large_data_service.o"
#        "G:\Users\nanimo\Documents\GitHub\upsat-obc-software\stm_cube\test3\EWARM\test3
#        Configuration\Obj\list.o"
#        "G:\Users\nanimo\Documents\GitHub\upsat-obc-software\stm_cube\test3\EWARM\test3
#        Configuration\Obj\main.o"
#        "G:\Users\nanimo\Documents\GitHub\upsat-obc-software\stm_cube\test3\EWARM\test3
#        Configuration\Obj\mass_storage_service.o"
#        "G:\Users\nanimo\Documents\GitHub\upsat-obc-software\stm_cube\test3\EWARM\test3
#        Configuration\Obj\obc_hal.o"
#        "G:\Users\nanimo\Documents\GitHub\upsat-obc-software\stm_cube\test3\EWARM\test3
#        Configuration\Obj\pkt_pool.o"
#        "G:\Users\nanimo\Documents\GitHub\upsat-obc-software\stm_cube\test3\EWARM\test3
#        Configuration\Obj\port.o"
#        "G:\Users\nanimo\Documents\GitHub\upsat-obc-software\stm_cube\test3\EWARM\test3
#        Configuration\Obj\portasm.o"
#        "G:\Users\nanimo\Documents\GitHub\upsat-obc-software\stm_cube\test3\EWARM\test3
#        Configuration\Obj\power_ctrl.o"
#        "G:\Users\nanimo\Documents\GitHub\upsat-obc-software\stm_cube\test3\EWARM\test3
#        Configuration\Obj\queue.o"
#        "G:\Users\nanimo\Documents\GitHub\upsat-obc-software\stm_cube\test3\EWARM\test3
#        Configuration\Obj\route_verification.o"
#        "G:\Users\nanimo\Documents\GitHub\upsat-obc-software\stm_cube\test3\EWARM\test3
#        Configuration\Obj\sd_diskio.o"
#        "G:\Users\nanimo\Documents\GitHub\upsat-obc-software\stm_cube\test3\EWARM\test3
#        Configuration\Obj\service_utilities.o"
#        "G:\Users\nanimo\Documents\GitHub\upsat-obc-software\stm_cube\test3\EWARM\test3
#        Configuration\Obj\startup_stm32f407xx.o"
#        "G:\Users\nanimo\Documents\GitHub\upsat-obc-software\stm_cube\test3\EWARM\test3
#        Configuration\Obj\stm32f4xx_hal.o"
#        "G:\Users\nanimo\Documents\GitHub\upsat-obc-software\stm_cube\test3\EWARM\test3
#        Configuration\Obj\stm32f4xx_hal_cortex.o"
#        "G:\Users\nanimo\Documents\GitHub\upsat-obc-software\stm_cube\test3\EWARM\test3
#        Configuration\Obj\stm32f4xx_hal_dma.o"
#        "G:\Users\nanimo\Documents\GitHub\upsat-obc-software\stm_cube\test3\EWARM\test3
#        Configuration\Obj\stm32f4xx_hal_dma_ex.o"
#        "G:\Users\nanimo\Documents\GitHub\upsat-obc-software\stm_cube\test3\EWARM\test3
#        Configuration\Obj\stm32f4xx_hal_flash.o"
#        "G:\Users\nanimo\Documents\GitHub\upsat-obc-software\stm_cube\test3\EWARM\test3
#        Configuration\Obj\stm32f4xx_hal_flash_ex.o"
#        "G:\Users\nanimo\Documents\GitHub\upsat-obc-software\stm_cube\test3\EWARM\test3
#        Configuration\Obj\stm32f4xx_hal_flash_ramfunc.o"
#        "G:\Users\nanimo\Documents\GitHub\upsat-obc-software\stm_cube\test3\EWARM\test3
#        Configuration\Obj\stm32f4xx_hal_gpio.o"
#        "G:\Users\nanimo\Documents\GitHub\upsat-obc-software\stm_cube\test3\EWARM\test3
#        Configuration\Obj\stm32f4xx_hal_msp.o"
#        "G:\Users\nanimo\Documents\GitHub\upsat-obc-software\stm_cube\test3\EWARM\test3
#        Configuration\Obj\stm32f4xx_hal_pwr.o"
#        "G:\Users\nanimo\Documents\GitHub\upsat-obc-software\stm_cube\test3\EWARM\test3
#        Configuration\Obj\stm32f4xx_hal_pwr_ex.o"
#        "G:\Users\nanimo\Documents\GitHub\upsat-obc-software\stm_cube\test3\EWARM\test3
#        Configuration\Obj\stm32f4xx_hal_rcc.o"
#        "G:\Users\nanimo\Documents\GitHub\upsat-obc-software\stm_cube\test3\EWARM\test3
#        Configuration\Obj\stm32f4xx_hal_rcc_ex.o"
#        "G:\Users\nanimo\Documents\GitHub\upsat-obc-software\stm_cube\test3\EWARM\test3
#        Configuration\Obj\stm32f4xx_hal_sd.o"
#        "G:\Users\nanimo\Documents\GitHub\upsat-obc-software\stm_cube\test3\EWARM\test3
#        Configuration\Obj\stm32f4xx_hal_uart.o"
#        "G:\Users\nanimo\Documents\GitHub\upsat-obc-software\stm_cube\test3\EWARM\test3
#        Configuration\Obj\stm32f4xx_it.o"
#        "G:\Users\nanimo\Documents\GitHub\upsat-obc-software\stm_cube\test3\EWARM\test3
#        Configuration\Obj\stm32f4xx_ll_sdmmc.o"
#        "G:\Users\nanimo\Documents\GitHub\upsat-obc-software\stm_cube\test3\EWARM\test3
#        Configuration\Obj\syscall.o"
#        "G:\Users\nanimo\Documents\GitHub\upsat-obc-software\stm_cube\test3\EWARM\test3
#        Configuration\Obj\system_stm32f4xx.o"
#        "G:\Users\nanimo\Documents\GitHub\upsat-obc-software\stm_cube\test3\EWARM\test3
#        Configuration\Obj\tasks.o"
#        "G:\Users\nanimo\Documents\GitHub\upsat-obc-software\stm_cube\test3\EWARM\test3
#        Configuration\Obj\test_service.o"
#        "G:\Users\nanimo\Documents\GitHub\upsat-obc-software\stm_cube\test3\EWARM\test3
#        Configuration\Obj\timers.o"
#        "G:\Users\nanimo\Documents\GitHub\upsat-obc-software\stm_cube\test3\EWARM\test3
#        Configuration\Obj\verification_service.o" --redirect
#        _Printf=_PrintfFull --redirect _Scanf=_ScanfFull -o
#        "G:\Users\nanimo\Documents\GitHub\upsat-obc-software\stm_cube\test3\EWARM\test3
#        Configuration\Exe\test3 Configuration.out" --map
#        "G:\Users\nanimo\Documents\GitHub\upsat-obc-software\stm_cube\test3\EWARM\test3
#        Configuration\List\test3 Configuration.map" --config
#        G:\Users\nanimo\Documents\GitHub\upsat-obc-software\stm_cube\test3\EWARM/stm32f407xx_flash.icf
#        --semihosting --entry __iar_program_start --vfe
#
###############################################################################

*******************************************************************************
*** MESSAGES
***

Error[Li006]: duplicate definitions for "services_verification_OBC_TC"; in "G:\
          Users\nanimo\Documents\GitHub\upsat-obc-software\stm_cube\test3\EWARM
          \test3 Configuration\Obj\function_management_service.o", and "G:\User
          s\nanimo\Documents\GitHub\upsat-obc-software\stm_cube\test3\EWARM\tes
          t3 Configuration\Obj\hldlc.o"
Error[Li006]: duplicate definitions for "services_verification_TC_TM"; in "G:\U
          sers\nanimo\Documents\GitHub\upsat-obc-software\stm_cube\test3\EWARM\
          test3 Configuration\Obj\function_management_service.o", and "G:\Users
          \nanimo\Documents\GitHub\upsat-obc-software\stm_cube\test3\EWARM\test
          3 Configuration\Obj\hldlc.o"
Error[Li006]: duplicate definitions for "time_now"; in "G:\Users\nanimo\Documen
          ts\GitHub\upsat-obc-software\stm_cube\test3\EWARM\test3 Configuration
          \Obj\function_management_service.o", and "G:\Users\nanimo\Documents\G
          itHub\upsat-obc-software\stm_cube\test3\EWARM\test3 Configuration\Obj
          \hldlc.o"
Error[Li006]: duplicate definitions for "services_verification_OBC_TC"; in "G:\
          Users\nanimo\Documents\GitHub\upsat-obc-software\stm_cube\test3\EWARM
          \test3 Configuration\Obj\function_management_service.o", and "G:\User
          s\nanimo\Documents\GitHub\upsat-obc-software\stm_cube\test3\EWARM\tes
          t3 Configuration\Obj\housekeeping_service.o"
Error[Li006]: duplicate definitions for "services_verification_TC_TM"; in "G:\U
          sers\nanimo\Documents\GitHub\upsat-obc-software\stm_cube\test3\EWARM\
          test3 Configuration\Obj\function_management_service.o", and "G:\Users
          \nanimo\Documents\GitHub\upsat-obc-software\stm_cube\test3\EWARM\test
          3 Configuration\Obj\housekeeping_service.o"
Error[Li006]: duplicate definitions for "time_now"; in "G:\Users\nanimo\Documen
          ts\GitHub\upsat-obc-software\stm_cube\test3\EWARM\test3 Configuration
          \Obj\function_management_service.o", and "G:\Users\nanimo\Documents\G
          itHub\upsat-obc-software\stm_cube\test3\EWARM\test3 Configuration\Obj
          \housekeeping_service.o"
Error[Li006]: duplicate definitions for "services_verification_OBC_TC"; in "G:\
          Users\nanimo\Documents\GitHub\upsat-obc-software\stm_cube\test3\EWARM
          \test3 Configuration\Obj\function_management_service.o", and "G:\User
          s\nanimo\Documents\GitHub\upsat-obc-software\stm_cube\test3\EWARM\tes
          t3 Configuration\Obj\large_data_service.o"
Error[Li006]: duplicate definitions for "services_verification_TC_TM"; in "G:\U
          sers\nanimo\Documents\GitHub\upsat-obc-software\stm_cube\test3\EWARM\
          test3 Configuration\Obj\function_management_service.o", and "G:\Users
          \nanimo\Documents\GitHub\upsat-obc-software\stm_cube\test3\EWARM\test
          3 Configuration\Obj\large_data_service.o"
Error[Li006]: duplicate definitions for "time_now"; in "G:\Users\nanimo\Documen
          ts\GitHub\upsat-obc-software\stm_cube\test3\EWARM\test3 Configuration
          \Obj\function_management_service.o", and "G:\Users\nanimo\Documents\G
          itHub\upsat-obc-software\stm_cube\test3\EWARM\test3 Configuration\Obj
          \large_data_service.o"
Error[Li006]: duplicate definitions for "services_verification_OBC_TC"; in "G:\
          Users\nanimo\Documents\GitHub\upsat-obc-software\stm_cube\test3\EWARM
          \test3 Configuration\Obj\function_management_service.o", and "G:\User
          s\nanimo\Documents\GitHub\upsat-obc-software\stm_cube\test3\EWARM\tes
          t3 Configuration\Obj\main.o"
Error[Li006]: duplicate definitions for "services_verification_TC_TM"; in "G:\U
          sers\nanimo\Documents\GitHub\upsat-obc-software\stm_cube\test3\EWARM\
          test3 Configuration\Obj\function_management_service.o", and "G:\Users
          \nanimo\Documents\GitHub\upsat-obc-software\stm_cube\test3\EWARM\test
          3 Configuration\Obj\main.o"
Error[Li006]: duplicate definitions for "time_now"; in "G:\Users\nanimo\Documen
          ts\GitHub\upsat-obc-software\stm_cube\test3\EWARM\test3 Configuration
          \Obj\function_management_service.o", and "G:\Users\nanimo\Documents\G
          itHub\upsat-obc-software\stm_cube\test3\EWARM\test3 Configuration\Obj
          \main.o"
Error[Li006]: duplicate definitions for "services_verification_OBC_TC"; in "G:\
          Users\nanimo\Documents\GitHub\upsat-obc-software\stm_cube\test3\EWARM
          \test3 Configuration\Obj\function_management_service.o", and "G:\User
          s\nanimo\Documents\GitHub\upsat-obc-software\stm_cube\test3\EWARM\tes
          t3 Configuration\Obj\mass_storage_service.o"
Error[Li006]: duplicate definitions for "services_verification_TC_TM"; in "G:\U
          sers\nanimo\Documents\GitHub\upsat-obc-software\stm_cube\test3\EWARM\
          test3 Configuration\Obj\function_management_service.o", and "G:\Users
          \nanimo\Documents\GitHub\upsat-obc-software\stm_cube\test3\EWARM\test
          3 Configuration\Obj\mass_storage_service.o"
Error[Li006]: duplicate definitions for "time_now"; in "G:\Users\nanimo\Documen
          ts\GitHub\upsat-obc-software\stm_cube\test3\EWARM\test3 Configuration
          \Obj\function_management_service.o", and "G:\Users\nanimo\Documents\G
          itHub\upsat-obc-software\stm_cube\test3\EWARM\test3 Configuration\Obj
          \mass_storage_service.o"
Error[Li006]: duplicate definitions for "services_verification_OBC_TC"; in "G:\
          Users\nanimo\Documents\GitHub\upsat-obc-software\stm_cube\test3\EWARM
          \test3 Configuration\Obj\function_management_service.o", and "G:\User
          s\nanimo\Documents\GitHub\upsat-obc-software\stm_cube\test3\EWARM\tes
          t3 Configuration\Obj\obc_hal.o"
Error[Li006]: duplicate definitions for "services_verification_TC_TM"; in "G:\U
          sers\nanimo\Documents\GitHub\upsat-obc-software\stm_cube\test3\EWARM\
          test3 Configuration\Obj\function_management_service.o", and "G:\Users
          \nanimo\Documents\GitHub\upsat-obc-software\stm_cube\test3\EWARM\test
          3 Configuration\Obj\obc_hal.o"
Error[Li006]: duplicate definitions for "time_now"; in "G:\Users\nanimo\Documen
          ts\GitHub\upsat-obc-software\stm_cube\test3\EWARM\test3 Configuration
          \Obj\function_management_service.o", and "G:\Users\nanimo\Documents\G
          itHub\upsat-obc-software\stm_cube\test3\EWARM\test3 Configuration\Obj
          \obc_hal.o"
Error[Li006]: duplicate definitions for "services_verification_OBC_TC"; in "G:\
          Users\nanimo\Documents\GitHub\upsat-obc-software\stm_cube\test3\EWARM
          \test3 Configuration\Obj\function_management_service.o", and "G:\User
          s\nanimo\Documents\GitHub\upsat-obc-software\stm_cube\test3\EWARM\tes
          t3 Configuration\Obj\pkt_pool.o"
Error[Li006]: duplicate definitions for "services_verification_TC_TM"; in "G:\U
          sers\nanimo\Documents\GitHub\upsat-obc-software\stm_cube\test3\EWARM\
          test3 Configuration\Obj\function_management_service.o", and "G:\Users
          \nanimo\Documents\GitHub\upsat-obc-software\stm_cube\test3\EWARM\test
          3 Configuration\Obj\pkt_pool.o"
Error[Li006]: duplicate definitions for "time_now"; in "G:\Users\nanimo\Documen
          ts\GitHub\upsat-obc-software\stm_cube\test3\EWARM\test3 Configuration
          \Obj\function_management_service.o", and "G:\Users\nanimo\Documents\G
          itHub\upsat-obc-software\stm_cube\test3\EWARM\test3 Configuration\Obj
          \pkt_pool.o"
Error[Li006]: duplicate definitions for "services_verification_OBC_TC"; in "G:\
          Users\nanimo\Documents\GitHub\upsat-obc-software\stm_cube\test3\EWARM
          \test3 Configuration\Obj\function_management_service.o", and "G:\User
          s\nanimo\Documents\GitHub\upsat-obc-software\stm_cube\test3\EWARM\tes
          t3 Configuration\Obj\power_ctrl.o"
Error[Li006]: duplicate definitions for "services_verification_TC_TM"; in "G:\U
          sers\nanimo\Documents\GitHub\upsat-obc-software\stm_cube\test3\EWARM\
          test3 Configuration\Obj\function_management_service.o", and "G:\Users
          \nanimo\Documents\GitHub\upsat-obc-software\stm_cube\test3\EWARM\test
          3 Configuration\Obj\power_ctrl.o"
Error[Li006]: duplicate definitions for "time_now"; in "G:\Users\nanimo\Documen
          ts\GitHub\upsat-obc-software\stm_cube\test3\EWARM\test3 Configuration
          \Obj\function_management_service.o", and "G:\Users\nanimo\Documents\G
          itHub\upsat-obc-software\stm_cube\test3\EWARM\test3 Configuration\Obj
          \power_ctrl.o"
Error[Li006]: duplicate definitions for "services_verification_OBC_TC"; in "G:\
          Users\nanimo\Documents\GitHub\upsat-obc-software\stm_cube\test3\EWARM
          \test3 Configuration\Obj\function_management_service.o", and "G:\User
          s\nanimo\Documents\GitHub\upsat-obc-software\stm_cube\test3\EWARM\tes
          t3 Configuration\Obj\route_verification.o"
Error[Li006]: duplicate definitions for "services_verification_TC_TM"; in "G:\U
          sers\nanimo\Documents\GitHub\upsat-obc-software\stm_cube\test3\EWARM\
          test3 Configuration\Obj\function_management_service.o", and "G:\Users
          \nanimo\Documents\GitHub\upsat-obc-software\stm_cube\test3\EWARM\test
          3 Configuration\Obj\route_verification.o"
Error[Li006]: duplicate definitions for "time_now"; in "G:\Users\nanimo\Documen
          ts\GitHub\upsat-obc-software\stm_cube\test3\EWARM\test3 Configuration
          \Obj\function_management_service.o", and "G:\Users\nanimo\Documents\G
          itHub\upsat-obc-software\stm_cube\test3\EWARM\test3 Configuration\Obj
          \route_verification.o"
Error[Li006]: duplicate definitions for "services_verification_OBC_TC"; in "G:\
          Users\nanimo\Documents\GitHub\upsat-obc-software\stm_cube\test3\EWARM
          \test3 Configuration\Obj\function_management_service.o", and "G:\User
          s\nanimo\Documents\GitHub\upsat-obc-software\stm_cube\test3\EWARM\tes
          t3 Configuration\Obj\service_utilities.o"
Error[Li006]: duplicate definitions for "services_verification_TC_TM"; in "G:\U
          sers\nanimo\Documents\GitHub\upsat-obc-software\stm_cube\test3\EWARM\
          test3 Configuration\Obj\function_management_service.o", and "G:\Users
          \nanimo\Documents\GitHub\upsat-obc-software\stm_cube\test3\EWARM\test
          3 Configuration\Obj\service_utilities.o"
Error[Li006]: duplicate definitions for "time_now"; in "G:\Users\nanimo\Documen
          ts\GitHub\upsat-obc-software\stm_cube\test3\EWARM\test3 Configuration
          \Obj\function_management_service.o", and "G:\Users\nanimo\Documents\G
          itHub\upsat-obc-software\stm_cube\test3\EWARM\test3 Configuration\Obj
          \service_utilities.o"
Error[Li006]: duplicate definitions for "services_verification_OBC_TC"; in "G:\
          Users\nanimo\Documents\GitHub\upsat-obc-software\stm_cube\test3\EWARM
          \test3 Configuration\Obj\function_management_service.o", and "G:\User
          s\nanimo\Documents\GitHub\upsat-obc-software\stm_cube\test3\EWARM\tes
          t3 Configuration\Obj\test_service.o"
Error[Li006]: duplicate definitions for "services_verification_TC_TM"; in "G:\U
          sers\nanimo\Documents\GitHub\upsat-obc-software\stm_cube\test3\EWARM\
          test3 Configuration\Obj\function_management_service.o", and "G:\Users
          \nanimo\Documents\GitHub\upsat-obc-software\stm_cube\test3\EWARM\test
          3 Configuration\Obj\test_service.o"
Error[Li006]: duplicate definitions for "time_now"; in "G:\Users\nanimo\Documen
          ts\GitHub\upsat-obc-software\stm_cube\test3\EWARM\test3 Configuration
          \Obj\function_management_service.o", and "G:\Users\nanimo\Documents\G
          itHub\upsat-obc-software\stm_cube\test3\EWARM\test3 Configuration\Obj
          \test_service.o"
Error[Li006]: duplicate definitions for "services_verification_OBC_TC"; in "G:\
          Users\nanimo\Documents\GitHub\upsat-obc-software\stm_cube\test3\EWARM
          \test3 Configuration\Obj\function_management_service.o", and "G:\User
          s\nanimo\Documents\GitHub\upsat-obc-software\stm_cube\test3\EWARM\tes
          t3 Configuration\Obj\verification_service.o"
Error[Li006]: duplicate definitions for "services_verification_TC_TM"; in "G:\U
          sers\nanimo\Documents\GitHub\upsat-obc-software\stm_cube\test3\EWARM\
          test3 Configuration\Obj\function_management_service.o", and "G:\Users
          \nanimo\Documents\GitHub\upsat-obc-software\stm_cube\test3\EWARM\test
          3 Configuration\Obj\verification_service.o"
Error[Li006]: duplicate definitions for "time_now"; in "G:\Users\nanimo\Documen
          ts\GitHub\upsat-obc-software\stm_cube\test3\EWARM\test3 Configuration
          \Obj\function_management_service.o", and "G:\Users\nanimo\Documents\G
          itHub\upsat-obc-software\stm_cube\test3\EWARM\test3 Configuration\Obj
          \verification_service.o"
Error[Li005]: no definition for "tst_debugging" [referenced from G:\Users\nanim
          o\Documents\GitHub\upsat-obc-software\stm_cube\test3\EWARM\test3
          Configuration\Obj\route_verification.o]


*******************************************************************************
*** RUNTIME MODEL ATTRIBUTES
***

CppFlavor                     = *
__Heap_Handler                = Basic
__SystemLibrary               = DLib
__dlib_dynamic_initialization = normal


*******************************************************************************
*** PLACEMENT SUMMARY
***

"A1":  place at 0x08000000 { ro section .intvec };
"P1":  place in [from 0x08000000 to 0x080fffff] { ro };
"P2":  place in [from 0x20000000 to 0x2001ffff] { rw, block CSTACK, block HEAP };

  Section             Kind        Address    Size  Object
  -------             ----        -------    ----  ------
"A1":                                       0x188
  .intvec             ro code  0x08000000   0x188  startup_stm32f407xx.o [1]
                             - 0x08000188   0x188

"P1":                                      0x4eb7
  .text               ro code  0x08000188  0x1166  xprintffull.o [3]
  .text               ro code  0x080012ee    0x20  xmbtowc.o [3]
  .text               ro code  0x0800130e     0xa  xsprout.o [3]
  .text               ro code  0x08001318    0x16  strchr.o [5]
  .text               ro code  0x08001330    0x36  strlen.o [5]
  .text               ro code  0x08001368    0x58  memchr.o [5]
  .text               ro code  0x080013c0     0xa  xmbcurmax.o [3]
  .text               ro code  0x080013cc    0xb0  xxmemxmalloc.o [3]
  .text               ro code  0x0800147c    0x1a  xwctomb.o [3]
  .text               ro code  0x08001498    0x76  ABImemcpy_unaligned.o [5]
  .text               ro code  0x08001510    0x80  xxmemxfree.o [3]
  .text               ro code  0x08001590    0xee  I64DivMod.o [5]
  .text               ro code  0x0800167e    0x42  xdnorm.o [4]
  .text               ro code  0x080016c0    0x2e  DblCmpLe.o [4]
  .text               ro code  0x080016f0    0x2e  DblCmpGe.o [4]
  .text               ro code  0x08001720   0x114  xdscale.o [4]
  .text               ro code  0x08001834    0x58  DblToI32.o [4]
  .text               ro code  0x0800188c    0x30  I32ToDbl.o [4]
  .text               ro code  0x080018bc   0x180  DblSub.o [4]
  .text               ro code  0x08001a3c   0x1a2  DblMul.o [4]
  .text               ro code  0x08001be0   0x256  DblDiv.o [4]
  .text               ro code  0x08001e38    0x6c  localeconv.o [3]
  .text               ro code  0x08001ea4     0xe  div.o [3]
  .text               ro code  0x08001eb4    0x14  setlocale.o [3]
  .text               ro code  0x08001ec8    0x60  xencoding_sb.o [3]
  .text               ro code  0x08001f28    0x2c  xgetmemchunk.o [3]
  .text               ro code  0x08001f54     0x2  I64DivZer.o [5]
  .text               ro code  0x08001f58    0xd4  DblAdd.o [4]
  .text               ro code  0x0800202c     0x2  xtls.o [3]
  .text               ro code  0x08002030   0xcc4  stm32f4xx_hal_sd.o [1]
  .text               ro code  0x08002cf4    0xf4  stm32f4xx_hal_msp.o [1]
  .text               ro code  0x08002de8    0xb4  stm32f4xx_ll_sdmmc.o [1]
  .text               ro code  0x08002e9c    0x7c  stm32f4xx_hal.o [1]
  .text               ro code  0x08002f18    0xd8  stm32f4xx_hal_cortex.o [1]
  .text               ro code  0x08002ff0   0x1f0  stm32f4xx_hal_gpio.o [1]
  .text               ro code  0x080031e0   0x4e4  stm32f4xx_hal_rcc.o [1]
  .text               ro code  0x080036c4   0x534  stm32f4xx_hal_uart.o [1]
  .text               ro code  0x08003bf8   0x530  tasks.o [1]
  .text               ro code  0x08004128   0x19c  port.o [1]
  .text               ro code  0x080042c4    0x8e  list.o [1]
  .text               ro code  0x08004354   0x1ac  heap_4.o [1]
  .text               ro code  0x08004500    0x3a  ABImemset48.o [5]
  CODE                ro code  0x0800453c    0xa8  portasm.o [1]
  .text               ro code  0x080045e4   0x348  main.o [1]
  .text               ro code  0x0800492c    0x6e  cmsis_os.o [1]
  .text               ro code  0x0800499c    0x18  fatfs.o [1]
  .text               ro code  0x080049b4    0x34  sprintf.o [3]
  .text               ro code  0x080049e8    0xd8  route_verification.o [1]
  .text               ro code  0x08004ac0    0x44  ff_gen_drv.o [1]
  .text               ro code  0x08004b04    0x18  obc_hal.o [1]
  .text               ro code  0x08004b1c    0xa4  hldlc.o [1]
  .text               ro code  0x08004bc0    0x38  pkt_pool.o [1]
  .text               ro code  0x08004bf8    0xa4  sd_diskio.o [1]
  .text               ro code  0x08004c9c    0x68  bsp_driver_sd.o [1]
  .text               ro code  0x08004d04    0x50  system_stm32f4xx.o [1]
  .text               ro code  0x08004d54    0x40  zero_init3.o [5]
  .text               ro code  0x08004d94    0x38  packbits_init_single.o [5]
  .text               ro code  0x08004dcc    0x28  data_init.o [5]
  .text               ro code  0x08004df4    0x22  fpinit_M.o [4]
  .iar.init_table     const    0x08004e18    0x20  - Linker created -
  .text               ro code  0x08004e38    0x1a  cmain.o [5]
  .text               ro code  0x08004e52     0x4  low_level_init.o [3]
  .text               ro code  0x08004e56     0x4  exit.o [3]
  .text               ro code  0x08004e5c     0xa  cexit.o [5]
  .text               ro code  0x08004e68    0x14  exit.o [6]
  .text               ro code  0x08004e7c    0x18  stm32f4xx_it.o [1]
  .rodata             const    0x08004e94    0x14  sd_diskio.o [1]
  .text               ro code  0x08004ea8    0x10  startup_stm32f407xx.o [1]
  .rodata             const    0x08004eb8     0xc  main.o [1]
  .text               ro code  0x08004ec4     0xc  cstartup_M.o [5]
  .text               ro code  0x08004ed0     0x4  startup_stm32f407xx.o [1]
  .text               ro code  0x08004ed4     0x4  startup_stm32f407xx.o [1]
  .text               ro code  0x08004ed8     0x4  startup_stm32f407xx.o [1]
  .text               ro code  0x08004edc     0x4  startup_stm32f407xx.o [1]
  .text               ro code  0x08004ee0     0x4  startup_stm32f407xx.o [1]
  .text               ro code  0x08004ee4     0x4  startup_stm32f407xx.o [1]
  .text               ro code  0x08004ee8     0x4  startup_stm32f407xx.o [1]
  .text               ro code  0x08004eec     0x4  startup_stm32f407xx.o [1]
  .text               ro code  0x08004ef0     0x4  startup_stm32f407xx.o [1]
  .text               ro code  0x08004ef4     0x4  startup_stm32f407xx.o [1]
  .text               ro code  0x08004ef8     0x4  startup_stm32f407xx.o [1]
  .text               ro code  0x08004efc     0x4  startup_stm32f407xx.o [1]
  .text               ro code  0x08004f00     0x4  startup_stm32f407xx.o [1]
  .text               ro code  0x08004f04     0x4  startup_stm32f407xx.o [1]
  .text               ro code  0x08004f08     0x4  startup_stm32f407xx.o [1]
  .text               ro code  0x08004f0c     0x4  startup_stm32f407xx.o [1]
  .text               ro code  0x08004f10     0x4  startup_stm32f407xx.o [1]
  .text               ro code  0x08004f14     0x4  startup_stm32f407xx.o [1]
  .text               ro code  0x08004f18     0x4  startup_stm32f407xx.o [1]
  .text               ro code  0x08004f1c     0x4  startup_stm32f407xx.o [1]
  .text               ro code  0x08004f20     0x4  startup_stm32f407xx.o [1]
  .text               ro code  0x08004f24     0x4  startup_stm32f407xx.o [1]
  .text               ro code  0x08004f28     0x4  startup_stm32f407xx.o [1]
  .text               ro code  0x08004f2c     0x4  startup_stm32f407xx.o [1]
  .text               ro code  0x08004f30     0x4  startup_stm32f407xx.o [1]
  .text               ro code  0x08004f34     0x4  startup_stm32f407xx.o [1]
  .text               ro code  0x08004f38     0x4  startup_stm32f407xx.o [1]
  .text               ro code  0x08004f3c     0x4  startup_stm32f407xx.o [1]
  .text               ro code  0x08004f40     0x4  startup_stm32f407xx.o [1]
  .text               ro code  0x08004f44     0x4  startup_stm32f407xx.o [1]
  .text               ro code  0x08004f48     0x4  startup_stm32f407xx.o [1]
  .text               ro code  0x08004f4c     0x4  startup_stm32f407xx.o [1]
  .text               ro code  0x08004f50     0x4  startup_stm32f407xx.o [1]
  .text               ro code  0x08004f54     0x4  startup_stm32f407xx.o [1]
  .text               ro code  0x08004f58     0x4  startup_stm32f407xx.o [1]
  .text               ro code  0x08004f5c     0x4  startup_stm32f407xx.o [1]
  .text               ro code  0x08004f60     0x4  startup_stm32f407xx.o [1]
  .text               ro code  0x08004f64     0x4  startup_stm32f407xx.o [1]
  .text               ro code  0x08004f68     0x4  startup_stm32f407xx.o [1]
  .text               ro code  0x08004f6c     0x4  startup_stm32f407xx.o [1]
  .text               ro code  0x08004f70     0x4  startup_stm32f407xx.o [1]
  .text               ro code  0x08004f74     0x4  startup_stm32f407xx.o [1]
  .text               ro code  0x08004f78     0x4  startup_stm32f407xx.o [1]
  .text               ro code  0x08004f7c     0x4  startup_stm32f407xx.o [1]
  .text               ro code  0x08004f80     0x4  startup_stm32f407xx.o [1]
  .text               ro code  0x08004f84     0x4  startup_stm32f407xx.o [1]
  .text               ro code  0x08004f88     0x4  startup_stm32f407xx.o [1]
  .text               ro code  0x08004f8c     0x4  startup_stm32f407xx.o [1]
  .text               ro code  0x08004f90     0x4  startup_stm32f407xx.o [1]
  .text               ro code  0x08004f94     0x4  startup_stm32f407xx.o [1]
  .text               ro code  0x08004f98     0x4  startup_stm32f407xx.o [1]
  .text               ro code  0x08004f9c     0x4  startup_stm32f407xx.o [1]
  .text               ro code  0x08004fa0     0x4  startup_stm32f407xx.o [1]
  .text               ro code  0x08004fa4     0x4  startup_stm32f407xx.o [1]
  .text               ro code  0x08004fa8     0x4  startup_stm32f407xx.o [1]
  .text               ro code  0x08004fac     0x4  startup_stm32f407xx.o [1]
  .text               ro code  0x08004fb0     0x4  startup_stm32f407xx.o [1]
  .text               ro code  0x08004fb4     0x4  startup_stm32f407xx.o [1]
  .text               ro code  0x08004fb8     0x4  startup_stm32f407xx.o [1]
  .text               ro code  0x08004fbc     0x4  startup_stm32f407xx.o [1]
  .text               ro code  0x08004fc0     0x4  startup_stm32f407xx.o [1]
  .text               ro code  0x08004fc4     0x4  startup_stm32f407xx.o [1]
  .text               ro code  0x08004fc8     0x4  startup_stm32f407xx.o [1]
  .text               ro code  0x08004fcc     0x4  startup_stm32f407xx.o [1]
  .text               ro code  0x08004fd0     0x4  startup_stm32f407xx.o [1]
  .text               ro code  0x08004fd4     0x4  startup_stm32f407xx.o [1]
  .text               ro code  0x08004fd8     0x4  startup_stm32f407xx.o [1]
  .text               ro code  0x08004fdc     0x4  startup_stm32f407xx.o [1]
  .text               ro code  0x08004fe0     0x4  startup_stm32f407xx.o [1]
  .text               ro code  0x08004fe4     0x4  startup_stm32f407xx.o [1]
  .text               ro code  0x08004fe8     0x4  startup_stm32f407xx.o [1]
  .text               ro code  0x08004fec     0x4  startup_stm32f407xx.o [1]
  .text               ro code  0x08004ff0     0x4  startup_stm32f407xx.o [1]
  .text               ro code  0x08004ff4     0x4  startup_stm32f407xx.o [1]
  .text               ro code  0x08004ff8     0x4  startup_stm32f407xx.o [1]
  .text               ro code  0x08004ffc     0x4  startup_stm32f407xx.o [1]
  .text               ro code  0x08005000     0x4  startup_stm32f407xx.o [1]
  .text               ro code  0x08005004     0x4  startup_stm32f407xx.o [1]
  .text               ro code  0x08005008     0x4  startup_stm32f407xx.o [1]
  .text               ro code  0x0800500c     0x4  startup_stm32f407xx.o [1]
  .text               ro code  0x08005010     0x4  startup_stm32f407xx.o [1]
  .text               ro code  0x08005014     0x4  startup_stm32f407xx.o [1]
  .text               ro code  0x08005018     0x4  startup_stm32f407xx.o [1]
  .text               ro code  0x0800501c     0x4  startup_stm32f407xx.o [1]
  .text               ro code  0x08005020     0x4  startup_stm32f407xx.o [1]
  .rodata             const    0x08005024     0x0  zero_init3.o [5]
  .rodata             const    0x08005024     0x0  packbits_init_single.o [5]
  Initializer bytes   const    0x08005024    0x1b  <for P2-1>
                             - 0x0800503f  0x4eb7

"P2", part 1 of 3:                          0x1a9
  P2-1                         0x20000000   0x1a9  <Init block>
    .data             inited   0x20000000     0xc  port.o [1]
    .data             inited   0x2000000c     0x4  system_stm32f4xx.o [1]
    .data             inited   0x20000010    0x9c  tasks.o [1]
    __DLIB_PERTHREAD  inited   0x200000ac    0x88  localeconv.o [3]
    __DLIB_PERTHREAD  inited   0x20000134    0x74  setlocale.o [3]
    .data             inited   0x200001a8     0x1  sd_diskio.o [1]
                             - 0x200001a9   0x1a9

"P2", part 2 of 3:                          0x600
  CSTACK                       0x200001b0   0x400  <Block>
    CSTACK            uninit   0x200001b0   0x400  <Block tail>
  HEAP                         0x200005b0   0x200  <Block>
    HEAP              uninit   0x200005b0   0x200  <Block tail>
                             - 0x200007b0   0x600

"P2", part 3 of 3:                         0x4360
  .bss                zero     0x200007b0  0x3c18  heap_4.o [1]
  .bss                zero     0x200043c8   0x59c  pkt_pool.o [1]
  .bss                zero     0x20004964    0x8c  tasks.o [1]
  .bss                zero     0x200049f0    0x64  main.o [1]
  .bss                zero     0x20004a54     0xc  ff_gen_drv.o [1]
  .bss                zero     0x20004a60    0x58  main.o [1]
  .bss                zero     0x20004ab8    0x40  main.o [1]
  .bss                zero     0x20004af8     0x8  fatfs.o [1]
  .bss                zero     0x20004b00     0x8  xxmemxmalloc.o [3]
  .bss                zero     0x20004b08     0x4  stm32f4xx_hal.o [1]
  .bss                zero     0x20004b0c     0x4  xgetmemchunk.o [3]
                             - 0x20004b10  0x4360


*******************************************************************************
*** INIT TABLE
***

          Address     Size
          -------     ----
Zero (__iar_zero_init3)
    1 destination range, total size 0x4360:
          0x200007b0  0x4360

Copy/packbits (__iar_packbits_init_single3)
    1 source range, total size 0x1b (6% of destination):
          0x08005024    0x1b
    1 destination range, total size 0x1a9:
          0x20000000   0x1a9



*******************************************************************************
*** MODULE SUMMARY
***

    Module                  ro code  ro data  rw data
    ------                  -------  -------  -------
G:\Users\nanimo\Documents\GitHub\upsat-obc-software\stm_cube\test3\EWARM\test3 Configuration\Obj: [1]
    bsp_driver_sd.o             104
    cmsis_os.o                  110
    fatfs.o                      24                 8
    ff_gen_drv.o                 68                12
    heap_4.o                    428            15 384
    hldlc.o                     164
    list.o                      142
    main.o                      840       12      252
    obc_hal.o                    24
    pkt_pool.o                   56             1 436
    port.o                      412                12
    portasm.o                   168
    route_verification.o        216
    sd_diskio.o                 164       20        1
    startup_stm32f407xx.o       748
    stm32f4xx_hal.o             124                 4
    stm32f4xx_hal_cortex.o      216
    stm32f4xx_hal_gpio.o        496
    stm32f4xx_hal_msp.o         244
    stm32f4xx_hal_rcc.o       1 252
    stm32f4xx_hal_sd.o        3 268
    stm32f4xx_hal_uart.o      1 332
    stm32f4xx_it.o               24
    stm32f4xx_ll_sdmmc.o        180
    system_stm32f4xx.o           80        1        4
    tasks.o                   1 328        9      296
    -------------------------------------------------
    Total:                   12 212       42   17 409

command line: [2]
    -------------------------------------------------
    Total:

dl7M_tlf.a: [3]
    div.o                        14
    exit.o                        4
    localeconv.o                108        9      136
    low_level_init.o              4
    setlocale.o                  20        7      116
    sprintf.o                    52
    xencoding_sb.o               96
    xgetmemchunk.o               44                 4
    xmbcurmax.o                  10
    xmbtowc.o                    32
    xprintffull.o             4 454
    xsprout.o                    10
    xtls.o                        2
    xwctomb.o                    26
    xxmemxfree.o                128
    xxmemxmalloc.o              176                 8
    -------------------------------------------------
    Total:                    5 180       16      264

m7M_tls.a: [4]
    DblAdd.o                    212
    DblCmpGe.o                   46
    DblCmpLe.o                   46
    DblDiv.o                    598
    DblMul.o                    418
    DblSub.o                    384
    DblToI32.o                   88
    I32ToDbl.o                   48
    fpinit_M.o                   34
    xdnorm.o                     66
    xdscale.o                   276
    -------------------------------------------------
    Total:                    2 216

rt7M_tl.a: [5]
    ABImemcpy_unaligned.o       118
    ABImemset48.o                58
    I64DivMod.o                 238
    I64DivZer.o                   2
    cexit.o                      10
    cmain.o                      26
    cstartup_M.o                 12
    data_init.o                  40
    memchr.o                     88
    packbits_init_single.o       56
    strchr.o                     22
    strlen.o                     54
    zero_init3.o                 64
    -------------------------------------------------
    Total:                      788

shb_l.a: [6]
    exit.o                       20
    -------------------------------------------------
    Total:                       20

    Gaps                         34        2
    Linker created                        33    1 536
-----------------------------------------------------
    Grand Total:             20 450       93   19 209


*******************************************************************************
*** ENTRY LIST
***

Entry                      Address    Size  Type      Object
-----                      -------    ----  ----      ------
.iar.init_table$$Base   0x08004e18           --   Gb  - Linker created -
.iar.init_table$$Limit  0x08004e38           --   Gb  - Linker created -
?main                   0x08004e39          Code  Gb  cmain.o [5]
APBAHBPrescTable        0x080036b4    0x10  Data  Gb  stm32f4xx_hal_rcc.o [1]
BSP_SD_GetCardInfo      0x08004cf3     0x8  Code  Gb  bsp_driver_sd.o [1]
BSP_SD_GetStatus        0x08004ced     0x6  Code  Gb  bsp_driver_sd.o [1]
BSP_SD_Init             0x08004c9d    0x22  Code  Gb  bsp_driver_sd.o [1]
BSP_SD_ReadBlocks       0x08004cbf     0xe  Code  Gb  bsp_driver_sd.o [1]
BSP_SD_WriteBlocks      0x08004ccd     0xc  Code  Gb  bsp_driver_sd.o [1]
CSTACK$$Base            0x200001b0           --   Gb  - Linker created -
CSTACK$$Limit           0x200005b0           --   Gb  - Linker created -
FATFS_LinkDriver        0x08004afb     0x4  Code  Gb  ff_gen_drv.o [1]
FATFS_LinkDriverEx      0x08004ac1    0x3a  Code  Gb  ff_gen_drv.o [1]
HAL_Delay               0x08002ef7    0x18  Code  Wk  stm32f4xx_hal.o [1]
HAL_GPIO_Init           0x08002ff1   0x1c0  Code  Gb  stm32f4xx_hal_gpio.o [1]
HAL_GetTick             0x08002ef1     0x6  Code  Wk  stm32f4xx_hal.o [1]
HAL_Init                0x08002e9d    0x30  Code  Gb  stm32f4xx_hal.o [1]
HAL_InitTick            0x08002ecd    0x24  Code  Wk  stm32f4xx_hal.o [1]
HAL_MspInit             0x08002cf5    0x18  Code  Gb  stm32f4xx_hal_msp.o [1]
HAL_NVIC_EnableIRQ      0x08002f87     0xc  Code  Gb  stm32f4xx_hal_cortex.o [1]
HAL_NVIC_SetPriority    0x08002f4d    0x3a  Code  Gb  stm32f4xx_hal_cortex.o [1]
HAL_NVIC_SetPriorityGrouping
                        0x08002f33    0x1a  Code  Gb  stm32f4xx_hal_cortex.o [1]
HAL_RCC_ClockConfig     0x08003457   0x158  Code  Gb  stm32f4xx_hal_rcc.o [1]
HAL_RCC_GetHCLKFreq     0x0800363d    0x1e  Code  Gb  stm32f4xx_hal_rcc.o [1]
HAL_RCC_GetPCLK1Freq    0x0800365b    0x10  Code  Gb  stm32f4xx_hal_rcc.o [1]
HAL_RCC_GetPCLK2Freq    0x0800366b     0xe  Code  Gb  stm32f4xx_hal_rcc.o [1]
HAL_RCC_GetSysClockFreq
                        0x080035f7    0x46  Code  Wk  stm32f4xx_hal_rcc.o [1]
HAL_RCC_OscConfig       0x080031e1   0x26c  Code  Wk  stm32f4xx_hal_rcc.o [1]
HAL_SD_GetStatus        0x080027b1    0x36  Code  Gb  stm32f4xx_hal_sd.o [1]
HAL_SD_Get_CardInfo     0x0800248d   0x2d8  Code  Gb  stm32f4xx_hal_sd.o [1]
HAL_SD_IRQHandler       0x08002413    0x76  Code  Gb  stm32f4xx_hal_sd.o [1]
HAL_SD_Init             0x08002031    0x96  Code  Gb  stm32f4xx_hal_sd.o [1]
HAL_SD_MspInit          0x08002d0d    0x56  Code  Gb  stm32f4xx_hal_msp.o [1]
HAL_SD_ReadBlocks       0x080020d1   0x160  Code  Gb  stm32f4xx_hal_sd.o [1]
HAL_SD_StopTransfer     0x08002765    0x1c  Code  Gb  stm32f4xx_hal_sd.o [1]
HAL_SD_WriteBlocks      0x08002243   0x1b6  Code  Gb  stm32f4xx_hal_sd.o [1]
HAL_SD_XferCpltCallback
                        0x08002489     0x2  Code  Wk  stm32f4xx_hal_sd.o [1]
HAL_SD_XferErrorCallback
                        0x0800248b     0x2  Code  Wk  stm32f4xx_hal_sd.o [1]
HAL_SYSTICK_CLKSourceConfig
                        0x08002fc3    0x14  Code  Gb  stm32f4xx_hal_cortex.o [1]
HAL_SYSTICK_Config      0x08002f9b    0x28  Code  Gb  stm32f4xx_hal_cortex.o [1]
HAL_UART_ErrorCallback  0x080039cd     0x2  Code  Wk  stm32f4xx_hal_uart.o [1]
HAL_UART_IRQHandler     0x08003891   0x138  Code  Gb  stm32f4xx_hal_uart.o [1]
HAL_UART_Init           0x080036c5    0x26  Code  Gb  stm32f4xx_hal_uart.o [1]
HAL_UART_MspInit        0x08002d75    0x4e  Code  Gb  stm32f4xx_hal_msp.o [1]
HAL_UART_Receive        0x080037bf    0x9e  Code  Gb  stm32f4xx_hal_uart.o [1]
HAL_UART_RxCpltCallback
                        0x080039cb     0x2  Code  Wk  stm32f4xx_hal_uart.o [1]
HAL_UART_Transmit       0x0800372f    0x90  Code  Gb  stm32f4xx_hal_uart.o [1]
HAL_UART_TxCpltCallback
                        0x080039c9     0x2  Code  Wk  stm32f4xx_hal_uart.o [1]
HAL_eps_uart_rx         0x08004b05    0x12  Code  Gb  obc_hal.o [1]
HEAP$$Base              0x200005b0           --   Gb  - Linker created -
HEAP$$Limit             0x200007b0           --   Gb  - Linker created -
HLDLC_deframe           0x08004b1d    0x20  Code  Gb  hldlc.o [1]
LoadInt                 0x080007d7    0x6e  Code  Lc  xprintffull.o [3]
MX_FATFS_Init           0x0800499d    0x10  Code  Gb  fatfs.o [1]
MX_GPIO_Init            0x080046e9   0x15c  Code  Lc  main.o [1]
NVIC_SetPriority        0x08002f19    0x1a  Code  Lc  stm32f4xx_hal_cortex.o [1]
PendSV_Handler          0x0800453d          Code  Gb  portasm.o [1]
Region$$Table$$Base     0x08004e18           --   Gb  - Linker created -
Region$$Table$$Limit    0x08004e38           --   Gb  - Linker created -
SDCardInfo              0x20004a60    0x58  Data  Gb  main.o [1]
SDIO_DataConfig         0x08002e69    0x24  Code  Gb  stm32f4xx_ll_sdmmc.o [1]
SDIO_GetCommandResponse
                        0x08002e4f     0x6  Code  Gb  stm32f4xx_ll_sdmmc.o [1]
SDIO_GetPowerState      0x08002e25     0x8  Code  Gb  stm32f4xx_ll_sdmmc.o [1]
SDIO_GetResponse        0x08002e55    0x14  Code  Gb  stm32f4xx_ll_sdmmc.o [1]
SDIO_IRQHandler         0x08004e87     0x6  Code  Gb  stm32f4xx_it.o [1]
SDIO_Init               0x08002de9    0x26  Code  Gb  stm32f4xx_ll_sdmmc.o [1]
SDIO_PowerState_ON      0x08002e1b     0x4  Code  Gb  stm32f4xx_ll_sdmmc.o [1]
SDIO_ReadFIFO           0x08002e0f     0x2  Code  Gb  stm32f4xx_ll_sdmmc.o [1]
SDIO_SendCommand        0x08002e2d    0x22  Code  Gb  stm32f4xx_ll_sdmmc.o [1]
SDIO_WriteFIFO          0x08002e11     0xa  Code  Gb  stm32f4xx_ll_sdmmc.o [1]
SD_CmdResp1Error        0x08002aa7    0xce  Code  Lc  stm32f4xx_hal_sd.o [1]
SD_CmdResp2Error        0x08002b75    0x30  Code  Lc  stm32f4xx_hal_sd.o [1]
SD_Driver               0x08004e94    0x14  Data  Gb  sd_diskio.o [1]
SD_Initialize_Cards     0x080027fd   0x10a  Code  Lc  stm32f4xx_hal_sd.o [1]
SD_IsCardProgramming    0x08002bad   0x136  Code  Lc  stm32f4xx_hal_sd.o [1]
SD_Path                 0x20004afc     0x4  Data  Gb  fatfs.o [1]
SD_PowerON              0x08002915   0x168  Code  Lc  stm32f4xx_hal_sd.o [1]
SD_initialize           0x08004bf9     0xe  Code  Gb  sd_diskio.o [1]
SD_ioctl                0x08004c51    0x48  Code  Gb  sd_diskio.o [1]
SD_read                 0x08004c21     0xc  Code  Gb  sd_diskio.o [1]
SD_status               0x08004c07     0xc  Code  Gb  sd_diskio.o [1]
SD_write                0x08004c2d     0xa  Code  Gb  sd_diskio.o [1]
SVC_Handler             0x08004595          Code  Gb  portasm.o [1]
StartDefaultTask        0x080048ad    0x2c  Code  Gb  main.o [1]
Stat                    0x200001a8     0x1  Data  Lc  sd_diskio.o [1]
SysTick_Handler         0x08004e7d     0x4  Code  Gb  stm32f4xx_it.o [1]
SystemClock_Config      0x08004647    0xa2  Code  Gb  main.o [1]
SystemCoreClock         0x2000000c     0x4  Data  Gb  system_stm32f4xx.o [1]
SystemInit              0x08004d05    0x3a  Code  Gb  system_stm32f4xx.o [1]
UART_Receive_IT         0x08003a69    0xa0  Code  Lc  stm32f4xx_hal_uart.o [1]
UART_SetConfig          0x08003b09    0xe0  Code  Lc  stm32f4xx_hal_uart.o [1]
UART_WaitOnFlagUntilTimeout
                        0x080039cf    0x8a  Code  Lc  stm32f4xx_hal_uart.o [1]
USART2_IRQHandler       0x08004e81     0x6  Code  Gb  stm32f4xx_it.o [1]
_EncodingSb_Mbtowc      0x08001ee3    0x30  Code  Gb  xencoding_sb.o [3]
_EncodingSb_Wctomb      0x08001ec9    0x1a  Code  Gb  xencoding_sb.o [3]
_GenldFull              0x0800105b   0x24c  Code  Lc  xprintffull.o [3]
_IsdstStr               0x20000138     0x4  Data  Gb  setlocale.o [3]
_LdtobFull              0x08000c59   0x3fc  Code  Lc  xprintffull.o [3]
_LitobFull              0x08000b51   0x106  Code  Lc  xprintffull.o [3]
_LocaleEncoding         0x08001eb5     0xe  Code  Gb  setlocale.o [3]
_LocaleReturnString     0x20000158    0x50  Data  Lc  setlocale.o [3]
_Locale_Profile         0x2000013c    0x1c  Data  Gb  setlocale.o [3]
_Locale_aeabi_lconv     0x200000fc    0x38  Data  Gb  localeconv.o [3]
_Locale_lconv           0x200000ac    0x50  Data  Gb  localeconv.o [3]
_Mbtowc                 0x080012ef    0x20  Code  Gb  xmbtowc.o [3]
_PrintfFull             0x08000189   0x638  Code  Gb  xprintffull.o [3]
_PutcharsFull           0x080012a7    0x2e  Code  Lc  xprintffull.o [3]
_PutstrFull             0x08000845   0x306  Code  Lc  xprintffull.o [3]
_SProut                 0x0800130f     0xa  Code  Gb  xsprout.o [3]
_TzoneStr               0x20000134     0x4  Data  Gb  setlocale.o [3]
_Wctomb                 0x0800147d    0x1a  Code  Gb  xwctomb.o [3]
__aeabi_cdcmple         0x080016c1          Code  Gb  DblCmpLe.o [4]
__aeabi_cdrcmple        0x080016f1          Code  Gb  DblCmpGe.o [4]
__aeabi_d2iz            0x08001835          Code  Gb  DblToI32.o [4]
__aeabi_d2uiz           0x08001861          Code  Gb  DblToI32.o [4]
__aeabi_ddiv            0x08001be1          Code  Gb  DblDiv.o [4]
__aeabi_dmul            0x08001a3d          Code  Gb  DblMul.o [4]
__aeabi_dsub            0x080018bd          Code  Gb  DblSub.o [4]
__aeabi_i2d             0x0800188d          Code  Gb  I32ToDbl.o [4]
__aeabi_ldiv0           0x08001f55          Code  Gb  I64DivZer.o [5]
__aeabi_memset4         0x08004501          Code  Gb  ABImemset48.o [5]
__aeabi_memset8         0x08004501          Code  Gb  ABImemset48.o [5]
__aeabi_ui2d            0x080018a1          Code  Gb  I32ToDbl.o [4]
__aeabi_uldivmod        0x08001591          Code  Gb  I64DivMod.o [5]
__cmain                 0x08004e39          Code  Gb  cmain.o [5]
__data_Aldata           0x20004b00     0x8  Data  Gb  xxmemxmalloc.o [3]
__data_GetMemChunk      0x08001f29    0x2c  Code  Gb  xgetmemchunk.o [3]
__exit                  0x08004e69    0x14  Code  Gb  exit.o [6]
__iar_Dnorm             0x0800167f    0x42  Code  Gb  xdnorm.o [4]
__iar_Dscale            0x08001721   0x114  Code  Gb  xdscale.o [4]
__iar_Locale_lconv_init
                        0x08001e39    0x3a  Code  Gb  localeconv.o [3]
__iar_Mbcurmax          0x080013c1     0xa  Code  Gb  xmbcurmax.o [3]
__iar_Memchr            0x08001369          Code  Gb  memchr.o [5]
__iar_Memset4_word      0x08004509          Code  Gb  ABImemset48.o [5]
__iar_Memset8_word      0x08004509          Code  Gb  ABImemset48.o [5]
__iar_Strchr            0x08001319          Code  Gb  strchr.o [5]
__iar_d2uiz             0x0800186d          Code  Gb  DblToI32.o [4]
__iar_dadd              0x08001f59          Code  Gb  DblAdd.o [4]
__iar_data_init3        0x08004dcd    0x28  Code  Gb  data_init.o [5]
__iar_dlib_perthread_access
                        0x0800202d     0x2  Code  Gb  xtls.o [3]
__iar_dsub              0x080018d1          Code  Gb  DblSub.o [4]
__iar_dsubStart         0x080018e3          Code  Gb  DblSub.o [4]
__iar_init_vfp          0x08004df5          Code  Gb  fpinit_M.o [4]
__iar_packbits_init_single3
                        0x08004d95    0x38  Code  Gb  packbits_init_single.o [5]
__iar_program_start     0x08004ec5          Code  Gb  cstartup_M.o [5]
__iar_ui2d              0x080018a5          Code  Gb  I32ToDbl.o [4]
__iar_unaligned___aeabi_memcpy
                        0x08001499          Code  Gb  ABImemcpy_unaligned.o [5]
__iar_unaligned___aeabi_memcpy4
                        0x080014b9          Code  Gb  ABImemcpy_unaligned.o [5]
__iar_unaligned___aeabi_memcpy8
                        0x080014b9          Code  Gb  ABImemcpy_unaligned.o [5]
__iar_zero_init3        0x08004d55    0x40  Code  Gb  zero_init3.o [5]
__low_level_init        0x08004e53     0x4  Code  Gb  low_level_init.o [3]
__vector_table          0x08000000          Data  Gb  startup_stm32f407xx.o [1]
_call_main              0x08004e45          Code  Gb  cmain.o [5]
_exit                   0x08004e5d          Code  Gb  cexit.o [5]
_main                   0x08004e4f          Code  Gb  cmain.o [5]
defaultTaskHandle       0x20004a50     0x4  Data  Gb  main.o [1]
disk                    0x20004a54     0xc  Data  Gb  ff_gen_drv.o [1]
div                     0x08001ea5     0xe  Code  Gb  div.o [3]
exit                    0x08004e57     0x4  Code  Gb  exit.o [3]
free                    0x08001511    0x7a  Code  Gb  xxmemxfree.o [3]
get_pkt                 0x08004bc1    0x34  Code  Gb  pkt_pool.o [1]
hsd                     0x200049f0    0x60  Data  Gb  main.o [1]
huart2                  0x20004ab8    0x40  Data  Gb  main.o [1]
import_eps_pkt          0x080049e9    0x60  Code  Gb  route_verification.o [1]
localeconv              0x08001e73    0x16  Code  Gb  localeconv.o [3]
main                    0x080045e5    0x62  Code  Gb  main.o [1]
makeFreeRtosPriority    0x0800492d     0xc  Code  Lc  cmsis_os.o [1]
malloc                  0x080013cd    0xac  Code  Gb  xxmemxmalloc.o [3]
memchr                  0x08001369          Code  Gb  memchr.o [5]
osDelay                 0x08004979     0xe  Code  Gb  cmsis_os.o [1]
osKernelStart           0x08004939     0xa  Code  Gb  cmsis_os.o [1]
osSystickHandler        0x08004987    0x14  Code  Gb  cmsis_os.o [1]
osThreadCreate          0x08004943    0x36  Code  Gb  cmsis_os.o [1]
pkt_pool                0x200043c8   0x59c  Data  Gb  pkt_pool.o [1]
prvAddCurrentTaskToDelayedList
                        0x08004057    0x30  Code  Lc  tasks.o [1]
prvAllocateTCBAndStack  0x08004087    0x38  Code  Lc  tasks.o [1]
prvIdleTask             0x08003fa9    0x5a  Code  Lc  tasks.o [1]
prvInitialiseTCBVariables
                        0x08004003    0x54  Code  Lc  tasks.o [1]
prvInsertBlockIntoFreeList
                        0x080044b3    0x46  Code  Lc  heap_4.o [1]
prvResetNextTaskUnblockTime
                        0x080040bf    0x1a  Code  Lc  tasks.o [1]
prvTaskExitError        0x0800414d    0x28  Code  Lc  port.o [1]
pvPortMalloc            0x08004355    0xfa  Code  Gb  heap_4.o [1]
pxCurrentTCB            0x20000038     0x4  Data  Gb  tasks.o [1]
pxDelayedTaskList       0x2000003c     0x4  Data  Lc  tasks.o [1]
pxEnd                   0x200007b8     0x4  Data  Lc  heap_4.o [1]
pxOverflowDelayedTaskList
                        0x20000040     0x4  Data  Lc  tasks.o [1]
pxPortInitialiseStack   0x08004129    0x22  Code  Gb  port.o [1]
pxReadyTasksLists       0x20004964    0x8c  Data  Lc  tasks.o [1]
retSD                   0x20004af8     0x1  Data  Gb  fatfs.o [1]
sprintf                 0x080049b5    0x34  Code  Gb  sprintf.o [3]
strchr                  0x08001319          Code  Gb  strchr.o [5]
strlen                  0x08001331          Code  Gb  strlen.o [5]
ucHeap                  0x200007c8  0x3c00  Data  Lc  heap_4.o [1]
ucMaxSysCallPriority    0x20000000     0x1  Data  Lc  port.o [1]
ulMaxPRIGROUPValue      0x20000008     0x4  Data  Lc  port.o [1]
uwTick                  0x20004b08     0x4  Data  Lc  stm32f4xx_hal.o [1]
uxCriticalNesting       0x20000004     0x4  Data  Lc  port.o [1]
uxCurrentNumberOfTasks  0x2000005c     0x4  Data  Lc  tasks.o [1]
uxListRemove            0x0800432f    0x24  Code  Gb  list.o [1]
uxPendedTicks           0x2000006c     0x4  Data  Lc  tasks.o [1]
uxSchedulerSuspended    0x20000080     0x4  Data  Lc  tasks.o [1]
uxTaskNumber            0x20000078     0x4  Data  Lc  tasks.o [1]
uxTasksDeleted          0x20000044     0x4  Data  Lc  tasks.o [1]
uxTopReadyPriority      0x20000064     0x4  Data  Lc  tasks.o [1]
vListInitialise         0x080042c5    0x1a  Code  Gb  list.o [1]
vListInitialiseItem     0x080042df     0x6  Code  Gb  list.o [1]
vListInsert             0x080042fd    0x32  Code  Gb  list.o [1]
vListInsertEnd          0x080042e5    0x18  Code  Gb  list.o [1]
vPortEnableVFP          0x080045c9          Code  Gb  portasm.o [1]
vPortEnterCritical      0x0800420d    0x32  Code  Gb  port.o [1]
vPortExitCritical       0x0800423f    0x24  Code  Gb  port.o [1]
vPortFree               0x08004461    0x44  Code  Gb  heap_4.o [1]
vPortSetupTimerInterrupt
                        0x08004289    0x18  Code  Wk  port.o [1]
vPortStartFirstTask     0x080045b1          Code  Gb  portasm.o [1]
vTaskDelay              0x08003d0b    0x3a  Code  Gb  tasks.o [1]
vTaskStartScheduler     0x08003d79    0x54  Code  Gb  tasks.o [1]
vTaskSuspendAll         0x08003dcd     0xc  Code  Gb  tasks.o [1]
vTaskSwitchContext      0x08003f39    0x52  Code  Gb  tasks.o [1]
xBlockAllocatedBit      0x200007c4     0x4  Data  Lc  heap_4.o [1]
xDelayedTaskList1       0x20000084    0x14  Data  Lc  tasks.o [1]
xDelayedTaskList2       0x20000098    0x14  Data  Lc  tasks.o [1]
xFreeBytesRemaining     0x200007bc     0x4  Data  Lc  heap_4.o [1]
xMinimumEverFreeBytesRemaining
                        0x200007c0     0x4  Data  Lc  heap_4.o [1]
xNextTaskUnblockTime    0x2000007c     0x4  Data  Lc  tasks.o [1]
xNumOfOverflows         0x20000074     0x4  Data  Lc  tasks.o [1]
xPendingReadyList       0x20000010    0x14  Data  Lc  tasks.o [1]
xPortStartScheduler     0x08004175    0x84  Code  Gb  port.o [1]
xPortSysTickHandler     0x08004263    0x26  Code  Gb  port.o [1]
xSchedulerRunning       0x20000068     0x4  Data  Lc  tasks.o [1]
xStart                  0x200007b0     0x8  Data  Lc  heap_4.o [1]
xSuspendedTaskList      0x20000048    0x14  Data  Lc  tasks.o [1]
xTaskGenericCreate      0x08003bf9   0x112  Code  Gb  tasks.o [1]
xTaskGetSchedulerState  0x080040d9    0x16  Code  Gb  tasks.o [1]
xTaskIncrementTick      0x08003e7d    0xbc  Code  Gb  tasks.o [1]
xTaskResumeAll          0x08003dd9    0x90  Code  Gb  tasks.o [1]
xTasksWaitingTermination
                        0x20000024    0x14  Data  Lc  tasks.o [1]
xTickCount              0x20000060     0x4  Data  Lc  tasks.o [1]
xYieldPending           0x20000070     0x4  Data  Lc  tasks.o [1]


[1] = G:\Users\nanimo\Documents\GitHub\upsat-obc-software\stm_cube\test3\EWARM\test3 Configuration\Obj
[2] = command line
[3] = dl7M_tlf.a
[4] = m7M_tls.a
[5] = rt7M_tl.a
[6] = shb_l.a

  20 450 bytes of readonly  code memory
      93 bytes of readonly  data memory
  19 209 bytes of readwrite data memory

Errors: 37
Warnings: none
