###############################################################################
#
# IAR ELF Linker V7.50.2.10312/W32 for ARM                23/Mar/2016  12:53:59
# Copyright 2007-2015 IAR Systems AB.
#
#    Output file  =  
#        G:\Users\nanimo\Documents\GitHub\upsat-obc-software\stm_cube\test3\EWARM\test3
#        Configuration\Exe\test3 Configuration.out
#    Map file     =  
#        G:\Users\nanimo\Documents\GitHub\upsat-obc-software\stm_cube\test3\EWARM\test3
#        Configuration\List\test3 Configuration.map
#    Command line =  
#        "G:\Users\nanimo\Documents\GitHub\upsat-obc-software\stm_cube\test3\EWARM\test3
#        Configuration\Obj\bsp_driver_sd.o"
#        "G:\Users\nanimo\Documents\GitHub\upsat-obc-software\stm_cube\test3\EWARM\test3
#        Configuration\Obj\cmsis_os.o"
#        "G:\Users\nanimo\Documents\GitHub\upsat-obc-software\stm_cube\test3\EWARM\test3
#        Configuration\Obj\croutine.o"
#        "G:\Users\nanimo\Documents\GitHub\upsat-obc-software\stm_cube\test3\EWARM\test3
#        Configuration\Obj\diskio.o"
#        "G:\Users\nanimo\Documents\GitHub\upsat-obc-software\stm_cube\test3\EWARM\test3
#        Configuration\Obj\event_groups.o"
#        "G:\Users\nanimo\Documents\GitHub\upsat-obc-software\stm_cube\test3\EWARM\test3
#        Configuration\Obj\fatfs.o"
#        "G:\Users\nanimo\Documents\GitHub\upsat-obc-software\stm_cube\test3\EWARM\test3
#        Configuration\Obj\ff.o"
#        "G:\Users\nanimo\Documents\GitHub\upsat-obc-software\stm_cube\test3\EWARM\test3
#        Configuration\Obj\ff_gen_drv.o"
#        "G:\Users\nanimo\Documents\GitHub\upsat-obc-software\stm_cube\test3\EWARM\test3
#        Configuration\Obj\freertos.o"
#        "G:\Users\nanimo\Documents\GitHub\upsat-obc-software\stm_cube\test3\EWARM\test3
#        Configuration\Obj\function_management_service.o"
#        "G:\Users\nanimo\Documents\GitHub\upsat-obc-software\stm_cube\test3\EWARM\test3
#        Configuration\Obj\heap_4.o"
#        "G:\Users\nanimo\Documents\GitHub\upsat-obc-software\stm_cube\test3\EWARM\test3
#        Configuration\Obj\hldlc.o"
#        "G:\Users\nanimo\Documents\GitHub\upsat-obc-software\stm_cube\test3\EWARM\test3
#        Configuration\Obj\housekeeping_service.o"
#        "G:\Users\nanimo\Documents\GitHub\upsat-obc-software\stm_cube\test3\EWARM\test3
#        Configuration\Obj\large_data_service.o"
#        "G:\Users\nanimo\Documents\GitHub\upsat-obc-software\stm_cube\test3\EWARM\test3
#        Configuration\Obj\list.o"
#        "G:\Users\nanimo\Documents\GitHub\upsat-obc-software\stm_cube\test3\EWARM\test3
#        Configuration\Obj\main.o"
#        "G:\Users\nanimo\Documents\GitHub\upsat-obc-software\stm_cube\test3\EWARM\test3
#        Configuration\Obj\mass_storage_service.o"
#        "G:\Users\nanimo\Documents\GitHub\upsat-obc-software\stm_cube\test3\EWARM\test3
#        Configuration\Obj\obc_hal.o"
#        "G:\Users\nanimo\Documents\GitHub\upsat-obc-software\stm_cube\test3\EWARM\test3
#        Configuration\Obj\pkt_pool.o"
#        "G:\Users\nanimo\Documents\GitHub\upsat-obc-software\stm_cube\test3\EWARM\test3
#        Configuration\Obj\port.o"
#        "G:\Users\nanimo\Documents\GitHub\upsat-obc-software\stm_cube\test3\EWARM\test3
#        Configuration\Obj\portasm.o"
#        "G:\Users\nanimo\Documents\GitHub\upsat-obc-software\stm_cube\test3\EWARM\test3
#        Configuration\Obj\power_ctrl.o"
#        "G:\Users\nanimo\Documents\GitHub\upsat-obc-software\stm_cube\test3\EWARM\test3
#        Configuration\Obj\queue.o"
#        "G:\Users\nanimo\Documents\GitHub\upsat-obc-software\stm_cube\test3\EWARM\test3
#        Configuration\Obj\sd_diskio.o"
#        "G:\Users\nanimo\Documents\GitHub\upsat-obc-software\stm_cube\test3\EWARM\test3
#        Configuration\Obj\service_utilities.o"
#        "G:\Users\nanimo\Documents\GitHub\upsat-obc-software\stm_cube\test3\EWARM\test3
#        Configuration\Obj\services.o"
#        "G:\Users\nanimo\Documents\GitHub\upsat-obc-software\stm_cube\test3\EWARM\test3
#        Configuration\Obj\startup_stm32f407xx.o"
#        "G:\Users\nanimo\Documents\GitHub\upsat-obc-software\stm_cube\test3\EWARM\test3
#        Configuration\Obj\stm32f4xx_hal.o"
#        "G:\Users\nanimo\Documents\GitHub\upsat-obc-software\stm_cube\test3\EWARM\test3
#        Configuration\Obj\stm32f4xx_hal_cortex.o"
#        "G:\Users\nanimo\Documents\GitHub\upsat-obc-software\stm_cube\test3\EWARM\test3
#        Configuration\Obj\stm32f4xx_hal_dma.o"
#        "G:\Users\nanimo\Documents\GitHub\upsat-obc-software\stm_cube\test3\EWARM\test3
#        Configuration\Obj\stm32f4xx_hal_dma_ex.o"
#        "G:\Users\nanimo\Documents\GitHub\upsat-obc-software\stm_cube\test3\EWARM\test3
#        Configuration\Obj\stm32f4xx_hal_flash.o"
#        "G:\Users\nanimo\Documents\GitHub\upsat-obc-software\stm_cube\test3\EWARM\test3
#        Configuration\Obj\stm32f4xx_hal_flash_ex.o"
#        "G:\Users\nanimo\Documents\GitHub\upsat-obc-software\stm_cube\test3\EWARM\test3
#        Configuration\Obj\stm32f4xx_hal_flash_ramfunc.o"
#        "G:\Users\nanimo\Documents\GitHub\upsat-obc-software\stm_cube\test3\EWARM\test3
#        Configuration\Obj\stm32f4xx_hal_gpio.o"
#        "G:\Users\nanimo\Documents\GitHub\upsat-obc-software\stm_cube\test3\EWARM\test3
#        Configuration\Obj\stm32f4xx_hal_msp.o"
#        "G:\Users\nanimo\Documents\GitHub\upsat-obc-software\stm_cube\test3\EWARM\test3
#        Configuration\Obj\stm32f4xx_hal_pwr.o"
#        "G:\Users\nanimo\Documents\GitHub\upsat-obc-software\stm_cube\test3\EWARM\test3
#        Configuration\Obj\stm32f4xx_hal_pwr_ex.o"
#        "G:\Users\nanimo\Documents\GitHub\upsat-obc-software\stm_cube\test3\EWARM\test3
#        Configuration\Obj\stm32f4xx_hal_rcc.o"
#        "G:\Users\nanimo\Documents\GitHub\upsat-obc-software\stm_cube\test3\EWARM\test3
#        Configuration\Obj\stm32f4xx_hal_rcc_ex.o"
#        "G:\Users\nanimo\Documents\GitHub\upsat-obc-software\stm_cube\test3\EWARM\test3
#        Configuration\Obj\stm32f4xx_hal_sd.o"
#        "G:\Users\nanimo\Documents\GitHub\upsat-obc-software\stm_cube\test3\EWARM\test3
#        Configuration\Obj\stm32f4xx_hal_uart.o"
#        "G:\Users\nanimo\Documents\GitHub\upsat-obc-software\stm_cube\test3\EWARM\test3
#        Configuration\Obj\stm32f4xx_it.o"
#        "G:\Users\nanimo\Documents\GitHub\upsat-obc-software\stm_cube\test3\EWARM\test3
#        Configuration\Obj\stm32f4xx_ll_sdmmc.o"
#        "G:\Users\nanimo\Documents\GitHub\upsat-obc-software\stm_cube\test3\EWARM\test3
#        Configuration\Obj\syscall.o"
#        "G:\Users\nanimo\Documents\GitHub\upsat-obc-software\stm_cube\test3\EWARM\test3
#        Configuration\Obj\system_stm32f4xx.o"
#        "G:\Users\nanimo\Documents\GitHub\upsat-obc-software\stm_cube\test3\EWARM\test3
#        Configuration\Obj\tasks.o"
#        "G:\Users\nanimo\Documents\GitHub\upsat-obc-software\stm_cube\test3\EWARM\test3
#        Configuration\Obj\test_service.o"
#        "G:\Users\nanimo\Documents\GitHub\upsat-obc-software\stm_cube\test3\EWARM\test3
#        Configuration\Obj\timers.o"
#        "G:\Users\nanimo\Documents\GitHub\upsat-obc-software\stm_cube\test3\EWARM\test3
#        Configuration\Obj\verification_service.o" --redirect
#        _Printf=_PrintfFull --redirect _Scanf=_ScanfFull -o
#        "G:\Users\nanimo\Documents\GitHub\upsat-obc-software\stm_cube\test3\EWARM\test3
#        Configuration\Exe\test3 Configuration.out" --map
#        "G:\Users\nanimo\Documents\GitHub\upsat-obc-software\stm_cube\test3\EWARM\test3
#        Configuration\List\test3 Configuration.map" --log
#        libraries,initialization,modules,redirects,sections,veneers,unused_fragments
#        --log_file
#        "G:\Users\nanimo\Documents\GitHub\upsat-obc-software\stm_cube\test3\EWARM\test3
#        Configuration\List\test3 Configuration.log" --config
#        G:\Users\nanimo\Documents\GitHub\upsat-obc-software\stm_cube\test3\EWARM/stm32f407xx_flash.icf
#        --semihosting --entry __iar_program_start --vfe
#
###############################################################################

*******************************************************************************
*** RUNTIME MODEL ATTRIBUTES
***

CppFlavor                     = *
__Heap_Handler                = Basic
__SystemLibrary               = DLib
__dlib_dynamic_initialization = normal


*******************************************************************************
*** PLACEMENT SUMMARY
***

"A1":  place at 0x08000000 { ro section .intvec };
"P1":  place in [from 0x08000000 to 0x080fffff] { ro };
"P2":  place in [from 0x20000000 to 0x2001ffff] { rw, block CSTACK, block HEAP };

  Section             Kind        Address    Size  Object
  -------             ----        -------    ----  ------
"A1":                                       0x188
  .intvec             ro code  0x08000000   0x188  startup_stm32f407xx.o [1]
                             - 0x08000188   0x188

"P1":                                      0x5f53
  .text               ro code  0x08000188  0x1166  xprintffull.o [3]
  .text               ro code  0x080012ee    0x20  xmbtowc.o [3]
  .text               ro code  0x0800130e     0xa  xsprout.o [3]
  .text               ro code  0x08001318    0x16  strchr.o [5]
  .text               ro code  0x08001330    0x36  strlen.o [5]
  .text               ro code  0x08001368    0x58  memchr.o [5]
  .text               ro code  0x080013c0     0xa  xmbcurmax.o [3]
  .text               ro code  0x080013cc    0xb0  xxmemxmalloc.o [3]
  .text               ro code  0x0800147c    0x1a  xwctomb.o [3]
  .text               ro code  0x08001498    0x76  ABImemcpy_unaligned.o [5]
  .text               ro code  0x08001510    0x80  xxmemxfree.o [3]
  .text               ro code  0x08001590    0xee  I64DivMod.o [5]
  .text               ro code  0x0800167e    0x42  xdnorm.o [4]
  .text               ro code  0x080016c0    0x2e  DblCmpLe.o [4]
  .text               ro code  0x080016f0    0x2e  DblCmpGe.o [4]
  .text               ro code  0x08001720   0x114  xdscale.o [4]
  .text               ro code  0x08001834    0x58  DblToI32.o [4]
  .text               ro code  0x0800188c    0x30  I32ToDbl.o [4]
  .text               ro code  0x080018bc   0x180  DblSub.o [4]
  .text               ro code  0x08001a3c   0x1a2  DblMul.o [4]
  .text               ro code  0x08001be0   0x256  DblDiv.o [4]
  .text               ro code  0x08001e38    0x6c  localeconv.o [3]
  .text               ro code  0x08001ea4     0xe  div.o [3]
  .text               ro code  0x08001eb4    0x14  setlocale.o [3]
  .text               ro code  0x08001ec8    0x60  xencoding_sb.o [3]
  .text               ro code  0x08001f28    0x2c  xgetmemchunk.o [3]
  .text               ro code  0x08001f54     0x2  I64DivZer.o [5]
  .text               ro code  0x08001f58    0xd4  DblAdd.o [4]
  .text               ro code  0x0800202c     0x2  xtls.o [3]
  .text               ro code  0x08002030   0xcc4  stm32f4xx_hal_sd.o [1]
  .text               ro code  0x08002cf4    0xf4  stm32f4xx_hal_msp.o [1]
  .text               ro code  0x08002de8    0xb4  stm32f4xx_ll_sdmmc.o [1]
  .text               ro code  0x08002e9c    0x7c  stm32f4xx_hal.o [1]
  .text               ro code  0x08002f18    0xd8  stm32f4xx_hal_cortex.o [1]
  .text               ro code  0x08002ff0   0x1f0  stm32f4xx_hal_gpio.o [1]
  .text               ro code  0x080031e0   0x4e4  stm32f4xx_hal_rcc.o [1]
  .text               ro code  0x080036c4   0x778  tasks.o [1]
  .text               ro code  0x08003e3c   0x1e8  port.o [1]
  .text               ro code  0x08004024    0x8e  list.o [1]
  .text               ro code  0x080040b4   0x1ac  heap_4.o [1]
  .text               ro code  0x08004260    0x3a  ABImemset48.o [5]
  CODE                ro code  0x0800429c    0xa8  portasm.o [1]
  .text               ro code  0x08004344   0x5d4  queue.o [1]
  .text               ro code  0x08004918   0x534  stm32f4xx_hal_uart.o [1]
  .text               ro code  0x08004e4c   0x4dc  ff.o [1]
  .text               ro code  0x08005328    0x44  syscall.o [1]
  .text               ro code  0x0800536c    0x5c  diskio.o [1]
  .text               ro code  0x080053c8   0x17c  cmsis_os.o [1]
  .text               ro code  0x08005544   0x350  main.o [1]
  .text               ro code  0x08005894    0x18  fatfs.o [1]
  .text               ro code  0x080058ac    0x6c  pkt_pool.o [1]
  .text               ro code  0x08005918   0x138  mass_storage_service.o [1]
  .text               ro code  0x08005a50    0x34  sprintf.o [3]
  .text               ro code  0x08005a84   0x100  service_utilities.o [1]
  .text               ro code  0x08005b84    0x44  ff_gen_drv.o [1]
  .text               ro code  0x08005bc8     0x4  services.o [1]
  .text               ro code  0x08005bcc    0x18  obc_hal.o [1]
  .text               ro code  0x08005be4    0xb0  hldlc.o [1]
  .text               ro code  0x08005c94    0xa4  sd_diskio.o [1]
  .text               ro code  0x08005d38    0x68  bsp_driver_sd.o [1]
  .text               ro code  0x08005da0    0x50  system_stm32f4xx.o [1]
  .text               ro code  0x08005df0    0x40  zero_init3.o [5]
  .text               ro code  0x08005e30    0x38  packbits_init_single.o [5]
  .text               ro code  0x08005e68    0x28  data_init.o [5]
  .text               ro code  0x08005e90    0x22  fpinit_M.o [4]
  .iar.init_table     const    0x08005eb4    0x20  - Linker created -
  .text               ro code  0x08005ed4    0x1a  cmain.o [5]
  .text               ro code  0x08005eee     0x4  low_level_init.o [3]
  .text               ro code  0x08005ef2     0x4  exit.o [3]
  .text               ro code  0x08005ef8     0xa  cexit.o [5]
  .text               ro code  0x08005f04    0x14  exit.o [6]
  .text               ro code  0x08005f18    0x18  stm32f4xx_it.o [1]
  .rodata             const    0x08005f30    0x14  sd_diskio.o [1]
  .text               ro code  0x08005f44    0x10  startup_stm32f407xx.o [1]
  .rodata             const    0x08005f54     0xc  main.o [1]
  .text               ro code  0x08005f60     0xc  cstartup_M.o [5]
  .text               ro code  0x08005f6c     0x4  startup_stm32f407xx.o [1]
  .text               ro code  0x08005f70     0x4  startup_stm32f407xx.o [1]
  .text               ro code  0x08005f74     0x4  startup_stm32f407xx.o [1]
  .text               ro code  0x08005f78     0x4  startup_stm32f407xx.o [1]
  .text               ro code  0x08005f7c     0x4  startup_stm32f407xx.o [1]
  .text               ro code  0x08005f80     0x4  startup_stm32f407xx.o [1]
  .text               ro code  0x08005f84     0x4  startup_stm32f407xx.o [1]
  .text               ro code  0x08005f88     0x4  startup_stm32f407xx.o [1]
  .text               ro code  0x08005f8c     0x4  startup_stm32f407xx.o [1]
  .text               ro code  0x08005f90     0x4  startup_stm32f407xx.o [1]
  .text               ro code  0x08005f94     0x4  startup_stm32f407xx.o [1]
  .text               ro code  0x08005f98     0x4  startup_stm32f407xx.o [1]
  .text               ro code  0x08005f9c     0x4  startup_stm32f407xx.o [1]
  .text               ro code  0x08005fa0     0x4  startup_stm32f407xx.o [1]
  .text               ro code  0x08005fa4     0x4  startup_stm32f407xx.o [1]
  .text               ro code  0x08005fa8     0x4  startup_stm32f407xx.o [1]
  .text               ro code  0x08005fac     0x4  startup_stm32f407xx.o [1]
  .text               ro code  0x08005fb0     0x4  startup_stm32f407xx.o [1]
  .text               ro code  0x08005fb4     0x4  startup_stm32f407xx.o [1]
  .text               ro code  0x08005fb8     0x4  startup_stm32f407xx.o [1]
  .text               ro code  0x08005fbc     0x4  startup_stm32f407xx.o [1]
  .text               ro code  0x08005fc0     0x4  startup_stm32f407xx.o [1]
  .text               ro code  0x08005fc4     0x4  startup_stm32f407xx.o [1]
  .text               ro code  0x08005fc8     0x4  startup_stm32f407xx.o [1]
  .text               ro code  0x08005fcc     0x4  startup_stm32f407xx.o [1]
  .text               ro code  0x08005fd0     0x4  startup_stm32f407xx.o [1]
  .text               ro code  0x08005fd4     0x4  startup_stm32f407xx.o [1]
  .text               ro code  0x08005fd8     0x4  startup_stm32f407xx.o [1]
  .text               ro code  0x08005fdc     0x4  startup_stm32f407xx.o [1]
  .text               ro code  0x08005fe0     0x4  startup_stm32f407xx.o [1]
  .text               ro code  0x08005fe4     0x4  startup_stm32f407xx.o [1]
  .text               ro code  0x08005fe8     0x4  startup_stm32f407xx.o [1]
  .text               ro code  0x08005fec     0x4  startup_stm32f407xx.o [1]
  .text               ro code  0x08005ff0     0x4  startup_stm32f407xx.o [1]
  .text               ro code  0x08005ff4     0x4  startup_stm32f407xx.o [1]
  .text               ro code  0x08005ff8     0x4  startup_stm32f407xx.o [1]
  .text               ro code  0x08005ffc     0x4  startup_stm32f407xx.o [1]
  .text               ro code  0x08006000     0x4  startup_stm32f407xx.o [1]
  .text               ro code  0x08006004     0x4  startup_stm32f407xx.o [1]
  .text               ro code  0x08006008     0x4  startup_stm32f407xx.o [1]
  .text               ro code  0x0800600c     0x4  startup_stm32f407xx.o [1]
  .text               ro code  0x08006010     0x4  startup_stm32f407xx.o [1]
  .text               ro code  0x08006014     0x4  startup_stm32f407xx.o [1]
  .text               ro code  0x08006018     0x4  startup_stm32f407xx.o [1]
  .text               ro code  0x0800601c     0x4  startup_stm32f407xx.o [1]
  .text               ro code  0x08006020     0x4  startup_stm32f407xx.o [1]
  .text               ro code  0x08006024     0x4  startup_stm32f407xx.o [1]
  .text               ro code  0x08006028     0x4  startup_stm32f407xx.o [1]
  .text               ro code  0x0800602c     0x4  startup_stm32f407xx.o [1]
  .text               ro code  0x08006030     0x4  startup_stm32f407xx.o [1]
  .text               ro code  0x08006034     0x4  startup_stm32f407xx.o [1]
  .text               ro code  0x08006038     0x4  startup_stm32f407xx.o [1]
  .text               ro code  0x0800603c     0x4  startup_stm32f407xx.o [1]
  .text               ro code  0x08006040     0x4  startup_stm32f407xx.o [1]
  .text               ro code  0x08006044     0x4  startup_stm32f407xx.o [1]
  .text               ro code  0x08006048     0x4  startup_stm32f407xx.o [1]
  .text               ro code  0x0800604c     0x4  startup_stm32f407xx.o [1]
  .text               ro code  0x08006050     0x4  startup_stm32f407xx.o [1]
  .text               ro code  0x08006054     0x4  startup_stm32f407xx.o [1]
  .text               ro code  0x08006058     0x4  startup_stm32f407xx.o [1]
  .text               ro code  0x0800605c     0x4  startup_stm32f407xx.o [1]
  .text               ro code  0x08006060     0x4  startup_stm32f407xx.o [1]
  .text               ro code  0x08006064     0x4  startup_stm32f407xx.o [1]
  .text               ro code  0x08006068     0x4  startup_stm32f407xx.o [1]
  .text               ro code  0x0800606c     0x4  startup_stm32f407xx.o [1]
  .text               ro code  0x08006070     0x4  startup_stm32f407xx.o [1]
  .text               ro code  0x08006074     0x4  startup_stm32f407xx.o [1]
  .text               ro code  0x08006078     0x4  startup_stm32f407xx.o [1]
  .text               ro code  0x0800607c     0x4  startup_stm32f407xx.o [1]
  .text               ro code  0x08006080     0x4  startup_stm32f407xx.o [1]
  .text               ro code  0x08006084     0x4  startup_stm32f407xx.o [1]
  .text               ro code  0x08006088     0x4  startup_stm32f407xx.o [1]
  .text               ro code  0x0800608c     0x4  startup_stm32f407xx.o [1]
  .text               ro code  0x08006090     0x4  startup_stm32f407xx.o [1]
  .text               ro code  0x08006094     0x4  startup_stm32f407xx.o [1]
  .text               ro code  0x08006098     0x4  startup_stm32f407xx.o [1]
  .text               ro code  0x0800609c     0x4  startup_stm32f407xx.o [1]
  .text               ro code  0x080060a0     0x4  startup_stm32f407xx.o [1]
  .text               ro code  0x080060a4     0x4  startup_stm32f407xx.o [1]
  .text               ro code  0x080060a8     0x4  startup_stm32f407xx.o [1]
  .text               ro code  0x080060ac     0x4  startup_stm32f407xx.o [1]
  .text               ro code  0x080060b0     0x4  startup_stm32f407xx.o [1]
  .text               ro code  0x080060b4     0x4  startup_stm32f407xx.o [1]
  .text               ro code  0x080060b8     0x4  startup_stm32f407xx.o [1]
  .text               ro code  0x080060bc     0x4  startup_stm32f407xx.o [1]
  .rodata             const    0x080060c0     0x0  zero_init3.o [5]
  .rodata             const    0x080060c0     0x0  packbits_init_single.o [5]
  Initializer bytes   const    0x080060c0    0x1b  <for P2-1>
                             - 0x080060db  0x5f53

"P2", part 1 of 3:                          0x1a9
  P2-1                         0x20000000   0x1a9  <Init block>
    .data             inited   0x20000000     0xc  port.o [1]
    .data             inited   0x2000000c     0x4  system_stm32f4xx.o [1]
    .data             inited   0x20000010    0x9c  tasks.o [1]
    __DLIB_PERTHREAD  inited   0x200000ac    0x88  localeconv.o [3]
    __DLIB_PERTHREAD  inited   0x20000134    0x74  setlocale.o [3]
    .data             inited   0x200001a8     0x1  sd_diskio.o [1]
                             - 0x200001a9   0x1a9

"P2", part 2 of 3:                          0x600
  CSTACK                       0x200001b0   0x400  <Block>
    CSTACK            uninit   0x200001b0   0x400  <Block tail>
  HEAP                         0x200005b0   0x200  <Block>
    HEAP              uninit   0x200005b0   0x200  <Block tail>
                             - 0x200007b0   0x600

"P2", part 3 of 3:                         0x4604
  .bss                zero     0x200007b0  0x3c18  heap_4.o [1]
  .bss                zero     0x200043c8   0x59c  pkt_pool.o [1]
  .bss                zero     0x20004964   0x244  mass_storage_service.o [1]
  .bss                zero     0x20004ba8    0x8c  tasks.o [1]
  .bss                zero     0x20004c34    0x64  main.o [1]
  .bss                zero     0x20004c98    0x58  main.o [1]
  .bss                zero     0x20004cf0    0x40  main.o [1]
  .bss                zero     0x20004d30    0x40  queue.o [1]
  .bss                zero     0x20004d70    0x18  ff.o [1]
  .bss                zero     0x20004d88     0xc  ff_gen_drv.o [1]
  .bss                zero     0x20004d94     0x8  fatfs.o [1]
  .bss                zero     0x20004d9c     0x8  ff.o [1]
  .bss                zero     0x20004da4     0x8  xxmemxmalloc.o [3]
  .bss                zero     0x20004dac     0x4  stm32f4xx_hal.o [1]
  .bss                zero     0x20004db0     0x4  xgetmemchunk.o [3]
                             - 0x20004db4  0x4604


*******************************************************************************
*** INIT TABLE
***

          Address     Size
          -------     ----
Zero (__iar_zero_init3)
    1 destination range, total size 0x4604:
          0x200007b0  0x4604

Copy/packbits (__iar_packbits_init_single3)
    1 source range, total size 0x1b (6% of destination):
          0x080060c0    0x1b
    1 destination range, total size 0x1a9:
          0x20000000   0x1a9



*******************************************************************************
*** MODULE SUMMARY
***

    Module                  ro code  ro data  rw data
    ------                  -------  -------  -------
G:\Users\nanimo\Documents\GitHub\upsat-obc-software\stm_cube\test3\EWARM\test3 Configuration\Obj: [1]
    bsp_driver_sd.o             104
    cmsis_os.o                  380
    diskio.o                     92
    fatfs.o                      24                 8
    ff.o                      1 244                32
    ff_gen_drv.o                 68                12
    heap_4.o                    428            15 384
    hldlc.o                     176
    list.o                      142
    main.o                      848       12      252
    mass_storage_service.o      312               580
    obc_hal.o                    24
    pkt_pool.o                  108             1 436
    port.o                      488                12
    portasm.o                   168
    queue.o                   1 492                64
    sd_diskio.o                 164       20        1
    service_utilities.o         256
    services.o                    4
    startup_stm32f407xx.o       748
    stm32f4xx_hal.o             124                 4
    stm32f4xx_hal_cortex.o      216
    stm32f4xx_hal_gpio.o        496
    stm32f4xx_hal_msp.o         244
    stm32f4xx_hal_rcc.o       1 252
    stm32f4xx_hal_sd.o        3 268
    stm32f4xx_hal_uart.o      1 332
    stm32f4xx_it.o               24
    stm32f4xx_ll_sdmmc.o        180
    syscall.o                    68
    system_stm32f4xx.o           80        1        4
    tasks.o                   1 912        9      296
    -------------------------------------------------
    Total:                   16 466       42   18 085

command line: [2]
    -------------------------------------------------
    Total:

dl7M_tlf.a: [3]
    div.o                        14
    exit.o                        4
    localeconv.o                108        9      136
    low_level_init.o              4
    setlocale.o                  20        7      116
    sprintf.o                    52
    xencoding_sb.o               96
    xgetmemchunk.o               44                 4
    xmbcurmax.o                  10
    xmbtowc.o                    32
    xprintffull.o             4 454
    xsprout.o                    10
    xtls.o                        2
    xwctomb.o                    26
    xxmemxfree.o                128
    xxmemxmalloc.o              176                 8
    -------------------------------------------------
    Total:                    5 180       16      264

m7M_tls.a: [4]
    DblAdd.o                    212
    DblCmpGe.o                   46
    DblCmpLe.o                   46
    DblDiv.o                    598
    DblMul.o                    418
    DblSub.o                    384
    DblToI32.o                   88
    I32ToDbl.o                   48
    fpinit_M.o                   34
    xdnorm.o                     66
    xdscale.o                   276
    -------------------------------------------------
    Total:                    2 216

rt7M_tl.a: [5]
    ABImemcpy_unaligned.o       118
    ABImemset48.o                58
    I64DivMod.o                 238
    I64DivZer.o                   2
    cexit.o                      10
    cmain.o                      26
    cstartup_M.o                 12
    data_init.o                  40
    memchr.o                     88
    packbits_init_single.o       56
    strchr.o                     22
    strlen.o                     54
    zero_init3.o                 64
    -------------------------------------------------
    Total:                      788

shb_l.a: [6]
    exit.o                       20
    -------------------------------------------------
    Total:                       20

    Gaps                         32        2
    Linker created                        33    1 536
-----------------------------------------------------
    Grand Total:             24 702       93   19 885


*******************************************************************************
*** ENTRY LIST
***

Entry                      Address    Size  Type      Object
-----                      -------    ----  ----      ------
.iar.init_table$$Base   0x08005eb4           --   Gb  - Linker created -
.iar.init_table$$Limit  0x08005ed4           --   Gb  - Linker created -
?main                   0x08005ed5          Code  Gb  cmain.o [5]
APBAHBPrescTable        0x080036b4    0x10  Data  Gb  stm32f4xx_hal_rcc.o [1]
BSP_SD_GetCardInfo      0x08005d8f     0x8  Code  Gb  bsp_driver_sd.o [1]
BSP_SD_GetStatus        0x08005d89     0x6  Code  Gb  bsp_driver_sd.o [1]
BSP_SD_Init             0x08005d39    0x22  Code  Gb  bsp_driver_sd.o [1]
BSP_SD_ReadBlocks       0x08005d5b     0xe  Code  Gb  bsp_driver_sd.o [1]
BSP_SD_WriteBlocks      0x08005d69     0xc  Code  Gb  bsp_driver_sd.o [1]
CSTACK$$Base            0x200001b0           --   Gb  - Linker created -
CSTACK$$Limit           0x200005b0           --   Gb  - Linker created -
FATFS_LinkDriver        0x08005bbf     0x4  Code  Gb  ff_gen_drv.o [1]
FATFS_LinkDriverEx      0x08005b85    0x3a  Code  Gb  ff_gen_drv.o [1]
FatFs                   0x20004da0     0x4  Data  Lc  ff.o [1]
Files                   0x20004d70    0x18  Data  Lc  ff.o [1]
Fsid                    0x20004d9c     0x2  Data  Lc  ff.o [1]
HAL_Delay               0x08002ef7    0x18  Code  Wk  stm32f4xx_hal.o [1]
HAL_GPIO_Init           0x08002ff1   0x1c0  Code  Gb  stm32f4xx_hal_gpio.o [1]
HAL_GetTick             0x08002ef1     0x6  Code  Wk  stm32f4xx_hal.o [1]
HAL_Init                0x08002e9d    0x30  Code  Gb  stm32f4xx_hal.o [1]
HAL_InitTick            0x08002ecd    0x24  Code  Wk  stm32f4xx_hal.o [1]
HAL_MspInit             0x08002cf5    0x18  Code  Gb  stm32f4xx_hal_msp.o [1]
HAL_NVIC_EnableIRQ      0x08002f87     0xc  Code  Gb  stm32f4xx_hal_cortex.o [1]
HAL_NVIC_SetPriority    0x08002f4d    0x3a  Code  Gb  stm32f4xx_hal_cortex.o [1]
HAL_NVIC_SetPriorityGrouping
                        0x08002f33    0x1a  Code  Gb  stm32f4xx_hal_cortex.o [1]
HAL_RCC_ClockConfig     0x08003457   0x158  Code  Gb  stm32f4xx_hal_rcc.o [1]
HAL_RCC_GetHCLKFreq     0x0800363d    0x1e  Code  Gb  stm32f4xx_hal_rcc.o [1]
HAL_RCC_GetPCLK1Freq    0x0800365b    0x10  Code  Gb  stm32f4xx_hal_rcc.o [1]
HAL_RCC_GetPCLK2Freq    0x0800366b     0xe  Code  Gb  stm32f4xx_hal_rcc.o [1]
HAL_RCC_GetSysClockFreq
                        0x080035f7    0x46  Code  Wk  stm32f4xx_hal_rcc.o [1]
HAL_RCC_OscConfig       0x080031e1   0x26c  Code  Wk  stm32f4xx_hal_rcc.o [1]
HAL_SD_GetStatus        0x080027b1    0x36  Code  Gb  stm32f4xx_hal_sd.o [1]
HAL_SD_Get_CardInfo     0x0800248d   0x2d8  Code  Gb  stm32f4xx_hal_sd.o [1]
HAL_SD_IRQHandler       0x08002413    0x76  Code  Gb  stm32f4xx_hal_sd.o [1]
HAL_SD_Init             0x08002031    0x96  Code  Gb  stm32f4xx_hal_sd.o [1]
HAL_SD_MspInit          0x08002d0d    0x56  Code  Gb  stm32f4xx_hal_msp.o [1]
HAL_SD_ReadBlocks       0x080020d1   0x160  Code  Gb  stm32f4xx_hal_sd.o [1]
HAL_SD_StopTransfer     0x08002765    0x1c  Code  Gb  stm32f4xx_hal_sd.o [1]
HAL_SD_WriteBlocks      0x08002243   0x1b6  Code  Gb  stm32f4xx_hal_sd.o [1]
HAL_SD_XferCpltCallback
                        0x08002489     0x2  Code  Wk  stm32f4xx_hal_sd.o [1]
HAL_SD_XferErrorCallback
                        0x0800248b     0x2  Code  Wk  stm32f4xx_hal_sd.o [1]
HAL_SYSTICK_CLKSourceConfig
                        0x08002fc3    0x14  Code  Gb  stm32f4xx_hal_cortex.o [1]
HAL_SYSTICK_Config      0x08002f9b    0x28  Code  Gb  stm32f4xx_hal_cortex.o [1]
HAL_UART_ErrorCallback  0x08004c21     0x2  Code  Wk  stm32f4xx_hal_uart.o [1]
HAL_UART_IRQHandler     0x08004ae5   0x138  Code  Gb  stm32f4xx_hal_uart.o [1]
HAL_UART_Init           0x08004919    0x26  Code  Gb  stm32f4xx_hal_uart.o [1]
HAL_UART_MspInit        0x08002d75    0x4e  Code  Gb  stm32f4xx_hal_msp.o [1]
HAL_UART_Receive        0x08004a13    0x9e  Code  Gb  stm32f4xx_hal_uart.o [1]
HAL_UART_RxCpltCallback
                        0x08004c1f     0x2  Code  Wk  stm32f4xx_hal_uart.o [1]
HAL_UART_Transmit       0x08004983    0x90  Code  Gb  stm32f4xx_hal_uart.o [1]
HAL_UART_TxCpltCallback
                        0x08004c1d     0x2  Code  Wk  stm32f4xx_hal_uart.o [1]
HAL_eps_uart_rx         0x08005bcd    0x12  Code  Gb  obc_hal.o [1]
HEAP$$Base              0x200005b0           --   Gb  - Linker created -
HEAP$$Limit             0x200007b0           --   Gb  - Linker created -
HLDLC_deframe           0x08005be5    0x20  Code  Gb  hldlc.o [1]
LoadInt                 0x080007d7    0x6e  Code  Lc  xprintffull.o [3]
MS_data                 0x20004964   0x244  Data  Gb  mass_storage_service.o [1]
MX_FATFS_Init           0x08005895    0x10  Code  Gb  fatfs.o [1]
MX_GPIO_Init            0x08005649   0x15c  Code  Lc  main.o [1]
NVIC_SetPriority        0x08002f19    0x1a  Code  Lc  stm32f4xx_hal_cortex.o [1]
PendSV_Handler          0x0800429d          Code  Gb  portasm.o [1]
Region$$Table$$Base     0x08005eb4           --   Gb  - Linker created -
Region$$Table$$Limit    0x08005ed4           --   Gb  - Linker created -
SDCardInfo              0x20004c98    0x58  Data  Gb  main.o [1]
SDIO_DataConfig         0x08002e69    0x24  Code  Gb  stm32f4xx_ll_sdmmc.o [1]
SDIO_GetCommandResponse
                        0x08002e4f     0x6  Code  Gb  stm32f4xx_ll_sdmmc.o [1]
SDIO_GetPowerState      0x08002e25     0x8  Code  Gb  stm32f4xx_ll_sdmmc.o [1]
SDIO_GetResponse        0x08002e55    0x14  Code  Gb  stm32f4xx_ll_sdmmc.o [1]
SDIO_IRQHandler         0x08005f23     0x6  Code  Gb  stm32f4xx_it.o [1]
SDIO_Init               0x08002de9    0x26  Code  Gb  stm32f4xx_ll_sdmmc.o [1]
SDIO_PowerState_ON      0x08002e1b     0x4  Code  Gb  stm32f4xx_ll_sdmmc.o [1]
SDIO_ReadFIFO           0x08002e0f     0x2  Code  Gb  stm32f4xx_ll_sdmmc.o [1]
SDIO_SendCommand        0x08002e2d    0x22  Code  Gb  stm32f4xx_ll_sdmmc.o [1]
SDIO_WriteFIFO          0x08002e11     0xa  Code  Gb  stm32f4xx_ll_sdmmc.o [1]
SD_CmdResp1Error        0x08002aa7    0xce  Code  Lc  stm32f4xx_hal_sd.o [1]
SD_CmdResp2Error        0x08002b75    0x30  Code  Lc  stm32f4xx_hal_sd.o [1]
SD_Driver               0x08005f30    0x14  Data  Gb  sd_diskio.o [1]
SD_Initialize_Cards     0x080027fd   0x10a  Code  Lc  stm32f4xx_hal_sd.o [1]
SD_IsCardProgramming    0x08002bad   0x136  Code  Lc  stm32f4xx_hal_sd.o [1]
SD_Path                 0x20004d98     0x4  Data  Gb  fatfs.o [1]
SD_PowerON              0x08002915   0x168  Code  Lc  stm32f4xx_hal_sd.o [1]
SD_initialize           0x08005c95     0xe  Code  Gb  sd_diskio.o [1]
SD_ioctl                0x08005ced    0x48  Code  Gb  sd_diskio.o [1]
SD_read                 0x08005cbd     0xc  Code  Gb  sd_diskio.o [1]
SD_status               0x08005ca3     0xc  Code  Gb  sd_diskio.o [1]
SD_write                0x08005cc9     0xa  Code  Gb  sd_diskio.o [1]
SVC_Handler             0x080042f5          Code  Gb  portasm.o [1]
StartDefaultTask        0x0800580d    0x34  Code  Gb  main.o [1]
Stat                    0x200001a8     0x1  Data  Lc  sd_diskio.o [1]
SysTick_Handler         0x08005f19     0x4  Code  Gb  stm32f4xx_it.o [1]
SystemClock_Config      0x080055a7    0xa2  Code  Gb  main.o [1]
SystemCoreClock         0x2000000c     0x4  Data  Gb  system_stm32f4xx.o [1]
SystemInit              0x08005da1    0x3a  Code  Gb  system_stm32f4xx.o [1]
UART_Receive_IT         0x08004cbd    0xa0  Code  Lc  stm32f4xx_hal_uart.o [1]
UART_SetConfig          0x08004d5d    0xe0  Code  Lc  stm32f4xx_hal_uart.o [1]
UART_WaitOnFlagUntilTimeout
                        0x08004c23    0x8a  Code  Lc  stm32f4xx_hal_uart.o [1]
USART2_IRQHandler       0x08005f1d     0x6  Code  Gb  stm32f4xx_it.o [1]
_EncodingSb_Mbtowc      0x08001ee3    0x30  Code  Gb  xencoding_sb.o [3]
_EncodingSb_Wctomb      0x08001ec9    0x1a  Code  Gb  xencoding_sb.o [3]
_GenldFull              0x0800105b   0x24c  Code  Lc  xprintffull.o [3]
_IsdstStr               0x20000138     0x4  Data  Gb  setlocale.o [3]
_LdtobFull              0x08000c59   0x3fc  Code  Lc  xprintffull.o [3]
_LitobFull              0x08000b51   0x106  Code  Lc  xprintffull.o [3]
_LocaleEncoding         0x08001eb5     0xe  Code  Gb  setlocale.o [3]
_LocaleReturnString     0x20000158    0x50  Data  Lc  setlocale.o [3]
_Locale_Profile         0x2000013c    0x1c  Data  Gb  setlocale.o [3]
_Locale_aeabi_lconv     0x200000fc    0x38  Data  Gb  localeconv.o [3]
_Locale_lconv           0x200000ac    0x50  Data  Gb  localeconv.o [3]
_Mbtowc                 0x080012ef    0x20  Code  Gb  xmbtowc.o [3]
_PrintfFull             0x08000189   0x638  Code  Gb  xprintffull.o [3]
_PutcharsFull           0x080012a7    0x2e  Code  Lc  xprintffull.o [3]
_PutstrFull             0x08000845   0x306  Code  Lc  xprintffull.o [3]
_SProut                 0x0800130f     0xa  Code  Gb  xsprout.o [3]
_TzoneStr               0x20000134     0x4  Data  Gb  setlocale.o [3]
_Wctomb                 0x0800147d    0x1a  Code  Gb  xwctomb.o [3]
__aeabi_cdcmple         0x080016c1          Code  Gb  DblCmpLe.o [4]
__aeabi_cdrcmple        0x080016f1          Code  Gb  DblCmpGe.o [4]
__aeabi_d2iz            0x08001835          Code  Gb  DblToI32.o [4]
__aeabi_d2uiz           0x08001861          Code  Gb  DblToI32.o [4]
__aeabi_ddiv            0x08001be1          Code  Gb  DblDiv.o [4]
__aeabi_dmul            0x08001a3d          Code  Gb  DblMul.o [4]
__aeabi_dsub            0x080018bd          Code  Gb  DblSub.o [4]
__aeabi_i2d             0x0800188d          Code  Gb  I32ToDbl.o [4]
__aeabi_ldiv0           0x08001f55          Code  Gb  I64DivZer.o [5]
__aeabi_memset4         0x08004261          Code  Gb  ABImemset48.o [5]
__aeabi_memset8         0x08004261          Code  Gb  ABImemset48.o [5]
__aeabi_ui2d            0x080018a1          Code  Gb  I32ToDbl.o [4]
__aeabi_uldivmod        0x08001591          Code  Gb  I64DivMod.o [5]
__cmain                 0x08005ed5          Code  Gb  cmain.o [5]
__data_Aldata           0x20004da4     0x8  Data  Gb  xxmemxmalloc.o [3]
__data_GetMemChunk      0x08001f29    0x2c  Code  Gb  xgetmemchunk.o [3]
__exit                  0x08005f05    0x14  Code  Gb  exit.o [6]
__iar_Dnorm             0x0800167f    0x42  Code  Gb  xdnorm.o [4]
__iar_Dscale            0x08001721   0x114  Code  Gb  xdscale.o [4]
__iar_Locale_lconv_init
                        0x08001e39    0x3a  Code  Gb  localeconv.o [3]
__iar_Mbcurmax          0x080013c1     0xa  Code  Gb  xmbcurmax.o [3]
__iar_Memchr            0x08001369          Code  Gb  memchr.o [5]
__iar_Memset4_word      0x08004269          Code  Gb  ABImemset48.o [5]
__iar_Memset8_word      0x08004269          Code  Gb  ABImemset48.o [5]
__iar_Strchr            0x08001319          Code  Gb  strchr.o [5]
__iar_d2uiz             0x0800186d          Code  Gb  DblToI32.o [4]
__iar_dadd              0x08001f59          Code  Gb  DblAdd.o [4]
__iar_data_init3        0x08005e69    0x28  Code  Gb  data_init.o [5]
__iar_dlib_perthread_access
                        0x0800202d     0x2  Code  Gb  xtls.o [3]
__iar_dsub              0x080018d1          Code  Gb  DblSub.o [4]
__iar_dsubStart         0x080018e3          Code  Gb  DblSub.o [4]
__iar_init_vfp          0x08005e91          Code  Gb  fpinit_M.o [4]
__iar_packbits_init_single3
                        0x08005e31    0x38  Code  Gb  packbits_init_single.o [5]
__iar_program_start     0x08005f61          Code  Gb  cstartup_M.o [5]
__iar_ui2d              0x080018a5          Code  Gb  I32ToDbl.o [4]
__iar_unaligned___aeabi_memcpy
                        0x08001499          Code  Gb  ABImemcpy_unaligned.o [5]
__iar_unaligned___aeabi_memcpy4
                        0x080014b9          Code  Gb  ABImemcpy_unaligned.o [5]
__iar_unaligned___aeabi_memcpy8
                        0x080014b9          Code  Gb  ABImemcpy_unaligned.o [5]
__iar_zero_init3        0x08005df1    0x40  Code  Gb  zero_init3.o [5]
__low_level_init        0x08005eef     0x4  Code  Gb  low_level_init.o [3]
__vector_table          0x08000000          Data  Gb  startup_stm32f407xx.o [1]
_call_main              0x08005ee1          Code  Gb  cmain.o [5]
_exit                   0x08005ef9          Code  Gb  cexit.o [5]
_main                   0x08005eeb          Code  Gb  cmain.o [5]
check_fs                0x08004f5b    0x62  Code  Lc  ff.o [1]
clear_lock              0x08004e73    0x1e  Code  Lc  ff.o [1]
defaultTaskHandle       0x20004c94     0x4  Data  Gb  main.o [1]
disk                    0x20004d88     0xc  Data  Gb  ff_gen_drv.o [1]
disk_initialize         0x0800537f    0x1e  Code  Gb  diskio.o [1]
disk_read               0x0800539d     0xc  Code  Gb  diskio.o [1]
disk_status             0x0800536d    0x12  Code  Gb  diskio.o [1]
disk_write              0x080053a9     0xc  Code  Gb  diskio.o [1]
div                     0x08001ea5     0xe  Code  Gb  div.o [3]
exit                    0x08005ef3     0x4  Code  Gb  exit.o [3]
f_mount                 0x08005291    0x80  Code  Gb  ff.o [1]
ff_cre_syncobj          0x08005329    0x1e  Code  Gb  syscall.o [1]
ff_del_syncobj          0x08005347     0xa  Code  Gb  syscall.o [1]
ff_rel_grant            0x08005365     0x4  Code  Gb  syscall.o [1]
ff_req_grant            0x08005351    0x14  Code  Gb  syscall.o [1]
find_volume             0x08004fc1   0x2c4  Code  Lc  ff.o [1]
free                    0x08001511    0x7a  Code  Gb  xxmemxfree.o [3]
get_ldnumber            0x08004f1d    0x3e  Code  Lc  ff.o [1]
get_pkt                 0x080058ad    0x34  Code  Gb  pkt_pool.o [1]
hsd                     0x20004c34    0x60  Data  Gb  main.o [1]
huart2                  0x20004cf0    0x40  Data  Gb  main.o [1]
import_eps_pkt          0x08005a85    0x4e  Code  Gb  service_utilities.o [1]
inHandlerMode           0x080053d5     0xc  Code  Lc  cmsis_os.o [1]
localeconv              0x08001e73    0x16  Code  Gb  localeconv.o [3]
lock_fs                 0x08004e4d     0x8  Code  Lc  ff.o [1]
main                    0x08005545    0x62  Code  Gb  main.o [1]
makeFreeRtosPriority    0x080053c9     0xc  Code  Lc  cmsis_os.o [1]
malloc                  0x080013cd    0xac  Code  Gb  xxmemxmalloc.o [3]
mass_storage_getFileSizeCount
                        0x08005927    0x20  Code  Gb  mass_storage_service.o [1]
mass_storage_init       0x08005947    0x2e  Code  Gb  mass_storage_service.o [1]
memchr                  0x08001369          Code  Gb  memchr.o [5]
move_window             0x08004ee5    0x38  Code  Lc  ff.o [1]
osDelay                 0x08005421     0xe  Code  Gb  cmsis_os.o [1]
osKernelStart           0x080053e1     0xa  Code  Gb  cmsis_os.o [1]
osSemaphoreCreate       0x0800542f    0x2c  Code  Gb  cmsis_os.o [1]
osSemaphoreDelete       0x080054fd     0xc  Code  Gb  cmsis_os.o [1]
osSemaphoreRelease      0x080054b9    0x30  Code  Gb  cmsis_os.o [1]
osSemaphoreWait         0x0800545b    0x40  Code  Gb  cmsis_os.o [1]
osSystickHandler        0x08005531    0x14  Code  Gb  cmsis_os.o [1]
osThreadCreate          0x080053eb    0x36  Code  Gb  cmsis_os.o [1]
pkt_pool                0x200043c8   0x59c  Data  Gb  pkt_pool.o [1]
pkt_pool_INIT           0x080058e1    0x34  Code  Gb  pkt_pool.o [1]
prvAddCurrentTaskToDelayedList
                        0x08003c53    0x30  Code  Lc  tasks.o [1]
prvAllocateTCBAndStack  0x08003c83    0x38  Code  Lc  tasks.o [1]
prvCopyDataFromQueue    0x0800486d    0x26  Code  Lc  queue.o [1]
prvCopyDataToQueue      0x080047ff    0x6e  Code  Lc  queue.o [1]
prvIdleTask             0x08003ba5    0x5a  Code  Lc  tasks.o [1]
prvInitialiseTCBVariables
                        0x08003bff    0x54  Code  Lc  tasks.o [1]
prvInsertBlockIntoFreeList
                        0x08004213    0x46  Code  Lc  heap_4.o [1]
prvResetNextTaskUnblockTime
                        0x08003cbb    0x1a  Code  Lc  tasks.o [1]
prvTaskExitError        0x08003e61    0x28  Code  Lc  port.o [1]
prvUnlockQueue          0x08004893    0x5c  Code  Lc  queue.o [1]
pvPortMalloc            0x080040b5    0xfa  Code  Gb  heap_4.o [1]
pvTaskIncrementMutexHeldCount
                        0x08003df3    0x12  Code  Gb  tasks.o [1]
pxCurrentTCB            0x20000038     0x4  Data  Gb  tasks.o [1]
pxDelayedTaskList       0x2000003c     0x4  Data  Lc  tasks.o [1]
pxEnd                   0x200007b8     0x4  Data  Lc  heap_4.o [1]
pxOverflowDelayedTaskList
                        0x20000040     0x4  Data  Lc  tasks.o [1]
pxPortInitialiseStack   0x08003e3d    0x22  Code  Gb  port.o [1]
pxReadyTasksLists       0x20004ba8    0x8c  Data  Lc  tasks.o [1]
retSD                   0x20004d94     0x1  Data  Gb  fatfs.o [1]
sprintf                 0x08005a51    0x34  Code  Gb  sprintf.o [3]
strchr                  0x08001319          Code  Gb  strchr.o [5]
strlen                  0x08001331          Code  Gb  strlen.o [5]
sync_window             0x08004e91    0x48  Code  Lc  ff.o [1]
tst_debugging           0x08005bc9     0x4  Code  Gb  services.o [1]
ucHeap                  0x200007c8  0x3c00  Data  Lc  heap_4.o [1]
ucMaxSysCallPriority    0x20000000     0x1  Data  Lc  port.o [1]
ulMaxPRIGROUPValue      0x20000008     0x4  Data  Lc  port.o [1]
unlock_fs               0x08004e55    0x1e  Code  Lc  ff.o [1]
uwTick                  0x20004dac     0x4  Data  Lc  stm32f4xx_hal.o [1]
uxCriticalNesting       0x20000004     0x4  Data  Lc  port.o [1]
uxCurrentNumberOfTasks  0x2000005c     0x4  Data  Lc  tasks.o [1]
uxListRemove            0x0800408f    0x24  Code  Gb  list.o [1]
uxPendedTicks           0x2000006c     0x4  Data  Lc  tasks.o [1]
uxSchedulerSuspended    0x20000080     0x4  Data  Lc  tasks.o [1]
uxTaskNumber            0x20000078     0x4  Data  Lc  tasks.o [1]
uxTasksDeleted          0x20000044     0x4  Data  Lc  tasks.o [1]
uxTopReadyPriority      0x20000064     0x4  Data  Lc  tasks.o [1]
vListInitialise         0x08004025    0x1a  Code  Gb  list.o [1]
vListInitialiseItem     0x0800403f     0x6  Code  Gb  list.o [1]
vListInsert             0x0800405d    0x32  Code  Gb  list.o [1]
vListInsertEnd          0x08004045    0x18  Code  Gb  list.o [1]
vPortEnableVFP          0x08004329          Code  Gb  portasm.o [1]
vPortEnterCritical      0x08003f21    0x32  Code  Gb  port.o [1]
vPortExitCritical       0x08003f53    0x24  Code  Gb  port.o [1]
vPortFree               0x080041c1    0x44  Code  Gb  heap_4.o [1]
vPortSetupTimerInterrupt
                        0x08003f9d    0x18  Code  Wk  port.o [1]
vPortStartFirstTask     0x08004311          Code  Gb  portasm.o [1]
vPortValidateInterruptPriority
                        0x08003fb5    0x42  Code  Gb  port.o [1]
vQueueDelete            0x080047e5    0x1a  Code  Gb  queue.o [1]
vQueueUnregisterQueue   0x080048ef    0x1e  Code  Gb  queue.o [1]
vTaskDelay              0x080037d7    0x3a  Code  Gb  tasks.o [1]
vTaskMissedYield        0x08003b99     0xa  Code  Gb  tasks.o [1]
vTaskPlaceOnEventList   0x08003a57    0x24  Code  Gb  tasks.o [1]
vTaskPriorityInherit    0x08003ceb    0x6c  Code  Gb  tasks.o [1]
vTaskSetTimeOutState    0x08003b19    0x20  Code  Gb  tasks.o [1]
vTaskStartScheduler     0x08003845    0x54  Code  Gb  tasks.o [1]
vTaskSuspendAll         0x08003899     0xc  Code  Gb  tasks.o [1]
vTaskSwitchContext      0x08003a05    0x52  Code  Gb  tasks.o [1]
xBlockAllocatedBit      0x200007c4     0x4  Data  Lc  heap_4.o [1]
xDelayedTaskList1       0x20000084    0x14  Data  Lc  tasks.o [1]
xDelayedTaskList2       0x20000098    0x14  Data  Lc  tasks.o [1]
xFreeBytesRemaining     0x200007bc     0x4  Data  Lc  heap_4.o [1]
xMinimumEverFreeBytesRemaining
                        0x200007c0     0x4  Data  Lc  heap_4.o [1]
xNextTaskUnblockTime    0x2000007c     0x4  Data  Lc  tasks.o [1]
xNumOfOverflows         0x20000074     0x4  Data  Lc  tasks.o [1]
xPendingReadyList       0x20000010    0x14  Data  Lc  tasks.o [1]
xPortStartScheduler     0x08003e89    0x84  Code  Gb  port.o [1]
xPortSysTickHandler     0x08003f77    0x26  Code  Gb  port.o [1]
xQueueCreateCountingSemaphore
                        0x08004423    0x38  Code  Gb  queue.o [1]
xQueueGenericCreate     0x080043b7    0x5c  Code  Gb  queue.o [1]
xQueueGenericReceive    0x0800462d   0x126  Code  Gb  queue.o [1]
xQueueGenericReset      0x08004345    0x72  Code  Gb  queue.o [1]
xQueueGenericSend       0x0800445b   0x12a  Code  Gb  queue.o [1]
xQueueGiveFromISR       0x08004593    0x7a  Code  Gb  queue.o [1]
xQueueReceiveFromISR    0x08004763    0x6a  Code  Gb  queue.o [1]
xQueueRegistry          0x20004d30    0x40  Data  Gb  queue.o [1]
xSchedulerRunning       0x20000068     0x4  Data  Lc  tasks.o [1]
xStart                  0x200007b0     0x8  Data  Lc  heap_4.o [1]
xSuspendedTaskList      0x20000048    0x14  Data  Lc  tasks.o [1]
xTaskCheckForTimeOut    0x08003b39    0x58  Code  Gb  tasks.o [1]
xTaskGenericCreate      0x080036c5   0x112  Code  Gb  tasks.o [1]
xTaskGetSchedulerState  0x08003cd5    0x16  Code  Gb  tasks.o [1]
xTaskIncrementTick      0x08003949    0xbc  Code  Gb  tasks.o [1]
xTaskPriorityDisinherit
                        0x08003d57    0x7a  Code  Gb  tasks.o [1]
xTaskRemoveFromEventList
                        0x08003aaf    0x56  Code  Gb  tasks.o [1]
xTaskResumeAll          0x080038a5    0x90  Code  Gb  tasks.o [1]
xTasksWaitingTermination
                        0x20000024    0x14  Data  Lc  tasks.o [1]
xTickCount              0x20000060     0x4  Data  Lc  tasks.o [1]
xYieldPending           0x20000070     0x4  Data  Lc  tasks.o [1]


[1] = G:\Users\nanimo\Documents\GitHub\upsat-obc-software\stm_cube\test3\EWARM\test3 Configuration\Obj
[2] = command line
[3] = dl7M_tlf.a
[4] = m7M_tls.a
[5] = rt7M_tl.a
[6] = shb_l.a

  24 702 bytes of readonly  code memory
      93 bytes of readonly  data memory
  19 885 bytes of readwrite data memory

Errors: none
Warnings: none
