###############################################################################
#
# IAR ELF Linker V7.50.2.10312/W32 for ARM                24/Mar/2016  23:35:27
# Copyright 2007-2015 IAR Systems AB.
#
#    Output file  =  
#        G:\Users\nanimo\Documents\GitHub\upsat-obc-software\stm_cube\test3\EWARM\test3
#        Configuration\Exe\test3 Configuration.out
#    Map file     =  
#        G:\Users\nanimo\Documents\GitHub\upsat-obc-software\stm_cube\test3\EWARM\test3
#        Configuration\List\test3 Configuration.map
#    Command line =  
#        "G:\Users\nanimo\Documents\GitHub\upsat-obc-software\stm_cube\test3\EWARM\test3
#        Configuration\Obj\bsp_driver_sd.o"
#        "G:\Users\nanimo\Documents\GitHub\upsat-obc-software\stm_cube\test3\EWARM\test3
#        Configuration\Obj\cmsis_os.o"
#        "G:\Users\nanimo\Documents\GitHub\upsat-obc-software\stm_cube\test3\EWARM\test3
#        Configuration\Obj\croutine.o"
#        "G:\Users\nanimo\Documents\GitHub\upsat-obc-software\stm_cube\test3\EWARM\test3
#        Configuration\Obj\diskio.o"
#        "G:\Users\nanimo\Documents\GitHub\upsat-obc-software\stm_cube\test3\EWARM\test3
#        Configuration\Obj\event_groups.o"
#        "G:\Users\nanimo\Documents\GitHub\upsat-obc-software\stm_cube\test3\EWARM\test3
#        Configuration\Obj\fatfs.o"
#        "G:\Users\nanimo\Documents\GitHub\upsat-obc-software\stm_cube\test3\EWARM\test3
#        Configuration\Obj\ff.o"
#        "G:\Users\nanimo\Documents\GitHub\upsat-obc-software\stm_cube\test3\EWARM\test3
#        Configuration\Obj\ff_gen_drv.o"
#        "G:\Users\nanimo\Documents\GitHub\upsat-obc-software\stm_cube\test3\EWARM\test3
#        Configuration\Obj\freertos.o"
#        "G:\Users\nanimo\Documents\GitHub\upsat-obc-software\stm_cube\test3\EWARM\test3
#        Configuration\Obj\function_management_service.o"
#        "G:\Users\nanimo\Documents\GitHub\upsat-obc-software\stm_cube\test3\EWARM\test3
#        Configuration\Obj\heap_4.o"
#        "G:\Users\nanimo\Documents\GitHub\upsat-obc-software\stm_cube\test3\EWARM\test3
#        Configuration\Obj\hldlc.o"
#        "G:\Users\nanimo\Documents\GitHub\upsat-obc-software\stm_cube\test3\EWARM\test3
#        Configuration\Obj\housekeeping_service.o"
#        "G:\Users\nanimo\Documents\GitHub\upsat-obc-software\stm_cube\test3\EWARM\test3
#        Configuration\Obj\large_data_service.o"
#        "G:\Users\nanimo\Documents\GitHub\upsat-obc-software\stm_cube\test3\EWARM\test3
#        Configuration\Obj\list.o"
#        "G:\Users\nanimo\Documents\GitHub\upsat-obc-software\stm_cube\test3\EWARM\test3
#        Configuration\Obj\main.o"
#        "G:\Users\nanimo\Documents\GitHub\upsat-obc-software\stm_cube\test3\EWARM\test3
#        Configuration\Obj\mass_storage_service.o"
#        "G:\Users\nanimo\Documents\GitHub\upsat-obc-software\stm_cube\test3\EWARM\test3
#        Configuration\Obj\obc_hal.o"
#        "G:\Users\nanimo\Documents\GitHub\upsat-obc-software\stm_cube\test3\EWARM\test3
#        Configuration\Obj\pkt_pool.o"
#        "G:\Users\nanimo\Documents\GitHub\upsat-obc-software\stm_cube\test3\EWARM\test3
#        Configuration\Obj\port.o"
#        "G:\Users\nanimo\Documents\GitHub\upsat-obc-software\stm_cube\test3\EWARM\test3
#        Configuration\Obj\portasm.o"
#        "G:\Users\nanimo\Documents\GitHub\upsat-obc-software\stm_cube\test3\EWARM\test3
#        Configuration\Obj\power_ctrl.o"
#        "G:\Users\nanimo\Documents\GitHub\upsat-obc-software\stm_cube\test3\EWARM\test3
#        Configuration\Obj\queue.o"
#        "G:\Users\nanimo\Documents\GitHub\upsat-obc-software\stm_cube\test3\EWARM\test3
#        Configuration\Obj\sd_diskio.o"
#        "G:\Users\nanimo\Documents\GitHub\upsat-obc-software\stm_cube\test3\EWARM\test3
#        Configuration\Obj\service_utilities.o"
#        "G:\Users\nanimo\Documents\GitHub\upsat-obc-software\stm_cube\test3\EWARM\test3
#        Configuration\Obj\services.o"
#        "G:\Users\nanimo\Documents\GitHub\upsat-obc-software\stm_cube\test3\EWARM\test3
#        Configuration\Obj\startup_stm32f407xx.o"
#        "G:\Users\nanimo\Documents\GitHub\upsat-obc-software\stm_cube\test3\EWARM\test3
#        Configuration\Obj\stm32f4xx_hal.o"
#        "G:\Users\nanimo\Documents\GitHub\upsat-obc-software\stm_cube\test3\EWARM\test3
#        Configuration\Obj\stm32f4xx_hal_cortex.o"
#        "G:\Users\nanimo\Documents\GitHub\upsat-obc-software\stm_cube\test3\EWARM\test3
#        Configuration\Obj\stm32f4xx_hal_dma.o"
#        "G:\Users\nanimo\Documents\GitHub\upsat-obc-software\stm_cube\test3\EWARM\test3
#        Configuration\Obj\stm32f4xx_hal_dma_ex.o"
#        "G:\Users\nanimo\Documents\GitHub\upsat-obc-software\stm_cube\test3\EWARM\test3
#        Configuration\Obj\stm32f4xx_hal_flash.o"
#        "G:\Users\nanimo\Documents\GitHub\upsat-obc-software\stm_cube\test3\EWARM\test3
#        Configuration\Obj\stm32f4xx_hal_flash_ex.o"
#        "G:\Users\nanimo\Documents\GitHub\upsat-obc-software\stm_cube\test3\EWARM\test3
#        Configuration\Obj\stm32f4xx_hal_flash_ramfunc.o"
#        "G:\Users\nanimo\Documents\GitHub\upsat-obc-software\stm_cube\test3\EWARM\test3
#        Configuration\Obj\stm32f4xx_hal_gpio.o"
#        "G:\Users\nanimo\Documents\GitHub\upsat-obc-software\stm_cube\test3\EWARM\test3
#        Configuration\Obj\stm32f4xx_hal_msp.o"
#        "G:\Users\nanimo\Documents\GitHub\upsat-obc-software\stm_cube\test3\EWARM\test3
#        Configuration\Obj\stm32f4xx_hal_pwr.o"
#        "G:\Users\nanimo\Documents\GitHub\upsat-obc-software\stm_cube\test3\EWARM\test3
#        Configuration\Obj\stm32f4xx_hal_pwr_ex.o"
#        "G:\Users\nanimo\Documents\GitHub\upsat-obc-software\stm_cube\test3\EWARM\test3
#        Configuration\Obj\stm32f4xx_hal_rcc.o"
#        "G:\Users\nanimo\Documents\GitHub\upsat-obc-software\stm_cube\test3\EWARM\test3
#        Configuration\Obj\stm32f4xx_hal_rcc_ex.o"
#        "G:\Users\nanimo\Documents\GitHub\upsat-obc-software\stm_cube\test3\EWARM\test3
#        Configuration\Obj\stm32f4xx_hal_sd.o"
#        "G:\Users\nanimo\Documents\GitHub\upsat-obc-software\stm_cube\test3\EWARM\test3
#        Configuration\Obj\stm32f4xx_hal_uart.o"
#        "G:\Users\nanimo\Documents\GitHub\upsat-obc-software\stm_cube\test3\EWARM\test3
#        Configuration\Obj\stm32f4xx_it.o"
#        "G:\Users\nanimo\Documents\GitHub\upsat-obc-software\stm_cube\test3\EWARM\test3
#        Configuration\Obj\stm32f4xx_ll_sdmmc.o"
#        "G:\Users\nanimo\Documents\GitHub\upsat-obc-software\stm_cube\test3\EWARM\test3
#        Configuration\Obj\syscall.o"
#        "G:\Users\nanimo\Documents\GitHub\upsat-obc-software\stm_cube\test3\EWARM\test3
#        Configuration\Obj\system_stm32f4xx.o"
#        "G:\Users\nanimo\Documents\GitHub\upsat-obc-software\stm_cube\test3\EWARM\test3
#        Configuration\Obj\tasks.o"
#        "G:\Users\nanimo\Documents\GitHub\upsat-obc-software\stm_cube\test3\EWARM\test3
#        Configuration\Obj\test_service.o"
#        "G:\Users\nanimo\Documents\GitHub\upsat-obc-software\stm_cube\test3\EWARM\test3
#        Configuration\Obj\timers.o"
#        "G:\Users\nanimo\Documents\GitHub\upsat-obc-software\stm_cube\test3\EWARM\test3
#        Configuration\Obj\verification_service.o" --redirect
#        _Printf=_PrintfFull --redirect _Scanf=_ScanfFull -o
#        "G:\Users\nanimo\Documents\GitHub\upsat-obc-software\stm_cube\test3\EWARM\test3
#        Configuration\Exe\test3 Configuration.out" --map
#        "G:\Users\nanimo\Documents\GitHub\upsat-obc-software\stm_cube\test3\EWARM\test3
#        Configuration\List\test3 Configuration.map" --log
#        libraries,initialization,modules,redirects,sections,veneers,unused_fragments
#        --log_file
#        "G:\Users\nanimo\Documents\GitHub\upsat-obc-software\stm_cube\test3\EWARM\test3
#        Configuration\List\test3 Configuration.log" --config
#        G:\Users\nanimo\Documents\GitHub\upsat-obc-software\stm_cube\test3\EWARM/stm32f407xx_flash.icf
#        --semihosting --entry __iar_program_start --vfe
#
###############################################################################

*******************************************************************************
*** RUNTIME MODEL ATTRIBUTES
***

CppFlavor                     = *
__Heap_Handler                = Basic
__SystemLibrary               = DLib
__dlib_dynamic_initialization = normal


*******************************************************************************
*** PLACEMENT SUMMARY
***

"A1":  place at 0x08000000 { ro section .intvec };
"P1":  place in [from 0x08000000 to 0x080fffff] { ro };
"P2":  place in [from 0x20000000 to 0x2001ffff] { rw, block CSTACK, block HEAP };

  Section             Kind        Address    Size  Object
  -------             ----        -------    ----  ------
"A1":                                       0x188
  .intvec             ro code  0x08000000   0x188  startup_stm32f407xx.o [1]
                             - 0x08000188   0x188

"P1":                                      0x40a1
  .text               ro code  0x08000188  0x1166  xprintffull.o [3]
  .text               ro code  0x080012ee    0x20  xmbtowc.o [3]
  .text               ro code  0x0800130e     0xa  xsprout.o [3]
  .text               ro code  0x08001318    0x16  strchr.o [5]
  .text               ro code  0x08001330    0x36  strlen.o [5]
  .text               ro code  0x08001368    0x58  memchr.o [5]
  .text               ro code  0x080013c0     0xa  xmbcurmax.o [3]
  .text               ro code  0x080013cc    0xb0  xxmemxmalloc.o [3]
  .text               ro code  0x0800147c    0x1a  xwctomb.o [3]
  .text               ro code  0x08001498    0x76  ABImemcpy_unaligned.o [5]
  .text               ro code  0x08001510    0x80  xxmemxfree.o [3]
  .text               ro code  0x08001590    0xee  I64DivMod.o [5]
  .text               ro code  0x0800167e    0x42  xdnorm.o [4]
  .text               ro code  0x080016c0    0x2e  DblCmpLe.o [4]
  .text               ro code  0x080016f0    0x2e  DblCmpGe.o [4]
  .text               ro code  0x08001720   0x114  xdscale.o [4]
  .text               ro code  0x08001834    0x58  DblToI32.o [4]
  .text               ro code  0x0800188c    0x30  I32ToDbl.o [4]
  .text               ro code  0x080018bc   0x180  DblSub.o [4]
  .text               ro code  0x08001a3c   0x1a2  DblMul.o [4]
  .text               ro code  0x08001be0   0x256  DblDiv.o [4]
  .text               ro code  0x08001e38    0x6c  localeconv.o [3]
  .text               ro code  0x08001ea4     0xe  div.o [3]
  .text               ro code  0x08001eb4    0x14  setlocale.o [3]
  .text               ro code  0x08001ec8    0x60  xencoding_sb.o [3]
  .text               ro code  0x08001f28    0x2c  xgetmemchunk.o [3]
  .text               ro code  0x08001f54     0x2  I64DivZer.o [5]
  .text               ro code  0x08001f58    0xd4  DblAdd.o [4]
  .text               ro code  0x0800202c     0x2  xtls.o [3]
  .text               ro code  0x08002030   0x534  stm32f4xx_hal_uart.o [1]
  .text               ro code  0x08002564    0x7c  stm32f4xx_hal_msp.o [1]
  .text               ro code  0x080025e0    0x64  stm32f4xx_hal.o [1]
  .text               ro code  0x08002644   0x4e4  stm32f4xx_hal_rcc.o [1]
  .text               ro code  0x08002b28    0xd8  stm32f4xx_hal_cortex.o [1]
  .text               ro code  0x08002c00   0x1f0  stm32f4xx_hal_gpio.o [1]
  .text               ro code  0x08002df0   0x530  tasks.o [1]
  .text               ro code  0x08003320   0x19c  port.o [1]
  .text               ro code  0x080034bc    0x8e  list.o [1]
  .text               ro code  0x0800354c   0x1ac  heap_4.o [1]
  .text               ro code  0x080036f8    0x3a  ABImemset48.o [5]
  CODE                ro code  0x08003734    0xa8  portasm.o [1]
  .text               ro code  0x080037dc   0x348  main.o [1]
  .text               ro code  0x08003b24    0x6e  cmsis_os.o [1]
  .text               ro code  0x08003b94    0xe4  pkt_pool.o [1]
  .text               ro code  0x08003c78    0x34  sprintf.o [3]
  .text               ro code  0x08003cac   0x100  service_utilities.o [1]
  .text               ro code  0x08003dac     0x4  services.o [1]
  .text               ro code  0x08003db0    0x18  obc_hal.o [1]
  .text               ro code  0x08003dc8    0xa4  hldlc.o [1]
  .text               ro code  0x08003e6c    0x98  stm32f4xx_hal_sd.o [1]
  .text               ro code  0x08003f04    0x50  system_stm32f4xx.o [1]
  .text               ro code  0x08003f54    0x40  zero_init3.o [5]
  .text               ro code  0x08003f94    0x38  packbits_init_single.o [5]
  .text               ro code  0x08003fcc    0x28  data_init.o [5]
  .text               ro code  0x08003ff4    0x22  fpinit_M.o [4]
  .iar.init_table     const    0x08004018    0x20  - Linker created -
  .text               ro code  0x08004038    0x1a  cmain.o [5]
  .text               ro code  0x08004052     0x4  low_level_init.o [3]
  .text               ro code  0x08004056     0x4  exit.o [3]
  .text               ro code  0x0800405c     0xa  cexit.o [5]
  .text               ro code  0x08004068    0x14  exit.o [6]
  .text               ro code  0x0800407c    0x18  stm32f4xx_it.o [1]
  .text               ro code  0x08004094    0x10  startup_stm32f407xx.o [1]
  .rodata             const    0x080040a4     0xc  main.o [1]
  .text               ro code  0x080040b0     0xc  cstartup_M.o [5]
  .text               ro code  0x080040bc     0x4  startup_stm32f407xx.o [1]
  .text               ro code  0x080040c0     0x4  startup_stm32f407xx.o [1]
  .text               ro code  0x080040c4     0x4  startup_stm32f407xx.o [1]
  .text               ro code  0x080040c8     0x4  startup_stm32f407xx.o [1]
  .text               ro code  0x080040cc     0x4  startup_stm32f407xx.o [1]
  .text               ro code  0x080040d0     0x4  startup_stm32f407xx.o [1]
  .text               ro code  0x080040d4     0x4  startup_stm32f407xx.o [1]
  .text               ro code  0x080040d8     0x4  startup_stm32f407xx.o [1]
  .text               ro code  0x080040dc     0x4  startup_stm32f407xx.o [1]
  .text               ro code  0x080040e0     0x4  startup_stm32f407xx.o [1]
  .text               ro code  0x080040e4     0x4  startup_stm32f407xx.o [1]
  .text               ro code  0x080040e8     0x4  startup_stm32f407xx.o [1]
  .text               ro code  0x080040ec     0x4  startup_stm32f407xx.o [1]
  .text               ro code  0x080040f0     0x4  startup_stm32f407xx.o [1]
  .text               ro code  0x080040f4     0x4  startup_stm32f407xx.o [1]
  .text               ro code  0x080040f8     0x4  startup_stm32f407xx.o [1]
  .text               ro code  0x080040fc     0x4  startup_stm32f407xx.o [1]
  .text               ro code  0x08004100     0x4  startup_stm32f407xx.o [1]
  .text               ro code  0x08004104     0x4  startup_stm32f407xx.o [1]
  .text               ro code  0x08004108     0x4  startup_stm32f407xx.o [1]
  .text               ro code  0x0800410c     0x4  startup_stm32f407xx.o [1]
  .text               ro code  0x08004110     0x4  startup_stm32f407xx.o [1]
  .text               ro code  0x08004114     0x4  startup_stm32f407xx.o [1]
  .text               ro code  0x08004118     0x4  startup_stm32f407xx.o [1]
  .text               ro code  0x0800411c     0x4  startup_stm32f407xx.o [1]
  .text               ro code  0x08004120     0x4  startup_stm32f407xx.o [1]
  .text               ro code  0x08004124     0x4  startup_stm32f407xx.o [1]
  .text               ro code  0x08004128     0x4  startup_stm32f407xx.o [1]
  .text               ro code  0x0800412c     0x4  startup_stm32f407xx.o [1]
  .text               ro code  0x08004130     0x4  startup_stm32f407xx.o [1]
  .text               ro code  0x08004134     0x4  startup_stm32f407xx.o [1]
  .text               ro code  0x08004138     0x4  startup_stm32f407xx.o [1]
  .text               ro code  0x0800413c     0x4  startup_stm32f407xx.o [1]
  .text               ro code  0x08004140     0x4  startup_stm32f407xx.o [1]
  .text               ro code  0x08004144     0x4  startup_stm32f407xx.o [1]
  .text               ro code  0x08004148     0x4  startup_stm32f407xx.o [1]
  .text               ro code  0x0800414c     0x4  startup_stm32f407xx.o [1]
  .text               ro code  0x08004150     0x4  startup_stm32f407xx.o [1]
  .text               ro code  0x08004154     0x4  startup_stm32f407xx.o [1]
  .text               ro code  0x08004158     0x4  startup_stm32f407xx.o [1]
  .text               ro code  0x0800415c     0x4  startup_stm32f407xx.o [1]
  .text               ro code  0x08004160     0x4  startup_stm32f407xx.o [1]
  .text               ro code  0x08004164     0x4  startup_stm32f407xx.o [1]
  .text               ro code  0x08004168     0x4  startup_stm32f407xx.o [1]
  .text               ro code  0x0800416c     0x4  startup_stm32f407xx.o [1]
  .text               ro code  0x08004170     0x4  startup_stm32f407xx.o [1]
  .text               ro code  0x08004174     0x4  startup_stm32f407xx.o [1]
  .text               ro code  0x08004178     0x4  startup_stm32f407xx.o [1]
  .text               ro code  0x0800417c     0x4  startup_stm32f407xx.o [1]
  .text               ro code  0x08004180     0x4  startup_stm32f407xx.o [1]
  .text               ro code  0x08004184     0x4  startup_stm32f407xx.o [1]
  .text               ro code  0x08004188     0x4  startup_stm32f407xx.o [1]
  .text               ro code  0x0800418c     0x4  startup_stm32f407xx.o [1]
  .text               ro code  0x08004190     0x4  startup_stm32f407xx.o [1]
  .text               ro code  0x08004194     0x4  startup_stm32f407xx.o [1]
  .text               ro code  0x08004198     0x4  startup_stm32f407xx.o [1]
  .text               ro code  0x0800419c     0x4  startup_stm32f407xx.o [1]
  .text               ro code  0x080041a0     0x4  startup_stm32f407xx.o [1]
  .text               ro code  0x080041a4     0x4  startup_stm32f407xx.o [1]
  .text               ro code  0x080041a8     0x4  startup_stm32f407xx.o [1]
  .text               ro code  0x080041ac     0x4  startup_stm32f407xx.o [1]
  .text               ro code  0x080041b0     0x4  startup_stm32f407xx.o [1]
  .text               ro code  0x080041b4     0x4  startup_stm32f407xx.o [1]
  .text               ro code  0x080041b8     0x4  startup_stm32f407xx.o [1]
  .text               ro code  0x080041bc     0x4  startup_stm32f407xx.o [1]
  .text               ro code  0x080041c0     0x4  startup_stm32f407xx.o [1]
  .text               ro code  0x080041c4     0x4  startup_stm32f407xx.o [1]
  .text               ro code  0x080041c8     0x4  startup_stm32f407xx.o [1]
  .text               ro code  0x080041cc     0x4  startup_stm32f407xx.o [1]
  .text               ro code  0x080041d0     0x4  startup_stm32f407xx.o [1]
  .text               ro code  0x080041d4     0x4  startup_stm32f407xx.o [1]
  .text               ro code  0x080041d8     0x4  startup_stm32f407xx.o [1]
  .text               ro code  0x080041dc     0x4  startup_stm32f407xx.o [1]
  .text               ro code  0x080041e0     0x4  startup_stm32f407xx.o [1]
  .text               ro code  0x080041e4     0x4  startup_stm32f407xx.o [1]
  .text               ro code  0x080041e8     0x4  startup_stm32f407xx.o [1]
  .text               ro code  0x080041ec     0x4  startup_stm32f407xx.o [1]
  .text               ro code  0x080041f0     0x4  startup_stm32f407xx.o [1]
  .text               ro code  0x080041f4     0x4  startup_stm32f407xx.o [1]
  .text               ro code  0x080041f8     0x4  startup_stm32f407xx.o [1]
  .text               ro code  0x080041fc     0x4  startup_stm32f407xx.o [1]
  .text               ro code  0x08004200     0x4  startup_stm32f407xx.o [1]
  .text               ro code  0x08004204     0x4  startup_stm32f407xx.o [1]
  .text               ro code  0x08004208     0x4  startup_stm32f407xx.o [1]
  .text               ro code  0x0800420c     0x4  startup_stm32f407xx.o [1]
  .rodata             const    0x08004210     0x0  zero_init3.o [5]
  .rodata             const    0x08004210     0x0  packbits_init_single.o [5]
  Initializer bytes   const    0x08004210    0x19  <for P2-1>
                             - 0x08004229  0x40a1

"P2", part 1 of 3:                          0x1a8
  P2-1                         0x20000000   0x1a8  <Init block>
    .data             inited   0x20000000     0xc  port.o [1]
    .data             inited   0x2000000c     0x4  system_stm32f4xx.o [1]
    .data             inited   0x20000010    0x9c  tasks.o [1]
    __DLIB_PERTHREAD  inited   0x200000ac    0x88  localeconv.o [3]
    __DLIB_PERTHREAD  inited   0x20000134    0x74  setlocale.o [3]
                             - 0x200001a8   0x1a8

"P2", part 2 of 3:                          0x600
  CSTACK                       0x200001a8   0x400  <Block>
    CSTACK            uninit   0x200001a8   0x400  <Block tail>
  HEAP                         0x200005a8   0x200  <Block>
    HEAP              uninit   0x200005a8   0x200  <Block tail>
                             - 0x200007a8   0x600

"P2", part 3 of 3:                         0x42f4
  .bss                zero     0x200007a8  0x3c18  heap_4.o [1]
  .bss                zero     0x200043c0   0x59c  pkt_pool.o [1]
  .bss                zero     0x2000495c    0x8c  tasks.o [1]
  .bss                zero     0x200049e8    0x64  main.o [1]
  .bss                zero     0x20004a4c    0x40  main.o [1]
  .bss                zero     0x20004a8c     0x8  xxmemxmalloc.o [3]
  .bss                zero     0x20004a94     0x4  stm32f4xx_hal.o [1]
  .bss                zero     0x20004a98     0x4  xgetmemchunk.o [3]
                             - 0x20004a9c  0x42f4


*******************************************************************************
*** INIT TABLE
***

          Address     Size
          -------     ----
Zero (__iar_zero_init3)
    1 destination range, total size 0x42f4:
          0x200007a8  0x42f4

Copy/packbits (__iar_packbits_init_single3)
    1 source range, total size 0x19 (5% of destination):
          0x08004210    0x19
    1 destination range, total size 0x1a8:
          0x20000000   0x1a8



*******************************************************************************
*** MODULE SUMMARY
***

    Module                  ro code  ro data  rw data
    ------                  -------  -------  -------
G:\Users\nanimo\Documents\GitHub\upsat-obc-software\stm_cube\test3\EWARM\test3 Configuration\Obj: [1]
    cmsis_os.o                  110
    heap_4.o                    428            15 384
    hldlc.o                     164
    list.o                      142
    main.o                      840       12      164
    obc_hal.o                    24
    pkt_pool.o                  228             1 436
    port.o                      412                12
    portasm.o                   168
    service_utilities.o         256
    services.o                    4
    startup_stm32f407xx.o       748
    stm32f4xx_hal.o             100                 4
    stm32f4xx_hal_cortex.o      216
    stm32f4xx_hal_gpio.o        496
    stm32f4xx_hal_msp.o         124
    stm32f4xx_hal_rcc.o       1 252
    stm32f4xx_hal_sd.o          152
    stm32f4xx_hal_uart.o      1 332
    stm32f4xx_it.o               24
    system_stm32f4xx.o           80                 4
    tasks.o                   1 328       10      296
    -------------------------------------------------
    Total:                    8 628       22   17 300

command line: [2]
    -------------------------------------------------
    Total:

dl7M_tlf.a: [3]
    div.o                        14
    exit.o                        4
    localeconv.o                108        8      136
    low_level_init.o              4
    setlocale.o                  20        7      116
    sprintf.o                    52
    xencoding_sb.o               96
    xgetmemchunk.o               44                 4
    xmbcurmax.o                  10
    xmbtowc.o                    32
    xprintffull.o             4 454
    xsprout.o                    10
    xtls.o                        2
    xwctomb.o                    26
    xxmemxfree.o                128
    xxmemxmalloc.o              176                 8
    -------------------------------------------------
    Total:                    5 180       15      264

m7M_tls.a: [4]
    DblAdd.o                    212
    DblCmpGe.o                   46
    DblCmpLe.o                   46
    DblDiv.o                    598
    DblMul.o                    418
    DblSub.o                    384
    DblToI32.o                   88
    I32ToDbl.o                   48
    fpinit_M.o                   34
    xdnorm.o                     66
    xdscale.o                   276
    -------------------------------------------------
    Total:                    2 216

rt7M_tl.a: [5]
    ABImemcpy_unaligned.o       118
    ABImemset48.o                58
    I64DivMod.o                 238
    I64DivZer.o                   2
    cexit.o                      10
    cmain.o                      26
    cstartup_M.o                 12
    data_init.o                  40
    memchr.o                     88
    packbits_init_single.o       56
    strchr.o                     22
    strlen.o                     54
    zero_init3.o                 64
    -------------------------------------------------
    Total:                      788

shb_l.a: [6]
    exit.o                       20
    -------------------------------------------------
    Total:                       20

    Gaps                         34        2
    Linker created                        32    1 536
-----------------------------------------------------
    Grand Total:             16 866       71   19 100


*******************************************************************************
*** ENTRY LIST
***

Entry                      Address    Size  Type      Object
-----                      -------    ----  ----      ------
.iar.init_table$$Base   0x08004018           --   Gb  - Linker created -
.iar.init_table$$Limit  0x08004038           --   Gb  - Linker created -
?main                   0x08004039          Code  Gb  cmain.o [5]
APBAHBPrescTable        0x08002b18    0x10  Data  Gb  stm32f4xx_hal_rcc.o [1]
CSTACK$$Base            0x200001a8           --   Gb  - Linker created -
CSTACK$$Limit           0x200005a8           --   Gb  - Linker created -
HAL_GPIO_Init           0x08002c01   0x1c0  Code  Gb  stm32f4xx_hal_gpio.o [1]
HAL_GetTick             0x08002635     0x6  Code  Wk  stm32f4xx_hal.o [1]
HAL_Init                0x080025e1    0x30  Code  Gb  stm32f4xx_hal.o [1]
HAL_InitTick            0x08002611    0x24  Code  Wk  stm32f4xx_hal.o [1]
HAL_MspInit             0x08002565    0x18  Code  Gb  stm32f4xx_hal_msp.o [1]
HAL_NVIC_EnableIRQ      0x08002b97     0xc  Code  Gb  stm32f4xx_hal_cortex.o [1]
HAL_NVIC_SetPriority    0x08002b5d    0x3a  Code  Gb  stm32f4xx_hal_cortex.o [1]
HAL_NVIC_SetPriorityGrouping
                        0x08002b43    0x1a  Code  Gb  stm32f4xx_hal_cortex.o [1]
HAL_RCC_ClockConfig     0x080028bb   0x158  Code  Gb  stm32f4xx_hal_rcc.o [1]
HAL_RCC_GetHCLKFreq     0x08002aa1    0x1e  Code  Gb  stm32f4xx_hal_rcc.o [1]
HAL_RCC_GetPCLK1Freq    0x08002abf    0x10  Code  Gb  stm32f4xx_hal_rcc.o [1]
HAL_RCC_GetPCLK2Freq    0x08002acf     0xe  Code  Gb  stm32f4xx_hal_rcc.o [1]
HAL_RCC_GetSysClockFreq
                        0x08002a5b    0x46  Code  Wk  stm32f4xx_hal_rcc.o [1]
HAL_RCC_OscConfig       0x08002645   0x26c  Code  Wk  stm32f4xx_hal_rcc.o [1]
HAL_SD_IRQHandler       0x08003e6d    0x76  Code  Gb  stm32f4xx_hal_sd.o [1]
HAL_SD_XferCpltCallback
                        0x08003ee3     0x2  Code  Wk  stm32f4xx_hal_sd.o [1]
HAL_SD_XferErrorCallback
                        0x08003ee5     0x2  Code  Wk  stm32f4xx_hal_sd.o [1]
HAL_SYSTICK_CLKSourceConfig
                        0x08002bd3    0x14  Code  Gb  stm32f4xx_hal_cortex.o [1]
HAL_SYSTICK_Config      0x08002bab    0x28  Code  Gb  stm32f4xx_hal_cortex.o [1]
HAL_UART_ErrorCallback  0x08002339     0x2  Code  Wk  stm32f4xx_hal_uart.o [1]
HAL_UART_IRQHandler     0x080021fd   0x138  Code  Gb  stm32f4xx_hal_uart.o [1]
HAL_UART_Init           0x08002031    0x26  Code  Gb  stm32f4xx_hal_uart.o [1]
HAL_UART_MspInit        0x0800257d    0x4e  Code  Gb  stm32f4xx_hal_msp.o [1]
HAL_UART_Receive        0x0800212b    0x9e  Code  Gb  stm32f4xx_hal_uart.o [1]
HAL_UART_RxCpltCallback
                        0x08002337     0x2  Code  Wk  stm32f4xx_hal_uart.o [1]
HAL_UART_Transmit       0x0800209b    0x90  Code  Gb  stm32f4xx_hal_uart.o [1]
HAL_UART_TxCpltCallback
                        0x08002335     0x2  Code  Wk  stm32f4xx_hal_uart.o [1]
HAL_eps_uart_rx         0x08003db1    0x12  Code  Gb  obc_hal.o [1]
HEAP$$Base              0x200005a8           --   Gb  - Linker created -
HEAP$$Limit             0x200007a8           --   Gb  - Linker created -
HLDLC_deframe           0x08003dc9    0x20  Code  Gb  hldlc.o [1]
LoadInt                 0x080007d7    0x6e  Code  Lc  xprintffull.o [3]
MX_GPIO_Init            0x080038e1   0x15c  Code  Lc  main.o [1]
NVIC_SetPriority        0x08002b29    0x1a  Code  Lc  stm32f4xx_hal_cortex.o [1]
PendSV_Handler          0x08003735          Code  Gb  portasm.o [1]
Region$$Table$$Base     0x08004018           --   Gb  - Linker created -
Region$$Table$$Limit    0x08004038           --   Gb  - Linker created -
SDIO_IRQHandler         0x08004087     0x6  Code  Gb  stm32f4xx_it.o [1]
SVC_Handler             0x0800378d          Code  Gb  portasm.o [1]
StartDefaultTask        0x08003aa5    0x2c  Code  Gb  main.o [1]
SysTick_Handler         0x0800407d     0x4  Code  Gb  stm32f4xx_it.o [1]
SystemClock_Config      0x0800383f    0xa2  Code  Gb  main.o [1]
SystemCoreClock         0x2000000c     0x4  Data  Gb  system_stm32f4xx.o [1]
SystemInit              0x08003f05    0x3a  Code  Gb  system_stm32f4xx.o [1]
UART_Receive_IT         0x080023d5    0xa0  Code  Lc  stm32f4xx_hal_uart.o [1]
UART_SetConfig          0x08002475    0xe0  Code  Lc  stm32f4xx_hal_uart.o [1]
UART_WaitOnFlagUntilTimeout
                        0x0800233b    0x8a  Code  Lc  stm32f4xx_hal_uart.o [1]
USART2_IRQHandler       0x08004081     0x6  Code  Gb  stm32f4xx_it.o [1]
_EncodingSb_Mbtowc      0x08001ee3    0x30  Code  Gb  xencoding_sb.o [3]
_EncodingSb_Wctomb      0x08001ec9    0x1a  Code  Gb  xencoding_sb.o [3]
_GenldFull              0x0800105b   0x24c  Code  Lc  xprintffull.o [3]
_IsdstStr               0x20000138     0x4  Data  Gb  setlocale.o [3]
_LdtobFull              0x08000c59   0x3fc  Code  Lc  xprintffull.o [3]
_LitobFull              0x08000b51   0x106  Code  Lc  xprintffull.o [3]
_LocaleEncoding         0x08001eb5     0xe  Code  Gb  setlocale.o [3]
_LocaleReturnString     0x20000158    0x50  Data  Lc  setlocale.o [3]
_Locale_Profile         0x2000013c    0x1c  Data  Gb  setlocale.o [3]
_Locale_aeabi_lconv     0x200000fc    0x38  Data  Gb  localeconv.o [3]
_Locale_lconv           0x200000ac    0x50  Data  Gb  localeconv.o [3]
_Mbtowc                 0x080012ef    0x20  Code  Gb  xmbtowc.o [3]
_PrintfFull             0x08000189   0x638  Code  Gb  xprintffull.o [3]
_PutcharsFull           0x080012a7    0x2e  Code  Lc  xprintffull.o [3]
_PutstrFull             0x08000845   0x306  Code  Lc  xprintffull.o [3]
_SProut                 0x0800130f     0xa  Code  Gb  xsprout.o [3]
_TzoneStr               0x20000134     0x4  Data  Gb  setlocale.o [3]
_Wctomb                 0x0800147d    0x1a  Code  Gb  xwctomb.o [3]
__aeabi_cdcmple         0x080016c1          Code  Gb  DblCmpLe.o [4]
__aeabi_cdrcmple        0x080016f1          Code  Gb  DblCmpGe.o [4]
__aeabi_d2iz            0x08001835          Code  Gb  DblToI32.o [4]
__aeabi_d2uiz           0x08001861          Code  Gb  DblToI32.o [4]
__aeabi_ddiv            0x08001be1          Code  Gb  DblDiv.o [4]
__aeabi_dmul            0x08001a3d          Code  Gb  DblMul.o [4]
__aeabi_dsub            0x080018bd          Code  Gb  DblSub.o [4]
__aeabi_i2d             0x0800188d          Code  Gb  I32ToDbl.o [4]
__aeabi_ldiv0           0x08001f55          Code  Gb  I64DivZer.o [5]
__aeabi_memset4         0x080036f9          Code  Gb  ABImemset48.o [5]
__aeabi_memset8         0x080036f9          Code  Gb  ABImemset48.o [5]
__aeabi_ui2d            0x080018a1          Code  Gb  I32ToDbl.o [4]
__aeabi_uldivmod        0x08001591          Code  Gb  I64DivMod.o [5]
__cmain                 0x08004039          Code  Gb  cmain.o [5]
__data_Aldata           0x20004a8c     0x8  Data  Gb  xxmemxmalloc.o [3]
__data_GetMemChunk      0x08001f29    0x2c  Code  Gb  xgetmemchunk.o [3]
__exit                  0x08004069    0x14  Code  Gb  exit.o [6]
__iar_Dnorm             0x0800167f    0x42  Code  Gb  xdnorm.o [4]
__iar_Dscale            0x08001721   0x114  Code  Gb  xdscale.o [4]
__iar_Locale_lconv_init
                        0x08001e39    0x3a  Code  Gb  localeconv.o [3]
__iar_Mbcurmax          0x080013c1     0xa  Code  Gb  xmbcurmax.o [3]
__iar_Memchr            0x08001369          Code  Gb  memchr.o [5]
__iar_Memset4_word      0x08003701          Code  Gb  ABImemset48.o [5]
__iar_Memset8_word      0x08003701          Code  Gb  ABImemset48.o [5]
__iar_Strchr            0x08001319          Code  Gb  strchr.o [5]
__iar_d2uiz             0x0800186d          Code  Gb  DblToI32.o [4]
__iar_dadd              0x08001f59          Code  Gb  DblAdd.o [4]
__iar_data_init3        0x08003fcd    0x28  Code  Gb  data_init.o [5]
__iar_dlib_perthread_access
                        0x0800202d     0x2  Code  Gb  xtls.o [3]
__iar_dsub              0x080018d1          Code  Gb  DblSub.o [4]
__iar_dsubStart         0x080018e3          Code  Gb  DblSub.o [4]
__iar_init_vfp          0x08003ff5          Code  Gb  fpinit_M.o [4]
__iar_packbits_init_single3
                        0x08003f95    0x38  Code  Gb  packbits_init_single.o [5]
__iar_program_start     0x080040b1          Code  Gb  cstartup_M.o [5]
__iar_ui2d              0x080018a5          Code  Gb  I32ToDbl.o [4]
__iar_unaligned___aeabi_memcpy
                        0x08001499          Code  Gb  ABImemcpy_unaligned.o [5]
__iar_unaligned___aeabi_memcpy4
                        0x080014b9          Code  Gb  ABImemcpy_unaligned.o [5]
__iar_unaligned___aeabi_memcpy8
                        0x080014b9          Code  Gb  ABImemcpy_unaligned.o [5]
__iar_zero_init3        0x08003f55    0x40  Code  Gb  zero_init3.o [5]
__low_level_init        0x08004053     0x4  Code  Gb  low_level_init.o [3]
__vector_table          0x08000000          Data  Gb  startup_stm32f407xx.o [1]
_call_main              0x08004045          Code  Gb  cmain.o [5]
_exit                   0x0800405d          Code  Gb  cexit.o [5]
_main                   0x0800404f          Code  Gb  cmain.o [5]
defaultTaskHandle       0x20004a48     0x4  Data  Gb  main.o [1]
div                     0x08001ea5     0xe  Code  Gb  div.o [3]
exit                    0x08004057     0x4  Code  Gb  exit.o [3]
free                    0x08001511    0x7a  Code  Gb  xxmemxfree.o [3]
get_pkt                 0x08003b95    0x20  Code  Gb  pkt_pool.o [1]
hsd                     0x200049e8    0x60  Data  Gb  main.o [1]
huart2                  0x20004a4c    0x40  Data  Gb  main.o [1]
import_eps_pkt          0x08003cad    0x4e  Code  Gb  service_utilities.o [1]
localeconv              0x08001e73    0x16  Code  Gb  localeconv.o [3]
main                    0x080037dd    0x62  Code  Gb  main.o [1]
makeFreeRtosPriority    0x08003b25     0xc  Code  Lc  cmsis_os.o [1]
malloc                  0x080013cd    0xac  Code  Gb  xxmemxmalloc.o [3]
memchr                  0x08001369          Code  Gb  memchr.o [5]
osDelay                 0x08003b71     0xe  Code  Gb  cmsis_os.o [1]
osKernelStart           0x08003b31     0xa  Code  Gb  cmsis_os.o [1]
osSystickHandler        0x08003b7f    0x14  Code  Gb  cmsis_os.o [1]
osThreadCreate          0x08003b3b    0x36  Code  Gb  cmsis_os.o [1]
pkt_pool                0x200043c0   0x59c  Data  Gb  pkt_pool.o [1]
pkt_pool_INIT           0x08003bb5    0x34  Code  Gb  pkt_pool.o [1]
prvAddCurrentTaskToDelayedList
                        0x0800324f    0x30  Code  Lc  tasks.o [1]
prvAllocateTCBAndStack  0x0800327f    0x38  Code  Lc  tasks.o [1]
prvIdleTask             0x080031a1    0x5a  Code  Lc  tasks.o [1]
prvInitialiseTCBVariables
                        0x080031fb    0x54  Code  Lc  tasks.o [1]
prvInsertBlockIntoFreeList
                        0x080036ab    0x46  Code  Lc  heap_4.o [1]
prvResetNextTaskUnblockTime
                        0x080032b7    0x1a  Code  Lc  tasks.o [1]
prvTaskExitError        0x08003345    0x28  Code  Lc  port.o [1]
pvPortMalloc            0x0800354d    0xfa  Code  Gb  heap_4.o [1]
pxCurrentTCB            0x20000038     0x4  Data  Gb  tasks.o [1]
pxDelayedTaskList       0x2000003c     0x4  Data  Lc  tasks.o [1]
pxEnd                   0x200007b0     0x4  Data  Lc  heap_4.o [1]
pxOverflowDelayedTaskList
                        0x20000040     0x4  Data  Lc  tasks.o [1]
pxPortInitialiseStack   0x08003321    0x22  Code  Gb  port.o [1]
pxReadyTasksLists       0x2000495c    0x8c  Data  Lc  tasks.o [1]
sprintf                 0x08003c79    0x34  Code  Gb  sprintf.o [3]
strchr                  0x08001319          Code  Gb  strchr.o [5]
strlen                  0x08001331          Code  Gb  strlen.o [5]
tst_debugging           0x08003dad     0x4  Code  Gb  services.o [1]
ucHeap                  0x200007c0  0x3c00  Data  Lc  heap_4.o [1]
ucMaxSysCallPriority    0x20000000     0x1  Data  Lc  port.o [1]
ulMaxPRIGROUPValue      0x20000008     0x4  Data  Lc  port.o [1]
uwTick                  0x20004a94     0x4  Data  Lc  stm32f4xx_hal.o [1]
uxCriticalNesting       0x20000004     0x4  Data  Lc  port.o [1]
uxCurrentNumberOfTasks  0x2000005c     0x4  Data  Lc  tasks.o [1]
uxListRemove            0x08003527    0x24  Code  Gb  list.o [1]
uxPendedTicks           0x2000006c     0x4  Data  Lc  tasks.o [1]
uxSchedulerSuspended    0x20000080     0x4  Data  Lc  tasks.o [1]
uxTaskNumber            0x20000078     0x4  Data  Lc  tasks.o [1]
uxTasksDeleted          0x20000044     0x4  Data  Lc  tasks.o [1]
uxTopReadyPriority      0x20000064     0x4  Data  Lc  tasks.o [1]
vListInitialise         0x080034bd    0x1a  Code  Gb  list.o [1]
vListInitialiseItem     0x080034d7     0x6  Code  Gb  list.o [1]
vListInsert             0x080034f5    0x32  Code  Gb  list.o [1]
vListInsertEnd          0x080034dd    0x18  Code  Gb  list.o [1]
vPortEnableVFP          0x080037c1          Code  Gb  portasm.o [1]
vPortEnterCritical      0x08003405    0x32  Code  Gb  port.o [1]
vPortExitCritical       0x08003437    0x24  Code  Gb  port.o [1]
vPortFree               0x08003659    0x44  Code  Gb  heap_4.o [1]
vPortSetupTimerInterrupt
                        0x08003481    0x18  Code  Wk  port.o [1]
vPortStartFirstTask     0x080037a9          Code  Gb  portasm.o [1]
vTaskDelay              0x08002f03    0x3a  Code  Gb  tasks.o [1]
vTaskStartScheduler     0x08002f71    0x54  Code  Gb  tasks.o [1]
vTaskSuspendAll         0x08002fc5     0xc  Code  Gb  tasks.o [1]
vTaskSwitchContext      0x08003131    0x52  Code  Gb  tasks.o [1]
xBlockAllocatedBit      0x200007bc     0x4  Data  Lc  heap_4.o [1]
xDelayedTaskList1       0x20000084    0x14  Data  Lc  tasks.o [1]
xDelayedTaskList2       0x20000098    0x14  Data  Lc  tasks.o [1]
xFreeBytesRemaining     0x200007b4     0x4  Data  Lc  heap_4.o [1]
xMinimumEverFreeBytesRemaining
                        0x200007b8     0x4  Data  Lc  heap_4.o [1]
xNextTaskUnblockTime    0x2000007c     0x4  Data  Lc  tasks.o [1]
xNumOfOverflows         0x20000074     0x4  Data  Lc  tasks.o [1]
xPendingReadyList       0x20000010    0x14  Data  Lc  tasks.o [1]
xPortStartScheduler     0x0800336d    0x84  Code  Gb  port.o [1]
xPortSysTickHandler     0x0800345b    0x26  Code  Gb  port.o [1]
xSchedulerRunning       0x20000068     0x4  Data  Lc  tasks.o [1]
xStart                  0x200007a8     0x8  Data  Lc  heap_4.o [1]
xSuspendedTaskList      0x20000048    0x14  Data  Lc  tasks.o [1]
xTaskGenericCreate      0x08002df1   0x112  Code  Gb  tasks.o [1]
xTaskGetSchedulerState  0x080032d1    0x16  Code  Gb  tasks.o [1]
xTaskIncrementTick      0x08003075    0xbc  Code  Gb  tasks.o [1]
xTaskResumeAll          0x08002fd1    0x90  Code  Gb  tasks.o [1]
xTasksWaitingTermination
                        0x20000024    0x14  Data  Lc  tasks.o [1]
xTickCount              0x20000060     0x4  Data  Lc  tasks.o [1]
xYieldPending           0x20000070     0x4  Data  Lc  tasks.o [1]


[1] = G:\Users\nanimo\Documents\GitHub\upsat-obc-software\stm_cube\test3\EWARM\test3 Configuration\Obj
[2] = command line
[3] = dl7M_tlf.a
[4] = m7M_tls.a
[5] = rt7M_tl.a
[6] = shb_l.a

  16 866 bytes of readonly  code memory
      71 bytes of readonly  data memory
  19 100 bytes of readwrite data memory

Errors: none
Warnings: none
