###############################################################################
#
# IAR ELF Linker V7.50.2.10312/W32 for ARM                13/Feb/2016  22:57:59
# Copyright 2007-2015 IAR Systems AB.
#
#    Output file  =  
#        G:\Users\nanimo\Documents\GitHub\upsat-obc-software\stm_cube\su_sd_fr_test2\EWARM\su_sd_fr_test2
#        Configuration\Exe\su_sd_fr_test2 Configuration.out
#    Map file     =  
#        G:\Users\nanimo\Documents\GitHub\upsat-obc-software\stm_cube\su_sd_fr_test2\EWARM\su_sd_fr_test2
#        Configuration\List\su_sd_fr_test2 Configuration.map
#    Command line =  
#        "G:\Users\nanimo\Documents\GitHub\upsat-obc-software\stm_cube\su_sd_fr_test2\EWARM\su_sd_fr_test2
#        Configuration\Obj\bsp_driver_sd.o"
#        "G:\Users\nanimo\Documents\GitHub\upsat-obc-software\stm_cube\su_sd_fr_test2\EWARM\su_sd_fr_test2
#        Configuration\Obj\diskio.o"
#        "G:\Users\nanimo\Documents\GitHub\upsat-obc-software\stm_cube\su_sd_fr_test2\EWARM\su_sd_fr_test2
#        Configuration\Obj\fatfs.o"
#        "G:\Users\nanimo\Documents\GitHub\upsat-obc-software\stm_cube\su_sd_fr_test2\EWARM\su_sd_fr_test2
#        Configuration\Obj\ff.o"
#        "G:\Users\nanimo\Documents\GitHub\upsat-obc-software\stm_cube\su_sd_fr_test2\EWARM\su_sd_fr_test2
#        Configuration\Obj\ff_gen_drv.o"
#        "G:\Users\nanimo\Documents\GitHub\upsat-obc-software\stm_cube\su_sd_fr_test2\EWARM\su_sd_fr_test2
#        Configuration\Obj\main.o"
#        "G:\Users\nanimo\Documents\GitHub\upsat-obc-software\stm_cube\su_sd_fr_test2\EWARM\su_sd_fr_test2
#        Configuration\Obj\sd_diskio.o"
#        "G:\Users\nanimo\Documents\GitHub\upsat-obc-software\stm_cube\su_sd_fr_test2\EWARM\su_sd_fr_test2
#        Configuration\Obj\startup_stm32f407xx.o"
#        "G:\Users\nanimo\Documents\GitHub\upsat-obc-software\stm_cube\su_sd_fr_test2\EWARM\su_sd_fr_test2
#        Configuration\Obj\stm32f4xx_hal.o"
#        "G:\Users\nanimo\Documents\GitHub\upsat-obc-software\stm_cube\su_sd_fr_test2\EWARM\su_sd_fr_test2
#        Configuration\Obj\stm32f4xx_hal_cortex.o"
#        "G:\Users\nanimo\Documents\GitHub\upsat-obc-software\stm_cube\su_sd_fr_test2\EWARM\su_sd_fr_test2
#        Configuration\Obj\stm32f4xx_hal_dma.o"
#        "G:\Users\nanimo\Documents\GitHub\upsat-obc-software\stm_cube\su_sd_fr_test2\EWARM\su_sd_fr_test2
#        Configuration\Obj\stm32f4xx_hal_dma_ex.o"
#        "G:\Users\nanimo\Documents\GitHub\upsat-obc-software\stm_cube\su_sd_fr_test2\EWARM\su_sd_fr_test2
#        Configuration\Obj\stm32f4xx_hal_flash.o"
#        "G:\Users\nanimo\Documents\GitHub\upsat-obc-software\stm_cube\su_sd_fr_test2\EWARM\su_sd_fr_test2
#        Configuration\Obj\stm32f4xx_hal_flash_ex.o"
#        "G:\Users\nanimo\Documents\GitHub\upsat-obc-software\stm_cube\su_sd_fr_test2\EWARM\su_sd_fr_test2
#        Configuration\Obj\stm32f4xx_hal_flash_ramfunc.o"
#        "G:\Users\nanimo\Documents\GitHub\upsat-obc-software\stm_cube\su_sd_fr_test2\EWARM\su_sd_fr_test2
#        Configuration\Obj\stm32f4xx_hal_gpio.o"
#        "G:\Users\nanimo\Documents\GitHub\upsat-obc-software\stm_cube\su_sd_fr_test2\EWARM\su_sd_fr_test2
#        Configuration\Obj\stm32f4xx_hal_i2c.o"
#        "G:\Users\nanimo\Documents\GitHub\upsat-obc-software\stm_cube\su_sd_fr_test2\EWARM\su_sd_fr_test2
#        Configuration\Obj\stm32f4xx_hal_i2c_ex.o"
#        "G:\Users\nanimo\Documents\GitHub\upsat-obc-software\stm_cube\su_sd_fr_test2\EWARM\su_sd_fr_test2
#        Configuration\Obj\stm32f4xx_hal_msp.o"
#        "G:\Users\nanimo\Documents\GitHub\upsat-obc-software\stm_cube\su_sd_fr_test2\EWARM\su_sd_fr_test2
#        Configuration\Obj\stm32f4xx_hal_pwr.o"
#        "G:\Users\nanimo\Documents\GitHub\upsat-obc-software\stm_cube\su_sd_fr_test2\EWARM\su_sd_fr_test2
#        Configuration\Obj\stm32f4xx_hal_pwr_ex.o"
#        "G:\Users\nanimo\Documents\GitHub\upsat-obc-software\stm_cube\su_sd_fr_test2\EWARM\su_sd_fr_test2
#        Configuration\Obj\stm32f4xx_hal_rcc.o"
#        "G:\Users\nanimo\Documents\GitHub\upsat-obc-software\stm_cube\su_sd_fr_test2\EWARM\su_sd_fr_test2
#        Configuration\Obj\stm32f4xx_hal_rcc_ex.o"
#        "G:\Users\nanimo\Documents\GitHub\upsat-obc-software\stm_cube\su_sd_fr_test2\EWARM\su_sd_fr_test2
#        Configuration\Obj\stm32f4xx_hal_sd.o"
#        "G:\Users\nanimo\Documents\GitHub\upsat-obc-software\stm_cube\su_sd_fr_test2\EWARM\su_sd_fr_test2
#        Configuration\Obj\stm32f4xx_hal_spi.o"
#        "G:\Users\nanimo\Documents\GitHub\upsat-obc-software\stm_cube\su_sd_fr_test2\EWARM\su_sd_fr_test2
#        Configuration\Obj\stm32f4xx_hal_uart.o"
#        "G:\Users\nanimo\Documents\GitHub\upsat-obc-software\stm_cube\su_sd_fr_test2\EWARM\su_sd_fr_test2
#        Configuration\Obj\stm32f4xx_it.o"
#        "G:\Users\nanimo\Documents\GitHub\upsat-obc-software\stm_cube\su_sd_fr_test2\EWARM\su_sd_fr_test2
#        Configuration\Obj\stm32f4xx_ll_sdmmc.o"
#        "G:\Users\nanimo\Documents\GitHub\upsat-obc-software\stm_cube\su_sd_fr_test2\EWARM\su_sd_fr_test2
#        Configuration\Obj\syscall.o"
#        "G:\Users\nanimo\Documents\GitHub\upsat-obc-software\stm_cube\su_sd_fr_test2\EWARM\su_sd_fr_test2
#        Configuration\Obj\system_stm32f4xx.o" --redirect _Printf=_PrintfFull
#        --redirect _Scanf=_ScanfFull -o
#        "G:\Users\nanimo\Documents\GitHub\upsat-obc-software\stm_cube\su_sd_fr_test2\EWARM\su_sd_fr_test2
#        Configuration\Exe\su_sd_fr_test2 Configuration.out" --map
#        "G:\Users\nanimo\Documents\GitHub\upsat-obc-software\stm_cube\su_sd_fr_test2\EWARM\su_sd_fr_test2
#        Configuration\List\su_sd_fr_test2 Configuration.map" --config
#        G:\Users\nanimo\Documents\GitHub\upsat-obc-software\stm_cube\su_sd_fr_test2\EWARM/stm32f407xx_flash.icf
#        --semihosting --entry __iar_program_start --vfe
#
###############################################################################

*******************************************************************************
*** RUNTIME MODEL ATTRIBUTES
***

CppFlavor       = *
__SystemLibrary = DLib


*******************************************************************************
*** PLACEMENT SUMMARY
***

"A1":  place at 0x08000000 { ro section .intvec };
"P1":  place in [from 0x08000000 to 0x080fffff] { ro };
"P2":  place in [from 0x20000000 to 0x2001ffff] { rw, block CSTACK, block HEAP };

  Section            Kind        Address    Size  Object
  -------            ----        -------    ----  ------
"A1":                                      0x188
  .intvec            ro code  0x08000000   0x188  startup_stm32f407xx.o [1]
                            - 0x08000188   0x188

"P1":                                     0x3158
  .text              ro code  0x08000188   0xcc4  stm32f4xx_hal_sd.o [1]
  .text              ro code  0x08000e4c   0x1a8  stm32f4xx_hal_msp.o [1]
  .text              ro code  0x08000ff4    0x56  ABImemcpy_unaligned.o [5]
  .text              ro code  0x0800104c    0xb4  stm32f4xx_ll_sdmmc.o [1]
  .text              ro code  0x08001100    0x84  stm32f4xx_hal.o [1]
  .text              ro code  0x08001184    0xe2  stm32f4xx_hal_cortex.o [1]
  .text              ro code  0x08001268   0x1f8  stm32f4xx_hal_gpio.o [1]
  .text              ro code  0x08001460   0x4e4  stm32f4xx_hal_rcc.o [1]
  .text              ro code  0x08001944   0x82a  stm32f4xx_hal_i2c.o [1]
  .text              ro code  0x08002170   0x494  stm32f4xx_hal_uart.o [1]
  .text              ro code  0x08002604   0x45a  stm32f4xx_hal_spi.o [1]
  .text              ro code  0x08002a60   0x3e4  main.o [1]
  .text              ro code  0x08002e44    0x18  fatfs.o [1]
  .text              ro code  0x08002e5c    0x44  ff_gen_drv.o [1]
  .text              ro code  0x08002ea0    0xa4  sd_diskio.o [1]
  .text              ro code  0x08002f44    0x68  bsp_driver_sd.o [1]
  .text              ro code  0x08002fac    0x50  system_stm32f4xx.o [1]
  .text              ro code  0x08002ffc    0x40  zero_init3.o [5]
  .text              ro code  0x0800303c    0x38  stm32f4xx_it.o [1]
  .text              ro code  0x08003074    0x2c  copy_init3.o [5]
  .text              ro code  0x080030a0    0x28  data_init.o [5]
  .text              ro code  0x080030c8    0x22  fpinit_M.o [4]
  .iar.init_table    const    0x080030ec    0x24  - Linker created -
  .text              ro code  0x08003110    0x1a  cmain.o [5]
  .text              ro code  0x0800312a     0x4  low_level_init.o [3]
  .text              ro code  0x0800312e     0x4  exit.o [3]
  .text              ro code  0x08003134     0xa  cexit.o [5]
  .text              ro code  0x08003140    0x14  exit.o [6]
  .rodata            const    0x08003154    0x14  sd_diskio.o [1]
  .text              ro code  0x08003168    0x10  startup_stm32f407xx.o [1]
  .text              ro code  0x08003178     0xc  cstartup_M.o [5]
  Initializer bytes  const    0x08003184     0x8  <for P2-1>
  .text              ro code  0x0800318c     0x4  startup_stm32f407xx.o [1]
  .text              ro code  0x08003190     0x4  startup_stm32f407xx.o [1]
  .text              ro code  0x08003194     0x4  startup_stm32f407xx.o [1]
  .text              ro code  0x08003198     0x4  startup_stm32f407xx.o [1]
  .text              ro code  0x0800319c     0x4  startup_stm32f407xx.o [1]
  .text              ro code  0x080031a0     0x4  startup_stm32f407xx.o [1]
  .text              ro code  0x080031a4     0x4  startup_stm32f407xx.o [1]
  .text              ro code  0x080031a8     0x4  startup_stm32f407xx.o [1]
  .text              ro code  0x080031ac     0x4  startup_stm32f407xx.o [1]
  .text              ro code  0x080031b0     0x4  startup_stm32f407xx.o [1]
  .text              ro code  0x080031b4     0x4  startup_stm32f407xx.o [1]
  .text              ro code  0x080031b8     0x4  startup_stm32f407xx.o [1]
  .text              ro code  0x080031bc     0x4  startup_stm32f407xx.o [1]
  .text              ro code  0x080031c0     0x4  startup_stm32f407xx.o [1]
  .text              ro code  0x080031c4     0x4  startup_stm32f407xx.o [1]
  .text              ro code  0x080031c8     0x4  startup_stm32f407xx.o [1]
  .text              ro code  0x080031cc     0x4  startup_stm32f407xx.o [1]
  .text              ro code  0x080031d0     0x4  startup_stm32f407xx.o [1]
  .text              ro code  0x080031d4     0x4  startup_stm32f407xx.o [1]
  .text              ro code  0x080031d8     0x4  startup_stm32f407xx.o [1]
  .text              ro code  0x080031dc     0x4  startup_stm32f407xx.o [1]
  .text              ro code  0x080031e0     0x4  startup_stm32f407xx.o [1]
  .text              ro code  0x080031e4     0x4  startup_stm32f407xx.o [1]
  .text              ro code  0x080031e8     0x4  startup_stm32f407xx.o [1]
  .text              ro code  0x080031ec     0x4  startup_stm32f407xx.o [1]
  .text              ro code  0x080031f0     0x4  startup_stm32f407xx.o [1]
  .text              ro code  0x080031f4     0x4  startup_stm32f407xx.o [1]
  .text              ro code  0x080031f8     0x4  startup_stm32f407xx.o [1]
  .text              ro code  0x080031fc     0x4  startup_stm32f407xx.o [1]
  .text              ro code  0x08003200     0x4  startup_stm32f407xx.o [1]
  .text              ro code  0x08003204     0x4  startup_stm32f407xx.o [1]
  .text              ro code  0x08003208     0x4  startup_stm32f407xx.o [1]
  .text              ro code  0x0800320c     0x4  startup_stm32f407xx.o [1]
  .text              ro code  0x08003210     0x4  startup_stm32f407xx.o [1]
  .text              ro code  0x08003214     0x4  startup_stm32f407xx.o [1]
  .text              ro code  0x08003218     0x4  startup_stm32f407xx.o [1]
  .text              ro code  0x0800321c     0x4  startup_stm32f407xx.o [1]
  .text              ro code  0x08003220     0x4  startup_stm32f407xx.o [1]
  .text              ro code  0x08003224     0x4  startup_stm32f407xx.o [1]
  .text              ro code  0x08003228     0x4  startup_stm32f407xx.o [1]
  .text              ro code  0x0800322c     0x4  startup_stm32f407xx.o [1]
  .text              ro code  0x08003230     0x4  startup_stm32f407xx.o [1]
  .text              ro code  0x08003234     0x4  startup_stm32f407xx.o [1]
  .text              ro code  0x08003238     0x4  startup_stm32f407xx.o [1]
  .text              ro code  0x0800323c     0x4  startup_stm32f407xx.o [1]
  .text              ro code  0x08003240     0x4  startup_stm32f407xx.o [1]
  .text              ro code  0x08003244     0x4  startup_stm32f407xx.o [1]
  .text              ro code  0x08003248     0x4  startup_stm32f407xx.o [1]
  .text              ro code  0x0800324c     0x4  startup_stm32f407xx.o [1]
  .text              ro code  0x08003250     0x4  startup_stm32f407xx.o [1]
  .text              ro code  0x08003254     0x4  startup_stm32f407xx.o [1]
  .text              ro code  0x08003258     0x4  startup_stm32f407xx.o [1]
  .text              ro code  0x0800325c     0x4  startup_stm32f407xx.o [1]
  .text              ro code  0x08003260     0x4  startup_stm32f407xx.o [1]
  .text              ro code  0x08003264     0x4  startup_stm32f407xx.o [1]
  .text              ro code  0x08003268     0x4  startup_stm32f407xx.o [1]
  .text              ro code  0x0800326c     0x4  startup_stm32f407xx.o [1]
  .text              ro code  0x08003270     0x4  startup_stm32f407xx.o [1]
  .text              ro code  0x08003274     0x4  startup_stm32f407xx.o [1]
  .text              ro code  0x08003278     0x4  startup_stm32f407xx.o [1]
  .text              ro code  0x0800327c     0x4  startup_stm32f407xx.o [1]
  .text              ro code  0x08003280     0x4  startup_stm32f407xx.o [1]
  .text              ro code  0x08003284     0x4  startup_stm32f407xx.o [1]
  .text              ro code  0x08003288     0x4  startup_stm32f407xx.o [1]
  .text              ro code  0x0800328c     0x4  startup_stm32f407xx.o [1]
  .text              ro code  0x08003290     0x4  startup_stm32f407xx.o [1]
  .text              ro code  0x08003294     0x4  startup_stm32f407xx.o [1]
  .text              ro code  0x08003298     0x4  startup_stm32f407xx.o [1]
  .text              ro code  0x0800329c     0x4  startup_stm32f407xx.o [1]
  .text              ro code  0x080032a0     0x4  startup_stm32f407xx.o [1]
  .text              ro code  0x080032a4     0x4  startup_stm32f407xx.o [1]
  .text              ro code  0x080032a8     0x4  startup_stm32f407xx.o [1]
  .text              ro code  0x080032ac     0x4  startup_stm32f407xx.o [1]
  .text              ro code  0x080032b0     0x4  startup_stm32f407xx.o [1]
  .text              ro code  0x080032b4     0x4  startup_stm32f407xx.o [1]
  .text              ro code  0x080032b8     0x4  startup_stm32f407xx.o [1]
  .text              ro code  0x080032bc     0x4  startup_stm32f407xx.o [1]
  .text              ro code  0x080032c0     0x4  startup_stm32f407xx.o [1]
  .text              ro code  0x080032c4     0x4  startup_stm32f407xx.o [1]
  .text              ro code  0x080032c8     0x4  startup_stm32f407xx.o [1]
  .text              ro code  0x080032cc     0x4  startup_stm32f407xx.o [1]
  .text              ro code  0x080032d0     0x4  startup_stm32f407xx.o [1]
  .text              ro code  0x080032d4     0x4  startup_stm32f407xx.o [1]
  .text              ro code  0x080032d8     0x4  startup_stm32f407xx.o [1]
  .text              ro code  0x080032dc     0x4  startup_stm32f407xx.o [1]
  .rodata            const    0x080032e0     0x0  zero_init3.o [5]
  .rodata            const    0x080032e0     0x0  copy_init3.o [5]
                            - 0x080032e0  0x3158

"P2", part 1 of 3:                           0x8
  P2-1                        0x20000000     0x5  <Init block>
    .data            inited   0x20000000     0x4  system_stm32f4xx.o [1]
    .data            inited   0x20000004     0x1  sd_diskio.o [1]
                            - 0x20000005     0x5

"P2", part 2 of 3:                         0x400
  CSTACK                      0x20000008   0x400  <Block>
    CSTACK           uninit   0x20000008   0x400  <Block tail>
                            - 0x20000408   0x400

"P2", part 3 of 3:                         0x1a4
  .bss               zero     0x20000408   0x134  main.o [1]
  .bss               zero     0x2000053c     0xc  ff_gen_drv.o [1]
  .bss               zero     0x20000548    0x58  main.o [1]
  .bss               zero     0x200005a0     0x8  fatfs.o [1]
  .bss               zero     0x200005a8     0x4  stm32f4xx_hal.o [1]
                            - 0x200005ac   0x1a4


*******************************************************************************
*** INIT TABLE
***

          Address     Size
          -------     ----
Zero (__iar_zero_init3)
    1 destination range, total size 0x1a4:
          0x20000408  0x1a4

Copy (__iar_copy_init3)
    1 source range, total size 0x8 (160% of destination):
          0x08003184    0x8
    1 destination range, total size 0x5:
          0x20000000    0x5



*******************************************************************************
*** MODULE SUMMARY
***

    Module                  ro code  ro data  rw data
    ------                  -------  -------  -------
G:\Users\nanimo\Documents\GitHub\upsat-obc-software\stm_cube\su_sd_fr_test2\EWARM\su_sd_fr_test2 Configuration\Obj: [1]
    bsp_driver_sd.o             104
    fatfs.o                      24                 8
    ff_gen_drv.o                 68                12
    main.o                      996               396
    sd_diskio.o                 164       21        1
    startup_stm32f407xx.o       748
    stm32f4xx_hal.o             132                 4
    stm32f4xx_hal_cortex.o      226
    stm32f4xx_hal_gpio.o        504
    stm32f4xx_hal_i2c.o       2 090
    stm32f4xx_hal_msp.o         424
    stm32f4xx_hal_rcc.o       1 252
    stm32f4xx_hal_sd.o        3 268
    stm32f4xx_hal_spi.o       1 114
    stm32f4xx_hal_uart.o      1 172
    stm32f4xx_it.o               56
    stm32f4xx_ll_sdmmc.o        180
    system_stm32f4xx.o           80        4        4
    -------------------------------------------------
    Total:                   12 602       25      425

command line: [2]
    -------------------------------------------------
    Total:

dl7M_tlf.a: [3]
    exit.o                        4
    low_level_init.o              4
    -------------------------------------------------
    Total:                        8

m7M_tls.a: [4]
    fpinit_M.o                   34
    -------------------------------------------------
    Total:                       34

rt7M_tl.a: [5]
    ABImemcpy_unaligned.o        86
    cexit.o                      10
    cmain.o                      26
    copy_init3.o                 44
    cstartup_M.o                 12
    data_init.o                  40
    zero_init3.o                 64
    -------------------------------------------------
    Total:                      282

shb_l.a: [6]
    exit.o                       20
    -------------------------------------------------
    Total:                       20

    Gaps                         12        2
    Linker created                        39    1 024
-----------------------------------------------------
    Grand Total:             12 958       66    1 449


*******************************************************************************
*** ENTRY LIST
***

Entry                      Address   Size  Type      Object
-----                      -------   ----  ----      ------
.iar.init_table$$Base   0x080030ec          --   Gb  - Linker created -
.iar.init_table$$Limit  0x08003110          --   Gb  - Linker created -
?main                   0x08003111         Code  Gb  cmain.o [5]
APBAHBPrescTable        0x08001934   0x10  Data  Gb  stm32f4xx_hal_rcc.o [1]
BSP_SD_GetCardInfo      0x08002f9b    0x8  Code  Gb  bsp_driver_sd.o [1]
BSP_SD_GetStatus        0x08002f95    0x6  Code  Gb  bsp_driver_sd.o [1]
BSP_SD_Init             0x08002f45   0x22  Code  Gb  bsp_driver_sd.o [1]
BSP_SD_ReadBlocks       0x08002f67    0xe  Code  Gb  bsp_driver_sd.o [1]
BSP_SD_WriteBlocks      0x08002f75    0xc  Code  Gb  bsp_driver_sd.o [1]
CSTACK$$Base            0x20000008          --   Gb  - Linker created -
CSTACK$$Limit           0x20000408          --   Gb  - Linker created -
FATFS_LinkDriver        0x08002e97    0x4  Code  Gb  ff_gen_drv.o [1]
FATFS_LinkDriverEx      0x08002e5d   0x3a  Code  Gb  ff_gen_drv.o [1]
HAL_Delay               0x08001165   0x18  Code  Wk  stm32f4xx_hal.o [1]
HAL_GPIO_Init           0x08001269  0x1c0  Code  Gb  stm32f4xx_hal_gpio.o [1]
HAL_GPIO_WritePin       0x08001429    0x8  Code  Gb  stm32f4xx_hal_gpio.o [1]
HAL_GetTick             0x0800115f    0x6  Code  Wk  stm32f4xx_hal.o [1]
HAL_I2C_EV_IRQHandler   0x08001c8b  0x166  Code  Gb  stm32f4xx_hal_i2c.o [1]
HAL_I2C_Init            0x08001945   0xca  Code  Gb  stm32f4xx_hal_i2c.o [1]
HAL_I2C_MasterRxCpltCallback
                        0x08001e21    0x2  Code  Wk  stm32f4xx_hal_i2c.o [1]
HAL_I2C_MasterTxCpltCallback
                        0x08001e1f    0x2  Code  Wk  stm32f4xx_hal_i2c.o [1]
HAL_I2C_MemRxCpltCallback
                        0x08001e27    0x2  Code  Wk  stm32f4xx_hal_i2c.o [1]
HAL_I2C_MemTxCpltCallback
                        0x08001e25    0x2  Code  Wk  stm32f4xx_hal_i2c.o [1]
HAL_I2C_Mem_Read        0x08001ad1  0x108  Code  Gb  stm32f4xx_hal_i2c.o [1]
HAL_I2C_Mem_Write       0x08001a2d   0x8c  Code  Gb  stm32f4xx_hal_i2c.o [1]
HAL_I2C_MspInit         0x08000e65   0x4e  Code  Gb  stm32f4xx_hal_msp.o [1]
HAL_I2C_SlaveRxCpltCallback
                        0x08001e23    0x2  Code  Wk  stm32f4xx_hal_i2c.o [1]
HAL_IncTick             0x08001155    0xa  Code  Wk  stm32f4xx_hal.o [1]
HAL_Init                0x08001101   0x30  Code  Gb  stm32f4xx_hal.o [1]
HAL_InitTick            0x08001131   0x24  Code  Wk  stm32f4xx_hal.o [1]
HAL_MspInit             0x08000e4d   0x18  Code  Gb  stm32f4xx_hal_msp.o [1]
HAL_NVIC_EnableIRQ      0x080011f3    0xc  Code  Gb  stm32f4xx_hal_cortex.o [1]
HAL_NVIC_SetPriority    0x080011b9   0x3a  Code  Gb  stm32f4xx_hal_cortex.o [1]
HAL_NVIC_SetPriorityGrouping
                        0x0800119f   0x1a  Code  Gb  stm32f4xx_hal_cortex.o [1]
HAL_RCC_ClockConfig     0x080016d7  0x158  Code  Gb  stm32f4xx_hal_rcc.o [1]
HAL_RCC_GetHCLKFreq     0x080018bd   0x1e  Code  Gb  stm32f4xx_hal_rcc.o [1]
HAL_RCC_GetPCLK1Freq    0x080018db   0x10  Code  Gb  stm32f4xx_hal_rcc.o [1]
HAL_RCC_GetPCLK2Freq    0x080018eb    0xe  Code  Gb  stm32f4xx_hal_rcc.o [1]
HAL_RCC_GetSysClockFreq
                        0x08001877   0x46  Code  Wk  stm32f4xx_hal_rcc.o [1]
HAL_RCC_OscConfig       0x08001461  0x26c  Code  Wk  stm32f4xx_hal_rcc.o [1]
HAL_SD_GetStatus        0x08000909   0x36  Code  Gb  stm32f4xx_hal_sd.o [1]
HAL_SD_Get_CardInfo     0x080005e5  0x2d8  Code  Gb  stm32f4xx_hal_sd.o [1]
HAL_SD_IRQHandler       0x0800056b   0x76  Code  Gb  stm32f4xx_hal_sd.o [1]
HAL_SD_Init             0x08000189   0x96  Code  Gb  stm32f4xx_hal_sd.o [1]
HAL_SD_MspInit          0x08000eb3   0x62  Code  Gb  stm32f4xx_hal_msp.o [1]
HAL_SD_ReadBlocks       0x08000229  0x160  Code  Gb  stm32f4xx_hal_sd.o [1]
HAL_SD_StopTransfer     0x080008bd   0x1c  Code  Gb  stm32f4xx_hal_sd.o [1]
HAL_SD_WriteBlocks      0x0800039b  0x1b6  Code  Gb  stm32f4xx_hal_sd.o [1]
HAL_SD_XferCpltCallback
                        0x080005e1    0x2  Code  Wk  stm32f4xx_hal_sd.o [1]
HAL_SD_XferErrorCallback
                        0x080005e3    0x2  Code  Wk  stm32f4xx_hal_sd.o [1]
HAL_SPI_ErrorCallback   0x080029cf    0x2  Code  Wk  stm32f4xx_hal_spi.o [1]
HAL_SPI_IRQHandler      0x08002911   0xbe  Code  Gb  stm32f4xx_hal_spi.o [1]
HAL_SPI_Init            0x08002605   0x7a  Code  Gb  stm32f4xx_hal_spi.o [1]
HAL_SPI_MspInit         0x08000f1d   0x40  Code  Gb  stm32f4xx_hal_msp.o [1]
HAL_SPI_TransmitReceive
                        0x080026a9  0x18a  Code  Gb  stm32f4xx_hal_spi.o [1]
HAL_SYSTICK_CLKSourceConfig
                        0x0800122f   0x14  Code  Gb  stm32f4xx_hal_cortex.o [1]
HAL_SYSTICK_Callback    0x08001265    0x2  Code  Wk  stm32f4xx_hal_cortex.o [1]
HAL_SYSTICK_Config      0x08001207   0x28  Code  Gb  stm32f4xx_hal_cortex.o [1]
HAL_SYSTICK_IRQHandler  0x0800125d    0x8  Code  Gb  stm32f4xx_hal_cortex.o [1]
HAL_UART_ErrorCallback  0x080023db    0x2  Code  Wk  stm32f4xx_hal_uart.o [1]
HAL_UART_IRQHandler     0x0800229f  0x138  Code  Gb  stm32f4xx_hal_uart.o [1]
HAL_UART_Init           0x08002171   0x26  Code  Gb  stm32f4xx_hal_uart.o [1]
HAL_UART_MspInit        0x08000f75   0x4c  Code  Gb  stm32f4xx_hal_msp.o [1]
HAL_UART_RxCpltCallback
                        0x080023d9    0x2  Code  Wk  stm32f4xx_hal_uart.o [1]
HAL_UART_Transmit       0x080021db   0x90  Code  Gb  stm32f4xx_hal_uart.o [1]
HAL_UART_TxCpltCallback
                        0x080023d7    0x2  Code  Wk  stm32f4xx_hal_uart.o [1]
I2C1_EV_IRQHandler      0x0800304b    0x6  Code  Gb  stm32f4xx_it.o [1]
I2C_MasterReceive_BTF   0x08001e29   0x60  Code  Lc  stm32f4xx_hal_i2c.o [1]
I2C_RequestMemoryRead   0x08001f6d   0xb0  Code  Lc  stm32f4xx_hal_i2c.o [1]
I2C_RequestMemoryWrite  0x08001edf   0x7e  Code  Lc  stm32f4xx_hal_i2c.o [1]
I2C_WaitOnFlagUntilTimeout
                        0x08002051   0x78  Code  Lc  stm32f4xx_hal_i2c.o [1]
I2C_WaitOnMasterAddressFlagUntilTimeout
                        0x080020e1   0x72  Code  Lc  stm32f4xx_hal_i2c.o [1]
MX_FATFS_Init           0x08002e45   0x10  Code  Gb  fatfs.o [1]
MX_GPIO_Init            0x08002c49  0x156  Code  Lc  main.o [1]
NVIC_SetPriority        0x08001185   0x1a  Code  Lc  stm32f4xx_hal_cortex.o [1]
Region$$Table$$Base     0x080030ec          --   Gb  - Linker created -
Region$$Table$$Limit    0x08003110          --   Gb  - Linker created -
SDCardInfo              0x20000548   0x58  Data  Gb  main.o [1]
SDIO_DataConfig         0x080010cd   0x24  Code  Gb  stm32f4xx_ll_sdmmc.o [1]
SDIO_GetCommandResponse
                        0x080010b3    0x6  Code  Gb  stm32f4xx_ll_sdmmc.o [1]
SDIO_GetPowerState      0x08001089    0x8  Code  Gb  stm32f4xx_ll_sdmmc.o [1]
SDIO_GetResponse        0x080010b9   0x14  Code  Gb  stm32f4xx_ll_sdmmc.o [1]
SDIO_IRQHandler         0x0800305d    0x6  Code  Gb  stm32f4xx_it.o [1]
SDIO_Init               0x0800104d   0x26  Code  Gb  stm32f4xx_ll_sdmmc.o [1]
SDIO_PowerState_ON      0x0800107f    0x4  Code  Gb  stm32f4xx_ll_sdmmc.o [1]
SDIO_ReadFIFO           0x08001073    0x2  Code  Gb  stm32f4xx_ll_sdmmc.o [1]
SDIO_SendCommand        0x08001091   0x22  Code  Gb  stm32f4xx_ll_sdmmc.o [1]
SDIO_WriteFIFO          0x08001075    0xa  Code  Gb  stm32f4xx_ll_sdmmc.o [1]
SD_CmdResp1Error        0x08000bff   0xce  Code  Lc  stm32f4xx_hal_sd.o [1]
SD_CmdResp2Error        0x08000ccd   0x30  Code  Lc  stm32f4xx_hal_sd.o [1]
SD_Driver               0x08003154   0x14  Data  Gb  sd_diskio.o [1]
SD_Initialize_Cards     0x08000955  0x10a  Code  Lc  stm32f4xx_hal_sd.o [1]
SD_IsCardProgramming    0x08000d05  0x136  Code  Lc  stm32f4xx_hal_sd.o [1]
SD_Path                 0x200005a4    0x4  Data  Gb  fatfs.o [1]
SD_PowerON              0x08000a6d  0x168  Code  Lc  stm32f4xx_hal_sd.o [1]
SD_initialize           0x08002ea1    0xe  Code  Gb  sd_diskio.o [1]
SD_ioctl                0x08002ef9   0x48  Code  Gb  sd_diskio.o [1]
SD_read                 0x08002ec9    0xc  Code  Gb  sd_diskio.o [1]
SD_status               0x08002eaf    0xc  Code  Gb  sd_diskio.o [1]
SD_write                0x08002ed5    0xa  Code  Gb  sd_diskio.o [1]
SPI2_IRQHandler         0x08003051    0x6  Code  Gb  stm32f4xx_it.o [1]
SPI_WaitOnFlagUntilTimeout
                        0x080029e5   0x7a  Code  Lc  stm32f4xx_hal_spi.o [1]
Stat                    0x20000004    0x1  Data  Lc  sd_diskio.o [1]
SysTick_Handler         0x0800303d    0xe  Code  Gb  stm32f4xx_it.o [1]
SystemClock_Config      0x08002ba7   0xa2  Code  Gb  main.o [1]
SystemCoreClock         0x20000000    0x4  Data  Gb  system_stm32f4xx.o [1]
SystemInit              0x08002fad   0x3a  Code  Gb  system_stm32f4xx.o [1]
UART_Receive_IT         0x08002477   0xa0  Code  Lc  stm32f4xx_hal_uart.o [1]
UART_SetConfig          0x08002517   0xe0  Code  Lc  stm32f4xx_hal_uart.o [1]
UART_WaitOnFlagUntilTimeout
                        0x080023dd   0x8a  Code  Lc  stm32f4xx_hal_uart.o [1]
USART2_IRQHandler       0x08003057    0x6  Code  Gb  stm32f4xx_it.o [1]
__cmain                 0x08003111         Code  Gb  cmain.o [5]
__exit                  0x08003141   0x14  Code  Gb  exit.o [6]
__iar_copy_init3        0x08003075   0x2c  Code  Gb  copy_init3.o [5]
__iar_data_init3        0x080030a1   0x28  Code  Gb  data_init.o [5]
__iar_init_vfp          0x080030c9         Code  Gb  fpinit_M.o [4]
__iar_program_start     0x08003179         Code  Gb  cstartup_M.o [5]
__iar_unaligned___aeabi_memcpy4
                        0x08000ff5         Code  Gb  ABImemcpy_unaligned.o [5]
__iar_unaligned___aeabi_memcpy8
                        0x08000ff5         Code  Gb  ABImemcpy_unaligned.o [5]
__iar_zero_init3        0x08002ffd   0x40  Code  Gb  zero_init3.o [5]
__low_level_init        0x0800312b    0x4  Code  Gb  low_level_init.o [3]
__vector_table          0x08000000         Data  Gb  startup_stm32f407xx.o [1]
_call_main              0x0800311d         Code  Gb  cmain.o [5]
_exit                   0x08003135         Code  Gb  cexit.o [5]
_main                   0x08003127         Code  Gb  cmain.o [5]
disk                    0x2000053c    0xc  Data  Gb  ff_gen_drv.o [1]
exit                    0x0800312f    0x4  Code  Gb  exit.o [3]
hi2c1                   0x20000460   0x3c  Data  Gb  main.o [1]
hsd                     0x200004dc   0x60  Data  Gb  main.o [1]
hspi2                   0x20000408   0x58  Data  Gb  main.o [1]
huart2                  0x2000049c   0x40  Data  Gb  main.o [1]
main                    0x08002a61  0x12c  Code  Gb  main.o [1]
retSD                   0x200005a0    0x1  Data  Gb  fatfs.o [1]
uwTick                  0x200005a8    0x4  Data  Lc  stm32f4xx_hal.o [1]


[1] = G:\Users\nanimo\Documents\GitHub\upsat-obc-software\stm_cube\su_sd_fr_test2\EWARM\su_sd_fr_test2 Configuration\Obj
[2] = command line
[3] = dl7M_tlf.a
[4] = m7M_tls.a
[5] = rt7M_tl.a
[6] = shb_l.a

  12 958 bytes of readonly  code memory
      66 bytes of readonly  data memory
   1 449 bytes of readwrite data memory

Errors: none
Warnings: none
