###############################################################################
#
# IAR ELF Linker V7.50.2.10312/W32 for ARM                13/Feb/2016  00:41:47
# Copyright 2007-2015 IAR Systems AB.
#
#    Output file  =  
#        G:\Users\nanimo\Documents\GitHub\upsat-obc-software\stm_cube\su_sd_fr_test2\EWARM\su_sd_fr_test2
#        Configuration\Exe\su_sd_fr_test2 Configuration.out
#    Map file     =  
#        G:\Users\nanimo\Documents\GitHub\upsat-obc-software\stm_cube\su_sd_fr_test2\EWARM\su_sd_fr_test2
#        Configuration\List\su_sd_fr_test2 Configuration.map
#    Command line =  
#        "G:\Users\nanimo\Documents\GitHub\upsat-obc-software\stm_cube\su_sd_fr_test2\EWARM\su_sd_fr_test2
#        Configuration\Obj\bsp_driver_sd.o"
#        "G:\Users\nanimo\Documents\GitHub\upsat-obc-software\stm_cube\su_sd_fr_test2\EWARM\su_sd_fr_test2
#        Configuration\Obj\diskio.o"
#        "G:\Users\nanimo\Documents\GitHub\upsat-obc-software\stm_cube\su_sd_fr_test2\EWARM\su_sd_fr_test2
#        Configuration\Obj\fatfs.o"
#        "G:\Users\nanimo\Documents\GitHub\upsat-obc-software\stm_cube\su_sd_fr_test2\EWARM\su_sd_fr_test2
#        Configuration\Obj\ff.o"
#        "G:\Users\nanimo\Documents\GitHub\upsat-obc-software\stm_cube\su_sd_fr_test2\EWARM\su_sd_fr_test2
#        Configuration\Obj\ff_gen_drv.o"
#        "G:\Users\nanimo\Documents\GitHub\upsat-obc-software\stm_cube\su_sd_fr_test2\EWARM\su_sd_fr_test2
#        Configuration\Obj\main.o"
#        "G:\Users\nanimo\Documents\GitHub\upsat-obc-software\stm_cube\su_sd_fr_test2\EWARM\su_sd_fr_test2
#        Configuration\Obj\sd_diskio.o"
#        "G:\Users\nanimo\Documents\GitHub\upsat-obc-software\stm_cube\su_sd_fr_test2\EWARM\su_sd_fr_test2
#        Configuration\Obj\startup_stm32f407xx.o"
#        "G:\Users\nanimo\Documents\GitHub\upsat-obc-software\stm_cube\su_sd_fr_test2\EWARM\su_sd_fr_test2
#        Configuration\Obj\stm32f4xx_hal.o"
#        "G:\Users\nanimo\Documents\GitHub\upsat-obc-software\stm_cube\su_sd_fr_test2\EWARM\su_sd_fr_test2
#        Configuration\Obj\stm32f4xx_hal_cortex.o"
#        "G:\Users\nanimo\Documents\GitHub\upsat-obc-software\stm_cube\su_sd_fr_test2\EWARM\su_sd_fr_test2
#        Configuration\Obj\stm32f4xx_hal_dma.o"
#        "G:\Users\nanimo\Documents\GitHub\upsat-obc-software\stm_cube\su_sd_fr_test2\EWARM\su_sd_fr_test2
#        Configuration\Obj\stm32f4xx_hal_dma_ex.o"
#        "G:\Users\nanimo\Documents\GitHub\upsat-obc-software\stm_cube\su_sd_fr_test2\EWARM\su_sd_fr_test2
#        Configuration\Obj\stm32f4xx_hal_flash.o"
#        "G:\Users\nanimo\Documents\GitHub\upsat-obc-software\stm_cube\su_sd_fr_test2\EWARM\su_sd_fr_test2
#        Configuration\Obj\stm32f4xx_hal_flash_ex.o"
#        "G:\Users\nanimo\Documents\GitHub\upsat-obc-software\stm_cube\su_sd_fr_test2\EWARM\su_sd_fr_test2
#        Configuration\Obj\stm32f4xx_hal_flash_ramfunc.o"
#        "G:\Users\nanimo\Documents\GitHub\upsat-obc-software\stm_cube\su_sd_fr_test2\EWARM\su_sd_fr_test2
#        Configuration\Obj\stm32f4xx_hal_gpio.o"
#        "G:\Users\nanimo\Documents\GitHub\upsat-obc-software\stm_cube\su_sd_fr_test2\EWARM\su_sd_fr_test2
#        Configuration\Obj\stm32f4xx_hal_i2c.o"
#        "G:\Users\nanimo\Documents\GitHub\upsat-obc-software\stm_cube\su_sd_fr_test2\EWARM\su_sd_fr_test2
#        Configuration\Obj\stm32f4xx_hal_i2c_ex.o"
#        "G:\Users\nanimo\Documents\GitHub\upsat-obc-software\stm_cube\su_sd_fr_test2\EWARM\su_sd_fr_test2
#        Configuration\Obj\stm32f4xx_hal_msp.o"
#        "G:\Users\nanimo\Documents\GitHub\upsat-obc-software\stm_cube\su_sd_fr_test2\EWARM\su_sd_fr_test2
#        Configuration\Obj\stm32f4xx_hal_pwr.o"
#        "G:\Users\nanimo\Documents\GitHub\upsat-obc-software\stm_cube\su_sd_fr_test2\EWARM\su_sd_fr_test2
#        Configuration\Obj\stm32f4xx_hal_pwr_ex.o"
#        "G:\Users\nanimo\Documents\GitHub\upsat-obc-software\stm_cube\su_sd_fr_test2\EWARM\su_sd_fr_test2
#        Configuration\Obj\stm32f4xx_hal_rcc.o"
#        "G:\Users\nanimo\Documents\GitHub\upsat-obc-software\stm_cube\su_sd_fr_test2\EWARM\su_sd_fr_test2
#        Configuration\Obj\stm32f4xx_hal_rcc_ex.o"
#        "G:\Users\nanimo\Documents\GitHub\upsat-obc-software\stm_cube\su_sd_fr_test2\EWARM\su_sd_fr_test2
#        Configuration\Obj\stm32f4xx_hal_sd.o"
#        "G:\Users\nanimo\Documents\GitHub\upsat-obc-software\stm_cube\su_sd_fr_test2\EWARM\su_sd_fr_test2
#        Configuration\Obj\stm32f4xx_hal_uart.o"
#        "G:\Users\nanimo\Documents\GitHub\upsat-obc-software\stm_cube\su_sd_fr_test2\EWARM\su_sd_fr_test2
#        Configuration\Obj\stm32f4xx_it.o"
#        "G:\Users\nanimo\Documents\GitHub\upsat-obc-software\stm_cube\su_sd_fr_test2\EWARM\su_sd_fr_test2
#        Configuration\Obj\stm32f4xx_ll_sdmmc.o"
#        "G:\Users\nanimo\Documents\GitHub\upsat-obc-software\stm_cube\su_sd_fr_test2\EWARM\su_sd_fr_test2
#        Configuration\Obj\syscall.o"
#        "G:\Users\nanimo\Documents\GitHub\upsat-obc-software\stm_cube\su_sd_fr_test2\EWARM\su_sd_fr_test2
#        Configuration\Obj\system_stm32f4xx.o" --redirect _Printf=_PrintfFull
#        --redirect _Scanf=_ScanfFull -o
#        "G:\Users\nanimo\Documents\GitHub\upsat-obc-software\stm_cube\su_sd_fr_test2\EWARM\su_sd_fr_test2
#        Configuration\Exe\su_sd_fr_test2 Configuration.out" --map
#        "G:\Users\nanimo\Documents\GitHub\upsat-obc-software\stm_cube\su_sd_fr_test2\EWARM\su_sd_fr_test2
#        Configuration\List\su_sd_fr_test2 Configuration.map" --config
#        G:\Users\nanimo\Documents\GitHub\upsat-obc-software\stm_cube\su_sd_fr_test2\EWARM/stm32f407xx_flash.icf
#        --semihosting --entry __iar_program_start --vfe
#
###############################################################################

*******************************************************************************
*** RUNTIME MODEL ATTRIBUTES
***

CppFlavor       = *
__SystemLibrary = DLib


*******************************************************************************
*** PLACEMENT SUMMARY
***

"A1":  place at 0x08000000 { ro section .intvec };
"P1":  place in [from 0x08000000 to 0x080fffff] { ro };
"P2":  place in [from 0x20000000 to 0x2001ffff] { rw, block CSTACK, block HEAP };

  Section            Kind        Address    Size  Object
  -------            ----        -------    ----  ------
"A1":                                      0x188
  .intvec            ro code  0x08000000   0x188  startup_stm32f407xx.o [1]
                            - 0x08000188   0x188

"P1":                                     0x2f40
  .text              ro code  0x08000188   0xf04  stm32f4xx_hal_sd.o [1]
  .text              ro code  0x0800108c   0x160  stm32f4xx_hal_msp.o [1]
  .text              ro code  0x080011ec    0x56  ABImemcpy_unaligned.o [5]
  .text              ro code  0x08001244    0xb4  stm32f4xx_ll_sdmmc.o [1]
  .text              ro code  0x080012f8    0x84  stm32f4xx_hal.o [1]
  .text              ro code  0x0800137c    0xe2  stm32f4xx_hal_cortex.o [1]
  .text              ro code  0x08001460   0x1f0  stm32f4xx_hal_gpio.o [1]
  .text              ro code  0x08001650   0x4e4  stm32f4xx_hal_rcc.o [1]
  .text              ro code  0x08001b34   0x902  stm32f4xx_hal_i2c.o [1]
  .text              ro code  0x08002438   0x494  stm32f4xx_hal_uart.o [1]
  .text              ro code  0x080028cc   0x354  main.o [1]
  .text              ro code  0x08002c20    0x18  fatfs.o [1]
  .text              ro code  0x08002c38    0x44  ff_gen_drv.o [1]
  .text              ro code  0x08002c7c    0xa4  sd_diskio.o [1]
  .text              ro code  0x08002d20    0x78  bsp_driver_sd.o [1]
  .text              ro code  0x08002d98    0x50  system_stm32f4xx.o [1]
  .text              ro code  0x08002de8    0x40  zero_init3.o [5]
  .text              ro code  0x08002e28    0x34  stm32f4xx_it.o [1]
  .text              ro code  0x08002e5c    0x2c  copy_init3.o [5]
  .text              ro code  0x08002e88    0x28  data_init.o [5]
  .text              ro code  0x08002eb0    0x22  fpinit_M.o [4]
  .iar.init_table    const    0x08002ed4    0x24  - Linker created -
  .text              ro code  0x08002ef8    0x1a  cmain.o [5]
  .text              ro code  0x08002f12     0x4  low_level_init.o [3]
  .text              ro code  0x08002f16     0x4  exit.o [3]
  .text              ro code  0x08002f1c     0xa  cexit.o [5]
  .text              ro code  0x08002f28    0x14  exit.o [6]
  .rodata            const    0x08002f3c    0x14  sd_diskio.o [1]
  .text              ro code  0x08002f50    0x10  startup_stm32f407xx.o [1]
  .text              ro code  0x08002f60     0xc  cstartup_M.o [5]
  Initializer bytes  const    0x08002f6c     0x8  <for P2-1>
  .text              ro code  0x08002f74     0x4  startup_stm32f407xx.o [1]
  .text              ro code  0x08002f78     0x4  startup_stm32f407xx.o [1]
  .text              ro code  0x08002f7c     0x4  startup_stm32f407xx.o [1]
  .text              ro code  0x08002f80     0x4  startup_stm32f407xx.o [1]
  .text              ro code  0x08002f84     0x4  startup_stm32f407xx.o [1]
  .text              ro code  0x08002f88     0x4  startup_stm32f407xx.o [1]
  .text              ro code  0x08002f8c     0x4  startup_stm32f407xx.o [1]
  .text              ro code  0x08002f90     0x4  startup_stm32f407xx.o [1]
  .text              ro code  0x08002f94     0x4  startup_stm32f407xx.o [1]
  .text              ro code  0x08002f98     0x4  startup_stm32f407xx.o [1]
  .text              ro code  0x08002f9c     0x4  startup_stm32f407xx.o [1]
  .text              ro code  0x08002fa0     0x4  startup_stm32f407xx.o [1]
  .text              ro code  0x08002fa4     0x4  startup_stm32f407xx.o [1]
  .text              ro code  0x08002fa8     0x4  startup_stm32f407xx.o [1]
  .text              ro code  0x08002fac     0x4  startup_stm32f407xx.o [1]
  .text              ro code  0x08002fb0     0x4  startup_stm32f407xx.o [1]
  .text              ro code  0x08002fb4     0x4  startup_stm32f407xx.o [1]
  .text              ro code  0x08002fb8     0x4  startup_stm32f407xx.o [1]
  .text              ro code  0x08002fbc     0x4  startup_stm32f407xx.o [1]
  .text              ro code  0x08002fc0     0x4  startup_stm32f407xx.o [1]
  .text              ro code  0x08002fc4     0x4  startup_stm32f407xx.o [1]
  .text              ro code  0x08002fc8     0x4  startup_stm32f407xx.o [1]
  .text              ro code  0x08002fcc     0x4  startup_stm32f407xx.o [1]
  .text              ro code  0x08002fd0     0x4  startup_stm32f407xx.o [1]
  .text              ro code  0x08002fd4     0x4  startup_stm32f407xx.o [1]
  .text              ro code  0x08002fd8     0x4  startup_stm32f407xx.o [1]
  .text              ro code  0x08002fdc     0x4  startup_stm32f407xx.o [1]
  .text              ro code  0x08002fe0     0x4  startup_stm32f407xx.o [1]
  .text              ro code  0x08002fe4     0x4  startup_stm32f407xx.o [1]
  .text              ro code  0x08002fe8     0x4  startup_stm32f407xx.o [1]
  .text              ro code  0x08002fec     0x4  startup_stm32f407xx.o [1]
  .text              ro code  0x08002ff0     0x4  startup_stm32f407xx.o [1]
  .text              ro code  0x08002ff4     0x4  startup_stm32f407xx.o [1]
  .text              ro code  0x08002ff8     0x4  startup_stm32f407xx.o [1]
  .text              ro code  0x08002ffc     0x4  startup_stm32f407xx.o [1]
  .text              ro code  0x08003000     0x4  startup_stm32f407xx.o [1]
  .text              ro code  0x08003004     0x4  startup_stm32f407xx.o [1]
  .text              ro code  0x08003008     0x4  startup_stm32f407xx.o [1]
  .text              ro code  0x0800300c     0x4  startup_stm32f407xx.o [1]
  .text              ro code  0x08003010     0x4  startup_stm32f407xx.o [1]
  .text              ro code  0x08003014     0x4  startup_stm32f407xx.o [1]
  .text              ro code  0x08003018     0x4  startup_stm32f407xx.o [1]
  .text              ro code  0x0800301c     0x4  startup_stm32f407xx.o [1]
  .text              ro code  0x08003020     0x4  startup_stm32f407xx.o [1]
  .text              ro code  0x08003024     0x4  startup_stm32f407xx.o [1]
  .text              ro code  0x08003028     0x4  startup_stm32f407xx.o [1]
  .text              ro code  0x0800302c     0x4  startup_stm32f407xx.o [1]
  .text              ro code  0x08003030     0x4  startup_stm32f407xx.o [1]
  .text              ro code  0x08003034     0x4  startup_stm32f407xx.o [1]
  .text              ro code  0x08003038     0x4  startup_stm32f407xx.o [1]
  .text              ro code  0x0800303c     0x4  startup_stm32f407xx.o [1]
  .text              ro code  0x08003040     0x4  startup_stm32f407xx.o [1]
  .text              ro code  0x08003044     0x4  startup_stm32f407xx.o [1]
  .text              ro code  0x08003048     0x4  startup_stm32f407xx.o [1]
  .text              ro code  0x0800304c     0x4  startup_stm32f407xx.o [1]
  .text              ro code  0x08003050     0x4  startup_stm32f407xx.o [1]
  .text              ro code  0x08003054     0x4  startup_stm32f407xx.o [1]
  .text              ro code  0x08003058     0x4  startup_stm32f407xx.o [1]
  .text              ro code  0x0800305c     0x4  startup_stm32f407xx.o [1]
  .text              ro code  0x08003060     0x4  startup_stm32f407xx.o [1]
  .text              ro code  0x08003064     0x4  startup_stm32f407xx.o [1]
  .text              ro code  0x08003068     0x4  startup_stm32f407xx.o [1]
  .text              ro code  0x0800306c     0x4  startup_stm32f407xx.o [1]
  .text              ro code  0x08003070     0x4  startup_stm32f407xx.o [1]
  .text              ro code  0x08003074     0x4  startup_stm32f407xx.o [1]
  .text              ro code  0x08003078     0x4  startup_stm32f407xx.o [1]
  .text              ro code  0x0800307c     0x4  startup_stm32f407xx.o [1]
  .text              ro code  0x08003080     0x4  startup_stm32f407xx.o [1]
  .text              ro code  0x08003084     0x4  startup_stm32f407xx.o [1]
  .text              ro code  0x08003088     0x4  startup_stm32f407xx.o [1]
  .text              ro code  0x0800308c     0x4  startup_stm32f407xx.o [1]
  .text              ro code  0x08003090     0x4  startup_stm32f407xx.o [1]
  .text              ro code  0x08003094     0x4  startup_stm32f407xx.o [1]
  .text              ro code  0x08003098     0x4  startup_stm32f407xx.o [1]
  .text              ro code  0x0800309c     0x4  startup_stm32f407xx.o [1]
  .text              ro code  0x080030a0     0x4  startup_stm32f407xx.o [1]
  .text              ro code  0x080030a4     0x4  startup_stm32f407xx.o [1]
  .text              ro code  0x080030a8     0x4  startup_stm32f407xx.o [1]
  .text              ro code  0x080030ac     0x4  startup_stm32f407xx.o [1]
  .text              ro code  0x080030b0     0x4  startup_stm32f407xx.o [1]
  .text              ro code  0x080030b4     0x4  startup_stm32f407xx.o [1]
  .text              ro code  0x080030b8     0x4  startup_stm32f407xx.o [1]
  .text              ro code  0x080030bc     0x4  startup_stm32f407xx.o [1]
  .text              ro code  0x080030c0     0x4  startup_stm32f407xx.o [1]
  .text              ro code  0x080030c4     0x4  startup_stm32f407xx.o [1]
  .rodata            const    0x080030c8     0x0  zero_init3.o [5]
  .rodata            const    0x080030c8     0x0  copy_init3.o [5]
                            - 0x080030c8  0x2f40

"P2", part 1 of 3:                           0x8
  P2-1                        0x20000000     0x5  <Init block>
    .data            inited   0x20000000     0x4  system_stm32f4xx.o [1]
    .data            inited   0x20000004     0x1  sd_diskio.o [1]
                            - 0x20000005     0x5

"P2", part 2 of 3:                         0x400
  CSTACK                      0x20000008   0x400  <Block>
    CSTACK           uninit   0x20000008   0x400  <Block tail>
                            - 0x20000408   0x400

"P2", part 3 of 3:                         0x14c
  .bss               zero     0x20000408    0xa0  main.o [1]
  .bss               zero     0x200004a8    0x58  main.o [1]
  .bss               zero     0x20000500    0x3c  main.o [1]
  .bss               zero     0x2000053c     0xc  ff_gen_drv.o [1]
  .bss               zero     0x20000548     0x8  fatfs.o [1]
  .bss               zero     0x20000550     0x4  stm32f4xx_hal.o [1]
                            - 0x20000554   0x14c


*******************************************************************************
*** INIT TABLE
***

          Address     Size
          -------     ----
Zero (__iar_zero_init3)
    1 destination range, total size 0x14c:
          0x20000408  0x14c

Copy (__iar_copy_init3)
    1 source range, total size 0x8 (160% of destination):
          0x08002f6c    0x8
    1 destination range, total size 0x5:
          0x20000000    0x5



*******************************************************************************
*** MODULE SUMMARY
***

    Module                  ro code  ro data  rw data
    ------                  -------  -------  -------
G:\Users\nanimo\Documents\GitHub\upsat-obc-software\stm_cube\su_sd_fr_test2\EWARM\su_sd_fr_test2 Configuration\Obj: [1]
    bsp_driver_sd.o             120
    fatfs.o                      24                 8
    ff_gen_drv.o                 68                12
    main.o                      852               308
    sd_diskio.o                 164       21        1
    startup_stm32f407xx.o       748
    stm32f4xx_hal.o             132                 4
    stm32f4xx_hal_cortex.o      226
    stm32f4xx_hal_gpio.o        496
    stm32f4xx_hal_i2c.o       2 306
    stm32f4xx_hal_msp.o         352
    stm32f4xx_hal_rcc.o       1 252
    stm32f4xx_hal_sd.o        3 844
    stm32f4xx_hal_uart.o      1 172
    stm32f4xx_it.o               52
    stm32f4xx_ll_sdmmc.o        180
    system_stm32f4xx.o           80        4        4
    -------------------------------------------------
    Total:                   12 068       25      337

command line: [2]
    -------------------------------------------------
    Total:

dl7M_tlf.a: [3]
    exit.o                        4
    low_level_init.o              4
    -------------------------------------------------
    Total:                        8

m7M_tls.a: [4]
    fpinit_M.o                   34
    -------------------------------------------------
    Total:                       34

rt7M_tl.a: [5]
    ABImemcpy_unaligned.o        86
    cexit.o                      10
    cmain.o                      26
    copy_init3.o                 44
    cstartup_M.o                 12
    data_init.o                  40
    zero_init3.o                 64
    -------------------------------------------------
    Total:                      282

shb_l.a: [6]
    exit.o                       20
    -------------------------------------------------
    Total:                       20

    Gaps                         10        2
    Linker created                        39    1 024
-----------------------------------------------------
    Grand Total:             12 422       66    1 361


*******************************************************************************
*** ENTRY LIST
***

Entry                      Address   Size  Type      Object
-----                      -------   ----  ----      ------
.iar.init_table$$Base   0x08002ed4          --   Gb  - Linker created -
.iar.init_table$$Limit  0x08002ef8          --   Gb  - Linker created -
?main                   0x08002ef9         Code  Gb  cmain.o [5]
APBAHBPrescTable        0x08001b24   0x10  Data  Gb  stm32f4xx_hal_rcc.o [1]
BSP_SD_GetCardInfo      0x08002d89    0x8  Code  Gb  bsp_driver_sd.o [1]
BSP_SD_GetStatus        0x08002d83    0x6  Code  Gb  bsp_driver_sd.o [1]
BSP_SD_Init             0x08002d21   0x34  Code  Gb  bsp_driver_sd.o [1]
BSP_SD_ReadBlocks       0x08002d55    0xe  Code  Gb  bsp_driver_sd.o [1]
BSP_SD_WriteBlocks      0x08002d63    0xc  Code  Gb  bsp_driver_sd.o [1]
CSTACK$$Base            0x20000008          --   Gb  - Linker created -
CSTACK$$Limit           0x20000408          --   Gb  - Linker created -
FATFS_LinkDriver        0x08002c73    0x4  Code  Gb  ff_gen_drv.o [1]
FATFS_LinkDriverEx      0x08002c39   0x3a  Code  Gb  ff_gen_drv.o [1]
HAL_Delay               0x0800135d   0x18  Code  Wk  stm32f4xx_hal.o [1]
HAL_GPIO_Init           0x08001461  0x1c0  Code  Gb  stm32f4xx_hal_gpio.o [1]
HAL_GetTick             0x08001357    0x6  Code  Wk  stm32f4xx_hal.o [1]
HAL_I2C_ER_IRQHandler   0x0800200f   0xb4  Code  Gb  stm32f4xx_hal_i2c.o [1]
HAL_I2C_EV_IRQHandler   0x08001e7b  0x166  Code  Gb  stm32f4xx_hal_i2c.o [1]
HAL_I2C_ErrorCallback   0x080020ef    0x2  Code  Wk  stm32f4xx_hal_i2c.o [1]
HAL_I2C_Init            0x08001b35   0xca  Code  Gb  stm32f4xx_hal_i2c.o [1]
HAL_I2C_MasterRxCpltCallback
                        0x080020e5    0x2  Code  Wk  stm32f4xx_hal_i2c.o [1]
HAL_I2C_MasterTxCpltCallback
                        0x080020e3    0x2  Code  Wk  stm32f4xx_hal_i2c.o [1]
HAL_I2C_MemRxCpltCallback
                        0x080020ed    0x2  Code  Wk  stm32f4xx_hal_i2c.o [1]
HAL_I2C_MemTxCpltCallback
                        0x080020eb    0x2  Code  Wk  stm32f4xx_hal_i2c.o [1]
HAL_I2C_Mem_Read        0x08001cc1  0x108  Code  Gb  stm32f4xx_hal_i2c.o [1]
HAL_I2C_Mem_Write       0x08001c1d   0x8c  Code  Gb  stm32f4xx_hal_i2c.o [1]
HAL_I2C_MspInit         0x080010a5   0x60  Code  Gb  stm32f4xx_hal_msp.o [1]
HAL_I2C_SlaveRxCpltCallback
                        0x080020e9    0x2  Code  Wk  stm32f4xx_hal_i2c.o [1]
HAL_I2C_SlaveTxCpltCallback
                        0x080020e7    0x2  Code  Wk  stm32f4xx_hal_i2c.o [1]
HAL_IncTick             0x0800134d    0xa  Code  Wk  stm32f4xx_hal.o [1]
HAL_Init                0x080012f9   0x30  Code  Gb  stm32f4xx_hal.o [1]
HAL_InitTick            0x08001329   0x24  Code  Wk  stm32f4xx_hal.o [1]
HAL_MspInit             0x0800108d   0x18  Code  Gb  stm32f4xx_hal_msp.o [1]
HAL_NVIC_EnableIRQ      0x080013eb    0xc  Code  Gb  stm32f4xx_hal_cortex.o [1]
HAL_NVIC_SetPriority    0x080013b1   0x3a  Code  Gb  stm32f4xx_hal_cortex.o [1]
HAL_NVIC_SetPriorityGrouping
                        0x08001397   0x1a  Code  Gb  stm32f4xx_hal_cortex.o [1]
HAL_RCC_ClockConfig     0x080018c7  0x158  Code  Gb  stm32f4xx_hal_rcc.o [1]
HAL_RCC_GetHCLKFreq     0x08001aad   0x1e  Code  Gb  stm32f4xx_hal_rcc.o [1]
HAL_RCC_GetPCLK1Freq    0x08001acb   0x10  Code  Gb  stm32f4xx_hal_rcc.o [1]
HAL_RCC_GetPCLK2Freq    0x08001adb    0xe  Code  Gb  stm32f4xx_hal_rcc.o [1]
HAL_RCC_GetSysClockFreq
                        0x08001a67   0x46  Code  Wk  stm32f4xx_hal_rcc.o [1]
HAL_RCC_OscConfig       0x08001651  0x26c  Code  Wk  stm32f4xx_hal_rcc.o [1]
HAL_SD_GetStatus        0x08000a2b   0x36  Code  Gb  stm32f4xx_hal_sd.o [1]
HAL_SD_Get_CardInfo     0x080005e5  0x2d8  Code  Gb  stm32f4xx_hal_sd.o [1]
HAL_SD_IRQHandler       0x0800056b   0x76  Code  Gb  stm32f4xx_hal_sd.o [1]
HAL_SD_Init             0x08000189   0x96  Code  Gb  stm32f4xx_hal_sd.o [1]
HAL_SD_MspInit          0x08001105   0x54  Code  Gb  stm32f4xx_hal_msp.o [1]
HAL_SD_ReadBlocks       0x08000229  0x160  Code  Gb  stm32f4xx_hal_sd.o [1]
HAL_SD_StopTransfer     0x080009d3   0x1c  Code  Gb  stm32f4xx_hal_sd.o [1]
HAL_SD_WideBusOperation_Config
                        0x080008bd   0xe8  Code  Gb  stm32f4xx_hal_sd.o [1]
HAL_SD_WriteBlocks      0x0800039b  0x1b6  Code  Gb  stm32f4xx_hal_sd.o [1]
HAL_SD_XferCpltCallback
                        0x080005e1    0x2  Code  Wk  stm32f4xx_hal_sd.o [1]
HAL_SD_XferErrorCallback
                        0x080005e3    0x2  Code  Wk  stm32f4xx_hal_sd.o [1]
HAL_SYSTICK_CLKSourceConfig
                        0x08001427   0x14  Code  Gb  stm32f4xx_hal_cortex.o [1]
HAL_SYSTICK_Callback    0x0800145d    0x2  Code  Wk  stm32f4xx_hal_cortex.o [1]
HAL_SYSTICK_Config      0x080013ff   0x28  Code  Gb  stm32f4xx_hal_cortex.o [1]
HAL_SYSTICK_IRQHandler  0x08001455    0x8  Code  Gb  stm32f4xx_hal_cortex.o [1]
HAL_UART_ErrorCallback  0x080026a3    0x2  Code  Wk  stm32f4xx_hal_uart.o [1]
HAL_UART_IRQHandler     0x08002567  0x138  Code  Gb  stm32f4xx_hal_uart.o [1]
HAL_UART_Init           0x08002439   0x26  Code  Gb  stm32f4xx_hal_uart.o [1]
HAL_UART_MspInit        0x08001173   0x50  Code  Gb  stm32f4xx_hal_msp.o [1]
HAL_UART_RxCpltCallback
                        0x080026a1    0x2  Code  Wk  stm32f4xx_hal_uart.o [1]
HAL_UART_Transmit       0x080024a3   0x90  Code  Gb  stm32f4xx_hal_uart.o [1]
HAL_UART_TxCpltCallback
                        0x0800269f    0x2  Code  Wk  stm32f4xx_hal_uart.o [1]
I2C1_ER_IRQHandler      0x08002e3d    0x6  Code  Gb  stm32f4xx_it.o [1]
I2C1_EV_IRQHandler      0x08002e37    0x6  Code  Gb  stm32f4xx_it.o [1]
I2C_MasterReceive_BTF   0x080020f1   0x60  Code  Lc  stm32f4xx_hal_i2c.o [1]
I2C_RequestMemoryRead   0x08002235   0xb0  Code  Lc  stm32f4xx_hal_i2c.o [1]
I2C_RequestMemoryWrite  0x080021a7   0x7e  Code  Lc  stm32f4xx_hal_i2c.o [1]
I2C_WaitOnFlagUntilTimeout
                        0x08002319   0x78  Code  Lc  stm32f4xx_hal_i2c.o [1]
I2C_WaitOnMasterAddressFlagUntilTimeout
                        0x080023a9   0x72  Code  Lc  stm32f4xx_hal_i2c.o [1]
MX_FATFS_Init           0x08002c21   0x10  Code  Gb  fatfs.o [1]
MX_GPIO_Init            0x08002a41  0x13a  Code  Lc  main.o [1]
NVIC_SetPriority        0x0800137d   0x1a  Code  Lc  stm32f4xx_hal_cortex.o [1]
Region$$Table$$Base     0x08002ed4          --   Gb  - Linker created -
Region$$Table$$Limit    0x08002ef8          --   Gb  - Linker created -
SDCardInfo              0x200004a8   0x58  Data  Gb  main.o [1]
SDIO_DataConfig         0x080012c5   0x24  Code  Gb  stm32f4xx_ll_sdmmc.o [1]
SDIO_GetCommandResponse
                        0x080012ab    0x6  Code  Gb  stm32f4xx_ll_sdmmc.o [1]
SDIO_GetPowerState      0x08001281    0x8  Code  Gb  stm32f4xx_ll_sdmmc.o [1]
SDIO_GetResponse        0x080012b1   0x14  Code  Gb  stm32f4xx_ll_sdmmc.o [1]
SDIO_IRQHandler         0x08002e49    0x6  Code  Gb  stm32f4xx_it.o [1]
SDIO_Init               0x08001245   0x26  Code  Gb  stm32f4xx_ll_sdmmc.o [1]
SDIO_PowerState_ON      0x08001277    0x4  Code  Gb  stm32f4xx_ll_sdmmc.o [1]
SDIO_ReadFIFO           0x0800126b    0x2  Code  Gb  stm32f4xx_ll_sdmmc.o [1]
SDIO_SendCommand        0x08001289   0x22  Code  Gb  stm32f4xx_ll_sdmmc.o [1]
SDIO_WriteFIFO          0x0800126d    0xa  Code  Gb  stm32f4xx_ll_sdmmc.o [1]
SD_CmdResp1Error        0x08000d21   0xce  Code  Lc  stm32f4xx_hal_sd.o [1]
SD_CmdResp2Error        0x08000def   0x30  Code  Lc  stm32f4xx_hal_sd.o [1]
SD_Driver               0x08002f3c   0x14  Data  Gb  sd_diskio.o [1]
SD_FindSCR              0x08000e1f  0x114  Code  Lc  stm32f4xx_hal_sd.o [1]
SD_Initialize_Cards     0x08000a77  0x10a  Code  Lc  stm32f4xx_hal_sd.o [1]
SD_IsCardProgramming    0x08000f45  0x136  Code  Lc  stm32f4xx_hal_sd.o [1]
SD_Path                 0x2000054c    0x4  Data  Gb  fatfs.o [1]
SD_PowerON              0x08000b8f  0x168  Code  Lc  stm32f4xx_hal_sd.o [1]
SD_initialize           0x08002c7d    0xe  Code  Gb  sd_diskio.o [1]
SD_ioctl                0x08002cd5   0x48  Code  Gb  sd_diskio.o [1]
SD_read                 0x08002ca5    0xc  Code  Gb  sd_diskio.o [1]
SD_status               0x08002c8b    0xc  Code  Gb  sd_diskio.o [1]
SD_write                0x08002cb1    0xa  Code  Gb  sd_diskio.o [1]
Stat                    0x20000004    0x1  Data  Lc  sd_diskio.o [1]
SysTick_Handler         0x08002e29    0xe  Code  Gb  stm32f4xx_it.o [1]
SystemClock_Config      0x0800299f   0xa2  Code  Gb  main.o [1]
SystemCoreClock         0x20000000    0x4  Data  Gb  system_stm32f4xx.o [1]
SystemInit              0x08002d99   0x3a  Code  Gb  system_stm32f4xx.o [1]
UART_Receive_IT         0x0800273f   0xa0  Code  Lc  stm32f4xx_hal_uart.o [1]
UART_SetConfig          0x080027df   0xe0  Code  Lc  stm32f4xx_hal_uart.o [1]
UART_WaitOnFlagUntilTimeout
                        0x080026a5   0x8a  Code  Lc  stm32f4xx_hal_uart.o [1]
USART2_IRQHandler       0x08002e43    0x6  Code  Gb  stm32f4xx_it.o [1]
__cmain                 0x08002ef9         Code  Gb  cmain.o [5]
__exit                  0x08002f29   0x14  Code  Gb  exit.o [6]
__iar_copy_init3        0x08002e5d   0x2c  Code  Gb  copy_init3.o [5]
__iar_data_init3        0x08002e89   0x28  Code  Gb  data_init.o [5]
__iar_init_vfp          0x08002eb1         Code  Gb  fpinit_M.o [4]
__iar_program_start     0x08002f61         Code  Gb  cstartup_M.o [5]
__iar_unaligned___aeabi_memcpy4
                        0x080011ed         Code  Gb  ABImemcpy_unaligned.o [5]
__iar_unaligned___aeabi_memcpy8
                        0x080011ed         Code  Gb  ABImemcpy_unaligned.o [5]
__iar_zero_init3        0x08002de9   0x40  Code  Gb  zero_init3.o [5]
__low_level_init        0x08002f13    0x4  Code  Gb  low_level_init.o [3]
__vector_table          0x08000000         Data  Gb  startup_stm32f407xx.o [1]
_call_main              0x08002f05         Code  Gb  cmain.o [5]
_exit                   0x08002f1d         Code  Gb  cexit.o [5]
_main                   0x08002f0f         Code  Gb  cmain.o [5]
disk                    0x2000053c    0xc  Data  Gb  ff_gen_drv.o [1]
exit                    0x08002f17    0x4  Code  Gb  exit.o [3]
hi2c1                   0x20000500   0x3c  Data  Gb  main.o [1]
hsd                     0x20000448   0x60  Data  Gb  main.o [1]
huart2                  0x20000408   0x40  Data  Gb  main.o [1]
main                    0x080028cd   0xc4  Code  Gb  main.o [1]
retSD                   0x20000548    0x1  Data  Gb  fatfs.o [1]
uwTick                  0x20000550    0x4  Data  Lc  stm32f4xx_hal.o [1]


[1] = G:\Users\nanimo\Documents\GitHub\upsat-obc-software\stm_cube\su_sd_fr_test2\EWARM\su_sd_fr_test2 Configuration\Obj
[2] = command line
[3] = dl7M_tlf.a
[4] = m7M_tls.a
[5] = rt7M_tl.a
[6] = shb_l.a

  12 422 bytes of readonly  code memory
      66 bytes of readonly  data memory
   1 361 bytes of readwrite data memory

Errors: none
Warnings: none
