###############################################################################
#
# IAR ELF Linker V7.50.2.10312/W32 for ARM                14/Feb/2016  00:05:47
# Copyright 2007-2015 IAR Systems AB.
#
#    Output file  =  
#        G:\Users\nanimo\Documents\GitHub\upsat-obc-software\stm_cube\su_sd_fr_test2\EWARM\su_sd_fr_test2
#        Configuration\Exe\su_sd_fr_test2 Configuration.out
#    Map file     =  
#        G:\Users\nanimo\Documents\GitHub\upsat-obc-software\stm_cube\su_sd_fr_test2\EWARM\su_sd_fr_test2
#        Configuration\List\su_sd_fr_test2 Configuration.map
#    Command line =  
#        "G:\Users\nanimo\Documents\GitHub\upsat-obc-software\stm_cube\su_sd_fr_test2\EWARM\su_sd_fr_test2
#        Configuration\Obj\bsp_driver_sd.o"
#        "G:\Users\nanimo\Documents\GitHub\upsat-obc-software\stm_cube\su_sd_fr_test2\EWARM\su_sd_fr_test2
#        Configuration\Obj\diskio.o"
#        "G:\Users\nanimo\Documents\GitHub\upsat-obc-software\stm_cube\su_sd_fr_test2\EWARM\su_sd_fr_test2
#        Configuration\Obj\fatfs.o"
#        "G:\Users\nanimo\Documents\GitHub\upsat-obc-software\stm_cube\su_sd_fr_test2\EWARM\su_sd_fr_test2
#        Configuration\Obj\ff.o"
#        "G:\Users\nanimo\Documents\GitHub\upsat-obc-software\stm_cube\su_sd_fr_test2\EWARM\su_sd_fr_test2
#        Configuration\Obj\ff_gen_drv.o"
#        "G:\Users\nanimo\Documents\GitHub\upsat-obc-software\stm_cube\su_sd_fr_test2\EWARM\su_sd_fr_test2
#        Configuration\Obj\main.o"
#        "G:\Users\nanimo\Documents\GitHub\upsat-obc-software\stm_cube\su_sd_fr_test2\EWARM\su_sd_fr_test2
#        Configuration\Obj\sd_diskio.o"
#        "G:\Users\nanimo\Documents\GitHub\upsat-obc-software\stm_cube\su_sd_fr_test2\EWARM\su_sd_fr_test2
#        Configuration\Obj\startup_stm32f407xx.o"
#        "G:\Users\nanimo\Documents\GitHub\upsat-obc-software\stm_cube\su_sd_fr_test2\EWARM\su_sd_fr_test2
#        Configuration\Obj\stm32f4xx_hal.o"
#        "G:\Users\nanimo\Documents\GitHub\upsat-obc-software\stm_cube\su_sd_fr_test2\EWARM\su_sd_fr_test2
#        Configuration\Obj\stm32f4xx_hal_adc.o"
#        "G:\Users\nanimo\Documents\GitHub\upsat-obc-software\stm_cube\su_sd_fr_test2\EWARM\su_sd_fr_test2
#        Configuration\Obj\stm32f4xx_hal_adc_ex.o"
#        "G:\Users\nanimo\Documents\GitHub\upsat-obc-software\stm_cube\su_sd_fr_test2\EWARM\su_sd_fr_test2
#        Configuration\Obj\stm32f4xx_hal_cortex.o"
#        "G:\Users\nanimo\Documents\GitHub\upsat-obc-software\stm_cube\su_sd_fr_test2\EWARM\su_sd_fr_test2
#        Configuration\Obj\stm32f4xx_hal_dma.o"
#        "G:\Users\nanimo\Documents\GitHub\upsat-obc-software\stm_cube\su_sd_fr_test2\EWARM\su_sd_fr_test2
#        Configuration\Obj\stm32f4xx_hal_dma_ex.o"
#        "G:\Users\nanimo\Documents\GitHub\upsat-obc-software\stm_cube\su_sd_fr_test2\EWARM\su_sd_fr_test2
#        Configuration\Obj\stm32f4xx_hal_flash.o"
#        "G:\Users\nanimo\Documents\GitHub\upsat-obc-software\stm_cube\su_sd_fr_test2\EWARM\su_sd_fr_test2
#        Configuration\Obj\stm32f4xx_hal_flash_ex.o"
#        "G:\Users\nanimo\Documents\GitHub\upsat-obc-software\stm_cube\su_sd_fr_test2\EWARM\su_sd_fr_test2
#        Configuration\Obj\stm32f4xx_hal_flash_ramfunc.o"
#        "G:\Users\nanimo\Documents\GitHub\upsat-obc-software\stm_cube\su_sd_fr_test2\EWARM\su_sd_fr_test2
#        Configuration\Obj\stm32f4xx_hal_gpio.o"
#        "G:\Users\nanimo\Documents\GitHub\upsat-obc-software\stm_cube\su_sd_fr_test2\EWARM\su_sd_fr_test2
#        Configuration\Obj\stm32f4xx_hal_i2c.o"
#        "G:\Users\nanimo\Documents\GitHub\upsat-obc-software\stm_cube\su_sd_fr_test2\EWARM\su_sd_fr_test2
#        Configuration\Obj\stm32f4xx_hal_i2c_ex.o"
#        "G:\Users\nanimo\Documents\GitHub\upsat-obc-software\stm_cube\su_sd_fr_test2\EWARM\su_sd_fr_test2
#        Configuration\Obj\stm32f4xx_hal_msp.o"
#        "G:\Users\nanimo\Documents\GitHub\upsat-obc-software\stm_cube\su_sd_fr_test2\EWARM\su_sd_fr_test2
#        Configuration\Obj\stm32f4xx_hal_pwr.o"
#        "G:\Users\nanimo\Documents\GitHub\upsat-obc-software\stm_cube\su_sd_fr_test2\EWARM\su_sd_fr_test2
#        Configuration\Obj\stm32f4xx_hal_pwr_ex.o"
#        "G:\Users\nanimo\Documents\GitHub\upsat-obc-software\stm_cube\su_sd_fr_test2\EWARM\su_sd_fr_test2
#        Configuration\Obj\stm32f4xx_hal_rcc.o"
#        "G:\Users\nanimo\Documents\GitHub\upsat-obc-software\stm_cube\su_sd_fr_test2\EWARM\su_sd_fr_test2
#        Configuration\Obj\stm32f4xx_hal_rcc_ex.o"
#        "G:\Users\nanimo\Documents\GitHub\upsat-obc-software\stm_cube\su_sd_fr_test2\EWARM\su_sd_fr_test2
#        Configuration\Obj\stm32f4xx_hal_sd.o"
#        "G:\Users\nanimo\Documents\GitHub\upsat-obc-software\stm_cube\su_sd_fr_test2\EWARM\su_sd_fr_test2
#        Configuration\Obj\stm32f4xx_hal_spi.o"
#        "G:\Users\nanimo\Documents\GitHub\upsat-obc-software\stm_cube\su_sd_fr_test2\EWARM\su_sd_fr_test2
#        Configuration\Obj\stm32f4xx_hal_tim.o"
#        "G:\Users\nanimo\Documents\GitHub\upsat-obc-software\stm_cube\su_sd_fr_test2\EWARM\su_sd_fr_test2
#        Configuration\Obj\stm32f4xx_hal_tim_ex.o"
#        "G:\Users\nanimo\Documents\GitHub\upsat-obc-software\stm_cube\su_sd_fr_test2\EWARM\su_sd_fr_test2
#        Configuration\Obj\stm32f4xx_hal_uart.o"
#        "G:\Users\nanimo\Documents\GitHub\upsat-obc-software\stm_cube\su_sd_fr_test2\EWARM\su_sd_fr_test2
#        Configuration\Obj\stm32f4xx_it.o"
#        "G:\Users\nanimo\Documents\GitHub\upsat-obc-software\stm_cube\su_sd_fr_test2\EWARM\su_sd_fr_test2
#        Configuration\Obj\stm32f4xx_ll_sdmmc.o"
#        "G:\Users\nanimo\Documents\GitHub\upsat-obc-software\stm_cube\su_sd_fr_test2\EWARM\su_sd_fr_test2
#        Configuration\Obj\syscall.o"
#        "G:\Users\nanimo\Documents\GitHub\upsat-obc-software\stm_cube\su_sd_fr_test2\EWARM\su_sd_fr_test2
#        Configuration\Obj\system_stm32f4xx.o" --redirect _Printf=_PrintfFull
#        --redirect _Scanf=_ScanfFull -o
#        "G:\Users\nanimo\Documents\GitHub\upsat-obc-software\stm_cube\su_sd_fr_test2\EWARM\su_sd_fr_test2
#        Configuration\Exe\su_sd_fr_test2 Configuration.out" --map
#        "G:\Users\nanimo\Documents\GitHub\upsat-obc-software\stm_cube\su_sd_fr_test2\EWARM\su_sd_fr_test2
#        Configuration\List\su_sd_fr_test2 Configuration.map" --config
#        G:\Users\nanimo\Documents\GitHub\upsat-obc-software\stm_cube\su_sd_fr_test2\EWARM/stm32f407xx_flash.icf
#        --semihosting --entry __iar_program_start --vfe
#
###############################################################################

*******************************************************************************
*** RUNTIME MODEL ATTRIBUTES
***

CppFlavor       = *
__SystemLibrary = DLib


*******************************************************************************
*** PLACEMENT SUMMARY
***

"A1":  place at 0x08000000 { ro section .intvec };
"P1":  place in [from 0x08000000 to 0x080fffff] { ro };
"P2":  place in [from 0x20000000 to 0x2001ffff] { rw, block CSTACK, block HEAP };

  Section            Kind        Address    Size  Object
  -------            ----        -------    ----  ------
"A1":                                      0x188
  .intvec            ro code  0x08000000   0x188  startup_stm32f407xx.o [1]
                            - 0x08000188   0x188

"P1":                                     0x3c78
  .text              ro code  0x08000188   0xcc4  stm32f4xx_hal_sd.o [1]
  .text              ro code  0x08000e4c   0x23c  stm32f4xx_hal_msp.o [1]
  .text              ro code  0x08001088    0x56  ABImemcpy_unaligned.o [5]
  .text              ro code  0x080010e0    0xb4  stm32f4xx_ll_sdmmc.o [1]
  .text              ro code  0x08001194    0x84  stm32f4xx_hal.o [1]
  .text              ro code  0x08001218    0xe2  stm32f4xx_hal_cortex.o [1]
  .text              ro code  0x080012fc   0x1f8  stm32f4xx_hal_gpio.o [1]
  .text              ro code  0x080014f4   0x4e4  stm32f4xx_hal_rcc.o [1]
  .text              ro code  0x080019d8   0x82a  stm32f4xx_hal_i2c.o [1]
  .text              ro code  0x08002204   0x508  stm32f4xx_hal_tim.o [1]
  .text              ro code  0x0800270c     0x4  stm32f4xx_hal_tim_ex.o [1]
  .text              ro code  0x08002710   0x4ec  main.o [1]
  .text              ro code  0x08002bfc   0x468  stm32f4xx_hal_adc.o [1]
  .text              ro code  0x08003064   0x45a  stm32f4xx_hal_spi.o [1]
  .text              ro code  0x080034c0   0x494  stm32f4xx_hal_uart.o [1]
  .text              ro code  0x08003954    0x18  fatfs.o [1]
  .text              ro code  0x0800396c     0x2  stm32f4xx_hal_adc_ex.o [1]
  .text              ro code  0x08003970    0x44  ff_gen_drv.o [1]
  .text              ro code  0x080039b4    0xa4  sd_diskio.o [1]
  .text              ro code  0x08003a58    0x68  bsp_driver_sd.o [1]
  .text              ro code  0x08003ac0    0x50  system_stm32f4xx.o [1]
  .text              ro code  0x08003b10    0x4c  stm32f4xx_it.o [1]
  .text              ro code  0x08003b5c    0x40  zero_init3.o [5]
  .text              ro code  0x08003b9c    0x2c  copy_init3.o [5]
  .text              ro code  0x08003bc8    0x28  data_init.o [5]
  .text              ro code  0x08003bf0    0x22  fpinit_M.o [4]
  .iar.init_table    const    0x08003c14    0x24  - Linker created -
  .text              ro code  0x08003c38    0x1a  cmain.o [5]
  .text              ro code  0x08003c52     0x4  low_level_init.o [3]
  .text              ro code  0x08003c56     0x4  exit.o [3]
  .text              ro code  0x08003c5c     0xa  cexit.o [5]
  .text              ro code  0x08003c68    0x14  exit.o [6]
  .rodata            const    0x08003c7c    0x14  sd_diskio.o [1]
  .text              ro code  0x08003c90    0x10  startup_stm32f407xx.o [1]
  .text              ro code  0x08003ca0     0xc  cstartup_M.o [5]
  Initializer bytes  const    0x08003cac     0x8  <for P2-1>
  .text              ro code  0x08003cb4     0x4  startup_stm32f407xx.o [1]
  .text              ro code  0x08003cb8     0x4  startup_stm32f407xx.o [1]
  .text              ro code  0x08003cbc     0x4  startup_stm32f407xx.o [1]
  .text              ro code  0x08003cc0     0x4  startup_stm32f407xx.o [1]
  .text              ro code  0x08003cc4     0x4  startup_stm32f407xx.o [1]
  .text              ro code  0x08003cc8     0x4  startup_stm32f407xx.o [1]
  .text              ro code  0x08003ccc     0x4  startup_stm32f407xx.o [1]
  .text              ro code  0x08003cd0     0x4  startup_stm32f407xx.o [1]
  .text              ro code  0x08003cd4     0x4  startup_stm32f407xx.o [1]
  .text              ro code  0x08003cd8     0x4  startup_stm32f407xx.o [1]
  .text              ro code  0x08003cdc     0x4  startup_stm32f407xx.o [1]
  .text              ro code  0x08003ce0     0x4  startup_stm32f407xx.o [1]
  .text              ro code  0x08003ce4     0x4  startup_stm32f407xx.o [1]
  .text              ro code  0x08003ce8     0x4  startup_stm32f407xx.o [1]
  .text              ro code  0x08003cec     0x4  startup_stm32f407xx.o [1]
  .text              ro code  0x08003cf0     0x4  startup_stm32f407xx.o [1]
  .text              ro code  0x08003cf4     0x4  startup_stm32f407xx.o [1]
  .text              ro code  0x08003cf8     0x4  startup_stm32f407xx.o [1]
  .text              ro code  0x08003cfc     0x4  startup_stm32f407xx.o [1]
  .text              ro code  0x08003d00     0x4  startup_stm32f407xx.o [1]
  .text              ro code  0x08003d04     0x4  startup_stm32f407xx.o [1]
  .text              ro code  0x08003d08     0x4  startup_stm32f407xx.o [1]
  .text              ro code  0x08003d0c     0x4  startup_stm32f407xx.o [1]
  .text              ro code  0x08003d10     0x4  startup_stm32f407xx.o [1]
  .text              ro code  0x08003d14     0x4  startup_stm32f407xx.o [1]
  .text              ro code  0x08003d18     0x4  startup_stm32f407xx.o [1]
  .text              ro code  0x08003d1c     0x4  startup_stm32f407xx.o [1]
  .text              ro code  0x08003d20     0x4  startup_stm32f407xx.o [1]
  .text              ro code  0x08003d24     0x4  startup_stm32f407xx.o [1]
  .text              ro code  0x08003d28     0x4  startup_stm32f407xx.o [1]
  .text              ro code  0x08003d2c     0x4  startup_stm32f407xx.o [1]
  .text              ro code  0x08003d30     0x4  startup_stm32f407xx.o [1]
  .text              ro code  0x08003d34     0x4  startup_stm32f407xx.o [1]
  .text              ro code  0x08003d38     0x4  startup_stm32f407xx.o [1]
  .text              ro code  0x08003d3c     0x4  startup_stm32f407xx.o [1]
  .text              ro code  0x08003d40     0x4  startup_stm32f407xx.o [1]
  .text              ro code  0x08003d44     0x4  startup_stm32f407xx.o [1]
  .text              ro code  0x08003d48     0x4  startup_stm32f407xx.o [1]
  .text              ro code  0x08003d4c     0x4  startup_stm32f407xx.o [1]
  .text              ro code  0x08003d50     0x4  startup_stm32f407xx.o [1]
  .text              ro code  0x08003d54     0x4  startup_stm32f407xx.o [1]
  .text              ro code  0x08003d58     0x4  startup_stm32f407xx.o [1]
  .text              ro code  0x08003d5c     0x4  startup_stm32f407xx.o [1]
  .text              ro code  0x08003d60     0x4  startup_stm32f407xx.o [1]
  .text              ro code  0x08003d64     0x4  startup_stm32f407xx.o [1]
  .text              ro code  0x08003d68     0x4  startup_stm32f407xx.o [1]
  .text              ro code  0x08003d6c     0x4  startup_stm32f407xx.o [1]
  .text              ro code  0x08003d70     0x4  startup_stm32f407xx.o [1]
  .text              ro code  0x08003d74     0x4  startup_stm32f407xx.o [1]
  .text              ro code  0x08003d78     0x4  startup_stm32f407xx.o [1]
  .text              ro code  0x08003d7c     0x4  startup_stm32f407xx.o [1]
  .text              ro code  0x08003d80     0x4  startup_stm32f407xx.o [1]
  .text              ro code  0x08003d84     0x4  startup_stm32f407xx.o [1]
  .text              ro code  0x08003d88     0x4  startup_stm32f407xx.o [1]
  .text              ro code  0x08003d8c     0x4  startup_stm32f407xx.o [1]
  .text              ro code  0x08003d90     0x4  startup_stm32f407xx.o [1]
  .text              ro code  0x08003d94     0x4  startup_stm32f407xx.o [1]
  .text              ro code  0x08003d98     0x4  startup_stm32f407xx.o [1]
  .text              ro code  0x08003d9c     0x4  startup_stm32f407xx.o [1]
  .text              ro code  0x08003da0     0x4  startup_stm32f407xx.o [1]
  .text              ro code  0x08003da4     0x4  startup_stm32f407xx.o [1]
  .text              ro code  0x08003da8     0x4  startup_stm32f407xx.o [1]
  .text              ro code  0x08003dac     0x4  startup_stm32f407xx.o [1]
  .text              ro code  0x08003db0     0x4  startup_stm32f407xx.o [1]
  .text              ro code  0x08003db4     0x4  startup_stm32f407xx.o [1]
  .text              ro code  0x08003db8     0x4  startup_stm32f407xx.o [1]
  .text              ro code  0x08003dbc     0x4  startup_stm32f407xx.o [1]
  .text              ro code  0x08003dc0     0x4  startup_stm32f407xx.o [1]
  .text              ro code  0x08003dc4     0x4  startup_stm32f407xx.o [1]
  .text              ro code  0x08003dc8     0x4  startup_stm32f407xx.o [1]
  .text              ro code  0x08003dcc     0x4  startup_stm32f407xx.o [1]
  .text              ro code  0x08003dd0     0x4  startup_stm32f407xx.o [1]
  .text              ro code  0x08003dd4     0x4  startup_stm32f407xx.o [1]
  .text              ro code  0x08003dd8     0x4  startup_stm32f407xx.o [1]
  .text              ro code  0x08003ddc     0x4  startup_stm32f407xx.o [1]
  .text              ro code  0x08003de0     0x4  startup_stm32f407xx.o [1]
  .text              ro code  0x08003de4     0x4  startup_stm32f407xx.o [1]
  .text              ro code  0x08003de8     0x4  startup_stm32f407xx.o [1]
  .text              ro code  0x08003dec     0x4  startup_stm32f407xx.o [1]
  .text              ro code  0x08003df0     0x4  startup_stm32f407xx.o [1]
  .text              ro code  0x08003df4     0x4  startup_stm32f407xx.o [1]
  .text              ro code  0x08003df8     0x4  startup_stm32f407xx.o [1]
  .text              ro code  0x08003dfc     0x4  startup_stm32f407xx.o [1]
  .rodata            const    0x08003e00     0x0  zero_init3.o [5]
  .rodata            const    0x08003e00     0x0  copy_init3.o [5]
                            - 0x08003e00  0x3c78

"P2", part 1 of 3:                           0x8
  P2-1                        0x20000000     0x5  <Init block>
    .data            inited   0x20000000     0x4  system_stm32f4xx.o [1]
    .data            inited   0x20000004     0x1  sd_diskio.o [1]
                            - 0x20000005     0x5

"P2", part 2 of 3:                         0x400
  CSTACK                      0x20000008   0x400  <Block>
    CSTACK           uninit   0x20000008   0x400  <Block tail>
                            - 0x20000408   0x400

"P2", part 3 of 3:                         0x224
  .bss               zero     0x20000408   0x1b4  main.o [1]
  .bss               zero     0x200005bc     0xc  ff_gen_drv.o [1]
  .bss               zero     0x200005c8    0x58  main.o [1]
  .bss               zero     0x20000620     0x8  fatfs.o [1]
  .bss               zero     0x20000628     0x4  stm32f4xx_hal.o [1]
                            - 0x2000062c   0x224


*******************************************************************************
*** INIT TABLE
***

          Address     Size
          -------     ----
Zero (__iar_zero_init3)
    1 destination range, total size 0x224:
          0x20000408  0x224

Copy (__iar_copy_init3)
    1 source range, total size 0x8 (160% of destination):
          0x08003cac    0x8
    1 destination range, total size 0x5:
          0x20000000    0x5



*******************************************************************************
*** MODULE SUMMARY
***

    Module                  ro code  ro data  rw data
    ------                  -------  -------  -------
G:\Users\nanimo\Documents\GitHub\upsat-obc-software\stm_cube\su_sd_fr_test2\EWARM\su_sd_fr_test2 Configuration\Obj: [1]
    bsp_driver_sd.o             104
    fatfs.o                      24                 8
    ff_gen_drv.o                 68                12
    main.o                    1 260               524
    sd_diskio.o                 164       21        1
    startup_stm32f407xx.o       740
    stm32f4xx_hal.o             132                 4
    stm32f4xx_hal_adc.o       1 128
    stm32f4xx_hal_adc_ex.o        2
    stm32f4xx_hal_cortex.o      226
    stm32f4xx_hal_gpio.o        504
    stm32f4xx_hal_i2c.o       2 090
    stm32f4xx_hal_msp.o         572
    stm32f4xx_hal_rcc.o       1 252
    stm32f4xx_hal_sd.o        3 268
    stm32f4xx_hal_spi.o       1 114
    stm32f4xx_hal_tim.o       1 288
    stm32f4xx_hal_tim_ex.o        4
    stm32f4xx_hal_uart.o      1 172
    stm32f4xx_it.o               76
    stm32f4xx_ll_sdmmc.o        180
    system_stm32f4xx.o           80        4        4
    -------------------------------------------------
    Total:                   15 448       25      553

command line: [2]
    -------------------------------------------------
    Total:

dl7M_tlf.a: [3]
    exit.o                        4
    low_level_init.o              4
    -------------------------------------------------
    Total:                        8

m7M_tls.a: [4]
    fpinit_M.o                   34
    -------------------------------------------------
    Total:                       34

rt7M_tl.a: [5]
    ABImemcpy_unaligned.o        86
    cexit.o                      10
    cmain.o                      26
    copy_init3.o                 44
    cstartup_M.o                 12
    data_init.o                  40
    zero_init3.o                 64
    -------------------------------------------------
    Total:                      282

shb_l.a: [6]
    exit.o                       20
    -------------------------------------------------
    Total:                       20

    Gaps                         14        2
    Linker created                        39    1 024
-----------------------------------------------------
    Grand Total:             15 806       66    1 577


*******************************************************************************
*** ENTRY LIST
***

Entry                      Address   Size  Type      Object
-----                      -------   ----  ----      ------
.iar.init_table$$Base   0x08003c14          --   Gb  - Linker created -
.iar.init_table$$Limit  0x08003c38          --   Gb  - Linker created -
?main                   0x08003c39         Code  Gb  cmain.o [5]
ADC_IRQHandler          0x08003b1f    0x6  Code  Gb  stm32f4xx_it.o [1]
ADC_Init                0x08002f63   0xe8  Code  Lc  stm32f4xx_hal_adc.o [1]
APBAHBPrescTable        0x080019c8   0x10  Data  Gb  stm32f4xx_hal_rcc.o [1]
BSP_SD_GetCardInfo      0x08003aaf    0x8  Code  Gb  bsp_driver_sd.o [1]
BSP_SD_GetStatus        0x08003aa9    0x6  Code  Gb  bsp_driver_sd.o [1]
BSP_SD_Init             0x08003a59   0x22  Code  Gb  bsp_driver_sd.o [1]
BSP_SD_ReadBlocks       0x08003a7b    0xe  Code  Gb  bsp_driver_sd.o [1]
BSP_SD_WriteBlocks      0x08003a89    0xc  Code  Gb  bsp_driver_sd.o [1]
CSTACK$$Base            0x20000008          --   Gb  - Linker created -
CSTACK$$Limit           0x20000408          --   Gb  - Linker created -
FATFS_LinkDriver        0x080039ab    0x4  Code  Gb  ff_gen_drv.o [1]
FATFS_LinkDriverEx      0x08003971   0x3a  Code  Gb  ff_gen_drv.o [1]
HAL_ADCEx_InjectedConvCpltCallback
                        0x0800396d    0x2  Code  Wk  stm32f4xx_hal_adc_ex.o [1]
HAL_ADC_ConfigChannel   0x08002e3f  0x10c  Code  Gb  stm32f4xx_hal_adc.o [1]
HAL_ADC_ConvCpltCallback
                        0x08002e39    0x2  Code  Wk  stm32f4xx_hal_adc.o [1]
HAL_ADC_ErrorCallback   0x08002e3d    0x2  Code  Wk  stm32f4xx_hal_adc.o [1]
HAL_ADC_GetValue        0x08002e33    0x6  Code  Gb  stm32f4xx_hal_adc.o [1]
HAL_ADC_IRQHandler      0x08002d29   0xf6  Code  Gb  stm32f4xx_hal_adc.o [1]
HAL_ADC_Init            0x08002bfd   0x32  Code  Gb  stm32f4xx_hal_adc.o [1]
HAL_ADC_LevelOutOfWindowCallback
                        0x08002e3b    0x2  Code  Wk  stm32f4xx_hal_adc.o [1]
HAL_ADC_MspInit         0x08000e65   0x34  Code  Gb  stm32f4xx_hal_msp.o [1]
HAL_ADC_PollForConversion
                        0x08002cc9   0x60  Code  Gb  stm32f4xx_hal_adc.o [1]
HAL_ADC_Start           0x08002c2f   0x9a  Code  Gb  stm32f4xx_hal_adc.o [1]
HAL_Delay               0x080011f9   0x18  Code  Wk  stm32f4xx_hal.o [1]
HAL_GPIO_Init           0x080012fd  0x1c0  Code  Gb  stm32f4xx_hal_gpio.o [1]
HAL_GPIO_WritePin       0x080014bd    0x8  Code  Gb  stm32f4xx_hal_gpio.o [1]
HAL_GetTick             0x080011f3    0x6  Code  Wk  stm32f4xx_hal.o [1]
HAL_I2C_EV_IRQHandler   0x08001d1f  0x166  Code  Gb  stm32f4xx_hal_i2c.o [1]
HAL_I2C_Init            0x080019d9   0xca  Code  Gb  stm32f4xx_hal_i2c.o [1]
HAL_I2C_MasterRxCpltCallback
                        0x08001eb5    0x2  Code  Wk  stm32f4xx_hal_i2c.o [1]
HAL_I2C_MasterTxCpltCallback
                        0x08001eb3    0x2  Code  Wk  stm32f4xx_hal_i2c.o [1]
HAL_I2C_MemRxCpltCallback
                        0x08001ebb    0x2  Code  Wk  stm32f4xx_hal_i2c.o [1]
HAL_I2C_MemTxCpltCallback
                        0x08001eb9    0x2  Code  Wk  stm32f4xx_hal_i2c.o [1]
HAL_I2C_Mem_Read        0x08001b65  0x108  Code  Gb  stm32f4xx_hal_i2c.o [1]
HAL_I2C_Mem_Write       0x08001ac1   0x8c  Code  Gb  stm32f4xx_hal_i2c.o [1]
HAL_I2C_MspInit         0x08000e99   0x4c  Code  Gb  stm32f4xx_hal_msp.o [1]
HAL_I2C_SlaveRxCpltCallback
                        0x08001eb7    0x2  Code  Wk  stm32f4xx_hal_i2c.o [1]
HAL_IncTick             0x080011e9    0xa  Code  Wk  stm32f4xx_hal.o [1]
HAL_Init                0x08001195   0x30  Code  Gb  stm32f4xx_hal.o [1]
HAL_InitTick            0x080011c5   0x24  Code  Wk  stm32f4xx_hal.o [1]
HAL_MspInit             0x08000e4d   0x18  Code  Gb  stm32f4xx_hal_msp.o [1]
HAL_NVIC_EnableIRQ      0x08001287    0xc  Code  Gb  stm32f4xx_hal_cortex.o [1]
HAL_NVIC_SetPriority    0x0800124d   0x3a  Code  Gb  stm32f4xx_hal_cortex.o [1]
HAL_NVIC_SetPriorityGrouping
                        0x08001233   0x1a  Code  Gb  stm32f4xx_hal_cortex.o [1]
HAL_RCC_ClockConfig     0x0800176b  0x158  Code  Gb  stm32f4xx_hal_rcc.o [1]
HAL_RCC_GetHCLKFreq     0x08001951   0x1e  Code  Gb  stm32f4xx_hal_rcc.o [1]
HAL_RCC_GetPCLK1Freq    0x0800196f   0x10  Code  Gb  stm32f4xx_hal_rcc.o [1]
HAL_RCC_GetPCLK2Freq    0x0800197f    0xe  Code  Gb  stm32f4xx_hal_rcc.o [1]
HAL_RCC_GetSysClockFreq
                        0x0800190b   0x46  Code  Wk  stm32f4xx_hal_rcc.o [1]
HAL_RCC_OscConfig       0x080014f5  0x26c  Code  Wk  stm32f4xx_hal_rcc.o [1]
HAL_SD_GetStatus        0x08000909   0x36  Code  Gb  stm32f4xx_hal_sd.o [1]
HAL_SD_Get_CardInfo     0x080005e5  0x2d8  Code  Gb  stm32f4xx_hal_sd.o [1]
HAL_SD_IRQHandler       0x0800056b   0x76  Code  Gb  stm32f4xx_hal_sd.o [1]
HAL_SD_Init             0x08000189   0x96  Code  Gb  stm32f4xx_hal_sd.o [1]
HAL_SD_MspInit          0x08000eed   0x64  Code  Gb  stm32f4xx_hal_msp.o [1]
HAL_SD_ReadBlocks       0x08000229  0x160  Code  Gb  stm32f4xx_hal_sd.o [1]
HAL_SD_StopTransfer     0x080008bd   0x1c  Code  Gb  stm32f4xx_hal_sd.o [1]
HAL_SD_WriteBlocks      0x0800039b  0x1b6  Code  Gb  stm32f4xx_hal_sd.o [1]
HAL_SD_XferCpltCallback
                        0x080005e1    0x2  Code  Wk  stm32f4xx_hal_sd.o [1]
HAL_SD_XferErrorCallback
                        0x080005e3    0x2  Code  Wk  stm32f4xx_hal_sd.o [1]
HAL_SPI_ErrorCallback   0x0800342f    0x2  Code  Wk  stm32f4xx_hal_spi.o [1]
HAL_SPI_IRQHandler      0x08003371   0xbe  Code  Gb  stm32f4xx_hal_spi.o [1]
HAL_SPI_Init            0x08003065   0x7a  Code  Gb  stm32f4xx_hal_spi.o [1]
HAL_SPI_MspInit         0x08000f51   0x40  Code  Gb  stm32f4xx_hal_msp.o [1]
HAL_SPI_TransmitReceive
                        0x08003109  0x18a  Code  Gb  stm32f4xx_hal_spi.o [1]
HAL_SYSTICK_CLKSourceConfig
                        0x080012c3   0x14  Code  Gb  stm32f4xx_hal_cortex.o [1]
HAL_SYSTICK_Callback    0x080012f9    0x2  Code  Wk  stm32f4xx_hal_cortex.o [1]
HAL_SYSTICK_Config      0x0800129b   0x28  Code  Gb  stm32f4xx_hal_cortex.o [1]
HAL_SYSTICK_IRQHandler  0x080012f1    0x8  Code  Gb  stm32f4xx_hal_cortex.o [1]
HAL_TIMEx_BreakCallback
                        0x0800270f    0x2  Code  Wk  stm32f4xx_hal_tim_ex.o [1]
HAL_TIMEx_CommutationCallback
                        0x0800270d    0x2  Code  Wk  stm32f4xx_hal_tim_ex.o [1]
HAL_TIM_Base_Init       0x08002205   0x1a  Code  Gb  stm32f4xx_hal_tim.o [1]
HAL_TIM_Base_MspInit    0x08000faf   0x3a  Code  Gb  stm32f4xx_hal_msp.o [1]
HAL_TIM_Base_Start      0x0800221f   0x12  Code  Gb  stm32f4xx_hal_tim.o [1]
HAL_TIM_IC_CaptureCallback
                        0x080024e5    0x2  Code  Wk  stm32f4xx_hal_tim.o [1]
HAL_TIM_IRQHandler      0x080022c1  0x14a  Code  Gb  stm32f4xx_hal_tim.o [1]
HAL_TIM_OC_DelayElapsedCallback
                        0x080024e3    0x2  Code  Wk  stm32f4xx_hal_tim.o [1]
HAL_TIM_PWM_ConfigChannel
                        0x0800240b   0xb8  Code  Gb  stm32f4xx_hal_tim.o [1]
HAL_TIM_PWM_Init        0x0800226f   0x1a  Code  Gb  stm32f4xx_hal_tim.o [1]
HAL_TIM_PWM_MspInit     0x08002291    0x2  Code  Wk  stm32f4xx_hal_tim.o [1]
HAL_TIM_PWM_PulseFinishedCallback
                        0x080024e7    0x2  Code  Wk  stm32f4xx_hal_tim.o [1]
HAL_TIM_PWM_Start       0x08002293   0x14  Code  Gb  stm32f4xx_hal_tim.o [1]
HAL_TIM_PeriodElapsedCallback
                        0x080024e1    0x2  Code  Wk  stm32f4xx_hal_tim.o [1]
HAL_TIM_TriggerCallback
                        0x080024e9    0x2  Code  Wk  stm32f4xx_hal_tim.o [1]
HAL_UART_ErrorCallback  0x0800372b    0x2  Code  Wk  stm32f4xx_hal_uart.o [1]
HAL_UART_IRQHandler     0x080035ef  0x138  Code  Gb  stm32f4xx_hal_uart.o [1]
HAL_UART_Init           0x080034c1   0x26  Code  Gb  stm32f4xx_hal_uart.o [1]
HAL_UART_MspInit        0x08001007   0x48  Code  Gb  stm32f4xx_hal_msp.o [1]
HAL_UART_RxCpltCallback
                        0x08003729    0x2  Code  Wk  stm32f4xx_hal_uart.o [1]
HAL_UART_Transmit       0x0800352b   0x90  Code  Gb  stm32f4xx_hal_uart.o [1]
HAL_UART_TxCpltCallback
                        0x08003727    0x2  Code  Wk  stm32f4xx_hal_uart.o [1]
I2C1_EV_IRQHandler      0x08003b25    0x6  Code  Gb  stm32f4xx_it.o [1]
I2C_MasterReceive_BTF   0x08001ebd   0x60  Code  Lc  stm32f4xx_hal_i2c.o [1]
I2C_RequestMemoryRead   0x08002001   0xb0  Code  Lc  stm32f4xx_hal_i2c.o [1]
I2C_RequestMemoryWrite  0x08001f73   0x7e  Code  Lc  stm32f4xx_hal_i2c.o [1]
I2C_WaitOnFlagUntilTimeout
                        0x080020e5   0x78  Code  Lc  stm32f4xx_hal_i2c.o [1]
I2C_WaitOnMasterAddressFlagUntilTimeout
                        0x08002175   0x72  Code  Lc  stm32f4xx_hal_i2c.o [1]
MX_FATFS_Init           0x08003955   0x10  Code  Gb  fatfs.o [1]
MX_GPIO_Init            0x080029fb  0x156  Code  Lc  main.o [1]
NVIC_SetPriority        0x08001219   0x1a  Code  Lc  stm32f4xx_hal_cortex.o [1]
Region$$Table$$Base     0x08003c14          --   Gb  - Linker created -
Region$$Table$$Limit    0x08003c38          --   Gb  - Linker created -
SDCardInfo              0x200005c8   0x58  Data  Gb  main.o [1]
SDIO_DataConfig         0x08001161   0x24  Code  Gb  stm32f4xx_ll_sdmmc.o [1]
SDIO_GetCommandResponse
                        0x08001147    0x6  Code  Gb  stm32f4xx_ll_sdmmc.o [1]
SDIO_GetPowerState      0x0800111d    0x8  Code  Gb  stm32f4xx_ll_sdmmc.o [1]
SDIO_GetResponse        0x0800114d   0x14  Code  Gb  stm32f4xx_ll_sdmmc.o [1]
SDIO_IRQHandler         0x08003b3d    0x6  Code  Gb  stm32f4xx_it.o [1]
SDIO_Init               0x080010e1   0x26  Code  Gb  stm32f4xx_ll_sdmmc.o [1]
SDIO_PowerState_ON      0x08001113    0x4  Code  Gb  stm32f4xx_ll_sdmmc.o [1]
SDIO_ReadFIFO           0x08001107    0x2  Code  Gb  stm32f4xx_ll_sdmmc.o [1]
SDIO_SendCommand        0x08001125   0x22  Code  Gb  stm32f4xx_ll_sdmmc.o [1]
SDIO_WriteFIFO          0x08001109    0xa  Code  Gb  stm32f4xx_ll_sdmmc.o [1]
SD_CmdResp1Error        0x08000bff   0xce  Code  Lc  stm32f4xx_hal_sd.o [1]
SD_CmdResp2Error        0x08000ccd   0x30  Code  Lc  stm32f4xx_hal_sd.o [1]
SD_Driver               0x08003c7c   0x14  Data  Gb  sd_diskio.o [1]
SD_Initialize_Cards     0x08000955  0x10a  Code  Lc  stm32f4xx_hal_sd.o [1]
SD_IsCardProgramming    0x08000d05  0x136  Code  Lc  stm32f4xx_hal_sd.o [1]
SD_Path                 0x20000624    0x4  Data  Gb  fatfs.o [1]
SD_PowerON              0x08000a6d  0x168  Code  Lc  stm32f4xx_hal_sd.o [1]
SD_initialize           0x080039b5    0xe  Code  Gb  sd_diskio.o [1]
SD_ioctl                0x08003a0d   0x48  Code  Gb  sd_diskio.o [1]
SD_read                 0x080039dd    0xc  Code  Gb  sd_diskio.o [1]
SD_status               0x080039c3    0xc  Code  Gb  sd_diskio.o [1]
SD_write                0x080039e9    0xa  Code  Gb  sd_diskio.o [1]
SPI2_IRQHandler         0x08003b2b    0x6  Code  Gb  stm32f4xx_it.o [1]
SPI_WaitOnFlagUntilTimeout
                        0x08003445   0x7a  Code  Lc  stm32f4xx_hal_spi.o [1]
Stat                    0x20000004    0x1  Data  Lc  sd_diskio.o [1]
SysTick_Handler         0x08003b11    0xe  Code  Gb  stm32f4xx_it.o [1]
SystemClock_Config      0x08002959   0xa2  Code  Gb  main.o [1]
SystemCoreClock         0x20000000    0x4  Data  Gb  system_stm32f4xx.o [1]
SystemInit              0x08003ac1   0x3a  Code  Gb  system_stm32f4xx.o [1]
TIM8_TRG_COM_TIM14_IRQHandler
                        0x08003b37    0x6  Code  Gb  stm32f4xx_it.o [1]
TIM_Base_SetConfig      0x080024eb   0x90  Code  Gb  stm32f4xx_hal_tim.o [1]
TIM_CCxChannelCmd       0x080025cf   0x18  Code  Gb  stm32f4xx_hal_tim.o [1]
TIM_OC1_SetConfig       0x080025e7   0x4a  Code  Lc  stm32f4xx_hal_tim.o [1]
TIM_OC2_SetConfig       0x0800257d   0x52  Code  Gb  stm32f4xx_hal_tim.o [1]
TIM_OC3_SetConfig       0x0800263d   0x56  Code  Lc  stm32f4xx_hal_tim.o [1]
TIM_OC4_SetConfig       0x08002699   0x46  Code  Lc  stm32f4xx_hal_tim.o [1]
UART_Receive_IT         0x080037c7   0xa0  Code  Lc  stm32f4xx_hal_uart.o [1]
UART_SetConfig          0x08003867   0xe0  Code  Lc  stm32f4xx_hal_uart.o [1]
UART_WaitOnFlagUntilTimeout
                        0x0800372d   0x8a  Code  Lc  stm32f4xx_hal_uart.o [1]
USART2_IRQHandler       0x08003b31    0x6  Code  Gb  stm32f4xx_it.o [1]
__cmain                 0x08003c39         Code  Gb  cmain.o [5]
__exit                  0x08003c69   0x14  Code  Gb  exit.o [6]
__iar_copy_init3        0x08003b9d   0x2c  Code  Gb  copy_init3.o [5]
__iar_data_init3        0x08003bc9   0x28  Code  Gb  data_init.o [5]
__iar_init_vfp          0x08003bf1         Code  Gb  fpinit_M.o [4]
__iar_program_start     0x08003ca1         Code  Gb  cstartup_M.o [5]
__iar_unaligned___aeabi_memcpy4
                        0x08001089         Code  Gb  ABImemcpy_unaligned.o [5]
__iar_unaligned___aeabi_memcpy8
                        0x08001089         Code  Gb  ABImemcpy_unaligned.o [5]
__iar_zero_init3        0x08003b5d   0x40  Code  Gb  zero_init3.o [5]
__low_level_init        0x08003c53    0x4  Code  Gb  low_level_init.o [3]
__vector_table          0x08000000         Data  Gb  startup_stm32f407xx.o [1]
_call_main              0x08003c45         Code  Gb  cmain.o [5]
_exit                   0x08003c5d         Code  Gb  cexit.o [5]
_main                   0x08003c4f         Code  Gb  cmain.o [5]
disk                    0x200005bc    0xc  Data  Gb  ff_gen_drv.o [1]
exit                    0x08003c57    0x4  Code  Gb  exit.o [3]
hadc1                   0x20000408   0x44  Data  Gb  main.o [1]
hi2c1                   0x200004a4   0x3c  Data  Gb  main.o [1]
hsd                     0x20000520   0x60  Data  Gb  main.o [1]
hspi2                   0x2000044c   0x58  Data  Gb  main.o [1]
htim14                  0x20000580   0x3c  Data  Gb  main.o [1]
huart2                  0x200004e0   0x40  Data  Gb  main.o [1]
main                    0x08002711  0x22e  Code  Gb  main.o [1]
retSD                   0x20000620    0x1  Data  Gb  fatfs.o [1]
uwTick                  0x20000628    0x4  Data  Lc  stm32f4xx_hal.o [1]


[1] = G:\Users\nanimo\Documents\GitHub\upsat-obc-software\stm_cube\su_sd_fr_test2\EWARM\su_sd_fr_test2 Configuration\Obj
[2] = command line
[3] = dl7M_tlf.a
[4] = m7M_tls.a
[5] = rt7M_tl.a
[6] = shb_l.a

  15 806 bytes of readonly  code memory
      66 bytes of readonly  data memory
   1 577 bytes of readwrite data memory

Errors: none
Warnings: none
