16:29:47 **** Build of configuration Debug for project su_sd_fr_test Configuration ****
make all 
'Building file: G:/Users/nanimo/Documents/GitHub/upsat-obc-software/stm_cube/su_sd_fr_test/Middlewares/Third_Party/FreeRTOS/Source/CMSIS_RTOS/cmsis_os.c'
'Invoking: MCU GCC Compiler'
G:\Users\nanimo\Documents\GitHub\upsat-obc-software\stm_cube\su_sd_fr_test\SW4STM32\su_sd_fr_test Configuration\Debug
arm-none-eabi-gcc -mcpu=cortex-m4 -mthumb -mfloat-abi=hard -mfpu=fpv4-sp-d16 -D__weak="__attribute__((weak))" -D__packed="__attribute__((__packed__))" -DUSE_HAL_DRIVER -DSTM32F407xx -I"G:/Users/nanimo/Documents/GitHub/upsat-obc-software/stm_cube/su_sd_fr_test/Inc" -I"G:/Users/nanimo/Documents/GitHub/upsat-obc-software/stm_cube/su_sd_fr_test/Drivers/STM32F4xx_HAL_Driver/Inc" -I"G:/Users/nanimo/Documents/GitHub/upsat-obc-software/stm_cube/su_sd_fr_test/Drivers/STM32F4xx_HAL_Driver/Inc/Legacy" -I"G:/Users/nanimo/Documents/GitHub/upsat-obc-software/stm_cube/su_sd_fr_test/Middlewares/Third_Party/FatFs/src/drivers" -I"G:/Users/nanimo/Documents/GitHub/upsat-obc-software/stm_cube/su_sd_fr_test/Middlewares/Third_Party/FreeRTOS/Source/portable/GCC/ARM_CM4F" -I"G:/Users/nanimo/Documents/GitHub/upsat-obc-software/stm_cube/su_sd_fr_test/Middlewares/Third_Party/FatFs/src" -I"G:/Users/nanimo/Documents/GitHub/upsat-obc-software/stm_cube/su_sd_fr_test/Middlewares/Third_Party/FreeRTOS/Source/include" -I"G:/Users/nanimo/Documents/GitHub/upsat-obc-software/stm_cube/su_sd_fr_test/Middlewares/Third_Party/FreeRTOS/Source/CMSIS_RTOS" -I"G:/Users/nanimo/Documents/GitHub/upsat-obc-software/stm_cube/su_sd_fr_test/Drivers/CMSIS/Include" -I"G:/Users/nanimo/Documents/GitHub/upsat-obc-software/stm_cube/su_sd_fr_test/Drivers/CMSIS/Device/ST/STM32F4xx/Include"  -Os -g3 -Wall -fmessage-length=0 -ffunction-sections -c -fmessage-length=0 -MMD -MP -MF"Middlewares/FreeRTOS/cmsis_os.d" -MT"Middlewares/FreeRTOS/cmsis_os.o" -o "Middlewares/FreeRTOS/cmsis_os.o" "G:/Users/nanimo/Documents/GitHub/upsat-obc-software/stm_cube/su_sd_fr_test/Middlewares/Third_Party/FreeRTOS/Source/CMSIS_RTOS/cmsis_os.c"
'Finished building: G:/Users/nanimo/Documents/GitHub/upsat-obc-software/stm_cube/su_sd_fr_test/Middlewares/Third_Party/FreeRTOS/Source/CMSIS_RTOS/cmsis_os.c'
' '
'Building file: G:/Users/nanimo/Documents/GitHub/upsat-obc-software/stm_cube/su_sd_fr_test/Middlewares/Third_Party/FreeRTOS/Source/croutine.c'
'Invoking: MCU GCC Compiler'
G:\Users\nanimo\Documents\GitHub\upsat-obc-software\stm_cube\su_sd_fr_test\SW4STM32\su_sd_fr_test Configuration\Debug
arm-none-eabi-gcc -mcpu=cortex-m4 -mthumb -mfloat-abi=hard -mfpu=fpv4-sp-d16 -D__weak="__attribute__((weak))" -D__packed="__attribute__((__packed__))" -DUSE_HAL_DRIVER -DSTM32F407xx -I"G:/Users/nanimo/Documents/GitHub/upsat-obc-software/stm_cube/su_sd_fr_test/Inc" -I"G:/Users/nanimo/Documents/GitHub/upsat-obc-software/stm_cube/su_sd_fr_test/Drivers/STM32F4xx_HAL_Driver/Inc" -I"G:/Users/nanimo/Documents/GitHub/upsat-obc-software/stm_cube/su_sd_fr_test/Drivers/STM32F4xx_HAL_Driver/Inc/Legacy" -I"G:/Users/nanimo/Documents/GitHub/upsat-obc-software/stm_cube/su_sd_fr_test/Middlewares/Third_Party/FatFs/src/drivers" -I"G:/Users/nanimo/Documents/GitHub/upsat-obc-software/stm_cube/su_sd_fr_test/Middlewares/Third_Party/FreeRTOS/Source/portable/GCC/ARM_CM4F" -I"G:/Users/nanimo/Documents/GitHub/upsat-obc-software/stm_cube/su_sd_fr_test/Middlewares/Third_Party/FatFs/src" -I"G:/Users/nanimo/Documents/GitHub/upsat-obc-software/stm_cube/su_sd_fr_test/Middlewares/Third_Party/FreeRTOS/Source/include" -I"G:/Users/nanimo/Documents/GitHub/upsat-obc-software/stm_cube/su_sd_fr_test/Middlewares/Third_Party/FreeRTOS/Source/CMSIS_RTOS" -I"G:/Users/nanimo/Documents/GitHub/upsat-obc-software/stm_cube/su_sd_fr_test/Drivers/CMSIS/Include" -I"G:/Users/nanimo/Documents/GitHub/upsat-obc-software/stm_cube/su_sd_fr_test/Drivers/CMSIS/Device/ST/STM32F4xx/Include"  -Os -g3 -Wall -fmessage-length=0 -ffunction-sections -c -fmessage-length=0 -MMD -MP -MF"Middlewares/FreeRTOS/croutine.d" -MT"Middlewares/FreeRTOS/croutine.o" -o "Middlewares/FreeRTOS/croutine.o" "G:/Users/nanimo/Documents/GitHub/upsat-obc-software/stm_cube/su_sd_fr_test/Middlewares/Third_Party/FreeRTOS/Source/croutine.c"
'Finished building: G:/Users/nanimo/Documents/GitHub/upsat-obc-software/stm_cube/su_sd_fr_test/Middlewares/Third_Party/FreeRTOS/Source/croutine.c'
' '
'Building file: G:/Users/nanimo/Documents/GitHub/upsat-obc-software/stm_cube/su_sd_fr_test/Middlewares/Third_Party/FreeRTOS/Source/event_groups.c'
'Invoking: MCU GCC Compiler'
G:\Users\nanimo\Documents\GitHub\upsat-obc-software\stm_cube\su_sd_fr_test\SW4STM32\su_sd_fr_test Configuration\Debug
arm-none-eabi-gcc -mcpu=cortex-m4 -mthumb -mfloat-abi=hard -mfpu=fpv4-sp-d16 -D__weak="__attribute__((weak))" -D__packed="__attribute__((__packed__))" -DUSE_HAL_DRIVER -DSTM32F407xx -I"G:/Users/nanimo/Documents/GitHub/upsat-obc-software/stm_cube/su_sd_fr_test/Inc" -I"G:/Users/nanimo/Documents/GitHub/upsat-obc-software/stm_cube/su_sd_fr_test/Drivers/STM32F4xx_HAL_Driver/Inc" -I"G:/Users/nanimo/Documents/GitHub/upsat-obc-software/stm_cube/su_sd_fr_test/Drivers/STM32F4xx_HAL_Driver/Inc/Legacy" -I"G:/Users/nanimo/Documents/GitHub/upsat-obc-software/stm_cube/su_sd_fr_test/Middlewares/Third_Party/FatFs/src/drivers" -I"G:/Users/nanimo/Documents/GitHub/upsat-obc-software/stm_cube/su_sd_fr_test/Middlewares/Third_Party/FreeRTOS/Source/portable/GCC/ARM_CM4F" -I"G:/Users/nanimo/Documents/GitHub/upsat-obc-software/stm_cube/su_sd_fr_test/Middlewares/Third_Party/FatFs/src" -I"G:/Users/nanimo/Documents/GitHub/upsat-obc-software/stm_cube/su_sd_fr_test/Middlewares/Third_Party/FreeRTOS/Source/include" -I"G:/Users/nanimo/Documents/GitHub/upsat-obc-software/stm_cube/su_sd_fr_test/Middlewares/Third_Party/FreeRTOS/Source/CMSIS_RTOS" -I"G:/Users/nanimo/Documents/GitHub/upsat-obc-software/stm_cube/su_sd_fr_test/Drivers/CMSIS/Include" -I"G:/Users/nanimo/Documents/GitHub/upsat-obc-software/stm_cube/su_sd_fr_test/Drivers/CMSIS/Device/ST/STM32F4xx/Include"  -Os -g3 -Wall -fmessage-length=0 -ffunction-sections -c -fmessage-length=0 -MMD -MP -MF"Middlewares/FreeRTOS/event_groups.d" -MT"Middlewares/FreeRTOS/event_groups.o" -o "Middlewares/FreeRTOS/event_groups.o" "G:/Users/nanimo/Documents/GitHub/upsat-obc-software/stm_cube/su_sd_fr_test/Middlewares/Third_Party/FreeRTOS/Source/event_groups.c"
'Finished building: G:/Users/nanimo/Documents/GitHub/upsat-obc-software/stm_cube/su_sd_fr_test/Middlewares/Third_Party/FreeRTOS/Source/event_groups.c'
' '
'Building file: G:/Users/nanimo/Documents/GitHub/upsat-obc-software/stm_cube/su_sd_fr_test/Middlewares/Third_Party/FreeRTOS/Source/portable/MemMang/heap_4.c'
'Invoking: MCU GCC Compiler'
G:\Users\nanimo\Documents\GitHub\upsat-obc-software\stm_cube\su_sd_fr_test\SW4STM32\su_sd_fr_test Configuration\Debug
arm-none-eabi-gcc -mcpu=cortex-m4 -mthumb -mfloat-abi=hard -mfpu=fpv4-sp-d16 -D__weak="__attribute__((weak))" -D__packed="__attribute__((__packed__))" -DUSE_HAL_DRIVER -DSTM32F407xx -I"G:/Users/nanimo/Documents/GitHub/upsat-obc-software/stm_cube/su_sd_fr_test/Inc" -I"G:/Users/nanimo/Documents/GitHub/upsat-obc-software/stm_cube/su_sd_fr_test/Drivers/STM32F4xx_HAL_Driver/Inc" -I"G:/Users/nanimo/Documents/GitHub/upsat-obc-software/stm_cube/su_sd_fr_test/Drivers/STM32F4xx_HAL_Driver/Inc/Legacy" -I"G:/Users/nanimo/Documents/GitHub/upsat-obc-software/stm_cube/su_sd_fr_test/Middlewares/Third_Party/FatFs/src/drivers" -I"G:/Users/nanimo/Documents/GitHub/upsat-obc-software/stm_cube/su_sd_fr_test/Middlewares/Third_Party/FreeRTOS/Source/portable/GCC/ARM_CM4F" -I"G:/Users/nanimo/Documents/GitHub/upsat-obc-software/stm_cube/su_sd_fr_test/Middlewares/Third_Party/FatFs/src" -I"G:/Users/nanimo/Documents/GitHub/upsat-obc-software/stm_cube/su_sd_fr_test/Middlewares/Third_Party/FreeRTOS/Source/include" -I"G:/Users/nanimo/Documents/GitHub/upsat-obc-software/stm_cube/su_sd_fr_test/Middlewares/Third_Party/FreeRTOS/Source/CMSIS_RTOS" -I"G:/Users/nanimo/Documents/GitHub/upsat-obc-software/stm_cube/su_sd_fr_test/Drivers/CMSIS/Include" -I"G:/Users/nanimo/Documents/GitHub/upsat-obc-software/stm_cube/su_sd_fr_test/Drivers/CMSIS/Device/ST/STM32F4xx/Include"  -Os -g3 -Wall -fmessage-length=0 -ffunction-sections -c -fmessage-length=0 -MMD -MP -MF"Middlewares/FreeRTOS/heap_4.d" -MT"Middlewares/FreeRTOS/heap_4.o" -o "Middlewares/FreeRTOS/heap_4.o" "G:/Users/nanimo/Documents/GitHub/upsat-obc-software/stm_cube/su_sd_fr_test/Middlewares/Third_Party/FreeRTOS/Source/portable/MemMang/heap_4.c"
'Finished building: G:/Users/nanimo/Documents/GitHub/upsat-obc-software/stm_cube/su_sd_fr_test/Middlewares/Third_Party/FreeRTOS/Source/portable/MemMang/heap_4.c'
' '
'Building file: G:/Users/nanimo/Documents/GitHub/upsat-obc-software/stm_cube/su_sd_fr_test/Middlewares/Third_Party/FreeRTOS/Source/list.c'
'Invoking: MCU GCC Compiler'
G:\Users\nanimo\Documents\GitHub\upsat-obc-software\stm_cube\su_sd_fr_test\SW4STM32\su_sd_fr_test Configuration\Debug
arm-none-eabi-gcc -mcpu=cortex-m4 -mthumb -mfloat-abi=hard -mfpu=fpv4-sp-d16 -D__weak="__attribute__((weak))" -D__packed="__attribute__((__packed__))" -DUSE_HAL_DRIVER -DSTM32F407xx -I"G:/Users/nanimo/Documents/GitHub/upsat-obc-software/stm_cube/su_sd_fr_test/Inc" -I"G:/Users/nanimo/Documents/GitHub/upsat-obc-software/stm_cube/su_sd_fr_test/Drivers/STM32F4xx_HAL_Driver/Inc" -I"G:/Users/nanimo/Documents/GitHub/upsat-obc-software/stm_cube/su_sd_fr_test/Drivers/STM32F4xx_HAL_Driver/Inc/Legacy" -I"G:/Users/nanimo/Documents/GitHub/upsat-obc-software/stm_cube/su_sd_fr_test/Middlewares/Third_Party/FatFs/src/drivers" -I"G:/Users/nanimo/Documents/GitHub/upsat-obc-software/stm_cube/su_sd_fr_test/Middlewares/Third_Party/FreeRTOS/Source/portable/GCC/ARM_CM4F" -I"G:/Users/nanimo/Documents/GitHub/upsat-obc-software/stm_cube/su_sd_fr_test/Middlewares/Third_Party/FatFs/src" -I"G:/Users/nanimo/Documents/GitHub/upsat-obc-software/stm_cube/su_sd_fr_test/Middlewares/Third_Party/FreeRTOS/Source/include" -I"G:/Users/nanimo/Documents/GitHub/upsat-obc-software/stm_cube/su_sd_fr_test/Middlewares/Third_Party/FreeRTOS/Source/CMSIS_RTOS" -I"G:/Users/nanimo/Documents/GitHub/upsat-obc-software/stm_cube/su_sd_fr_test/Drivers/CMSIS/Include" -I"G:/Users/nanimo/Documents/GitHub/upsat-obc-software/stm_cube/su_sd_fr_test/Drivers/CMSIS/Device/ST/STM32F4xx/Include"  -Os -g3 -Wall -fmessage-length=0 -ffunction-sections -c -fmessage-length=0 -MMD -MP -MF"Middlewares/FreeRTOS/list.d" -MT"Middlewares/FreeRTOS/list.o" -o "Middlewares/FreeRTOS/list.o" "G:/Users/nanimo/Documents/GitHub/upsat-obc-software/stm_cube/su_sd_fr_test/Middlewares/Third_Party/FreeRTOS/Source/list.c"
'Finished building: G:/Users/nanimo/Documents/GitHub/upsat-obc-software/stm_cube/su_sd_fr_test/Middlewares/Third_Party/FreeRTOS/Source/list.c'
' '
'Building file: G:/Users/nanimo/Documents/GitHub/upsat-obc-software/stm_cube/su_sd_fr_test/Middlewares/Third_Party/FreeRTOS/Source/portable/GCC/ARM_CM4F/port.c'
'Invoking: MCU GCC Compiler'
G:\Users\nanimo\Documents\GitHub\upsat-obc-software\stm_cube\su_sd_fr_test\SW4STM32\su_sd_fr_test Configuration\Debug
arm-none-eabi-gcc -mcpu=cortex-m4 -mthumb -mfloat-abi=hard -mfpu=fpv4-sp-d16 -D__weak="__attribute__((weak))" -D__packed="__attribute__((__packed__))" -DUSE_HAL_DRIVER -DSTM32F407xx -I"G:/Users/nanimo/Documents/GitHub/upsat-obc-software/stm_cube/su_sd_fr_test/Inc" -I"G:/Users/nanimo/Documents/GitHub/upsat-obc-software/stm_cube/su_sd_fr_test/Drivers/STM32F4xx_HAL_Driver/Inc" -I"G:/Users/nanimo/Documents/GitHub/upsat-obc-software/stm_cube/su_sd_fr_test/Drivers/STM32F4xx_HAL_Driver/Inc/Legacy" -I"G:/Users/nanimo/Documents/GitHub/upsat-obc-software/stm_cube/su_sd_fr_test/Middlewares/Third_Party/FatFs/src/drivers" -I"G:/Users/nanimo/Documents/GitHub/upsat-obc-software/stm_cube/su_sd_fr_test/Middlewares/Third_Party/FreeRTOS/Source/portable/GCC/ARM_CM4F" -I"G:/Users/nanimo/Documents/GitHub/upsat-obc-software/stm_cube/su_sd_fr_test/Middlewares/Third_Party/FatFs/src" -I"G:/Users/nanimo/Documents/GitHub/upsat-obc-software/stm_cube/su_sd_fr_test/Middlewares/Third_Party/FreeRTOS/Source/include" -I"G:/Users/nanimo/Documents/GitHub/upsat-obc-software/stm_cube/su_sd_fr_test/Middlewares/Third_Party/FreeRTOS/Source/CMSIS_RTOS" -I"G:/Users/nanimo/Documents/GitHub/upsat-obc-software/stm_cube/su_sd_fr_test/Drivers/CMSIS/Include" -I"G:/Users/nanimo/Documents/GitHub/upsat-obc-software/stm_cube/su_sd_fr_test/Drivers/CMSIS/Device/ST/STM32F4xx/Include"  -Os -g3 -Wall -fmessage-length=0 -ffunction-sections -c -fmessage-length=0 -MMD -MP -MF"Middlewares/FreeRTOS/port.d" -MT"Middlewares/FreeRTOS/port.o" -o "Middlewares/FreeRTOS/port.o" "G:/Users/nanimo/Documents/GitHub/upsat-obc-software/stm_cube/su_sd_fr_test/Middlewares/Third_Party/FreeRTOS/Source/portable/GCC/ARM_CM4F/port.c"
'Finished building: G:/Users/nanimo/Documents/GitHub/upsat-obc-software/stm_cube/su_sd_fr_test/Middlewares/Third_Party/FreeRTOS/Source/portable/GCC/ARM_CM4F/port.c'
' '
'Building file: G:/Users/nanimo/Documents/GitHub/upsat-obc-software/stm_cube/su_sd_fr_test/Middlewares/Third_Party/FreeRTOS/Source/queue.c'
'Invoking: MCU GCC Compiler'
G:\Users\nanimo\Documents\GitHub\upsat-obc-software\stm_cube\su_sd_fr_test\SW4STM32\su_sd_fr_test Configuration\Debug
arm-none-eabi-gcc -mcpu=cortex-m4 -mthumb -mfloat-abi=hard -mfpu=fpv4-sp-d16 -D__weak="__attribute__((weak))" -D__packed="__attribute__((__packed__))" -DUSE_HAL_DRIVER -DSTM32F407xx -I"G:/Users/nanimo/Documents/GitHub/upsat-obc-software/stm_cube/su_sd_fr_test/Inc" -I"G:/Users/nanimo/Documents/GitHub/upsat-obc-software/stm_cube/su_sd_fr_test/Drivers/STM32F4xx_HAL_Driver/Inc" -I"G:/Users/nanimo/Documents/GitHub/upsat-obc-software/stm_cube/su_sd_fr_test/Drivers/STM32F4xx_HAL_Driver/Inc/Legacy" -I"G:/Users/nanimo/Documents/GitHub/upsat-obc-software/stm_cube/su_sd_fr_test/Middlewares/Third_Party/FatFs/src/drivers" -I"G:/Users/nanimo/Documents/GitHub/upsat-obc-software/stm_cube/su_sd_fr_test/Middlewares/Third_Party/FreeRTOS/Source/portable/GCC/ARM_CM4F" -I"G:/Users/nanimo/Documents/GitHub/upsat-obc-software/stm_cube/su_sd_fr_test/Middlewares/Third_Party/FatFs/src" -I"G:/Users/nanimo/Documents/GitHub/upsat-obc-software/stm_cube/su_sd_fr_test/Middlewares/Third_Party/FreeRTOS/Source/include" -I"G:/Users/nanimo/Documents/GitHub/upsat-obc-software/stm_cube/su_sd_fr_test/Middlewares/Third_Party/FreeRTOS/Source/CMSIS_RTOS" -I"G:/Users/nanimo/Documents/GitHub/upsat-obc-software/stm_cube/su_sd_fr_test/Drivers/CMSIS/Include" -I"G:/Users/nanimo/Documents/GitHub/upsat-obc-software/stm_cube/su_sd_fr_test/Drivers/CMSIS/Device/ST/STM32F4xx/Include"  -Os -g3 -Wall -fmessage-length=0 -ffunction-sections -c -fmessage-length=0 -MMD -MP -MF"Middlewares/FreeRTOS/queue.d" -MT"Middlewares/FreeRTOS/queue.o" -o "Middlewares/FreeRTOS/queue.o" "G:/Users/nanimo/Documents/GitHub/upsat-obc-software/stm_cube/su_sd_fr_test/Middlewares/Third_Party/FreeRTOS/Source/queue.c"
'Finished building: G:/Users/nanimo/Documents/GitHub/upsat-obc-software/stm_cube/su_sd_fr_test/Middlewares/Third_Party/FreeRTOS/Source/queue.c'
' '
'Building file: G:/Users/nanimo/Documents/GitHub/upsat-obc-software/stm_cube/su_sd_fr_test/Middlewares/Third_Party/FreeRTOS/Source/tasks.c'
'Invoking: MCU GCC Compiler'
G:\Users\nanimo\Documents\GitHub\upsat-obc-software\stm_cube\su_sd_fr_test\SW4STM32\su_sd_fr_test Configuration\Debug
arm-none-eabi-gcc -mcpu=cortex-m4 -mthumb -mfloat-abi=hard -mfpu=fpv4-sp-d16 -D__weak="__attribute__((weak))" -D__packed="__attribute__((__packed__))" -DUSE_HAL_DRIVER -DSTM32F407xx -I"G:/Users/nanimo/Documents/GitHub/upsat-obc-software/stm_cube/su_sd_fr_test/Inc" -I"G:/Users/nanimo/Documents/GitHub/upsat-obc-software/stm_cube/su_sd_fr_test/Drivers/STM32F4xx_HAL_Driver/Inc" -I"G:/Users/nanimo/Documents/GitHub/upsat-obc-software/stm_cube/su_sd_fr_test/Drivers/STM32F4xx_HAL_Driver/Inc/Legacy" -I"G:/Users/nanimo/Documents/GitHub/upsat-obc-software/stm_cube/su_sd_fr_test/Middlewares/Third_Party/FatFs/src/drivers" -I"G:/Users/nanimo/Documents/GitHub/upsat-obc-software/stm_cube/su_sd_fr_test/Middlewares/Third_Party/FreeRTOS/Source/portable/GCC/ARM_CM4F" -I"G:/Users/nanimo/Documents/GitHub/upsat-obc-software/stm_cube/su_sd_fr_test/Middlewares/Third_Party/FatFs/src" -I"G:/Users/nanimo/Documents/GitHub/upsat-obc-software/stm_cube/su_sd_fr_test/Middlewares/Third_Party/FreeRTOS/Source/include" -I"G:/Users/nanimo/Documents/GitHub/upsat-obc-software/stm_cube/su_sd_fr_test/Middlewares/Third_Party/FreeRTOS/Source/CMSIS_RTOS" -I"G:/Users/nanimo/Documents/GitHub/upsat-obc-software/stm_cube/su_sd_fr_test/Drivers/CMSIS/Include" -I"G:/Users/nanimo/Documents/GitHub/upsat-obc-software/stm_cube/su_sd_fr_test/Drivers/CMSIS/Device/ST/STM32F4xx/Include"  -Os -g3 -Wall -fmessage-length=0 -ffunction-sections -c -fmessage-length=0 -MMD -MP -MF"Middlewares/FreeRTOS/tasks.d" -MT"Middlewares/FreeRTOS/tasks.o" -o "Middlewares/FreeRTOS/tasks.o" "G:/Users/nanimo/Documents/GitHub/upsat-obc-software/stm_cube/su_sd_fr_test/Middlewares/Third_Party/FreeRTOS/Source/tasks.c"
'Finished building: G:/Users/nanimo/Documents/GitHub/upsat-obc-software/stm_cube/su_sd_fr_test/Middlewares/Third_Party/FreeRTOS/Source/tasks.c'
' '
'Building file: G:/Users/nanimo/Documents/GitHub/upsat-obc-software/stm_cube/su_sd_fr_test/Middlewares/Third_Party/FreeRTOS/Source/timers.c'
'Invoking: MCU GCC Compiler'
G:\Users\nanimo\Documents\GitHub\upsat-obc-software\stm_cube\su_sd_fr_test\SW4STM32\su_sd_fr_test Configuration\Debug
arm-none-eabi-gcc -mcpu=cortex-m4 -mthumb -mfloat-abi=hard -mfpu=fpv4-sp-d16 -D__weak="__attribute__((weak))" -D__packed="__attribute__((__packed__))" -DUSE_HAL_DRIVER -DSTM32F407xx -I"G:/Users/nanimo/Documents/GitHub/upsat-obc-software/stm_cube/su_sd_fr_test/Inc" -I"G:/Users/nanimo/Documents/GitHub/upsat-obc-software/stm_cube/su_sd_fr_test/Drivers/STM32F4xx_HAL_Driver/Inc" -I"G:/Users/nanimo/Documents/GitHub/upsat-obc-software/stm_cube/su_sd_fr_test/Drivers/STM32F4xx_HAL_Driver/Inc/Legacy" -I"G:/Users/nanimo/Documents/GitHub/upsat-obc-software/stm_cube/su_sd_fr_test/Middlewares/Third_Party/FatFs/src/drivers" -I"G:/Users/nanimo/Documents/GitHub/upsat-obc-software/stm_cube/su_sd_fr_test/Middlewares/Third_Party/FreeRTOS/Source/portable/GCC/ARM_CM4F" -I"G:/Users/nanimo/Documents/GitHub/upsat-obc-software/stm_cube/su_sd_fr_test/Middlewares/Third_Party/FatFs/src" -I"G:/Users/nanimo/Documents/GitHub/upsat-obc-software/stm_cube/su_sd_fr_test/Middlewares/Third_Party/FreeRTOS/Source/include" -I"G:/Users/nanimo/Documents/GitHub/upsat-obc-software/stm_cube/su_sd_fr_test/Middlewares/Third_Party/FreeRTOS/Source/CMSIS_RTOS" -I"G:/Users/nanimo/Documents/GitHub/upsat-obc-software/stm_cube/su_sd_fr_test/Drivers/CMSIS/Include" -I"G:/Users/nanimo/Documents/GitHub/upsat-obc-software/stm_cube/su_sd_fr_test/Drivers/CMSIS/Device/ST/STM32F4xx/Include"  -Os -g3 -Wall -fmessage-length=0 -ffunction-sections -c -fmessage-length=0 -MMD -MP -MF"Middlewares/FreeRTOS/timers.d" -MT"Middlewares/FreeRTOS/timers.o" -o "Middlewares/FreeRTOS/timers.o" "G:/Users/nanimo/Documents/GitHub/upsat-obc-software/stm_cube/su_sd_fr_test/Middlewares/Third_Party/FreeRTOS/Source/timers.c"
'Finished building: G:/Users/nanimo/Documents/GitHub/upsat-obc-software/stm_cube/su_sd_fr_test/Middlewares/Third_Party/FreeRTOS/Source/timers.c'
' '
'Building file: G:/Users/nanimo/Documents/GitHub/upsat-obc-software/stm_cube/su_sd_fr_test/Middlewares/Third_Party/FatFs/src/diskio.c'
'Invoking: MCU GCC Compiler'
G:\Users\nanimo\Documents\GitHub\upsat-obc-software\stm_cube\su_sd_fr_test\SW4STM32\su_sd_fr_test Configuration\Debug
arm-none-eabi-gcc -mcpu=cortex-m4 -mthumb -mfloat-abi=hard -mfpu=fpv4-sp-d16 -D__weak="__attribute__((weak))" -D__packed="__attribute__((__packed__))" -DUSE_HAL_DRIVER -DSTM32F407xx -I"G:/Users/nanimo/Documents/GitHub/upsat-obc-software/stm_cube/su_sd_fr_test/Inc" -I"G:/Users/nanimo/Documents/GitHub/upsat-obc-software/stm_cube/su_sd_fr_test/Drivers/STM32F4xx_HAL_Driver/Inc" -I"G:/Users/nanimo/Documents/GitHub/upsat-obc-software/stm_cube/su_sd_fr_test/Drivers/STM32F4xx_HAL_Driver/Inc/Legacy" -I"G:/Users/nanimo/Documents/GitHub/upsat-obc-software/stm_cube/su_sd_fr_test/Middlewares/Third_Party/FatFs/src/drivers" -I"G:/Users/nanimo/Documents/GitHub/upsat-obc-software/stm_cube/su_sd_fr_test/Middlewares/Third_Party/FreeRTOS/Source/portable/GCC/ARM_CM4F" -I"G:/Users/nanimo/Documents/GitHub/upsat-obc-software/stm_cube/su_sd_fr_test/Middlewares/Third_Party/FatFs/src" -I"G:/Users/nanimo/Documents/GitHub/upsat-obc-software/stm_cube/su_sd_fr_test/Middlewares/Third_Party/FreeRTOS/Source/include" -I"G:/Users/nanimo/Documents/GitHub/upsat-obc-software/stm_cube/su_sd_fr_test/Middlewares/Third_Party/FreeRTOS/Source/CMSIS_RTOS" -I"G:/Users/nanimo/Documents/GitHub/upsat-obc-software/stm_cube/su_sd_fr_test/Drivers/CMSIS/Include" -I"G:/Users/nanimo/Documents/GitHub/upsat-obc-software/stm_cube/su_sd_fr_test/Drivers/CMSIS/Device/ST/STM32F4xx/Include"  -Os -g3 -Wall -fmessage-length=0 -ffunction-sections -c -fmessage-length=0 -MMD -MP -MF"Middlewares/FatFs/diskio.d" -MT"Middlewares/FatFs/diskio.o" -o "Middlewares/FatFs/diskio.o" "G:/Users/nanimo/Documents/GitHub/upsat-obc-software/stm_cube/su_sd_fr_test/Middlewares/Third_Party/FatFs/src/diskio.c"
'Finished building: G:/Users/nanimo/Documents/GitHub/upsat-obc-software/stm_cube/su_sd_fr_test/Middlewares/Third_Party/FatFs/src/diskio.c'
' '
'Building file: G:/Users/nanimo/Documents/GitHub/upsat-obc-software/stm_cube/su_sd_fr_test/Middlewares/Third_Party/FatFs/src/ff.c'
'Invoking: MCU GCC Compiler'
G:\Users\nanimo\Documents\GitHub\upsat-obc-software\stm_cube\su_sd_fr_test\SW4STM32\su_sd_fr_test Configuration\Debug
arm-none-eabi-gcc -mcpu=cortex-m4 -mthumb -mfloat-abi=hard -mfpu=fpv4-sp-d16 -D__weak="__attribute__((weak))" -D__packed="__attribute__((__packed__))" -DUSE_HAL_DRIVER -DSTM32F407xx -I"G:/Users/nanimo/Documents/GitHub/upsat-obc-software/stm_cube/su_sd_fr_test/Inc" -I"G:/Users/nanimo/Documents/GitHub/upsat-obc-software/stm_cube/su_sd_fr_test/Drivers/STM32F4xx_HAL_Driver/Inc" -I"G:/Users/nanimo/Documents/GitHub/upsat-obc-software/stm_cube/su_sd_fr_test/Drivers/STM32F4xx_HAL_Driver/Inc/Legacy" -I"G:/Users/nanimo/Documents/GitHub/upsat-obc-software/stm_cube/su_sd_fr_test/Middlewares/Third_Party/FatFs/src/drivers" -I"G:/Users/nanimo/Documents/GitHub/upsat-obc-software/stm_cube/su_sd_fr_test/Middlewares/Third_Party/FreeRTOS/Source/portable/GCC/ARM_CM4F" -I"G:/Users/nanimo/Documents/GitHub/upsat-obc-software/stm_cube/su_sd_fr_test/Middlewares/Third_Party/FatFs/src" -I"G:/Users/nanimo/Documents/GitHub/upsat-obc-software/stm_cube/su_sd_fr_test/Middlewares/Third_Party/FreeRTOS/Source/include" -I"G:/Users/nanimo/Documents/GitHub/upsat-obc-software/stm_cube/su_sd_fr_test/Middlewares/Third_Party/FreeRTOS/Source/CMSIS_RTOS" -I"G:/Users/nanimo/Documents/GitHub/upsat-obc-software/stm_cube/su_sd_fr_test/Drivers/CMSIS/Include" -I"G:/Users/nanimo/Documents/GitHub/upsat-obc-software/stm_cube/su_sd_fr_test/Drivers/CMSIS/Device/ST/STM32F4xx/Include"  -Os -g3 -Wall -fmessage-length=0 -ffunction-sections -c -fmessage-length=0 -MMD -MP -MF"Middlewares/FatFs/ff.d" -MT"Middlewares/FatFs/ff.o" -o "Middlewares/FatFs/ff.o" "G:/Users/nanimo/Documents/GitHub/upsat-obc-software/stm_cube/su_sd_fr_test/Middlewares/Third_Party/FatFs/src/ff.c"
'Finished building: G:/Users/nanimo/Documents/GitHub/upsat-obc-software/stm_cube/su_sd_fr_test/Middlewares/Third_Party/FatFs/src/ff.c'
' '
'Building file: G:/Users/nanimo/Documents/GitHub/upsat-obc-software/stm_cube/su_sd_fr_test/Middlewares/Third_Party/FatFs/src/ff_gen_drv.c'
'Invoking: MCU GCC Compiler'
G:\Users\nanimo\Documents\GitHub\upsat-obc-software\stm_cube\su_sd_fr_test\SW4STM32\su_sd_fr_test Configuration\Debug
arm-none-eabi-gcc -mcpu=cortex-m4 -mthumb -mfloat-abi=hard -mfpu=fpv4-sp-d16 -D__weak="__attribute__((weak))" -D__packed="__attribute__((__packed__))" -DUSE_HAL_DRIVER -DSTM32F407xx -I"G:/Users/nanimo/Documents/GitHub/upsat-obc-software/stm_cube/su_sd_fr_test/Inc" -I"G:/Users/nanimo/Documents/GitHub/upsat-obc-software/stm_cube/su_sd_fr_test/Drivers/STM32F4xx_HAL_Driver/Inc" -I"G:/Users/nanimo/Documents/GitHub/upsat-obc-software/stm_cube/su_sd_fr_test/Drivers/STM32F4xx_HAL_Driver/Inc/Legacy" -I"G:/Users/nanimo/Documents/GitHub/upsat-obc-software/stm_cube/su_sd_fr_test/Middlewares/Third_Party/FatFs/src/drivers" -I"G:/Users/nanimo/Documents/GitHub/upsat-obc-software/stm_cube/su_sd_fr_test/Middlewares/Third_Party/FreeRTOS/Source/portable/GCC/ARM_CM4F" -I"G:/Users/nanimo/Documents/GitHub/upsat-obc-software/stm_cube/su_sd_fr_test/Middlewares/Third_Party/FatFs/src" -I"G:/Users/nanimo/Documents/GitHub/upsat-obc-software/stm_cube/su_sd_fr_test/Middlewares/Third_Party/FreeRTOS/Source/include" -I"G:/Users/nanimo/Documents/GitHub/upsat-obc-software/stm_cube/su_sd_fr_test/Middlewares/Third_Party/FreeRTOS/Source/CMSIS_RTOS" -I"G:/Users/nanimo/Documents/GitHub/upsat-obc-software/stm_cube/su_sd_fr_test/Drivers/CMSIS/Include" -I"G:/Users/nanimo/Documents/GitHub/upsat-obc-software/stm_cube/su_sd_fr_test/Drivers/CMSIS/Device/ST/STM32F4xx/Include"  -Os -g3 -Wall -fmessage-length=0 -ffunction-sections -c -fmessage-length=0 -MMD -MP -MF"Middlewares/FatFs/ff_gen_drv.d" -MT"Middlewares/FatFs/ff_gen_drv.o" -o "Middlewares/FatFs/ff_gen_drv.o" "G:/Users/nanimo/Documents/GitHub/upsat-obc-software/stm_cube/su_sd_fr_test/Middlewares/Third_Party/FatFs/src/ff_gen_drv.c"
'Finished building: G:/Users/nanimo/Documents/GitHub/upsat-obc-software/stm_cube/su_sd_fr_test/Middlewares/Third_Party/FatFs/src/ff_gen_drv.c'
' '
'Building file: G:/Users/nanimo/Documents/GitHub/upsat-obc-software/stm_cube/su_sd_fr_test/Middlewares/Third_Party/FatFs/src/drivers/sd_diskio.c'
'Invoking: MCU GCC Compiler'
G:\Users\nanimo\Documents\GitHub\upsat-obc-software\stm_cube\su_sd_fr_test\SW4STM32\su_sd_fr_test Configuration\Debug
arm-none-eabi-gcc -mcpu=cortex-m4 -mthumb -mfloat-abi=hard -mfpu=fpv4-sp-d16 -D__weak="__attribute__((weak))" -D__packed="__attribute__((__packed__))" -DUSE_HAL_DRIVER -DSTM32F407xx -I"G:/Users/nanimo/Documents/GitHub/upsat-obc-software/stm_cube/su_sd_fr_test/Inc" -I"G:/Users/nanimo/Documents/GitHub/upsat-obc-software/stm_cube/su_sd_fr_test/Drivers/STM32F4xx_HAL_Driver/Inc" -I"G:/Users/nanimo/Documents/GitHub/upsat-obc-software/stm_cube/su_sd_fr_test/Drivers/STM32F4xx_HAL_Driver/Inc/Legacy" -I"G:/Users/nanimo/Documents/GitHub/upsat-obc-software/stm_cube/su_sd_fr_test/Middlewares/Third_Party/FatFs/src/drivers" -I"G:/Users/nanimo/Documents/GitHub/upsat-obc-software/stm_cube/su_sd_fr_test/Middlewares/Third_Party/FreeRTOS/Source/portable/GCC/ARM_CM4F" -I"G:/Users/nanimo/Documents/GitHub/upsat-obc-software/stm_cube/su_sd_fr_test/Middlewares/Third_Party/FatFs/src" -I"G:/Users/nanimo/Documents/GitHub/upsat-obc-software/stm_cube/su_sd_fr_test/Middlewares/Third_Party/FreeRTOS/Source/include" -I"G:/Users/nanimo/Documents/GitHub/upsat-obc-software/stm_cube/su_sd_fr_test/Middlewares/Third_Party/FreeRTOS/Source/CMSIS_RTOS" -I"G:/Users/nanimo/Documents/GitHub/upsat-obc-software/stm_cube/su_sd_fr_test/Drivers/CMSIS/Include" -I"G:/Users/nanimo/Documents/GitHub/upsat-obc-software/stm_cube/su_sd_fr_test/Drivers/CMSIS/Device/ST/STM32F4xx/Include"  -Os -g3 -Wall -fmessage-length=0 -ffunction-sections -c -fmessage-length=0 -MMD -MP -MF"Middlewares/FatFs/sd_diskio.d" -MT"Middlewares/FatFs/sd_diskio.o" -o "Middlewares/FatFs/sd_diskio.o" "G:/Users/nanimo/Documents/GitHub/upsat-obc-software/stm_cube/su_sd_fr_test/Middlewares/Third_Party/FatFs/src/drivers/sd_diskio.c"
'Finished building: G:/Users/nanimo/Documents/GitHub/upsat-obc-software/stm_cube/su_sd_fr_test/Middlewares/Third_Party/FatFs/src/drivers/sd_diskio.c'
' '
'Building file: G:/Users/nanimo/Documents/GitHub/upsat-obc-software/stm_cube/su_sd_fr_test/Middlewares/Third_Party/FatFs/src/option/syscall.c'
'Invoking: MCU GCC Compiler'
G:\Users\nanimo\Documents\GitHub\upsat-obc-software\stm_cube\su_sd_fr_test\SW4STM32\su_sd_fr_test Configuration\Debug
arm-none-eabi-gcc -mcpu=cortex-m4 -mthumb -mfloat-abi=hard -mfpu=fpv4-sp-d16 -D__weak="__attribute__((weak))" -D__packed="__attribute__((__packed__))" -DUSE_HAL_DRIVER -DSTM32F407xx -I"G:/Users/nanimo/Documents/GitHub/upsat-obc-software/stm_cube/su_sd_fr_test/Inc" -I"G:/Users/nanimo/Documents/GitHub/upsat-obc-software/stm_cube/su_sd_fr_test/Drivers/STM32F4xx_HAL_Driver/Inc" -I"G:/Users/nanimo/Documents/GitHub/upsat-obc-software/stm_cube/su_sd_fr_test/Drivers/STM32F4xx_HAL_Driver/Inc/Legacy" -I"G:/Users/nanimo/Documents/GitHub/upsat-obc-software/stm_cube/su_sd_fr_test/Middlewares/Third_Party/FatFs/src/drivers" -I"G:/Users/nanimo/Documents/GitHub/upsat-obc-software/stm_cube/su_sd_fr_test/Middlewares/Third_Party/FreeRTOS/Source/portable/GCC/ARM_CM4F" -I"G:/Users/nanimo/Documents/GitHub/upsat-obc-software/stm_cube/su_sd_fr_test/Middlewares/Third_Party/FatFs/src" -I"G:/Users/nanimo/Documents/GitHub/upsat-obc-software/stm_cube/su_sd_fr_test/Middlewares/Third_Party/FreeRTOS/Source/include" -I"G:/Users/nanimo/Documents/GitHub/upsat-obc-software/stm_cube/su_sd_fr_test/Middlewares/Third_Party/FreeRTOS/Source/CMSIS_RTOS" -I"G:/Users/nanimo/Documents/GitHub/upsat-obc-software/stm_cube/su_sd_fr_test/Drivers/CMSIS/Include" -I"G:/Users/nanimo/Documents/GitHub/upsat-obc-software/stm_cube/su_sd_fr_test/Drivers/CMSIS/Device/ST/STM32F4xx/Include"  -Os -g3 -Wall -fmessage-length=0 -ffunction-sections -c -fmessage-length=0 -MMD -MP -MF"Middlewares/FatFs/syscall.d" -MT"Middlewares/FatFs/syscall.o" -o "Middlewares/FatFs/syscall.o" "G:/Users/nanimo/Documents/GitHub/upsat-obc-software/stm_cube/su_sd_fr_test/Middlewares/Third_Party/FatFs/src/option/syscall.c"
'Finished building: G:/Users/nanimo/Documents/GitHub/upsat-obc-software/stm_cube/su_sd_fr_test/Middlewares/Third_Party/FatFs/src/option/syscall.c'
' '
'Building file: G:/Users/nanimo/Documents/GitHub/upsat-obc-software/stm_cube/su_sd_fr_test/Drivers/STM32F4xx_HAL_Driver/Src/stm32f4xx_hal.c'
'Invoking: MCU GCC Compiler'
G:\Users\nanimo\Documents\GitHub\upsat-obc-software\stm_cube\su_sd_fr_test\SW4STM32\su_sd_fr_test Configuration\Debug
arm-none-eabi-gcc -mcpu=cortex-m4 -mthumb -mfloat-abi=hard -mfpu=fpv4-sp-d16 -D__weak="__attribute__((weak))" -D__packed="__attribute__((__packed__))" -DUSE_HAL_DRIVER -DSTM32F407xx -I"G:/Users/nanimo/Documents/GitHub/upsat-obc-software/stm_cube/su_sd_fr_test/Inc" -I"G:/Users/nanimo/Documents/GitHub/upsat-obc-software/stm_cube/su_sd_fr_test/Drivers/STM32F4xx_HAL_Driver/Inc" -I"G:/Users/nanimo/Documents/GitHub/upsat-obc-software/stm_cube/su_sd_fr_test/Drivers/STM32F4xx_HAL_Driver/Inc/Legacy" -I"G:/Users/nanimo/Documents/GitHub/upsat-obc-software/stm_cube/su_sd_fr_test/Middlewares/Third_Party/FatFs/src/drivers" -I"G:/Users/nanimo/Documents/GitHub/upsat-obc-software/stm_cube/su_sd_fr_test/Middlewares/Third_Party/FreeRTOS/Source/portable/GCC/ARM_CM4F" -I"G:/Users/nanimo/Documents/GitHub/upsat-obc-software/stm_cube/su_sd_fr_test/Middlewares/Third_Party/FatFs/src" -I"G:/Users/nanimo/Documents/GitHub/upsat-obc-software/stm_cube/su_sd_fr_test/Middlewares/Third_Party/FreeRTOS/Source/include" -I"G:/Users/nanimo/Documents/GitHub/upsat-obc-software/stm_cube/su_sd_fr_test/Middlewares/Third_Party/FreeRTOS/Source/CMSIS_RTOS" -I"G:/Users/nanimo/Documents/GitHub/upsat-obc-software/stm_cube/su_sd_fr_test/Drivers/CMSIS/Include" -I"G:/Users/nanimo/Documents/GitHub/upsat-obc-software/stm_cube/su_sd_fr_test/Drivers/CMSIS/Device/ST/STM32F4xx/Include"  -Os -g3 -Wall -fmessage-length=0 -ffunction-sections -c -fmessage-length=0 -MMD -MP -MF"Drivers/STM32F4xx_HAL_Driver/stm32f4xx_hal.d" -MT"Drivers/STM32F4xx_HAL_Driver/stm32f4xx_hal.o" -o "Drivers/STM32F4xx_HAL_Driver/stm32f4xx_hal.o" "G:/Users/nanimo/Documents/GitHub/upsat-obc-software/stm_cube/su_sd_fr_test/Drivers/STM32F4xx_HAL_Driver/Src/stm32f4xx_hal.c"
'Finished building: G:/Users/nanimo/Documents/GitHub/upsat-obc-software/stm_cube/su_sd_fr_test/Drivers/STM32F4xx_HAL_Driver/Src/stm32f4xx_hal.c'
' '
'Building file: G:/Users/nanimo/Documents/GitHub/upsat-obc-software/stm_cube/su_sd_fr_test/Drivers/STM32F4xx_HAL_Driver/Src/stm32f4xx_hal_cortex.c'
'Invoking: MCU GCC Compiler'
G:\Users\nanimo\Documents\GitHub\upsat-obc-software\stm_cube\su_sd_fr_test\SW4STM32\su_sd_fr_test Configuration\Debug
arm-none-eabi-gcc -mcpu=cortex-m4 -mthumb -mfloat-abi=hard -mfpu=fpv4-sp-d16 -D__weak="__attribute__((weak))" -D__packed="__attribute__((__packed__))" -DUSE_HAL_DRIVER -DSTM32F407xx -I"G:/Users/nanimo/Documents/GitHub/upsat-obc-software/stm_cube/su_sd_fr_test/Inc" -I"G:/Users/nanimo/Documents/GitHub/upsat-obc-software/stm_cube/su_sd_fr_test/Drivers/STM32F4xx_HAL_Driver/Inc" -I"G:/Users/nanimo/Documents/GitHub/upsat-obc-software/stm_cube/su_sd_fr_test/Drivers/STM32F4xx_HAL_Driver/Inc/Legacy" -I"G:/Users/nanimo/Documents/GitHub/upsat-obc-software/stm_cube/su_sd_fr_test/Middlewares/Third_Party/FatFs/src/drivers" -I"G:/Users/nanimo/Documents/GitHub/upsat-obc-software/stm_cube/su_sd_fr_test/Middlewares/Third_Party/FreeRTOS/Source/portable/GCC/ARM_CM4F" -I"G:/Users/nanimo/Documents/GitHub/upsat-obc-software/stm_cube/su_sd_fr_test/Middlewares/Third_Party/FatFs/src" -I"G:/Users/nanimo/Documents/GitHub/upsat-obc-software/stm_cube/su_sd_fr_test/Middlewares/Third_Party/FreeRTOS/Source/include" -I"G:/Users/nanimo/Documents/GitHub/upsat-obc-software/stm_cube/su_sd_fr_test/Middlewares/Third_Party/FreeRTOS/Source/CMSIS_RTOS" -I"G:/Users/nanimo/Documents/GitHub/upsat-obc-software/stm_cube/su_sd_fr_test/Drivers/CMSIS/Include" -I"G:/Users/nanimo/Documents/GitHub/upsat-obc-software/stm_cube/su_sd_fr_test/Drivers/CMSIS/Device/ST/STM32F4xx/Include"  -Os -g3 -Wall -fmessage-length=0 -ffunction-sections -c -fmessage-length=0 -MMD -MP -MF"Drivers/STM32F4xx_HAL_Driver/stm32f4xx_hal_cortex.d" -MT"Drivers/STM32F4xx_HAL_Driver/stm32f4xx_hal_cortex.o" -o "Drivers/STM32F4xx_HAL_Driver/stm32f4xx_hal_cortex.o" "G:/Users/nanimo/Documents/GitHub/upsat-obc-software/stm_cube/su_sd_fr_test/Drivers/STM32F4xx_HAL_Driver/Src/stm32f4xx_hal_cortex.c"
'Finished building: G:/Users/nanimo/Documents/GitHub/upsat-obc-software/stm_cube/su_sd_fr_test/Drivers/STM32F4xx_HAL_Driver/Src/stm32f4xx_hal_cortex.c'
' '
'Building file: G:/Users/nanimo/Documents/GitHub/upsat-obc-software/stm_cube/su_sd_fr_test/Drivers/STM32F4xx_HAL_Driver/Src/stm32f4xx_hal_dma.c'
'Invoking: MCU GCC Compiler'
G:\Users\nanimo\Documents\GitHub\upsat-obc-software\stm_cube\su_sd_fr_test\SW4STM32\su_sd_fr_test Configuration\Debug
arm-none-eabi-gcc -mcpu=cortex-m4 -mthumb -mfloat-abi=hard -mfpu=fpv4-sp-d16 -D__weak="__attribute__((weak))" -D__packed="__attribute__((__packed__))" -DUSE_HAL_DRIVER -DSTM32F407xx -I"G:/Users/nanimo/Documents/GitHub/upsat-obc-software/stm_cube/su_sd_fr_test/Inc" -I"G:/Users/nanimo/Documents/GitHub/upsat-obc-software/stm_cube/su_sd_fr_test/Drivers/STM32F4xx_HAL_Driver/Inc" -I"G:/Users/nanimo/Documents/GitHub/upsat-obc-software/stm_cube/su_sd_fr_test/Drivers/STM32F4xx_HAL_Driver/Inc/Legacy" -I"G:/Users/nanimo/Documents/GitHub/upsat-obc-software/stm_cube/su_sd_fr_test/Middlewares/Third_Party/FatFs/src/drivers" -I"G:/Users/nanimo/Documents/GitHub/upsat-obc-software/stm_cube/su_sd_fr_test/Middlewares/Third_Party/FreeRTOS/Source/portable/GCC/ARM_CM4F" -I"G:/Users/nanimo/Documents/GitHub/upsat-obc-software/stm_cube/su_sd_fr_test/Middlewares/Third_Party/FatFs/src" -I"G:/Users/nanimo/Documents/GitHub/upsat-obc-software/stm_cube/su_sd_fr_test/Middlewares/Third_Party/FreeRTOS/Source/include" -I"G:/Users/nanimo/Documents/GitHub/upsat-obc-software/stm_cube/su_sd_fr_test/Middlewares/Third_Party/FreeRTOS/Source/CMSIS_RTOS" -I"G:/Users/nanimo/Documents/GitHub/upsat-obc-software/stm_cube/su_sd_fr_test/Drivers/CMSIS/Include" -I"G:/Users/nanimo/Documents/GitHub/upsat-obc-software/stm_cube/su_sd_fr_test/Drivers/CMSIS/Device/ST/STM32F4xx/Include"  -Os -g3 -Wall -fmessage-length=0 -ffunction-sections -c -fmessage-length=0 -MMD -MP -MF"Drivers/STM32F4xx_HAL_Driver/stm32f4xx_hal_dma.d" -MT"Drivers/STM32F4xx_HAL_Driver/stm32f4xx_hal_dma.o" -o "Drivers/STM32F4xx_HAL_Driver/stm32f4xx_hal_dma.o" "G:/Users/nanimo/Documents/GitHub/upsat-obc-software/stm_cube/su_sd_fr_test/Drivers/STM32F4xx_HAL_Driver/Src/stm32f4xx_hal_dma.c"
'Finished building: G:/Users/nanimo/Documents/GitHub/upsat-obc-software/stm_cube/su_sd_fr_test/Drivers/STM32F4xx_HAL_Driver/Src/stm32f4xx_hal_dma.c'
' '
'Building file: G:/Users/nanimo/Documents/GitHub/upsat-obc-software/stm_cube/su_sd_fr_test/Drivers/STM32F4xx_HAL_Driver/Src/stm32f4xx_hal_dma_ex.c'
'Invoking: MCU GCC Compiler'
G:\Users\nanimo\Documents\GitHub\upsat-obc-software\stm_cube\su_sd_fr_test\SW4STM32\su_sd_fr_test Configuration\Debug
arm-none-eabi-gcc -mcpu=cortex-m4 -mthumb -mfloat-abi=hard -mfpu=fpv4-sp-d16 -D__weak="__attribute__((weak))" -D__packed="__attribute__((__packed__))" -DUSE_HAL_DRIVER -DSTM32F407xx -I"G:/Users/nanimo/Documents/GitHub/upsat-obc-software/stm_cube/su_sd_fr_test/Inc" -I"G:/Users/nanimo/Documents/GitHub/upsat-obc-software/stm_cube/su_sd_fr_test/Drivers/STM32F4xx_HAL_Driver/Inc" -I"G:/Users/nanimo/Documents/GitHub/upsat-obc-software/stm_cube/su_sd_fr_test/Drivers/STM32F4xx_HAL_Driver/Inc/Legacy" -I"G:/Users/nanimo/Documents/GitHub/upsat-obc-software/stm_cube/su_sd_fr_test/Middlewares/Third_Party/FatFs/src/drivers" -I"G:/Users/nanimo/Documents/GitHub/upsat-obc-software/stm_cube/su_sd_fr_test/Middlewares/Third_Party/FreeRTOS/Source/portable/GCC/ARM_CM4F" -I"G:/Users/nanimo/Documents/GitHub/upsat-obc-software/stm_cube/su_sd_fr_test/Middlewares/Third_Party/FatFs/src" -I"G:/Users/nanimo/Documents/GitHub/upsat-obc-software/stm_cube/su_sd_fr_test/Middlewares/Third_Party/FreeRTOS/Source/include" -I"G:/Users/nanimo/Documents/GitHub/upsat-obc-software/stm_cube/su_sd_fr_test/Middlewares/Third_Party/FreeRTOS/Source/CMSIS_RTOS" -I"G:/Users/nanimo/Documents/GitHub/upsat-obc-software/stm_cube/su_sd_fr_test/Drivers/CMSIS/Include" -I"G:/Users/nanimo/Documents/GitHub/upsat-obc-software/stm_cube/su_sd_fr_test/Drivers/CMSIS/Device/ST/STM32F4xx/Include"  -Os -g3 -Wall -fmessage-length=0 -ffunction-sections -c -fmessage-length=0 -MMD -MP -MF"Drivers/STM32F4xx_HAL_Driver/stm32f4xx_hal_dma_ex.d" -MT"Drivers/STM32F4xx_HAL_Driver/stm32f4xx_hal_dma_ex.o" -o "Drivers/STM32F4xx_HAL_Driver/stm32f4xx_hal_dma_ex.o" "G:/Users/nanimo/Documents/GitHub/upsat-obc-software/stm_cube/su_sd_fr_test/Drivers/STM32F4xx_HAL_Driver/Src/stm32f4xx_hal_dma_ex.c"
'Finished building: G:/Users/nanimo/Documents/GitHub/upsat-obc-software/stm_cube/su_sd_fr_test/Drivers/STM32F4xx_HAL_Driver/Src/stm32f4xx_hal_dma_ex.c'
' '
'Building file: G:/Users/nanimo/Documents/GitHub/upsat-obc-software/stm_cube/su_sd_fr_test/Drivers/STM32F4xx_HAL_Driver/Src/stm32f4xx_hal_flash.c'
'Invoking: MCU GCC Compiler'
G:\Users\nanimo\Documents\GitHub\upsat-obc-software\stm_cube\su_sd_fr_test\SW4STM32\su_sd_fr_test Configuration\Debug
arm-none-eabi-gcc -mcpu=cortex-m4 -mthumb -mfloat-abi=hard -mfpu=fpv4-sp-d16 -D__weak="__attribute__((weak))" -D__packed="__attribute__((__packed__))" -DUSE_HAL_DRIVER -DSTM32F407xx -I"G:/Users/nanimo/Documents/GitHub/upsat-obc-software/stm_cube/su_sd_fr_test/Inc" -I"G:/Users/nanimo/Documents/GitHub/upsat-obc-software/stm_cube/su_sd_fr_test/Drivers/STM32F4xx_HAL_Driver/Inc" -I"G:/Users/nanimo/Documents/GitHub/upsat-obc-software/stm_cube/su_sd_fr_test/Drivers/STM32F4xx_HAL_Driver/Inc/Legacy" -I"G:/Users/nanimo/Documents/GitHub/upsat-obc-software/stm_cube/su_sd_fr_test/Middlewares/Third_Party/FatFs/src/drivers" -I"G:/Users/nanimo/Documents/GitHub/upsat-obc-software/stm_cube/su_sd_fr_test/Middlewares/Third_Party/FreeRTOS/Source/portable/GCC/ARM_CM4F" -I"G:/Users/nanimo/Documents/GitHub/upsat-obc-software/stm_cube/su_sd_fr_test/Middlewares/Third_Party/FatFs/src" -I"G:/Users/nanimo/Documents/GitHub/upsat-obc-software/stm_cube/su_sd_fr_test/Middlewares/Third_Party/FreeRTOS/Source/include" -I"G:/Users/nanimo/Documents/GitHub/upsat-obc-software/stm_cube/su_sd_fr_test/Middlewares/Third_Party/FreeRTOS/Source/CMSIS_RTOS" -I"G:/Users/nanimo/Documents/GitHub/upsat-obc-software/stm_cube/su_sd_fr_test/Drivers/CMSIS/Include" -I"G:/Users/nanimo/Documents/GitHub/upsat-obc-software/stm_cube/su_sd_fr_test/Drivers/CMSIS/Device/ST/STM32F4xx/Include"  -Os -g3 -Wall -fmessage-length=0 -ffunction-sections -c -fmessage-length=0 -MMD -MP -MF"Drivers/STM32F4xx_HAL_Driver/stm32f4xx_hal_flash.d" -MT"Drivers/STM32F4xx_HAL_Driver/stm32f4xx_hal_flash.o" -o "Drivers/STM32F4xx_HAL_Driver/stm32f4xx_hal_flash.o" "G:/Users/nanimo/Documents/GitHub/upsat-obc-software/stm_cube/su_sd_fr_test/Drivers/STM32F4xx_HAL_Driver/Src/stm32f4xx_hal_flash.c"
'Finished building: G:/Users/nanimo/Documents/GitHub/upsat-obc-software/stm_cube/su_sd_fr_test/Drivers/STM32F4xx_HAL_Driver/Src/stm32f4xx_hal_flash.c'
' '
'Building file: G:/Users/nanimo/Documents/GitHub/upsat-obc-software/stm_cube/su_sd_fr_test/Drivers/STM32F4xx_HAL_Driver/Src/stm32f4xx_hal_flash_ex.c'
'Invoking: MCU GCC Compiler'
G:\Users\nanimo\Documents\GitHub\upsat-obc-software\stm_cube\su_sd_fr_test\SW4STM32\su_sd_fr_test Configuration\Debug
arm-none-eabi-gcc -mcpu=cortex-m4 -mthumb -mfloat-abi=hard -mfpu=fpv4-sp-d16 -D__weak="__attribute__((weak))" -D__packed="__attribute__((__packed__))" -DUSE_HAL_DRIVER -DSTM32F407xx -I"G:/Users/nanimo/Documents/GitHub/upsat-obc-software/stm_cube/su_sd_fr_test/Inc" -I"G:/Users/nanimo/Documents/GitHub/upsat-obc-software/stm_cube/su_sd_fr_test/Drivers/STM32F4xx_HAL_Driver/Inc" -I"G:/Users/nanimo/Documents/GitHub/upsat-obc-software/stm_cube/su_sd_fr_test/Drivers/STM32F4xx_HAL_Driver/Inc/Legacy" -I"G:/Users/nanimo/Documents/GitHub/upsat-obc-software/stm_cube/su_sd_fr_test/Middlewares/Third_Party/FatFs/src/drivers" -I"G:/Users/nanimo/Documents/GitHub/upsat-obc-software/stm_cube/su_sd_fr_test/Middlewares/Third_Party/FreeRTOS/Source/portable/GCC/ARM_CM4F" -I"G:/Users/nanimo/Documents/GitHub/upsat-obc-software/stm_cube/su_sd_fr_test/Middlewares/Third_Party/FatFs/src" -I"G:/Users/nanimo/Documents/GitHub/upsat-obc-software/stm_cube/su_sd_fr_test/Middlewares/Third_Party/FreeRTOS/Source/include" -I"G:/Users/nanimo/Documents/GitHub/upsat-obc-software/stm_cube/su_sd_fr_test/Middlewares/Third_Party/FreeRTOS/Source/CMSIS_RTOS" -I"G:/Users/nanimo/Documents/GitHub/upsat-obc-software/stm_cube/su_sd_fr_test/Drivers/CMSIS/Include" -I"G:/Users/nanimo/Documents/GitHub/upsat-obc-software/stm_cube/su_sd_fr_test/Drivers/CMSIS/Device/ST/STM32F4xx/Include"  -Os -g3 -Wall -fmessage-length=0 -ffunction-sections -c -fmessage-length=0 -MMD -MP -MF"Drivers/STM32F4xx_HAL_Driver/stm32f4xx_hal_flash_ex.d" -MT"Drivers/STM32F4xx_HAL_Driver/stm32f4xx_hal_flash_ex.o" -o "Drivers/STM32F4xx_HAL_Driver/stm32f4xx_hal_flash_ex.o" "G:/Users/nanimo/Documents/GitHub/upsat-obc-software/stm_cube/su_sd_fr_test/Drivers/STM32F4xx_HAL_Driver/Src/stm32f4xx_hal_flash_ex.c"
'Finished building: G:/Users/nanimo/Documents/GitHub/upsat-obc-software/stm_cube/su_sd_fr_test/Drivers/STM32F4xx_HAL_Driver/Src/stm32f4xx_hal_flash_ex.c'
' '
'Building file: G:/Users/nanimo/Documents/GitHub/upsat-obc-software/stm_cube/su_sd_fr_test/Drivers/STM32F4xx_HAL_Driver/Src/stm32f4xx_hal_flash_ramfunc.c'
'Invoking: MCU GCC Compiler'
G:\Users\nanimo\Documents\GitHub\upsat-obc-software\stm_cube\su_sd_fr_test\SW4STM32\su_sd_fr_test Configuration\Debug
arm-none-eabi-gcc -mcpu=cortex-m4 -mthumb -mfloat-abi=hard -mfpu=fpv4-sp-d16 -D__weak="__attribute__((weak))" -D__packed="__attribute__((__packed__))" -DUSE_HAL_DRIVER -DSTM32F407xx -I"G:/Users/nanimo/Documents/GitHub/upsat-obc-software/stm_cube/su_sd_fr_test/Inc" -I"G:/Users/nanimo/Documents/GitHub/upsat-obc-software/stm_cube/su_sd_fr_test/Drivers/STM32F4xx_HAL_Driver/Inc" -I"G:/Users/nanimo/Documents/GitHub/upsat-obc-software/stm_cube/su_sd_fr_test/Drivers/STM32F4xx_HAL_Driver/Inc/Legacy" -I"G:/Users/nanimo/Documents/GitHub/upsat-obc-software/stm_cube/su_sd_fr_test/Middlewares/Third_Party/FatFs/src/drivers" -I"G:/Users/nanimo/Documents/GitHub/upsat-obc-software/stm_cube/su_sd_fr_test/Middlewares/Third_Party/FreeRTOS/Source/portable/GCC/ARM_CM4F" -I"G:/Users/nanimo/Documents/GitHub/upsat-obc-software/stm_cube/su_sd_fr_test/Middlewares/Third_Party/FatFs/src" -I"G:/Users/nanimo/Documents/GitHub/upsat-obc-software/stm_cube/su_sd_fr_test/Middlewares/Third_Party/FreeRTOS/Source/include" -I"G:/Users/nanimo/Documents/GitHub/upsat-obc-software/stm_cube/su_sd_fr_test/Middlewares/Third_Party/FreeRTOS/Source/CMSIS_RTOS" -I"G:/Users/nanimo/Documents/GitHub/upsat-obc-software/stm_cube/su_sd_fr_test/Drivers/CMSIS/Include" -I"G:/Users/nanimo/Documents/GitHub/upsat-obc-software/stm_cube/su_sd_fr_test/Drivers/CMSIS/Device/ST/STM32F4xx/Include"  -Os -g3 -Wall -fmessage-length=0 -ffunction-sections -c -fmessage-length=0 -MMD -MP -MF"Drivers/STM32F4xx_HAL_Driver/stm32f4xx_hal_flash_ramfunc.d" -MT"Drivers/STM32F4xx_HAL_Driver/stm32f4xx_hal_flash_ramfunc.o" -o "Drivers/STM32F4xx_HAL_Driver/stm32f4xx_hal_flash_ramfunc.o" "G:/Users/nanimo/Documents/GitHub/upsat-obc-software/stm_cube/su_sd_fr_test/Drivers/STM32F4xx_HAL_Driver/Src/stm32f4xx_hal_flash_ramfunc.c"
'Finished building: G:/Users/nanimo/Documents/GitHub/upsat-obc-software/stm_cube/su_sd_fr_test/Drivers/STM32F4xx_HAL_Driver/Src/stm32f4xx_hal_flash_ramfunc.c'
' '
'Building file: G:/Users/nanimo/Documents/GitHub/upsat-obc-software/stm_cube/su_sd_fr_test/Drivers/STM32F4xx_HAL_Driver/Src/stm32f4xx_hal_gpio.c'
'Invoking: MCU GCC Compiler'
G:\Users\nanimo\Documents\GitHub\upsat-obc-software\stm_cube\su_sd_fr_test\SW4STM32\su_sd_fr_test Configuration\Debug
arm-none-eabi-gcc -mcpu=cortex-m4 -mthumb -mfloat-abi=hard -mfpu=fpv4-sp-d16 -D__weak="__attribute__((weak))" -D__packed="__attribute__((__packed__))" -DUSE_HAL_DRIVER -DSTM32F407xx -I"G:/Users/nanimo/Documents/GitHub/upsat-obc-software/stm_cube/su_sd_fr_test/Inc" -I"G:/Users/nanimo/Documents/GitHub/upsat-obc-software/stm_cube/su_sd_fr_test/Drivers/STM32F4xx_HAL_Driver/Inc" -I"G:/Users/nanimo/Documents/GitHub/upsat-obc-software/stm_cube/su_sd_fr_test/Drivers/STM32F4xx_HAL_Driver/Inc/Legacy" -I"G:/Users/nanimo/Documents/GitHub/upsat-obc-software/stm_cube/su_sd_fr_test/Middlewares/Third_Party/FatFs/src/drivers" -I"G:/Users/nanimo/Documents/GitHub/upsat-obc-software/stm_cube/su_sd_fr_test/Middlewares/Third_Party/FreeRTOS/Source/portable/GCC/ARM_CM4F" -I"G:/Users/nanimo/Documents/GitHub/upsat-obc-software/stm_cube/su_sd_fr_test/Middlewares/Third_Party/FatFs/src" -I"G:/Users/nanimo/Documents/GitHub/upsat-obc-software/stm_cube/su_sd_fr_test/Middlewares/Third_Party/FreeRTOS/Source/include" -I"G:/Users/nanimo/Documents/GitHub/upsat-obc-software/stm_cube/su_sd_fr_test/Middlewares/Third_Party/FreeRTOS/Source/CMSIS_RTOS" -I"G:/Users/nanimo/Documents/GitHub/upsat-obc-software/stm_cube/su_sd_fr_test/Drivers/CMSIS/Include" -I"G:/Users/nanimo/Documents/GitHub/upsat-obc-software/stm_cube/su_sd_fr_test/Drivers/CMSIS/Device/ST/STM32F4xx/Include"  -Os -g3 -Wall -fmessage-length=0 -ffunction-sections -c -fmessage-length=0 -MMD -MP -MF"Drivers/STM32F4xx_HAL_Driver/stm32f4xx_hal_gpio.d" -MT"Drivers/STM32F4xx_HAL_Driver/stm32f4xx_hal_gpio.o" -o "Drivers/STM32F4xx_HAL_Driver/stm32f4xx_hal_gpio.o" "G:/Users/nanimo/Documents/GitHub/upsat-obc-software/stm_cube/su_sd_fr_test/Drivers/STM32F4xx_HAL_Driver/Src/stm32f4xx_hal_gpio.c"
'Finished building: G:/Users/nanimo/Documents/GitHub/upsat-obc-software/stm_cube/su_sd_fr_test/Drivers/STM32F4xx_HAL_Driver/Src/stm32f4xx_hal_gpio.c'
' '
'Building file: G:/Users/nanimo/Documents/GitHub/upsat-obc-software/stm_cube/su_sd_fr_test/Drivers/STM32F4xx_HAL_Driver/Src/stm32f4xx_hal_pwr.c'
'Invoking: MCU GCC Compiler'
G:\Users\nanimo\Documents\GitHub\upsat-obc-software\stm_cube\su_sd_fr_test\SW4STM32\su_sd_fr_test Configuration\Debug
arm-none-eabi-gcc -mcpu=cortex-m4 -mthumb -mfloat-abi=hard -mfpu=fpv4-sp-d16 -D__weak="__attribute__((weak))" -D__packed="__attribute__((__packed__))" -DUSE_HAL_DRIVER -DSTM32F407xx -I"G:/Users/nanimo/Documents/GitHub/upsat-obc-software/stm_cube/su_sd_fr_test/Inc" -I"G:/Users/nanimo/Documents/GitHub/upsat-obc-software/stm_cube/su_sd_fr_test/Drivers/STM32F4xx_HAL_Driver/Inc" -I"G:/Users/nanimo/Documents/GitHub/upsat-obc-software/stm_cube/su_sd_fr_test/Drivers/STM32F4xx_HAL_Driver/Inc/Legacy" -I"G:/Users/nanimo/Documents/GitHub/upsat-obc-software/stm_cube/su_sd_fr_test/Middlewares/Third_Party/FatFs/src/drivers" -I"G:/Users/nanimo/Documents/GitHub/upsat-obc-software/stm_cube/su_sd_fr_test/Middlewares/Third_Party/FreeRTOS/Source/portable/GCC/ARM_CM4F" -I"G:/Users/nanimo/Documents/GitHub/upsat-obc-software/stm_cube/su_sd_fr_test/Middlewares/Third_Party/FatFs/src" -I"G:/Users/nanimo/Documents/GitHub/upsat-obc-software/stm_cube/su_sd_fr_test/Middlewares/Third_Party/FreeRTOS/Source/include" -I"G:/Users/nanimo/Documents/GitHub/upsat-obc-software/stm_cube/su_sd_fr_test/Middlewares/Third_Party/FreeRTOS/Source/CMSIS_RTOS" -I"G:/Users/nanimo/Documents/GitHub/upsat-obc-software/stm_cube/su_sd_fr_test/Drivers/CMSIS/Include" -I"G:/Users/nanimo/Documents/GitHub/upsat-obc-software/stm_cube/su_sd_fr_test/Drivers/CMSIS/Device/ST/STM32F4xx/Include"  -Os -g3 -Wall -fmessage-length=0 -ffunction-sections -c -fmessage-length=0 -MMD -MP -MF"Drivers/STM32F4xx_HAL_Driver/stm32f4xx_hal_pwr.d" -MT"Drivers/STM32F4xx_HAL_Driver/stm32f4xx_hal_pwr.o" -o "Drivers/STM32F4xx_HAL_Driver/stm32f4xx_hal_pwr.o" "G:/Users/nanimo/Documents/GitHub/upsat-obc-software/stm_cube/su_sd_fr_test/Drivers/STM32F4xx_HAL_Driver/Src/stm32f4xx_hal_pwr.c"
'Finished building: G:/Users/nanimo/Documents/GitHub/upsat-obc-software/stm_cube/su_sd_fr_test/Drivers/STM32F4xx_HAL_Driver/Src/stm32f4xx_hal_pwr.c'
' '
'Building file: G:/Users/nanimo/Documents/GitHub/upsat-obc-software/stm_cube/su_sd_fr_test/Drivers/STM32F4xx_HAL_Driver/Src/stm32f4xx_hal_pwr_ex.c'
'Invoking: MCU GCC Compiler'
G:\Users\nanimo\Documents\GitHub\upsat-obc-software\stm_cube\su_sd_fr_test\SW4STM32\su_sd_fr_test Configuration\Debug
arm-none-eabi-gcc -mcpu=cortex-m4 -mthumb -mfloat-abi=hard -mfpu=fpv4-sp-d16 -D__weak="__attribute__((weak))" -D__packed="__attribute__((__packed__))" -DUSE_HAL_DRIVER -DSTM32F407xx -I"G:/Users/nanimo/Documents/GitHub/upsat-obc-software/stm_cube/su_sd_fr_test/Inc" -I"G:/Users/nanimo/Documents/GitHub/upsat-obc-software/stm_cube/su_sd_fr_test/Drivers/STM32F4xx_HAL_Driver/Inc" -I"G:/Users/nanimo/Documents/GitHub/upsat-obc-software/stm_cube/su_sd_fr_test/Drivers/STM32F4xx_HAL_Driver/Inc/Legacy" -I"G:/Users/nanimo/Documents/GitHub/upsat-obc-software/stm_cube/su_sd_fr_test/Middlewares/Third_Party/FatFs/src/drivers" -I"G:/Users/nanimo/Documents/GitHub/upsat-obc-software/stm_cube/su_sd_fr_test/Middlewares/Third_Party/FreeRTOS/Source/portable/GCC/ARM_CM4F" -I"G:/Users/nanimo/Documents/GitHub/upsat-obc-software/stm_cube/su_sd_fr_test/Middlewares/Third_Party/FatFs/src" -I"G:/Users/nanimo/Documents/GitHub/upsat-obc-software/stm_cube/su_sd_fr_test/Middlewares/Third_Party/FreeRTOS/Source/include" -I"G:/Users/nanimo/Documents/GitHub/upsat-obc-software/stm_cube/su_sd_fr_test/Middlewares/Third_Party/FreeRTOS/Source/CMSIS_RTOS" -I"G:/Users/nanimo/Documents/GitHub/upsat-obc-software/stm_cube/su_sd_fr_test/Drivers/CMSIS/Include" -I"G:/Users/nanimo/Documents/GitHub/upsat-obc-software/stm_cube/su_sd_fr_test/Drivers/CMSIS/Device/ST/STM32F4xx/Include"  -Os -g3 -Wall -fmessage-length=0 -ffunction-sections -c -fmessage-length=0 -MMD -MP -MF"Drivers/STM32F4xx_HAL_Driver/stm32f4xx_hal_pwr_ex.d" -MT"Drivers/STM32F4xx_HAL_Driver/stm32f4xx_hal_pwr_ex.o" -o "Drivers/STM32F4xx_HAL_Driver/stm32f4xx_hal_pwr_ex.o" "G:/Users/nanimo/Documents/GitHub/upsat-obc-software/stm_cube/su_sd_fr_test/Drivers/STM32F4xx_HAL_Driver/Src/stm32f4xx_hal_pwr_ex.c"
'Finished building: G:/Users/nanimo/Documents/GitHub/upsat-obc-software/stm_cube/su_sd_fr_test/Drivers/STM32F4xx_HAL_Driver/Src/stm32f4xx_hal_pwr_ex.c'
' '
'Building file: G:/Users/nanimo/Documents/GitHub/upsat-obc-software/stm_cube/su_sd_fr_test/Drivers/STM32F4xx_HAL_Driver/Src/stm32f4xx_hal_rcc.c'
'Invoking: MCU GCC Compiler'
G:\Users\nanimo\Documents\GitHub\upsat-obc-software\stm_cube\su_sd_fr_test\SW4STM32\su_sd_fr_test Configuration\Debug
arm-none-eabi-gcc -mcpu=cortex-m4 -mthumb -mfloat-abi=hard -mfpu=fpv4-sp-d16 -D__weak="__attribute__((weak))" -D__packed="__attribute__((__packed__))" -DUSE_HAL_DRIVER -DSTM32F407xx -I"G:/Users/nanimo/Documents/GitHub/upsat-obc-software/stm_cube/su_sd_fr_test/Inc" -I"G:/Users/nanimo/Documents/GitHub/upsat-obc-software/stm_cube/su_sd_fr_test/Drivers/STM32F4xx_HAL_Driver/Inc" -I"G:/Users/nanimo/Documents/GitHub/upsat-obc-software/stm_cube/su_sd_fr_test/Drivers/STM32F4xx_HAL_Driver/Inc/Legacy" -I"G:/Users/nanimo/Documents/GitHub/upsat-obc-software/stm_cube/su_sd_fr_test/Middlewares/Third_Party/FatFs/src/drivers" -I"G:/Users/nanimo/Documents/GitHub/upsat-obc-software/stm_cube/su_sd_fr_test/Middlewares/Third_Party/FreeRTOS/Source/portable/GCC/ARM_CM4F" -I"G:/Users/nanimo/Documents/GitHub/upsat-obc-software/stm_cube/su_sd_fr_test/Middlewares/Third_Party/FatFs/src" -I"G:/Users/nanimo/Documents/GitHub/upsat-obc-software/stm_cube/su_sd_fr_test/Middlewares/Third_Party/FreeRTOS/Source/include" -I"G:/Users/nanimo/Documents/GitHub/upsat-obc-software/stm_cube/su_sd_fr_test/Middlewares/Third_Party/FreeRTOS/Source/CMSIS_RTOS" -I"G:/Users/nanimo/Documents/GitHub/upsat-obc-software/stm_cube/su_sd_fr_test/Drivers/CMSIS/Include" -I"G:/Users/nanimo/Documents/GitHub/upsat-obc-software/stm_cube/su_sd_fr_test/Drivers/CMSIS/Device/ST/STM32F4xx/Include"  -Os -g3 -Wall -fmessage-length=0 -ffunction-sections -c -fmessage-length=0 -MMD -MP -MF"Drivers/STM32F4xx_HAL_Driver/stm32f4xx_hal_rcc.d" -MT"Drivers/STM32F4xx_HAL_Driver/stm32f4xx_hal_rcc.o" -o "Drivers/STM32F4xx_HAL_Driver/stm32f4xx_hal_rcc.o" "G:/Users/nanimo/Documents/GitHub/upsat-obc-software/stm_cube/su_sd_fr_test/Drivers/STM32F4xx_HAL_Driver/Src/stm32f4xx_hal_rcc.c"
'Finished building: G:/Users/nanimo/Documents/GitHub/upsat-obc-software/stm_cube/su_sd_fr_test/Drivers/STM32F4xx_HAL_Driver/Src/stm32f4xx_hal_rcc.c'
' '
'Building file: G:/Users/nanimo/Documents/GitHub/upsat-obc-software/stm_cube/su_sd_fr_test/Drivers/STM32F4xx_HAL_Driver/Src/stm32f4xx_hal_rcc_ex.c'
'Invoking: MCU GCC Compiler'
G:\Users\nanimo\Documents\GitHub\upsat-obc-software\stm_cube\su_sd_fr_test\SW4STM32\su_sd_fr_test Configuration\Debug
arm-none-eabi-gcc -mcpu=cortex-m4 -mthumb -mfloat-abi=hard -mfpu=fpv4-sp-d16 -D__weak="__attribute__((weak))" -D__packed="__attribute__((__packed__))" -DUSE_HAL_DRIVER -DSTM32F407xx -I"G:/Users/nanimo/Documents/GitHub/upsat-obc-software/stm_cube/su_sd_fr_test/Inc" -I"G:/Users/nanimo/Documents/GitHub/upsat-obc-software/stm_cube/su_sd_fr_test/Drivers/STM32F4xx_HAL_Driver/Inc" -I"G:/Users/nanimo/Documents/GitHub/upsat-obc-software/stm_cube/su_sd_fr_test/Drivers/STM32F4xx_HAL_Driver/Inc/Legacy" -I"G:/Users/nanimo/Documents/GitHub/upsat-obc-software/stm_cube/su_sd_fr_test/Middlewares/Third_Party/FatFs/src/drivers" -I"G:/Users/nanimo/Documents/GitHub/upsat-obc-software/stm_cube/su_sd_fr_test/Middlewares/Third_Party/FreeRTOS/Source/portable/GCC/ARM_CM4F" -I"G:/Users/nanimo/Documents/GitHub/upsat-obc-software/stm_cube/su_sd_fr_test/Middlewares/Third_Party/FatFs/src" -I"G:/Users/nanimo/Documents/GitHub/upsat-obc-software/stm_cube/su_sd_fr_test/Middlewares/Third_Party/FreeRTOS/Source/include" -I"G:/Users/nanimo/Documents/GitHub/upsat-obc-software/stm_cube/su_sd_fr_test/Middlewares/Third_Party/FreeRTOS/Source/CMSIS_RTOS" -I"G:/Users/nanimo/Documents/GitHub/upsat-obc-software/stm_cube/su_sd_fr_test/Drivers/CMSIS/Include" -I"G:/Users/nanimo/Documents/GitHub/upsat-obc-software/stm_cube/su_sd_fr_test/Drivers/CMSIS/Device/ST/STM32F4xx/Include"  -Os -g3 -Wall -fmessage-length=0 -ffunction-sections -c -fmessage-length=0 -MMD -MP -MF"Drivers/STM32F4xx_HAL_Driver/stm32f4xx_hal_rcc_ex.d" -MT"Drivers/STM32F4xx_HAL_Driver/stm32f4xx_hal_rcc_ex.o" -o "Drivers/STM32F4xx_HAL_Driver/stm32f4xx_hal_rcc_ex.o" "G:/Users/nanimo/Documents/GitHub/upsat-obc-software/stm_cube/su_sd_fr_test/Drivers/STM32F4xx_HAL_Driver/Src/stm32f4xx_hal_rcc_ex.c"
'Finished building: G:/Users/nanimo/Documents/GitHub/upsat-obc-software/stm_cube/su_sd_fr_test/Drivers/STM32F4xx_HAL_Driver/Src/stm32f4xx_hal_rcc_ex.c'
' '
'Building file: G:/Users/nanimo/Documents/GitHub/upsat-obc-software/stm_cube/su_sd_fr_test/Drivers/STM32F4xx_HAL_Driver/Src/stm32f4xx_hal_sd.c'
'Invoking: MCU GCC Compiler'
G:\Users\nanimo\Documents\GitHub\upsat-obc-software\stm_cube\su_sd_fr_test\SW4STM32\su_sd_fr_test Configuration\Debug
arm-none-eabi-gcc -mcpu=cortex-m4 -mthumb -mfloat-abi=hard -mfpu=fpv4-sp-d16 -D__weak="__attribute__((weak))" -D__packed="__attribute__((__packed__))" -DUSE_HAL_DRIVER -DSTM32F407xx -I"G:/Users/nanimo/Documents/GitHub/upsat-obc-software/stm_cube/su_sd_fr_test/Inc" -I"G:/Users/nanimo/Documents/GitHub/upsat-obc-software/stm_cube/su_sd_fr_test/Drivers/STM32F4xx_HAL_Driver/Inc" -I"G:/Users/nanimo/Documents/GitHub/upsat-obc-software/stm_cube/su_sd_fr_test/Drivers/STM32F4xx_HAL_Driver/Inc/Legacy" -I"G:/Users/nanimo/Documents/GitHub/upsat-obc-software/stm_cube/su_sd_fr_test/Middlewares/Third_Party/FatFs/src/drivers" -I"G:/Users/nanimo/Documents/GitHub/upsat-obc-software/stm_cube/su_sd_fr_test/Middlewares/Third_Party/FreeRTOS/Source/portable/GCC/ARM_CM4F" -I"G:/Users/nanimo/Documents/GitHub/upsat-obc-software/stm_cube/su_sd_fr_test/Middlewares/Third_Party/FatFs/src" -I"G:/Users/nanimo/Documents/GitHub/upsat-obc-software/stm_cube/su_sd_fr_test/Middlewares/Third_Party/FreeRTOS/Source/include" -I"G:/Users/nanimo/Documents/GitHub/upsat-obc-software/stm_cube/su_sd_fr_test/Middlewares/Third_Party/FreeRTOS/Source/CMSIS_RTOS" -I"G:/Users/nanimo/Documents/GitHub/upsat-obc-software/stm_cube/su_sd_fr_test/Drivers/CMSIS/Include" -I"G:/Users/nanimo/Documents/GitHub/upsat-obc-software/stm_cube/su_sd_fr_test/Drivers/CMSIS/Device/ST/STM32F4xx/Include"  -Os -g3 -Wall -fmessage-length=0 -ffunction-sections -c -fmessage-length=0 -MMD -MP -MF"Drivers/STM32F4xx_HAL_Driver/stm32f4xx_hal_sd.d" -MT"Drivers/STM32F4xx_HAL_Driver/stm32f4xx_hal_sd.o" -o "Drivers/STM32F4xx_HAL_Driver/stm32f4xx_hal_sd.o" "G:/Users/nanimo/Documents/GitHub/upsat-obc-software/stm_cube/su_sd_fr_test/Drivers/STM32F4xx_HAL_Driver/Src/stm32f4xx_hal_sd.c"
'Finished building: G:/Users/nanimo/Documents/GitHub/upsat-obc-software/stm_cube/su_sd_fr_test/Drivers/STM32F4xx_HAL_Driver/Src/stm32f4xx_hal_sd.c'
' '
'Building file: G:/Users/nanimo/Documents/GitHub/upsat-obc-software/stm_cube/su_sd_fr_test/Drivers/STM32F4xx_HAL_Driver/Src/stm32f4xx_hal_uart.c'
'Invoking: MCU GCC Compiler'
G:\Users\nanimo\Documents\GitHub\upsat-obc-software\stm_cube\su_sd_fr_test\SW4STM32\su_sd_fr_test Configuration\Debug
arm-none-eabi-gcc -mcpu=cortex-m4 -mthumb -mfloat-abi=hard -mfpu=fpv4-sp-d16 -D__weak="__attribute__((weak))" -D__packed="__attribute__((__packed__))" -DUSE_HAL_DRIVER -DSTM32F407xx -I"G:/Users/nanimo/Documents/GitHub/upsat-obc-software/stm_cube/su_sd_fr_test/Inc" -I"G:/Users/nanimo/Documents/GitHub/upsat-obc-software/stm_cube/su_sd_fr_test/Drivers/STM32F4xx_HAL_Driver/Inc" -I"G:/Users/nanimo/Documents/GitHub/upsat-obc-software/stm_cube/su_sd_fr_test/Drivers/STM32F4xx_HAL_Driver/Inc/Legacy" -I"G:/Users/nanimo/Documents/GitHub/upsat-obc-software/stm_cube/su_sd_fr_test/Middlewares/Third_Party/FatFs/src/drivers" -I"G:/Users/nanimo/Documents/GitHub/upsat-obc-software/stm_cube/su_sd_fr_test/Middlewares/Third_Party/FreeRTOS/Source/portable/GCC/ARM_CM4F" -I"G:/Users/nanimo/Documents/GitHub/upsat-obc-software/stm_cube/su_sd_fr_test/Middlewares/Third_Party/FatFs/src" -I"G:/Users/nanimo/Documents/GitHub/upsat-obc-software/stm_cube/su_sd_fr_test/Middlewares/Third_Party/FreeRTOS/Source/include" -I"G:/Users/nanimo/Documents/GitHub/upsat-obc-software/stm_cube/su_sd_fr_test/Middlewares/Third_Party/FreeRTOS/Source/CMSIS_RTOS" -I"G:/Users/nanimo/Documents/GitHub/upsat-obc-software/stm_cube/su_sd_fr_test/Drivers/CMSIS/Include" -I"G:/Users/nanimo/Documents/GitHub/upsat-obc-software/stm_cube/su_sd_fr_test/Drivers/CMSIS/Device/ST/STM32F4xx/Include"  -Os -g3 -Wall -fmessage-length=0 -ffunction-sections -c -fmessage-length=0 -MMD -MP -MF"Drivers/STM32F4xx_HAL_Driver/stm32f4xx_hal_uart.d" -MT"Drivers/STM32F4xx_HAL_Driver/stm32f4xx_hal_uart.o" -o "Drivers/STM32F4xx_HAL_Driver/stm32f4xx_hal_uart.o" "G:/Users/nanimo/Documents/GitHub/upsat-obc-software/stm_cube/su_sd_fr_test/Drivers/STM32F4xx_HAL_Driver/Src/stm32f4xx_hal_uart.c"
'Finished building: G:/Users/nanimo/Documents/GitHub/upsat-obc-software/stm_cube/su_sd_fr_test/Drivers/STM32F4xx_HAL_Driver/Src/stm32f4xx_hal_uart.c'
' '
'Building file: G:/Users/nanimo/Documents/GitHub/upsat-obc-software/stm_cube/su_sd_fr_test/Drivers/STM32F4xx_HAL_Driver/Src/stm32f4xx_ll_sdmmc.c'
'Invoking: MCU GCC Compiler'
G:\Users\nanimo\Documents\GitHub\upsat-obc-software\stm_cube\su_sd_fr_test\SW4STM32\su_sd_fr_test Configuration\Debug
arm-none-eabi-gcc -mcpu=cortex-m4 -mthumb -mfloat-abi=hard -mfpu=fpv4-sp-d16 -D__weak="__attribute__((weak))" -D__packed="__attribute__((__packed__))" -DUSE_HAL_DRIVER -DSTM32F407xx -I"G:/Users/nanimo/Documents/GitHub/upsat-obc-software/stm_cube/su_sd_fr_test/Inc" -I"G:/Users/nanimo/Documents/GitHub/upsat-obc-software/stm_cube/su_sd_fr_test/Drivers/STM32F4xx_HAL_Driver/Inc" -I"G:/Users/nanimo/Documents/GitHub/upsat-obc-software/stm_cube/su_sd_fr_test/Drivers/STM32F4xx_HAL_Driver/Inc/Legacy" -I"G:/Users/nanimo/Documents/GitHub/upsat-obc-software/stm_cube/su_sd_fr_test/Middlewares/Third_Party/FatFs/src/drivers" -I"G:/Users/nanimo/Documents/GitHub/upsat-obc-software/stm_cube/su_sd_fr_test/Middlewares/Third_Party/FreeRTOS/Source/portable/GCC/ARM_CM4F" -I"G:/Users/nanimo/Documents/GitHub/upsat-obc-software/stm_cube/su_sd_fr_test/Middlewares/Third_Party/FatFs/src" -I"G:/Users/nanimo/Documents/GitHub/upsat-obc-software/stm_cube/su_sd_fr_test/Middlewares/Third_Party/FreeRTOS/Source/include" -I"G:/Users/nanimo/Documents/GitHub/upsat-obc-software/stm_cube/su_sd_fr_test/Middlewares/Third_Party/FreeRTOS/Source/CMSIS_RTOS" -I"G:/Users/nanimo/Documents/GitHub/upsat-obc-software/stm_cube/su_sd_fr_test/Drivers/CMSIS/Include" -I"G:/Users/nanimo/Documents/GitHub/upsat-obc-software/stm_cube/su_sd_fr_test/Drivers/CMSIS/Device/ST/STM32F4xx/Include"  -Os -g3 -Wall -fmessage-length=0 -ffunction-sections -c -fmessage-length=0 -MMD -MP -MF"Drivers/STM32F4xx_HAL_Driver/stm32f4xx_ll_sdmmc.d" -MT"Drivers/STM32F4xx_HAL_Driver/stm32f4xx_ll_sdmmc.o" -o "Drivers/STM32F4xx_HAL_Driver/stm32f4xx_ll_sdmmc.o" "G:/Users/nanimo/Documents/GitHub/upsat-obc-software/stm_cube/su_sd_fr_test/Drivers/STM32F4xx_HAL_Driver/Src/stm32f4xx_ll_sdmmc.c"
'Finished building: G:/Users/nanimo/Documents/GitHub/upsat-obc-software/stm_cube/su_sd_fr_test/Drivers/STM32F4xx_HAL_Driver/Src/stm32f4xx_ll_sdmmc.c'
' '
'Building file: G:/Users/nanimo/Documents/GitHub/upsat-obc-software/stm_cube/su_sd_fr_test/Drivers/CMSIS/Device/ST/STM32F4xx/Source/Templates/system_stm32f4xx.c'
'Invoking: MCU GCC Compiler'
G:\Users\nanimo\Documents\GitHub\upsat-obc-software\stm_cube\su_sd_fr_test\SW4STM32\su_sd_fr_test Configuration\Debug
arm-none-eabi-gcc -mcpu=cortex-m4 -mthumb -mfloat-abi=hard -mfpu=fpv4-sp-d16 -D__weak="__attribute__((weak))" -D__packed="__attribute__((__packed__))" -DUSE_HAL_DRIVER -DSTM32F407xx -I"G:/Users/nanimo/Documents/GitHub/upsat-obc-software/stm_cube/su_sd_fr_test/Inc" -I"G:/Users/nanimo/Documents/GitHub/upsat-obc-software/stm_cube/su_sd_fr_test/Drivers/STM32F4xx_HAL_Driver/Inc" -I"G:/Users/nanimo/Documents/GitHub/upsat-obc-software/stm_cube/su_sd_fr_test/Drivers/STM32F4xx_HAL_Driver/Inc/Legacy" -I"G:/Users/nanimo/Documents/GitHub/upsat-obc-software/stm_cube/su_sd_fr_test/Middlewares/Third_Party/FatFs/src/drivers" -I"G:/Users/nanimo/Documents/GitHub/upsat-obc-software/stm_cube/su_sd_fr_test/Middlewares/Third_Party/FreeRTOS/Source/portable/GCC/ARM_CM4F" -I"G:/Users/nanimo/Documents/GitHub/upsat-obc-software/stm_cube/su_sd_fr_test/Middlewares/Third_Party/FatFs/src" -I"G:/Users/nanimo/Documents/GitHub/upsat-obc-software/stm_cube/su_sd_fr_test/Middlewares/Third_Party/FreeRTOS/Source/include" -I"G:/Users/nanimo/Documents/GitHub/upsat-obc-software/stm_cube/su_sd_fr_test/Middlewares/Third_Party/FreeRTOS/Source/CMSIS_RTOS" -I"G:/Users/nanimo/Documents/GitHub/upsat-obc-software/stm_cube/su_sd_fr_test/Drivers/CMSIS/Include" -I"G:/Users/nanimo/Documents/GitHub/upsat-obc-software/stm_cube/su_sd_fr_test/Drivers/CMSIS/Device/ST/STM32F4xx/Include"  -Os -g3 -Wall -fmessage-length=0 -ffunction-sections -c -fmessage-length=0 -MMD -MP -MF"Drivers/CMSIS/system_stm32f4xx.d" -MT"Drivers/CMSIS/system_stm32f4xx.o" -o "Drivers/CMSIS/system_stm32f4xx.o" "G:/Users/nanimo/Documents/GitHub/upsat-obc-software/stm_cube/su_sd_fr_test/Drivers/CMSIS/Device/ST/STM32F4xx/Source/Templates/system_stm32f4xx.c"
'Finished building: G:/Users/nanimo/Documents/GitHub/upsat-obc-software/stm_cube/su_sd_fr_test/Drivers/CMSIS/Device/ST/STM32F4xx/Source/Templates/system_stm32f4xx.c'
' '
'Building file: G:/Users/nanimo/Documents/GitHub/upsat-obc-software/stm_cube/su_sd_fr_test/Src/bsp_driver_sd.c'
'Invoking: MCU GCC Compiler'
G:\Users\nanimo\Documents\GitHub\upsat-obc-software\stm_cube\su_sd_fr_test\SW4STM32\su_sd_fr_test Configuration\Debug
arm-none-eabi-gcc -mcpu=cortex-m4 -mthumb -mfloat-abi=hard -mfpu=fpv4-sp-d16 -D__weak="__attribute__((weak))" -D__packed="__attribute__((__packed__))" -DUSE_HAL_DRIVER -DSTM32F407xx -I"G:/Users/nanimo/Documents/GitHub/upsat-obc-software/stm_cube/su_sd_fr_test/Inc" -I"G:/Users/nanimo/Documents/GitHub/upsat-obc-software/stm_cube/su_sd_fr_test/Drivers/STM32F4xx_HAL_Driver/Inc" -I"G:/Users/nanimo/Documents/GitHub/upsat-obc-software/stm_cube/su_sd_fr_test/Drivers/STM32F4xx_HAL_Driver/Inc/Legacy" -I"G:/Users/nanimo/Documents/GitHub/upsat-obc-software/stm_cube/su_sd_fr_test/Middlewares/Third_Party/FatFs/src/drivers" -I"G:/Users/nanimo/Documents/GitHub/upsat-obc-software/stm_cube/su_sd_fr_test/Middlewares/Third_Party/FreeRTOS/Source/portable/GCC/ARM_CM4F" -I"G:/Users/nanimo/Documents/GitHub/upsat-obc-software/stm_cube/su_sd_fr_test/Middlewares/Third_Party/FatFs/src" -I"G:/Users/nanimo/Documents/GitHub/upsat-obc-software/stm_cube/su_sd_fr_test/Middlewares/Third_Party/FreeRTOS/Source/include" -I"G:/Users/nanimo/Documents/GitHub/upsat-obc-software/stm_cube/su_sd_fr_test/Middlewares/Third_Party/FreeRTOS/Source/CMSIS_RTOS" -I"G:/Users/nanimo/Documents/GitHub/upsat-obc-software/stm_cube/su_sd_fr_test/Drivers/CMSIS/Include" -I"G:/Users/nanimo/Documents/GitHub/upsat-obc-software/stm_cube/su_sd_fr_test/Drivers/CMSIS/Device/ST/STM32F4xx/Include"  -Os -g3 -Wall -fmessage-length=0 -ffunction-sections -c -fmessage-length=0 -MMD -MP -MF"Application/User/bsp_driver_sd.d" -MT"Application/User/bsp_driver_sd.o" -o "Application/User/bsp_driver_sd.o" "G:/Users/nanimo/Documents/GitHub/upsat-obc-software/stm_cube/su_sd_fr_test/Src/bsp_driver_sd.c"
'Finished building: G:/Users/nanimo/Documents/GitHub/upsat-obc-software/stm_cube/su_sd_fr_test/Src/bsp_driver_sd.c'
' '
'Building file: G:/Users/nanimo/Documents/GitHub/upsat-obc-software/stm_cube/su_sd_fr_test/Src/fatfs.c'
'Invoking: MCU GCC Compiler'
G:\Users\nanimo\Documents\GitHub\upsat-obc-software\stm_cube\su_sd_fr_test\SW4STM32\su_sd_fr_test Configuration\Debug
arm-none-eabi-gcc -mcpu=cortex-m4 -mthumb -mfloat-abi=hard -mfpu=fpv4-sp-d16 -D__weak="__attribute__((weak))" -D__packed="__attribute__((__packed__))" -DUSE_HAL_DRIVER -DSTM32F407xx -I"G:/Users/nanimo/Documents/GitHub/upsat-obc-software/stm_cube/su_sd_fr_test/Inc" -I"G:/Users/nanimo/Documents/GitHub/upsat-obc-software/stm_cube/su_sd_fr_test/Drivers/STM32F4xx_HAL_Driver/Inc" -I"G:/Users/nanimo/Documents/GitHub/upsat-obc-software/stm_cube/su_sd_fr_test/Drivers/STM32F4xx_HAL_Driver/Inc/Legacy" -I"G:/Users/nanimo/Documents/GitHub/upsat-obc-software/stm_cube/su_sd_fr_test/Middlewares/Third_Party/FatFs/src/drivers" -I"G:/Users/nanimo/Documents/GitHub/upsat-obc-software/stm_cube/su_sd_fr_test/Middlewares/Third_Party/FreeRTOS/Source/portable/GCC/ARM_CM4F" -I"G:/Users/nanimo/Documents/GitHub/upsat-obc-software/stm_cube/su_sd_fr_test/Middlewares/Third_Party/FatFs/src" -I"G:/Users/nanimo/Documents/GitHub/upsat-obc-software/stm_cube/su_sd_fr_test/Middlewares/Third_Party/FreeRTOS/Source/include" -I"G:/Users/nanimo/Documents/GitHub/upsat-obc-software/stm_cube/su_sd_fr_test/Middlewares/Third_Party/FreeRTOS/Source/CMSIS_RTOS" -I"G:/Users/nanimo/Documents/GitHub/upsat-obc-software/stm_cube/su_sd_fr_test/Drivers/CMSIS/Include" -I"G:/Users/nanimo/Documents/GitHub/upsat-obc-software/stm_cube/su_sd_fr_test/Drivers/CMSIS/Device/ST/STM32F4xx/Include"  -Os -g3 -Wall -fmessage-length=0 -ffunction-sections -c -fmessage-length=0 -MMD -MP -MF"Application/User/fatfs.d" -MT"Application/User/fatfs.o" -o "Application/User/fatfs.o" "G:/Users/nanimo/Documents/GitHub/upsat-obc-software/stm_cube/su_sd_fr_test/Src/fatfs.c"
'Finished building: G:/Users/nanimo/Documents/GitHub/upsat-obc-software/stm_cube/su_sd_fr_test/Src/fatfs.c'
' '
'Building file: G:/Users/nanimo/Documents/GitHub/upsat-obc-software/stm_cube/su_sd_fr_test/Src/freertos.c'
'Invoking: MCU GCC Compiler'
G:\Users\nanimo\Documents\GitHub\upsat-obc-software\stm_cube\su_sd_fr_test\SW4STM32\su_sd_fr_test Configuration\Debug
arm-none-eabi-gcc -mcpu=cortex-m4 -mthumb -mfloat-abi=hard -mfpu=fpv4-sp-d16 -D__weak="__attribute__((weak))" -D__packed="__attribute__((__packed__))" -DUSE_HAL_DRIVER -DSTM32F407xx -I"G:/Users/nanimo/Documents/GitHub/upsat-obc-software/stm_cube/su_sd_fr_test/Inc" -I"G:/Users/nanimo/Documents/GitHub/upsat-obc-software/stm_cube/su_sd_fr_test/Drivers/STM32F4xx_HAL_Driver/Inc" -I"G:/Users/nanimo/Documents/GitHub/upsat-obc-software/stm_cube/su_sd_fr_test/Drivers/STM32F4xx_HAL_Driver/Inc/Legacy" -I"G:/Users/nanimo/Documents/GitHub/upsat-obc-software/stm_cube/su_sd_fr_test/Middlewares/Third_Party/FatFs/src/drivers" -I"G:/Users/nanimo/Documents/GitHub/upsat-obc-software/stm_cube/su_sd_fr_test/Middlewares/Third_Party/FreeRTOS/Source/portable/GCC/ARM_CM4F" -I"G:/Users/nanimo/Documents/GitHub/upsat-obc-software/stm_cube/su_sd_fr_test/Middlewares/Third_Party/FatFs/src" -I"G:/Users/nanimo/Documents/GitHub/upsat-obc-software/stm_cube/su_sd_fr_test/Middlewares/Third_Party/FreeRTOS/Source/include" -I"G:/Users/nanimo/Documents/GitHub/upsat-obc-software/stm_cube/su_sd_fr_test/Middlewares/Third_Party/FreeRTOS/Source/CMSIS_RTOS" -I"G:/Users/nanimo/Documents/GitHub/upsat-obc-software/stm_cube/su_sd_fr_test/Drivers/CMSIS/Include" -I"G:/Users/nanimo/Documents/GitHub/upsat-obc-software/stm_cube/su_sd_fr_test/Drivers/CMSIS/Device/ST/STM32F4xx/Include"  -Os -g3 -Wall -fmessage-length=0 -ffunction-sections -c -fmessage-length=0 -MMD -MP -MF"Application/User/freertos.d" -MT"Application/User/freertos.o" -o "Application/User/freertos.o" "G:/Users/nanimo/Documents/GitHub/upsat-obc-software/stm_cube/su_sd_fr_test/Src/freertos.c"
'Finished building: G:/Users/nanimo/Documents/GitHub/upsat-obc-software/stm_cube/su_sd_fr_test/Src/freertos.c'
' '
'Building file: G:/Users/nanimo/Documents/GitHub/upsat-obc-software/stm_cube/su_sd_fr_test/Src/main.c'
'Invoking: MCU GCC Compiler'
G:\Users\nanimo\Documents\GitHub\upsat-obc-software\stm_cube\su_sd_fr_test\SW4STM32\su_sd_fr_test Configuration\Debug
arm-none-eabi-gcc -mcpu=cortex-m4 -mthumb -mfloat-abi=hard -mfpu=fpv4-sp-d16 -D__weak="__attribute__((weak))" -D__packed="__attribute__((__packed__))" -DUSE_HAL_DRIVER -DSTM32F407xx -I"G:/Users/nanimo/Documents/GitHub/upsat-obc-software/stm_cube/su_sd_fr_test/Inc" -I"G:/Users/nanimo/Documents/GitHub/upsat-obc-software/stm_cube/su_sd_fr_test/Drivers/STM32F4xx_HAL_Driver/Inc" -I"G:/Users/nanimo/Documents/GitHub/upsat-obc-software/stm_cube/su_sd_fr_test/Drivers/STM32F4xx_HAL_Driver/Inc/Legacy" -I"G:/Users/nanimo/Documents/GitHub/upsat-obc-software/stm_cube/su_sd_fr_test/Middlewares/Third_Party/FatFs/src/drivers" -I"G:/Users/nanimo/Documents/GitHub/upsat-obc-software/stm_cube/su_sd_fr_test/Middlewares/Third_Party/FreeRTOS/Source/portable/GCC/ARM_CM4F" -I"G:/Users/nanimo/Documents/GitHub/upsat-obc-software/stm_cube/su_sd_fr_test/Middlewares/Third_Party/FatFs/src" -I"G:/Users/nanimo/Documents/GitHub/upsat-obc-software/stm_cube/su_sd_fr_test/Middlewares/Third_Party/FreeRTOS/Source/include" -I"G:/Users/nanimo/Documents/GitHub/upsat-obc-software/stm_cube/su_sd_fr_test/Middlewares/Third_Party/FreeRTOS/Source/CMSIS_RTOS" -I"G:/Users/nanimo/Documents/GitHub/upsat-obc-software/stm_cube/su_sd_fr_test/Drivers/CMSIS/Include" -I"G:/Users/nanimo/Documents/GitHub/upsat-obc-software/stm_cube/su_sd_fr_test/Drivers/CMSIS/Device/ST/STM32F4xx/Include"  -Os -g3 -Wall -fmessage-length=0 -ffunction-sections -c -fmessage-length=0 -MMD -MP -MF"Application/User/main.d" -MT"Application/User/main.o" -o "Application/User/main.o" "G:/Users/nanimo/Documents/GitHub/upsat-obc-software/stm_cube/su_sd_fr_test/Src/main.c"
G:/Users/nanimo/Documents/GitHub/upsat-obc-software/stm_cube/su_sd_fr_test/Src/main.c: In function 'StartDefaultTask':
G:/Users/nanimo/Documents/GitHub/upsat-obc-software/stm_cube/su_sd_fr_test/Src/main.c:394:14: warning: passing argument 1 of 'f_mount' from incompatible pointer type
   if(f_mount(&SD_Driver, SD_Path, 0) != FR_OK)
              ^
In file included from G:/Users/nanimo/Documents/GitHub/upsat-obc-software/stm_cube/su_sd_fr_test/Inc/fatfs.h:41:0,
                 from G:/Users/nanimo/Documents/GitHub/upsat-obc-software/stm_cube/su_sd_fr_test/Src/main.c:36:
G:/Users/nanimo/Documents/GitHub/upsat-obc-software/stm_cube/su_sd_fr_test/Middlewares/Third_Party/FatFs/src/ff.h:251:9: note: expected 'struct FATFS *' but argument is of type 'struct Diskio_drvTypeDef *'
 FRESULT f_mount (FATFS* fs, const TCHAR* path, BYTE opt);   /* Mount/Unmount a logical drive */
         ^
G:/Users/nanimo/Documents/GitHub/upsat-obc-software/stm_cube/su_sd_fr_test/Src/main.c:391:11: warning: unused variable 'rtext' [-Wunused-variable]
   uint8_t rtext[100];                                   /* File read buffer */
           ^
G:/Users/nanimo/Documents/GitHub/upsat-obc-software/stm_cube/su_sd_fr_test/Src/main.c:389:26: warning: unused variable 'bytesread' [-Wunused-variable]
   uint32_t byteswritten, bytesread;                     /* File write/read counts */
                          ^
'Finished building: G:/Users/nanimo/Documents/GitHub/upsat-obc-software/stm_cube/su_sd_fr_test/Src/main.c'
' '
'Building file: G:/Users/nanimo/Documents/GitHub/upsat-obc-software/stm_cube/su_sd_fr_test/Src/stm32f4xx_hal_msp.c'
'Invoking: MCU GCC Compiler'
G:\Users\nanimo\Documents\GitHub\upsat-obc-software\stm_cube\su_sd_fr_test\SW4STM32\su_sd_fr_test Configuration\Debug
arm-none-eabi-gcc -mcpu=cortex-m4 -mthumb -mfloat-abi=hard -mfpu=fpv4-sp-d16 -D__weak="__attribute__((weak))" -D__packed="__attribute__((__packed__))" -DUSE_HAL_DRIVER -DSTM32F407xx -I"G:/Users/nanimo/Documents/GitHub/upsat-obc-software/stm_cube/su_sd_fr_test/Inc" -I"G:/Users/nanimo/Documents/GitHub/upsat-obc-software/stm_cube/su_sd_fr_test/Drivers/STM32F4xx_HAL_Driver/Inc" -I"G:/Users/nanimo/Documents/GitHub/upsat-obc-software/stm_cube/su_sd_fr_test/Drivers/STM32F4xx_HAL_Driver/Inc/Legacy" -I"G:/Users/nanimo/Documents/GitHub/upsat-obc-software/stm_cube/su_sd_fr_test/Middlewares/Third_Party/FatFs/src/drivers" -I"G:/Users/nanimo/Documents/GitHub/upsat-obc-software/stm_cube/su_sd_fr_test/Middlewares/Third_Party/FreeRTOS/Source/portable/GCC/ARM_CM4F" -I"G:/Users/nanimo/Documents/GitHub/upsat-obc-software/stm_cube/su_sd_fr_test/Middlewares/Third_Party/FatFs/src" -I"G:/Users/nanimo/Documents/GitHub/upsat-obc-software/stm_cube/su_sd_fr_test/Middlewares/Third_Party/FreeRTOS/Source/include" -I"G:/Users/nanimo/Documents/GitHub/upsat-obc-software/stm_cube/su_sd_fr_test/Middlewares/Third_Party/FreeRTOS/Source/CMSIS_RTOS" -I"G:/Users/nanimo/Documents/GitHub/upsat-obc-software/stm_cube/su_sd_fr_test/Drivers/CMSIS/Include" -I"G:/Users/nanimo/Documents/GitHub/upsat-obc-software/stm_cube/su_sd_fr_test/Drivers/CMSIS/Device/ST/STM32F4xx/Include"  -Os -g3 -Wall -fmessage-length=0 -ffunction-sections -c -fmessage-length=0 -MMD -MP -MF"Application/User/stm32f4xx_hal_msp.d" -MT"Application/User/stm32f4xx_hal_msp.o" -o "Application/User/stm32f4xx_hal_msp.o" "G:/Users/nanimo/Documents/GitHub/upsat-obc-software/stm_cube/su_sd_fr_test/Src/stm32f4xx_hal_msp.c"
'Finished building: G:/Users/nanimo/Documents/GitHub/upsat-obc-software/stm_cube/su_sd_fr_test/Src/stm32f4xx_hal_msp.c'
' '
'Building file: G:/Users/nanimo/Documents/GitHub/upsat-obc-software/stm_cube/su_sd_fr_test/Src/stm32f4xx_it.c'
'Invoking: MCU GCC Compiler'
G:\Users\nanimo\Documents\GitHub\upsat-obc-software\stm_cube\su_sd_fr_test\SW4STM32\su_sd_fr_test Configuration\Debug
arm-none-eabi-gcc -mcpu=cortex-m4 -mthumb -mfloat-abi=hard -mfpu=fpv4-sp-d16 -D__weak="__attribute__((weak))" -D__packed="__attribute__((__packed__))" -DUSE_HAL_DRIVER -DSTM32F407xx -I"G:/Users/nanimo/Documents/GitHub/upsat-obc-software/stm_cube/su_sd_fr_test/Inc" -I"G:/Users/nanimo/Documents/GitHub/upsat-obc-software/stm_cube/su_sd_fr_test/Drivers/STM32F4xx_HAL_Driver/Inc" -I"G:/Users/nanimo/Documents/GitHub/upsat-obc-software/stm_cube/su_sd_fr_test/Drivers/STM32F4xx_HAL_Driver/Inc/Legacy" -I"G:/Users/nanimo/Documents/GitHub/upsat-obc-software/stm_cube/su_sd_fr_test/Middlewares/Third_Party/FatFs/src/drivers" -I"G:/Users/nanimo/Documents/GitHub/upsat-obc-software/stm_cube/su_sd_fr_test/Middlewares/Third_Party/FreeRTOS/Source/portable/GCC/ARM_CM4F" -I"G:/Users/nanimo/Documents/GitHub/upsat-obc-software/stm_cube/su_sd_fr_test/Middlewares/Third_Party/FatFs/src" -I"G:/Users/nanimo/Documents/GitHub/upsat-obc-software/stm_cube/su_sd_fr_test/Middlewares/Third_Party/FreeRTOS/Source/include" -I"G:/Users/nanimo/Documents/GitHub/upsat-obc-software/stm_cube/su_sd_fr_test/Middlewares/Third_Party/FreeRTOS/Source/CMSIS_RTOS" -I"G:/Users/nanimo/Documents/GitHub/upsat-obc-software/stm_cube/su_sd_fr_test/Drivers/CMSIS/Include" -I"G:/Users/nanimo/Documents/GitHub/upsat-obc-software/stm_cube/su_sd_fr_test/Drivers/CMSIS/Device/ST/STM32F4xx/Include"  -Os -g3 -Wall -fmessage-length=0 -ffunction-sections -c -fmessage-length=0 -MMD -MP -MF"Application/User/stm32f4xx_it.d" -MT"Application/User/stm32f4xx_it.o" -o "Application/User/stm32f4xx_it.o" "G:/Users/nanimo/Documents/GitHub/upsat-obc-software/stm_cube/su_sd_fr_test/Src/stm32f4xx_it.c"
'Finished building: G:/Users/nanimo/Documents/GitHub/upsat-obc-software/stm_cube/su_sd_fr_test/Src/stm32f4xx_it.c'
' '
'Building file: G:/Users/nanimo/Documents/GitHub/upsat-obc-software/stm_cube/su_sd_fr_test/Drivers/CMSIS/Device/ST/STM32F4xx/Source/Templates/gcc/startup_stm32f407xx.s'
'Invoking: MCU GCC Assembler'
G:\Users\nanimo\Documents\GitHub\upsat-obc-software\stm_cube\su_sd_fr_test\SW4STM32\su_sd_fr_test Configuration\Debug
arm-none-eabi-as -mcpu=cortex-m4 -mthumb -mfloat-abi=hard -mfpu=fpv4-sp-d16 -g -o "Application/SW4STM32/startup_stm32f407xx.o" "G:/Users/nanimo/Documents/GitHub/upsat-obc-software/stm_cube/su_sd_fr_test/Drivers/CMSIS/Device/ST/STM32F4xx/Source/Templates/gcc/startup_stm32f407xx.s"
'Finished building: G:/Users/nanimo/Documents/GitHub/upsat-obc-software/stm_cube/su_sd_fr_test/Drivers/CMSIS/Device/ST/STM32F4xx/Source/Templates/gcc/startup_stm32f407xx.s'
' '
'Building target: su_sd_fr_test.elf'
'Invoking: MCU GCC Linker'
arm-none-eabi-gcc -mcpu=cortex-m4 -mthumb -mfloat-abi=hard -mfpu=fpv4-sp-d16 -specs=nosys.specs -specs=nano.specs -T"../STM32F407VGTx_FLASH.ld" -Wl,-Map=output.map -Wl,--gc-sections -lm -o "su_sd_fr_test.elf" @"objects.list"  
'Finished building target: su_sd_fr_test.elf'
' '
make --no-print-directory post-build
'Generating binary and Printing size information:'
arm-none-eabi-objcopy -O binary "su_sd_fr_test.elf" "su_sd_fr_test.bin"
arm-none-eabi-size "su_sd_fr_test.elf"
   text	   data	    bss	    dec	    hex	filename
  21184	     24	  17808	  39016	   9868	su_sd_fr_test.elf
' '
16:30:13 **** Incremental Build of configuration Debug for project su_sd_fr_test Configuration ****
make all 
'Building file: G:/Users/nanimo/Documents/GitHub/upsat-obc-software/stm_cube/su_sd_fr_test/Src/main.c'
'Invoking: MCU GCC Compiler'
G:\Users\nanimo\Documents\GitHub\upsat-obc-software\stm_cube\su_sd_fr_test\SW4STM32\su_sd_fr_test Configuration\Debug
arm-none-eabi-gcc -mcpu=cortex-m4 -mthumb -mfloat-abi=hard -mfpu=fpv4-sp-d16 -D__weak="__attribute__((weak))" -D__packed="__attribute__((__packed__))" -DUSE_HAL_DRIVER -DSTM32F407xx -I"G:/Users/nanimo/Documents/GitHub/upsat-obc-software/stm_cube/su_sd_fr_test/Inc" -I"G:/Users/nanimo/Documents/GitHub/upsat-obc-software/stm_cube/su_sd_fr_test/Drivers/STM32F4xx_HAL_Driver/Inc" -I"G:/Users/nanimo/Documents/GitHub/upsat-obc-software/stm_cube/su_sd_fr_test/Drivers/STM32F4xx_HAL_Driver/Inc/Legacy" -I"G:/Users/nanimo/Documents/GitHub/upsat-obc-software/stm_cube/su_sd_fr_test/Middlewares/Third_Party/FatFs/src/drivers" -I"G:/Users/nanimo/Documents/GitHub/upsat-obc-software/stm_cube/su_sd_fr_test/Middlewares/Third_Party/FreeRTOS/Source/portable/GCC/ARM_CM4F" -I"G:/Users/nanimo/Documents/GitHub/upsat-obc-software/stm_cube/su_sd_fr_test/Middlewares/Third_Party/FatFs/src" -I"G:/Users/nanimo/Documents/GitHub/upsat-obc-software/stm_cube/su_sd_fr_test/Middlewares/Third_Party/FreeRTOS/Source/include" -I"G:/Users/nanimo/Documents/GitHub/upsat-obc-software/stm_cube/su_sd_fr_test/Middlewares/Third_Party/FreeRTOS/Source/CMSIS_RTOS" -I"G:/Users/nanimo/Documents/GitHub/upsat-obc-software/stm_cube/su_sd_fr_test/Drivers/CMSIS/Include" -I"G:/Users/nanimo/Documents/GitHub/upsat-obc-software/stm_cube/su_sd_fr_test/Drivers/CMSIS/Device/ST/STM32F4xx/Include"  -Os -g3 -Wall -fmessage-length=0 -ffunction-sections -c -fmessage-length=0 -MMD -MP -MF"Application/User/main.d" -MT"Application/User/main.o" -o "Application/User/main.o" "G:/Users/nanimo/Documents/GitHub/upsat-obc-software/stm_cube/su_sd_fr_test/Src/main.c"
G:/Users/nanimo/Documents/GitHub/upsat-obc-software/stm_cube/su_sd_fr_test/Src/main.c: In function 'StartDefaultTask':
G:/Users/nanimo/Documents/GitHub/upsat-obc-software/stm_cube/su_sd_fr_test/Src/main.c:394:14: warning: passing argument 1 of 'f_mount' from incompatible pointer type
   if(f_mount(&SD_Driver, SD_Path, 0) != FR_OK)
              ^
In file included from G:/Users/nanimo/Documents/GitHub/upsat-obc-software/stm_cube/su_sd_fr_test/Inc/fatfs.h:41:0,
                 from G:/Users/nanimo/Documents/GitHub/upsat-obc-software/stm_cube/su_sd_fr_test/Src/main.c:36:
G:/Users/nanimo/Documents/GitHub/upsat-obc-software/stm_cube/su_sd_fr_test/Middlewares/Third_Party/FatFs/src/ff.h:251:9: note: expected 'struct FATFS *' but argument is of type 'struct Diskio_drvTypeDef *'
 FRESULT f_mount (FATFS* fs, const TCHAR* path, BYTE opt);   /* Mount/Unmount a logical drive */
         ^
G:/Users/nanimo/Documents/GitHub/upsat-obc-software/stm_cube/su_sd_fr_test/Src/main.c:391:11: warning: unused variable 'rtext' [-Wunused-variable]
   uint8_t rtext[100];                                   /* File read buffer */
           ^
G:/Users/nanimo/Documents/GitHub/upsat-obc-software/stm_cube/su_sd_fr_test/Src/main.c:389:26: warning: unused variable 'bytesread' [-Wunused-variable]
   uint32_t byteswritten, bytesread;                     /* File write/read counts */
                          ^
'Finished building: G:/Users/nanimo/Documents/GitHub/upsat-obc-software/stm_cube/su_sd_fr_test/Src/main.c'
' '
'Building target: su_sd_fr_test.elf'
'Invoking: MCU GCC Linker'
arm-none-eabi-gcc -mcpu=cortex-m4 -mthumb -mfloat-abi=hard -mfpu=fpv4-sp-d16 -specs=nosys.specs -specs=nano.specs -T"../STM32F407VGTx_FLASH.ld" -Wl,-Map=output.map -Wl,--gc-sections -lm -o "su_sd_fr_test.elf" @"objects.list"  
'Finished building target: su_sd_fr_test.elf'
' '
make --no-print-directory post-build
'Generating binary and Printing size information:'
arm-none-eabi-objcopy -O binary "su_sd_fr_test.elf" "su_sd_fr_test.bin"
arm-none-eabi-size "su_sd_fr_test.elf"
   text	   data	    bss	    dec	    hex	filename
  21180	     24	  17808	  39012	   9864	su_sd_fr_test.elf
' '
16:32:46 **** Incremental Build of configuration Debug for project su_sd_fr_test Configuration ****
make all 
make: Nothing to be done for `all'.
