###############################################################################
#
# IAR ELF Linker V7.50.2.10312/W32 for ARM                19/May/2016  07:23:04
# Copyright 2007-2015 IAR Systems AB.
#
#    Output file  =  
#        E:\CUBESAT_FIRMWARE\UPSAT-OBC-SOFTWARE\cubeMX\obc\EWARM\obc_pinout\Exe\obc_pinout.out
#    Map file     =  
#        E:\CUBESAT_FIRMWARE\UPSAT-OBC-SOFTWARE\cubeMX\obc\EWARM\obc_pinout\List\obc_pinout.map
#    Command line =  
#        E:\CUBESAT_FIRMWARE\UPSAT-OBC-SOFTWARE\cubeMX\obc\EWARM\obc_pinout\Obj\bsp_driver_sd.o
#        E:\CUBESAT_FIRMWARE\UPSAT-OBC-SOFTWARE\cubeMX\obc\EWARM\obc_pinout\Obj\cmsis_os.o
#        E:\CUBESAT_FIRMWARE\UPSAT-OBC-SOFTWARE\cubeMX\obc\EWARM\obc_pinout\Obj\croutine.o
#        E:\CUBESAT_FIRMWARE\UPSAT-OBC-SOFTWARE\cubeMX\obc\EWARM\obc_pinout\Obj\diskio.o
#        E:\CUBESAT_FIRMWARE\UPSAT-OBC-SOFTWARE\cubeMX\obc\EWARM\obc_pinout\Obj\event_groups.o
#        E:\CUBESAT_FIRMWARE\UPSAT-OBC-SOFTWARE\cubeMX\obc\EWARM\obc_pinout\Obj\event_reporting_service.o
#        E:\CUBESAT_FIRMWARE\UPSAT-OBC-SOFTWARE\cubeMX\obc\EWARM\obc_pinout\Obj\fatfs.o
#        E:\CUBESAT_FIRMWARE\UPSAT-OBC-SOFTWARE\cubeMX\obc\EWARM\obc_pinout\Obj\ff.o
#        E:\CUBESAT_FIRMWARE\UPSAT-OBC-SOFTWARE\cubeMX\obc\EWARM\obc_pinout\Obj\ff_gen_drv.o
#        E:\CUBESAT_FIRMWARE\UPSAT-OBC-SOFTWARE\cubeMX\obc\EWARM\obc_pinout\Obj\freertos.o
#        E:\CUBESAT_FIRMWARE\UPSAT-OBC-SOFTWARE\cubeMX\obc\EWARM\obc_pinout\Obj\function_management_service.o
#        E:\CUBESAT_FIRMWARE\UPSAT-OBC-SOFTWARE\cubeMX\obc\EWARM\obc_pinout\Obj\heap_4.o
#        E:\CUBESAT_FIRMWARE\UPSAT-OBC-SOFTWARE\cubeMX\obc\EWARM\obc_pinout\Obj\hldlc.o
#        E:\CUBESAT_FIRMWARE\UPSAT-OBC-SOFTWARE\cubeMX\obc\EWARM\obc_pinout\Obj\housekeeping.o
#        E:\CUBESAT_FIRMWARE\UPSAT-OBC-SOFTWARE\cubeMX\obc\EWARM\obc_pinout\Obj\housekeeping_service.o
#        E:\CUBESAT_FIRMWARE\UPSAT-OBC-SOFTWARE\cubeMX\obc\EWARM\obc_pinout\Obj\large_data_service.o
#        E:\CUBESAT_FIRMWARE\UPSAT-OBC-SOFTWARE\cubeMX\obc\EWARM\obc_pinout\Obj\list.o
#        E:\CUBESAT_FIRMWARE\UPSAT-OBC-SOFTWARE\cubeMX\obc\EWARM\obc_pinout\Obj\main.o
#        E:\CUBESAT_FIRMWARE\UPSAT-OBC-SOFTWARE\cubeMX\obc\EWARM\obc_pinout\Obj\mass_storage_service.o
#        E:\CUBESAT_FIRMWARE\UPSAT-OBC-SOFTWARE\cubeMX\obc\EWARM\obc_pinout\Obj\obc.o
#        E:\CUBESAT_FIRMWARE\UPSAT-OBC-SOFTWARE\cubeMX\obc\EWARM\obc_pinout\Obj\obc_hal.o
#        E:\CUBESAT_FIRMWARE\UPSAT-OBC-SOFTWARE\cubeMX\obc\EWARM\obc_pinout\Obj\pkt_pool.o
#        E:\CUBESAT_FIRMWARE\UPSAT-OBC-SOFTWARE\cubeMX\obc\EWARM\obc_pinout\Obj\port.o
#        E:\CUBESAT_FIRMWARE\UPSAT-OBC-SOFTWARE\cubeMX\obc\EWARM\obc_pinout\Obj\portasm.o
#        E:\CUBESAT_FIRMWARE\UPSAT-OBC-SOFTWARE\cubeMX\obc\EWARM\obc_pinout\Obj\power_ctrl.o
#        E:\CUBESAT_FIRMWARE\UPSAT-OBC-SOFTWARE\cubeMX\obc\EWARM\obc_pinout\Obj\queue.o
#        E:\CUBESAT_FIRMWARE\UPSAT-OBC-SOFTWARE\cubeMX\obc\EWARM\obc_pinout\Obj\scheduling_service.o
#        E:\CUBESAT_FIRMWARE\UPSAT-OBC-SOFTWARE\cubeMX\obc\EWARM\obc_pinout\Obj\sd_diskio.o
#        E:\CUBESAT_FIRMWARE\UPSAT-OBC-SOFTWARE\cubeMX\obc\EWARM\obc_pinout\Obj\service_utilities.o
#        E:\CUBESAT_FIRMWARE\UPSAT-OBC-SOFTWARE\cubeMX\obc\EWARM\obc_pinout\Obj\services.o
#        E:\CUBESAT_FIRMWARE\UPSAT-OBC-SOFTWARE\cubeMX\obc\EWARM\obc_pinout\Obj\startup_stm32f405xx.o
#        E:\CUBESAT_FIRMWARE\UPSAT-OBC-SOFTWARE\cubeMX\obc\EWARM\obc_pinout\Obj\stm32f4xx_hal.o
#        E:\CUBESAT_FIRMWARE\UPSAT-OBC-SOFTWARE\cubeMX\obc\EWARM\obc_pinout\Obj\stm32f4xx_hal_adc.o
#        E:\CUBESAT_FIRMWARE\UPSAT-OBC-SOFTWARE\cubeMX\obc\EWARM\obc_pinout\Obj\stm32f4xx_hal_adc_ex.o
#        E:\CUBESAT_FIRMWARE\UPSAT-OBC-SOFTWARE\cubeMX\obc\EWARM\obc_pinout\Obj\stm32f4xx_hal_cortex.o
#        E:\CUBESAT_FIRMWARE\UPSAT-OBC-SOFTWARE\cubeMX\obc\EWARM\obc_pinout\Obj\stm32f4xx_hal_dma.o
#        E:\CUBESAT_FIRMWARE\UPSAT-OBC-SOFTWARE\cubeMX\obc\EWARM\obc_pinout\Obj\stm32f4xx_hal_dma_ex.o
#        E:\CUBESAT_FIRMWARE\UPSAT-OBC-SOFTWARE\cubeMX\obc\EWARM\obc_pinout\Obj\stm32f4xx_hal_flash.o
#        E:\CUBESAT_FIRMWARE\UPSAT-OBC-SOFTWARE\cubeMX\obc\EWARM\obc_pinout\Obj\stm32f4xx_hal_flash_ex.o
#        E:\CUBESAT_FIRMWARE\UPSAT-OBC-SOFTWARE\cubeMX\obc\EWARM\obc_pinout\Obj\stm32f4xx_hal_flash_ramfunc.o
#        E:\CUBESAT_FIRMWARE\UPSAT-OBC-SOFTWARE\cubeMX\obc\EWARM\obc_pinout\Obj\stm32f4xx_hal_gpio.o
#        E:\CUBESAT_FIRMWARE\UPSAT-OBC-SOFTWARE\cubeMX\obc\EWARM\obc_pinout\Obj\stm32f4xx_hal_msp.o
#        E:\CUBESAT_FIRMWARE\UPSAT-OBC-SOFTWARE\cubeMX\obc\EWARM\obc_pinout\Obj\stm32f4xx_hal_pwr.o
#        E:\CUBESAT_FIRMWARE\UPSAT-OBC-SOFTWARE\cubeMX\obc\EWARM\obc_pinout\Obj\stm32f4xx_hal_pwr_ex.o
#        E:\CUBESAT_FIRMWARE\UPSAT-OBC-SOFTWARE\cubeMX\obc\EWARM\obc_pinout\Obj\stm32f4xx_hal_rcc.o
#        E:\CUBESAT_FIRMWARE\UPSAT-OBC-SOFTWARE\cubeMX\obc\EWARM\obc_pinout\Obj\stm32f4xx_hal_rcc_ex.o
#        E:\CUBESAT_FIRMWARE\UPSAT-OBC-SOFTWARE\cubeMX\obc\EWARM\obc_pinout\Obj\stm32f4xx_hal_rtc.o
#        E:\CUBESAT_FIRMWARE\UPSAT-OBC-SOFTWARE\cubeMX\obc\EWARM\obc_pinout\Obj\stm32f4xx_hal_rtc_ex.o
#        E:\CUBESAT_FIRMWARE\UPSAT-OBC-SOFTWARE\cubeMX\obc\EWARM\obc_pinout\Obj\stm32f4xx_hal_sd.o
#        E:\CUBESAT_FIRMWARE\UPSAT-OBC-SOFTWARE\cubeMX\obc\EWARM\obc_pinout\Obj\stm32f4xx_hal_spi.o
#        E:\CUBESAT_FIRMWARE\UPSAT-OBC-SOFTWARE\cubeMX\obc\EWARM\obc_pinout\Obj\stm32f4xx_hal_tim.o
#        E:\CUBESAT_FIRMWARE\UPSAT-OBC-SOFTWARE\cubeMX\obc\EWARM\obc_pinout\Obj\stm32f4xx_hal_tim_ex.o
#        E:\CUBESAT_FIRMWARE\UPSAT-OBC-SOFTWARE\cubeMX\obc\EWARM\obc_pinout\Obj\stm32f4xx_hal_timebase_TIM.o
#        E:\CUBESAT_FIRMWARE\UPSAT-OBC-SOFTWARE\cubeMX\obc\EWARM\obc_pinout\Obj\stm32f4xx_hal_uart.o
#        E:\CUBESAT_FIRMWARE\UPSAT-OBC-SOFTWARE\cubeMX\obc\EWARM\obc_pinout\Obj\stm32f4xx_it.o
#        E:\CUBESAT_FIRMWARE\UPSAT-OBC-SOFTWARE\cubeMX\obc\EWARM\obc_pinout\Obj\stm32f4xx_ll_sdmmc.o
#        E:\CUBESAT_FIRMWARE\UPSAT-OBC-SOFTWARE\cubeMX\obc\EWARM\obc_pinout\Obj\su_mnlp.o
#        E:\CUBESAT_FIRMWARE\UPSAT-OBC-SOFTWARE\cubeMX\obc\EWARM\obc_pinout\Obj\syscall.o
#        E:\CUBESAT_FIRMWARE\UPSAT-OBC-SOFTWARE\cubeMX\obc\EWARM\obc_pinout\Obj\system_stm32f4xx.o
#        E:\CUBESAT_FIRMWARE\UPSAT-OBC-SOFTWARE\cubeMX\obc\EWARM\obc_pinout\Obj\tasks.o
#        E:\CUBESAT_FIRMWARE\UPSAT-OBC-SOFTWARE\cubeMX\obc\EWARM\obc_pinout\Obj\test_service.o
#        E:\CUBESAT_FIRMWARE\UPSAT-OBC-SOFTWARE\cubeMX\obc\EWARM\obc_pinout\Obj\time_management.o
#        E:\CUBESAT_FIRMWARE\UPSAT-OBC-SOFTWARE\cubeMX\obc\EWARM\obc_pinout\Obj\timers.o
#        E:\CUBESAT_FIRMWARE\UPSAT-OBC-SOFTWARE\cubeMX\obc\EWARM\obc_pinout\Obj\verification_service.o
#        --redirect _Printf=_PrintfFull --redirect _Scanf=_ScanfFull -o
#        E:\CUBESAT_FIRMWARE\UPSAT-OBC-SOFTWARE\cubeMX\obc\EWARM\obc_pinout\Exe\obc_pinout.out
#        --map
#        E:\CUBESAT_FIRMWARE\UPSAT-OBC-SOFTWARE\cubeMX\obc\EWARM\obc_pinout\List\obc_pinout.map
#        --config
#        E:\CUBESAT_FIRMWARE\UPSAT-OBC-SOFTWARE\cubeMX\obc\EWARM/stm32f405xx_flash.icf
#        --semihosting --entry __iar_program_start --vfe
#
###############################################################################

*******************************************************************************
*** RUNTIME MODEL ATTRIBUTES
***

CppFlavor                     = *
__Heap_Handler                = Basic
__SystemLibrary               = DLib
__dlib_dynamic_initialization = normal


*******************************************************************************
*** PLACEMENT SUMMARY
***

"A1":  place at 0x08000000 { ro section .intvec };
"P1":  place in [from 0x08000000 to 0x080fffff] { ro };
"P2":  place in [from 0x20000000 to 0x2001ffff] { rw, block CSTACK, block HEAP };

  Section             Kind        Address     Size  Object
  -------             ----        -------     ----  ------
"A1":                                        0x188
  .intvec             ro code  0x08000000    0x188  startup_stm32f405xx.o [1]
                             - 0x08000188    0x188

"P1":                                      0x1124f
  .text               ro code  0x08000188   0x2204  ff.o [1]
  .text               ro code  0x0800238c     0x62  syscall.o [1]
  .text               ro code  0x080023ee     0x1a  xsnprout.o [3]
  .text               ro code  0x08002408     0xf8  diskio.o [1]
  .text               ro code  0x08002500     0x20  fatfs.o [1]
  .text               ro code  0x08002520    0x1bc  cmsis_os.o [1]
  .text               ro code  0x080026dc     0x70  ff_gen_drv.o [1]
  .text               ro code  0x0800274c    0xd28  tasks.o [1]
  .text               ro code  0x08003474    0x7f4  queue.o [1]
  .text               ro code  0x08003c68    0x258  port.o [1]
  .text               ro code  0x08003ec0     0x9e  list.o [1]
  .text               ro code  0x08003f5e      0x4  freertos.o [1]
  .text               ro code  0x08003f62      0xa  xsprout.o [3]
  .text               ro code  0x08003f6c     0x62  memcmp_unaligned.o [5]
  .text               ro code  0x08003fd0    0x280  heap_4.o [1]
  .text               ro code  0x08004250     0x66  ABImemset.o [5]
  .text               ro code  0x080042b8     0x76  ABImemcpy_unaligned.o [5]
  CODE                ro code  0x08004330     0xa8  portasm.o [1]
  .text               ro code  0x080043d8   0x152c  stm32f4xx_hal_sd.o [1]
  .text               ro code  0x08005904    0x5f8  stm32f4xx_hal_msp.o [1]
  .text               ro code  0x08005efc     0xd0  stm32f4xx_ll_sdmmc.o [1]
  .text               ro code  0x08005fcc     0x70  stm32f4xx_hal.o [1]
  .text               ro code  0x0800603c    0x15c  stm32f4xx_hal_cortex.o [1]
  .text               ro code  0x08006198    0x240  stm32f4xx_hal_gpio.o [1]
  .text               ro code  0x080063d8    0x334  stm32f4xx_hal_dma.o [1]
  .text               ro code  0x0800670c     0xa2  stm32f4xx_hal_timebase_TIM.o [1]
  .text               ro code  0x080067b0    0x64c  stm32f4xx_hal_rcc.o [1]
  .text               ro code  0x08006dfc    0x2e8  stm32f4xx_hal_tim.o [1]
  .text               ro code  0x080070e4      0x4  stm32f4xx_hal_tim_ex.o [1]
  .text               ro code  0x080070e8   0x1166  xprintffull.o [3]
  .text               ro code  0x0800824e     0x20  xmbtowc.o [3]
  .text               ro code  0x08008270     0x16  strchr.o [5]
  .text               ro code  0x08008288     0x36  strlen.o [5]
  .text               ro code  0x080082c0     0x58  memchr.o [5]
  .text               ro code  0x08008318      0xa  xmbcurmax.o [3]
  .text               ro code  0x08008324     0xb0  xxmemxmalloc.o [3]
  .text               ro code  0x080083d4     0x1a  xwctomb.o [3]
  .text               ro code  0x080083f0     0x80  xxmemxfree.o [3]
  .text               ro code  0x08008470     0xee  I64DivMod.o [5]
  .text               ro code  0x0800855e     0x42  xdnorm.o [4]
  .text               ro code  0x080085a0     0x2e  DblCmpLe.o [4]
  .text               ro code  0x080085d0     0x2e  DblCmpGe.o [4]
  .text               ro code  0x08008600    0x114  xdscale.o [4]
  .text               ro code  0x08008714     0x58  DblToI32.o [4]
  .text               ro code  0x0800876c     0x30  I32ToDbl.o [4]
  .text               ro code  0x0800879c    0x180  DblSub.o [4]
  .text               ro code  0x0800891c    0x1a2  DblMul.o [4]
  .text               ro code  0x08008ac0    0x256  DblDiv.o [4]
  .text               ro code  0x08008d18     0x6c  localeconv.o [3]
  .text               ro code  0x08008d84      0xe  div.o [3]
  .text               ro code  0x08008d94     0x24  setlocale.o [3]
  .text               ro code  0x08008db8     0x60  xencoding_sb.o [3]
  .text               ro code  0x08008e18     0x2c  xgetmemchunk.o [3]
  .text               ro code  0x08008e44      0x2  I64DivZer.o [5]
  .text               ro code  0x08008e48     0xd4  DblAdd.o [4]
  .text               ro code  0x08008f1c      0x2  xtls.o [3]
  .text               ro code  0x08008f20    0xf58  mass_storage_service.o [1]
  .text               ro code  0x08009e78     0x68  services.o [1]
  .text               ro code  0x08009ee0    0x7c4  service_utilities.o [1]
  .text               ro code  0x0800a6a4     0x6c  strncpy_unaligned.o [5]
  .text               ro code  0x0800a710      0x6  strtol.o [3]
  .text               ro code  0x0800a718     0x34  sprintf.o [3]
  .text               ro code  0x0800a74c    0x100  pkt_pool.o [1]
  .text               ro code  0x0800a84c    0x510  obc.o [1]
  .text               ro code  0x0800ad5c     0x44  snprintf.o [3]
  .text               ro code  0x0800ada0     0x9a  time_management.o [1]
  .text               ro code  0x0800ae3c     0xf8  event_reporting_service.o [1]
  .text               ro code  0x0800af34    0x3e4  obc_hal.o [1]
  .text               ro code  0x0800b318    0x204  hldlc.o [1]
  .text               ro code  0x0800b51c    0x1a0  verification_service.o [1]
  .text               ro code  0x0800b6bc     0x88  xstol.o [3]
  .text               ro code  0x0800b744    0x18c  housekeeping_service.o [1]
  .text               ro code  0x0800b8d0     0xcc  function_management_service.o [1]
  .text               ro code  0x0800b99c    0xc54  large_data_service.o [1]
  .text               ro code  0x0800c5f0     0xe0  test_service.o [1]
  .text               ro code  0x0800c6d0    0x6a8  scheduling_service.o [1]
  .text               ro code  0x0800cd78     0x16  strnlen.o [3]
  .text               ro code  0x0800cd90    0x970  stm32f4xx_hal_uart.o [1]
  .text               ro code  0x0800d700    0x432  stm32f4xx_hal_rtc.o [1]
  .text               ro code  0x0800db34     0x18  stm32f4xx_hal_pwr.o [1]
  .text               ro code  0x0800db4c     0x40  stm32f4xx_hal_pwr_ex.o [1]
  .text               ro code  0x0800db8c     0x14  isxxx.o [3]
  .text               ro code  0x0800dba0    0x194  xstoul.o [3]
  .text               ro code  0x0800dd34      0xc  errno.o [3]
  .text               ro code  0x0800dd40    0x14a  housekeeping.o [1]
  .text               ro code  0x0800de8c     0x9c  power_ctrl.o [1]
  .text               ro code  0x0800df28     0x4e  FltToDbl.o [4]
  .text               ro code  0x0800df78     0x6e  ceil.o [4]
  .text               ro code  0x0800dfe6     0x14  xlocale_c.o [3]
  .text               ro code  0x0800dffa     0x14  tolower.o [3]
  .text               ro code  0x0800e00e      0xc  xlocale_c.o [3]
  .text               ro code  0x0800e01c    0x97c  main.o [1]
  .text               ro code  0x0800e998    0x178  stm32f4xx_hal_rcc_ex.o [1]
  .text               ro code  0x0800eb10    0x368  stm32f4xx_hal_adc.o [1]
  .text               ro code  0x0800ee78     0x54  stm32f4xx_hal_rtc_ex.o [1]
  .text               ro code  0x0800eecc     0x9e  stm32f4xx_hal_spi.o [1]
  .text               ro code  0x0800ef6c    0x16c  su_mnlp.o [1]
  .rodata             const    0x0800f0d8    0x444  time_management.o [1]
  .rodata             const    0x0800f51c    0x410  services.o [1]
  .text               ro code  0x0800f92c    0x124  sd_diskio.o [1]
  .text               ro code  0x0800fa50     0xd0  bsp_driver_sd.o [1]
  .text               ro code  0x0800fb20     0xd0  stm32f4xx_it.o [1]
  .rodata             const    0x0800fbf0     0xb0  mass_storage_service.o [1]
  .rodata             const    0x0800fca0     0x80  ff.o [1]
  .rodata             const    0x0800fd20     0x80  time_management.o [1]
  .rodata             const    0x0800fda0     0x70  mass_storage_service.o [1]
  .text               ro code  0x0800fe10     0x6c  system_stm32f4xx.o [1]
  .rodata             const    0x0800fe7c     0x64  time_management.o [1]
  .rodata             const    0x0800fee0     0x5c  housekeeping_service.o [1]
  .rodata             const    0x0800ff3c     0x50  scheduling_service.o [1]
  .rodata             const    0x0800ff8c     0x50  service_utilities.o [1]
  .rodata             const    0x0800ffdc     0x4c  function_management_service.o [1]
  .rodata             const    0x08010028     0x44  housekeeping_service.o [1]
  .rodata             const    0x0801006c     0x44  mass_storage_service.o [1]
  .rodata             const    0x080100b0     0x44  mass_storage_service.o [1]
  .rodata             const    0x080100f4     0x44  verification_service.o [1]
  .rodata             const    0x08010138     0x40  large_data_service.o [1]
  .rodata             const    0x08010178     0x40  scheduling_service.o [1]
  .rodata             const    0x080101b8     0x40  service_utilities.o [1]
  .rodata             const    0x080101f8     0x40  service_utilities.o [1]
  .text               ro code  0x08010238     0x40  zero_init3.o [5]
  .rodata             const    0x08010278     0x3c  power_ctrl.o [1]
  .rodata             const    0x080102b4     0x3c  test_service.o [1]
  .rodata             const    0x080102f0     0x38  obc.o [1]
  .rodata             const    0x08010328     0x38  obc.o [1]
  .rodata             const    0x08010360     0x38  pkt_pool.o [1]
  .rodata             const    0x08010398     0x38  su_mnlp.o [1]
  .text               ro code  0x080103d0     0x38  packbits_init_single.o [5]
  .rodata             const    0x08010408     0x34  hldlc.o [1]
  .rodata             const    0x0801043c     0x34  hldlc.o [1]
  .rodata             const    0x08010470     0x30  large_data_service.o [1]
  .rodata             const    0x080104a0     0x30  power_ctrl.o [1]
  .rodata             const    0x080104d0     0x30  scheduling_service.o [1]
  .rodata             const    0x08010500     0x30  scheduling_service.o [1]
  .rodata             const    0x08010530     0x30  service_utilities.o [1]
  .rodata             const    0x08010560     0x30  service_utilities.o [1]
  .rodata             const    0x08010590     0x30  service_utilities.o [1]
  .rodata             const    0x080105c0     0x30  service_utilities.o [1]
  .rodata             const    0x080105f0     0x30  service_utilities.o [1]
  .rodata             const    0x08010620     0x30  verification_service.o [1]
  .rodata             const    0x08010650     0x2c  function_management_service.o [1]
  .rodata             const    0x0801067c     0x2c  mass_storage_service.o [1]
  .rodata             const    0x080106a8     0x2c  mass_storage_service.o [1]
  .rodata             const    0x080106d4     0x2c  service_utilities.o [1]
  .rodata             const    0x08010700     0x28  large_data_service.o [1]
  .rodata             const    0x08010728     0x28  scheduling_service.o [1]
  .rodata             const    0x08010750     0x28  scheduling_service.o [1]
  .rodata             const    0x08010778     0x28  scheduling_service.o [1]
  .rodata             const    0x080107a0     0x28  service_utilities.o [1]
  .rodata             const    0x080107c8     0x28  service_utilities.o [1]
  .rodata             const    0x080107f0     0x28  service_utilities.o [1]
  .rodata             const    0x08010818     0x28  service_utilities.o [1]
  .rodata             const    0x08010840     0x28  su_mnlp.o [1]
  .rodata             const    0x08010868     0x28  test_service.o [1]
  .text               ro code  0x08010890     0x28  data_init.o [5]
  .rodata             const    0x080108b8     0x24  function_management_service.o [1]
  .rodata             const    0x080108dc     0x24  housekeeping_service.o [1]
  .rodata             const    0x08010900     0x24  large_data_service.o [1]
  .rodata             const    0x08010924     0x24  large_data_service.o [1]
  .rodata             const    0x08010948     0x24  mass_storage_service.o [1]
  .rodata             const    0x0801096c     0x24  obc.o [1]
  .rodata             const    0x08010990     0x24  obc.o [1]
  .rodata             const    0x080109b4     0x24  obc.o [1]
  .rodata             const    0x080109d8     0x24  obc.o [1]
  .rodata             const    0x080109fc     0x24  scheduling_service.o [1]
  .rodata             const    0x08010a20     0x24  scheduling_service.o [1]
  .rodata             const    0x08010a44     0x24  scheduling_service.o [1]
  .rodata             const    0x08010a68     0x24  service_utilities.o [1]
  .rodata             const    0x08010a8c     0x24  service_utilities.o [1]
  .rodata             const    0x08010ab0     0x24  service_utilities.o [1]
  .rodata             const    0x08010ad4     0x24  test_service.o [1]
  .rodata             const    0x08010af8     0x24  verification_service.o [1]
  .text               ro code  0x08010b1c     0x22  fpinit_M.o [4]
  .iar.init_table     const    0x08010b40     0x20  - Linker created -
  .rodata             const    0x08010b60     0x20  hldlc.o [1]
  .rodata             const    0x08010b80     0x20  large_data_service.o [1]
  .rodata             const    0x08010ba0     0x20  scheduling_service.o [1]
  .rodata             const    0x08010bc0     0x20  scheduling_service.o [1]
  .rodata             const    0x08010be0     0x20  scheduling_service.o [1]
  .rodata             const    0x08010c00     0x20  scheduling_service.o [1]
  .rodata             const    0x08010c20     0x20  scheduling_service.o [1]
  .rodata             const    0x08010c40     0x1c  hldlc.o [1]
  .rodata             const    0x08010c5c     0x1c  hldlc.o [1]
  .rodata             const    0x08010c78     0x1c  large_data_service.o [1]
  .rodata             const    0x08010c94     0x1c  large_data_service.o [1]
  .rodata             const    0x08010cb0     0x1c  mass_storage_service.o [1]
  .rodata             const    0x08010ccc     0x1c  mass_storage_service.o [1]
  .rodata             const    0x08010ce8     0x1c  scheduling_service.o [1]
  .rodata             const    0x08010d04     0x1c  scheduling_service.o [1]
  .rodata             const    0x08010d20     0x1c  scheduling_service.o [1]
  .rodata             const    0x08010d3c     0x1c  service_utilities.o [1]
  .rodata             const    0x08010d58     0x1c  service_utilities.o [1]
  .rodata             const    0x08010d74     0x1c  service_utilities.o [1]
  .rodata             const    0x08010d90     0x1c  service_utilities.o [1]
  .text               ro code  0x08010dac     0x1a  cmain.o [5]
  .text               ro code  0x08010dc6      0x4  low_level_init.o [3]
  .text               ro code  0x08010dca      0x4  exit.o [3]
  .text               ro code  0x08010dd0      0xa  cexit.o [5]
  .text               ro code  0x08010ddc     0x14  exit.o [6]
  .rodata             const    0x08010df0     0x18  function_management_service.o [1]
  .rodata             const    0x08010e08     0x18  housekeeping_service.o [1]
  .rodata             const    0x08010e20     0x18  large_data_service.o [1]
  .rodata             const    0x08010e38     0x18  large_data_service.o [1]
  .rodata             const    0x08010e50     0x18  main.o [1]
  .rodata             const    0x08010e68     0x18  mass_storage_service.o [1]
  .rodata             const    0x08010e80     0x18  power_ctrl.o [1]
  .rodata             const    0x08010e98     0x18  scheduling_service.o [1]
  .rodata             const    0x08010eb0     0x18  scheduling_service.o [1]
  .rodata             const    0x08010ec8     0x18  service_utilities.o [1]
  .rodata             const    0x08010ee0     0x18  service_utilities.o [1]
  .rodata             const    0x08010ef8     0x14  event_reporting_service.o [1]
  .rodata             const    0x08010f0c     0x14  event_reporting_service.o [1]
  .rodata             const    0x08010f20     0x14  housekeeping_service.o [1]
  .rodata             const    0x08010f34     0x14  large_data_service.o [1]
  .rodata             const    0x08010f48     0x14  large_data_service.o [1]
  .rodata             const    0x08010f5c     0x14  main.o [1]
  .rodata             const    0x08010f70     0x14  main.o [1]
  .rodata             const    0x08010f84     0x14  main.o [1]
  .rodata             const    0x08010f98     0x14  main.o [1]
  .rodata             const    0x08010fac     0x14  mass_storage_service.o [1]
  .rodata             const    0x08010fc0     0x14  mass_storage_service.o [1]
  .rodata             const    0x08010fd4     0x14  mass_storage_service.o [1]
  .rodata             const    0x08010fe8     0x14  mass_storage_service.o [1]
  .rodata             const    0x08010ffc     0x14  mass_storage_service.o [1]
  .rodata             const    0x08011010     0x14  mass_storage_service.o [1]
  .rodata             const    0x08011024     0x14  mass_storage_service.o [1]
  .rodata             const    0x08011038     0x14  mass_storage_service.o [1]
  .rodata             const    0x0801104c     0x14  mass_storage_service.o [1]
  .rodata             const    0x08011060     0x14  mass_storage_service.o [1]
  .rodata             const    0x08011074     0x14  sd_diskio.o [1]
  .rodata             const    0x08011088     0x14  tasks.o [1]
  .rodata             const    0x0801109c     0x14  test_service.o [1]
  .rodata             const    0x080110b0     0x14  verification_service.o [1]
  .rodata             const    0x080110c4     0x10  ff.o [1]
  .rodata             const    0x080110d4     0x10  hldlc.o [1]
  .rodata             const    0x080110e4     0x10  housekeeping_service.o [1]
  .rodata             const    0x080110f4     0x10  large_data_service.o [1]
  .rodata             const    0x08011104     0x10  large_data_service.o [1]
  .rodata             const    0x08011114     0x10  large_data_service.o [1]
  .rodata             const    0x08011124     0x10  mass_storage_service.o [1]
  .rodata             const    0x08011134     0x10  mass_storage_service.o [1]
  .rodata             const    0x08011144     0x10  mass_storage_service.o [1]
  .rodata             const    0x08011154     0x10  stm32f4xx_hal_rcc.o [1]
  .rodata             const    0x08011164     0x10  test_service.o [1]
  .rodata             const    0x08011174     0x10  verification_service.o [1]
  .rodata             const    0x08011184     0x10  verification_service.o [1]
  .text               ro code  0x08011194     0x10  startup_stm32f405xx.o [1]
  .rodata             const    0x080111a4      0xc  large_data_service.o [1]
  .rodata             const    0x080111b0      0xc  large_data_service.o [1]
  .rodata             const    0x080111bc      0xc  main.o [1]
  .rodata             const    0x080111c8      0xc  main.o [1]
  .rodata             const    0x080111d4      0xc  mass_storage_service.o [1]
  .rodata             const    0x080111e0      0xc  mass_storage_service.o [1]
  .rodata             const    0x080111ec      0xc  mass_storage_service.o [1]
  .rodata             const    0x080111f8      0xc  mass_storage_service.o [1]
  .rodata             const    0x08011204      0xc  mass_storage_service.o [1]
  .rodata             const    0x08011210      0xc  pkt_pool.o [1]
  .rodata             const    0x0801121c      0xc  service_utilities.o [1]
  .rodata             const    0x08011228      0xc  service_utilities.o [1]
  .text               ro code  0x08011234      0xc  cstartup_M.o [5]
  .rodata             const    0x08011240      0x8  main.o [1]
  .rodata             const    0x08011248      0x8  main.o [1]
  .rodata             const    0x08011250      0x8  main.o [1]
  .rodata             const    0x08011258      0x8  mass_storage_service.o [1]
  .rodata             const    0x08011260      0x8  mass_storage_service.o [1]
  .rodata             const    0x08011268      0x8  mass_storage_service.o [1]
  .rodata             const    0x08011270      0x8  mass_storage_service.o [1]
  .rodata             const    0x08011278      0x8  mass_storage_service.o [1]
  .rodata             const    0x08011280      0x8  stm32f4xx_hal_dma.o [1]
  .rodata             const    0x08011288      0x8  tasks.o [1]
  .rodata             const    0x08011290      0x4  heap_4.o [1]
  .rodata             const    0x08011294      0x4  main.o [1]
  .rodata             const    0x08011298      0x4  port.o [1]
  .rodata             const    0x0801129c      0x4  syscall.o [1]
  .text               ro code  0x080112a0      0x4  startup_stm32f405xx.o [1]
  .text               ro code  0x080112a4      0x4  startup_stm32f405xx.o [1]
  .text               ro code  0x080112a8      0x4  startup_stm32f405xx.o [1]
  .text               ro code  0x080112ac      0x4  startup_stm32f405xx.o [1]
  .text               ro code  0x080112b0      0x4  startup_stm32f405xx.o [1]
  .text               ro code  0x080112b4      0x4  startup_stm32f405xx.o [1]
  .text               ro code  0x080112b8      0x4  startup_stm32f405xx.o [1]
  .text               ro code  0x080112bc      0x4  startup_stm32f405xx.o [1]
  .text               ro code  0x080112c0      0x4  startup_stm32f405xx.o [1]
  .text               ro code  0x080112c4      0x4  startup_stm32f405xx.o [1]
  .text               ro code  0x080112c8      0x4  startup_stm32f405xx.o [1]
  .text               ro code  0x080112cc      0x4  startup_stm32f405xx.o [1]
  .text               ro code  0x080112d0      0x4  startup_stm32f405xx.o [1]
  .text               ro code  0x080112d4      0x4  startup_stm32f405xx.o [1]
  .text               ro code  0x080112d8      0x4  startup_stm32f405xx.o [1]
  .text               ro code  0x080112dc      0x4  startup_stm32f405xx.o [1]
  .text               ro code  0x080112e0      0x4  startup_stm32f405xx.o [1]
  .text               ro code  0x080112e4      0x4  startup_stm32f405xx.o [1]
  .text               ro code  0x080112e8      0x4  startup_stm32f405xx.o [1]
  .text               ro code  0x080112ec      0x4  startup_stm32f405xx.o [1]
  .text               ro code  0x080112f0      0x4  startup_stm32f405xx.o [1]
  .text               ro code  0x080112f4      0x4  startup_stm32f405xx.o [1]
  .text               ro code  0x080112f8      0x4  startup_stm32f405xx.o [1]
  .text               ro code  0x080112fc      0x4  startup_stm32f405xx.o [1]
  .text               ro code  0x08011300      0x4  startup_stm32f405xx.o [1]
  .text               ro code  0x08011304      0x4  startup_stm32f405xx.o [1]
  .text               ro code  0x08011308      0x4  startup_stm32f405xx.o [1]
  .text               ro code  0x0801130c      0x4  startup_stm32f405xx.o [1]
  .text               ro code  0x08011310      0x4  startup_stm32f405xx.o [1]
  .text               ro code  0x08011314      0x4  startup_stm32f405xx.o [1]
  .text               ro code  0x08011318      0x4  startup_stm32f405xx.o [1]
  .text               ro code  0x0801131c      0x4  startup_stm32f405xx.o [1]
  .text               ro code  0x08011320      0x4  startup_stm32f405xx.o [1]
  .text               ro code  0x08011324      0x4  startup_stm32f405xx.o [1]
  .text               ro code  0x08011328      0x4  startup_stm32f405xx.o [1]
  .text               ro code  0x0801132c      0x4  startup_stm32f405xx.o [1]
  .text               ro code  0x08011330      0x4  startup_stm32f405xx.o [1]
  .text               ro code  0x08011334      0x4  startup_stm32f405xx.o [1]
  .text               ro code  0x08011338      0x4  startup_stm32f405xx.o [1]
  .text               ro code  0x0801133c      0x4  startup_stm32f405xx.o [1]
  .text               ro code  0x08011340      0x4  startup_stm32f405xx.o [1]
  .text               ro code  0x08011344      0x4  startup_stm32f405xx.o [1]
  .text               ro code  0x08011348      0x4  startup_stm32f405xx.o [1]
  .text               ro code  0x0801134c      0x4  startup_stm32f405xx.o [1]
  .text               ro code  0x08011350      0x4  startup_stm32f405xx.o [1]
  .text               ro code  0x08011354      0x4  startup_stm32f405xx.o [1]
  .text               ro code  0x08011358      0x4  startup_stm32f405xx.o [1]
  .text               ro code  0x0801135c      0x4  startup_stm32f405xx.o [1]
  .text               ro code  0x08011360      0x4  startup_stm32f405xx.o [1]
  .text               ro code  0x08011364      0x4  startup_stm32f405xx.o [1]
  .text               ro code  0x08011368      0x4  startup_stm32f405xx.o [1]
  .text               ro code  0x0801136c      0x4  startup_stm32f405xx.o [1]
  .text               ro code  0x08011370      0x4  startup_stm32f405xx.o [1]
  .text               ro code  0x08011374      0x4  startup_stm32f405xx.o [1]
  .text               ro code  0x08011378      0x4  startup_stm32f405xx.o [1]
  .text               ro code  0x0801137c      0x4  startup_stm32f405xx.o [1]
  .text               ro code  0x08011380      0x4  startup_stm32f405xx.o [1]
  .text               ro code  0x08011384      0x4  startup_stm32f405xx.o [1]
  .text               ro code  0x08011388      0x4  startup_stm32f405xx.o [1]
  .text               ro code  0x0801138c      0x4  startup_stm32f405xx.o [1]
  .text               ro code  0x08011390      0x4  startup_stm32f405xx.o [1]
  .text               ro code  0x08011394      0x4  startup_stm32f405xx.o [1]
  .text               ro code  0x08011398      0x4  startup_stm32f405xx.o [1]
  .text               ro code  0x0801139c      0x4  startup_stm32f405xx.o [1]
  .text               ro code  0x080113a0      0x4  startup_stm32f405xx.o [1]
  .text               ro code  0x080113a4      0x4  startup_stm32f405xx.o [1]
  .text               ro code  0x080113a8      0x4  startup_stm32f405xx.o [1]
  .text               ro code  0x080113ac      0x4  startup_stm32f405xx.o [1]
  .text               ro code  0x080113b0      0x4  startup_stm32f405xx.o [1]
  .text               ro code  0x080113b4      0x4  startup_stm32f405xx.o [1]
  .text               ro code  0x080113b8      0x4  startup_stm32f405xx.o [1]
  .text               ro code  0x080113bc      0x4  startup_stm32f405xx.o [1]
  .rodata             const    0x080113c0      0x0  zero_init3.o [5]
  .rodata             const    0x080113c0      0x0  packbits_init_single.o [5]
  Initializer bytes   const    0x080113c0     0x17  <for P2-1>
                             - 0x080113d7  0x1124f

"P2", part 1 of 3:                           0x10d
  P2-1                         0x20000000    0x10d  <Init block>
    .data             inited   0x20000000      0x4  port.o [1]
    .data             inited   0x20000004      0x4  system_stm32f4xx.o [1]
    .data             inited   0x20000008      0x4  tasks.o [1]
    __DLIB_PERTHREAD  inited   0x2000000c     0x88  localeconv.o [3]
    __DLIB_PERTHREAD  inited   0x20000094      0x4  errno.o [3]
    __DLIB_PERTHREAD  inited   0x20000098     0x74  setlocale.o [3]
    .data             inited   0x2000010c      0x1  sd_diskio.o [1]
                             - 0x2000010d    0x10d

"P2", part 2 of 3:                           0x600
  CSTACK                       0x20000110    0x400  <Block>
    CSTACK            uninit   0x20000110    0x400  <Block tail>
  HEAP                         0x20000510    0x200  <Block>
    HEAP              uninit   0x20000510    0x200  <Block tail>
                             - 0x20000710    0x600

"P2", part 3 of 3:                         0x1b734
  .bss                zero     0x20000710  0x107f4  obc.o [1]
  .bss                zero     0x20010f04   0x3ffc  su_mnlp.o [1]
  .bss                zero     0x20014f00   0x3c00  heap_4.o [1]
  .bss                zero     0x20018b00   0x1fe0  scheduling_service.o [1]
  .bss                zero     0x2001aae0    0x424  pkt_pool.o [1]
  .bss                zero     0x2001af04    0x248  mass_storage_service.o [1]
  .bss                zero     0x2001b14c    0x218  large_data_service.o [1]
  .bss                zero     0x2001b364    0x1f4  housekeeping.o [1]
  .bss                zero     0x2001b558     0xc8  main.o [1]
  .bss                zero     0x2001b620     0xc4  su_mnlp.o [1]
  .bss                zero     0x2001b6e4     0x8c  tasks.o [1]
  .bss                zero     0x2001b770     0x60  main.o [1]
  .bss                zero     0x2001b7d0     0x58  main.o [1]
  .bss                zero     0x2001b828     0x58  main.o [1]
  .bss                zero     0x2001b880     0x58  main.o [1]
  .bss                zero     0x2001b8d8     0x58  main.o [1]
  .bss                zero     0x2001b930     0x58  main.o [1]
  .bss                zero     0x2001b988     0x58  main.o [1]
  .bss                zero     0x2001b9e0     0x58  main.o [1]
  .bss                zero     0x2001ba38     0x58  main.o [1]
  .bss                zero     0x2001ba90     0x58  main.o [1]
  .bss                zero     0x2001bae8     0x48  main.o [1]
  .bss                zero     0x2001bb30     0x40  main.o [1]
  .bss                zero     0x2001bb70     0x40  main.o [1]
  .bss                zero     0x2001bbb0     0x40  main.o [1]
  .bss                zero     0x2001bbf0     0x40  main.o [1]
  .bss                zero     0x2001bc30     0x40  main.o [1]
  .bss                zero     0x2001bc70     0x40  queue.o [1]
  .bss                zero     0x2001bcb0     0x3c  stm32f4xx_hal_timebase_TIM.o [1]
  .bss                zero     0x2001bcec     0x20  main.o [1]
  .bss                zero     0x2001bd0c     0x14  housekeeping.o [1]
  .bss                zero     0x2001bd20     0x14  tasks.o [1]
  .bss                zero     0x2001bd34     0x14  tasks.o [1]
  .bss                zero     0x2001bd48     0x14  tasks.o [1]
  .bss                zero     0x2001bd5c     0x14  tasks.o [1]
  .bss                zero     0x2001bd70     0x14  tasks.o [1]
  .bss                zero     0x2001bd84     0x10  services.o [1]
  .bss                zero     0x2001bd94      0xc  ff.o [1]
  .bss                zero     0x2001bda0      0xc  ff_gen_drv.o [1]
  .bss                zero     0x2001bdac      0xc  scheduling_service.o [1]
  .bss                zero     0x2001bdb8      0x8  heap_4.o [1]
  .bss                zero     0x2001bdc0      0x8  obc.o [1]
  .bss                zero     0x2001bdc8      0x8  xxmemxmalloc.o [3]
  .bss                zero     0x2001bdd0      0x4  fatfs.o [1]
  .bss                zero     0x2001bdd4      0x4  ff.o [1]
  .bss                zero     0x2001bdd8      0x4  heap_4.o [1]
  .bss                zero     0x2001bddc      0x4  heap_4.o [1]
  .bss                zero     0x2001bde0      0x4  heap_4.o [1]
  .bss                zero     0x2001bde4      0x4  heap_4.o [1]
  .bss                zero     0x2001bde8      0x4  main.o [1]
  .bss                zero     0x2001bdec      0x4  main.o [1]
  .bss                zero     0x2001bdf0      0x4  main.o [1]
  .bss                zero     0x2001bdf4      0x4  main.o [1]
  .bss                zero     0x2001bdf8      0x4  main.o [1]
  .bss                zero     0x2001bdfc      0x4  port.o [1]
  .bss                zero     0x2001be00      0x4  stm32f4xx_hal.o [1]
  .bss                zero     0x2001be04      0x4  tasks.o [1]
  .bss                zero     0x2001be08      0x4  tasks.o [1]
  .bss                zero     0x2001be0c      0x4  tasks.o [1]
  .bss                zero     0x2001be10      0x4  tasks.o [1]
  .bss                zero     0x2001be14      0x4  tasks.o [1]
  .bss                zero     0x2001be18      0x4  tasks.o [1]
  .bss                zero     0x2001be1c      0x4  tasks.o [1]
  .bss                zero     0x2001be20      0x4  tasks.o [1]
  .bss                zero     0x2001be24      0x4  tasks.o [1]
  .bss                zero     0x2001be28      0x4  tasks.o [1]
  .bss                zero     0x2001be2c      0x4  tasks.o [1]
  .bss                zero     0x2001be30      0x4  tasks.o [1]
  .bss                zero     0x2001be34      0x4  tasks.o [1]
  .bss                zero     0x2001be38      0x4  xgetmemchunk.o [3]
  .bss                zero     0x2001be3c      0x2  ff.o [1]
  .bss                zero     0x2001be3e      0x2  obc_hal.o [1]
  .bss                zero     0x2001be40      0x1  fatfs.o [1]
  .bss                zero     0x2001be41      0x1  port.o [1]
  .bss                zero     0x2001be42      0x1  su_mnlp.o [1]
                             - 0x2001be43  0x1b733


*******************************************************************************
*** INIT TABLE
***

          Address     Size
          -------     ----
Zero (__iar_zero_init3)
    1 destination range, total size 0x1b733:
          0x20000710  0x1b733

Copy/packbits (__iar_packbits_init_single3)
    1 source range, total size 0x17 (8% of destination):
          0x080113c0     0x17
    1 destination range, total size 0x10d:
          0x20000000    0x10d



*******************************************************************************
*** MODULE SUMMARY
***

    Module                         ro code  ro data  rw data
    ------                         -------  -------  -------
E:\CUBESAT_FIRMWARE\UPSAT-OBC-SOFTWARE\cubeMX\obc\EWARM\obc_pinout\Obj: [1]
    bsp_driver_sd.o                    208
    cmsis_os.o                         444
    diskio.o                           248
    event_reporting_service.o          248       40
    fatfs.o                             32                 5
    ff.o                             8 708      144       18
    ff_gen_drv.o                       112                12
    freertos.o                           4
    function_management_service.o      204      180
    heap_4.o                           640        4   15 384
    hldlc.o                            516      208
    housekeeping.o                     330               520
    housekeeping_service.o             396      256
    large_data_service.o             3 156      472      536
    list.o                             158
    main.o                           2 428      156    1 532
    mass_storage_service.o           3 928      976      584
    obc.o                            1 296      256   67 580
    obc_hal.o                          996                 2
    pkt_pool.o                         256       68    1 060
    port.o                             600        4        9
    portasm.o                          168
    power_ctrl.o                       156      132
    queue.o                          2 036                64
    scheduling_service.o             1 704      760    8 172
    sd_diskio.o                        292       21        1
    service_utilities.o              1 988      944
    services.o                         104    1 040       16
    startup_stm32f405xx.o              696
    stm32f4xx_hal.o                    112                 4
    stm32f4xx_hal_adc.o                872
    stm32f4xx_hal_cortex.o             348
    stm32f4xx_hal_dma.o                820        8
    stm32f4xx_hal_gpio.o               576
    stm32f4xx_hal_msp.o              1 528
    stm32f4xx_hal_pwr.o                 24
    stm32f4xx_hal_pwr_ex.o              64
    stm32f4xx_hal_rcc.o              1 612       16
    stm32f4xx_hal_rcc_ex.o             376
    stm32f4xx_hal_rtc.o              1 074
    stm32f4xx_hal_rtc_ex.o              84
    stm32f4xx_hal_sd.o               5 420
    stm32f4xx_hal_spi.o                158
    stm32f4xx_hal_tim.o                744
    stm32f4xx_hal_tim_ex.o               4
    stm32f4xx_hal_timebase_TIM.o       162                60
    stm32f4xx_hal_uart.o             2 416
    stm32f4xx_it.o                     208
    stm32f4xx_ll_sdmmc.o               208
    su_mnlp.o                          364       96   16 577
    syscall.o                           98        4
    system_stm32f4xx.o                 108                 4
    tasks.o                          3 368       29      296
    test_service.o                     224      172
    time_management.o                  154    1 320
    verification_service.o             416      204
    --------------------------------------------------------
    Total:                          53 594    7 510  112 436

command line: [2]
    --------------------------------------------------------
    Total:

dl7M_tlf.a: [3]
    div.o                               14
    errno.o                             12                 4
    exit.o                               4
    isxxx.o                             20
    localeconv.o                       108       11      136
    low_level_init.o                     4
    setlocale.o                         36       10      116
    snprintf.o                          68
    sprintf.o                           52
    strnlen.o                           22
    strtol.o                             6
    tolower.o                           20
    xencoding_sb.o                      96
    xgetmemchunk.o                      44                 4
    xlocale_c.o                         32
    xmbcurmax.o                         10
    xmbtowc.o                           32
    xprintffull.o                    4 454
    xsnprout.o                          26
    xsprout.o                           10
    xstol.o                            136
    xstoul.o                           404
    xtls.o                               2
    xwctomb.o                           26
    xxmemxfree.o                       128
    xxmemxmalloc.o                     176                 8
    --------------------------------------------------------
    Total:                           5 942       21      268

m7M_tls.a: [4]
    DblAdd.o                           212
    DblCmpGe.o                          46
    DblCmpLe.o                          46
    DblDiv.o                           598
    DblMul.o                           418
    DblSub.o                           384
    DblToI32.o                          88
    FltToDbl.o                          78
    I32ToDbl.o                          48
    ceil.o                             110
    fpinit_M.o                          34
    xdnorm.o                            66
    xdscale.o                          276
    --------------------------------------------------------
    Total:                           2 404

rt7M_tl.a: [5]
    ABImemcpy_unaligned.o              118
    ABImemset.o                        102
    I64DivMod.o                        238
    I64DivZer.o                          2
    cexit.o                             10
    cmain.o                             26
    cstartup_M.o                        12
    data_init.o                         40
    memchr.o                            88
    memcmp_unaligned.o                  98
    packbits_init_single.o              56
    strchr.o                            22
    strlen.o                            54
    strncpy_unaligned.o                108
    zero_init3.o                        64
    --------------------------------------------------------
    Total:                           1 038

shb_l.a: [6]
    exit.o                              20
    --------------------------------------------------------
    Total:                              20

    Gaps                                52        2
    Linker created                               32    1 536
------------------------------------------------------------
    Grand Total:                    63 050    7 565  114 240


*******************************************************************************
*** ENTRY LIST
***

Entry                      Address     Size  Type      Object
-----                      -------     ----  ----      ------
.iar.init_table$$Base   0x08010b40            --   Gb  - Linker created -
.iar.init_table$$Limit  0x08010b60            --   Gb  - Linker created -
?main                   0x08010dad           Code  Gb  cmain.o [5]
ADC_Init                0x0800ecfb    0x166  Code  Lc  stm32f4xx_hal_adc.o [1]
APBAHBPrescTable        0x08011154     0x10  Data  Gb  stm32f4xx_hal_rcc.o [1]
BSP_SD_GetCardInfo      0x0800faf9      0xe  Code  Gb  bsp_driver_sd.o [1]
BSP_SD_GetStatus        0x0800faef      0xa  Code  Gb  bsp_driver_sd.o [1]
BSP_SD_Init             0x0800fa51     0x3e  Code  Gb  bsp_driver_sd.o [1]
BSP_SD_IsDetected       0x0800fb11     0x10  Code  Gb  bsp_driver_sd.o [1]
BSP_SD_ReadBlocks       0x0800fa8f     0x30  Code  Gb  bsp_driver_sd.o [1]
BSP_SD_WriteBlocks      0x0800fabf     0x30  Code  Gb  bsp_driver_sd.o [1]
CSTACK$$Base            0x20000110            --   Gb  - Linker created -
CSTACK$$Limit           0x20000510            --   Gb  - Linker created -
DMA1_Stream3_IRQHandler
                        0x0800fb29      0xa  Code  Gb  stm32f4xx_it.o [1]
DMA1_Stream4_IRQHandler
                        0x0800fb33      0xa  Code  Gb  stm32f4xx_it.o [1]
DMA1_Stream6_IRQHandler
                        0x0800fb3d      0xa  Code  Gb  stm32f4xx_it.o [1]
DMA2_Stream6_IRQHandler
                        0x0800fb9b      0xa  Code  Gb  stm32f4xx_it.o [1]
DMA2_Stream7_IRQHandler
                        0x0800fba5      0xa  Code  Gb  stm32f4xx_it.o [1]
DMA_CalcBaseAndBitshift
                        0x080066cb     0x2e  Code  Lc  stm32f4xx_hal_dma.o [1]
DMA_SetConfig           0x0800669d     0x2e  Code  Lc  stm32f4xx_hal_dma.o [1]
ExCvt                   0x0800fca0     0x80  Data  Lc  ff.o [1]
FATFS_LinkDriver        0x08002735     0x12  Code  Gb  ff_gen_drv.o [1]
FATFS_LinkDriverEx      0x080026dd     0x58  Code  Gb  ff_gen_drv.o [1]
FatFs                   0x2001bdd4      0x4  Data  Lc  ff.o [1]
Files                   0x2001bd94      0xc  Data  Lc  ff.o [1]
Fsid                    0x2001be3c      0x2  Data  Lc  ff.o [1]
HAL_ADC_ConfigChannel   0x0800eb77    0x184  Code  Gb  stm32f4xx_hal_adc.o [1]
HAL_ADC_Init            0x0800eb11     0x66  Code  Gb  stm32f4xx_hal_adc.o [1]
HAL_ADC_MspInit         0x0800594b     0x4c  Code  Gb  stm32f4xx_hal_msp.o [1]
HAL_DMA_IRQHandler      0x080064c1    0x1dc  Code  Gb  stm32f4xx_hal_dma.o [1]
HAL_DMA_Init            0x080063d9     0x86  Code  Gb  stm32f4xx_hal_dma.o [1]
HAL_DMA_Start_IT        0x0800645f     0x62  Code  Gb  stm32f4xx_hal_dma.o [1]
HAL_Delay               0x08006019     0x1a  Code  Wk  stm32f4xx_hal.o [1]
HAL_GPIO_Init           0x08006199    0x1ee  Code  Gb  stm32f4xx_hal_gpio.o [1]
HAL_GPIO_WritePin       0x08006387     0x14  Code  Gb  stm32f4xx_hal_gpio.o [1]
HAL_GetTick             0x08006013      0x6  Code  Wk  stm32f4xx_hal.o [1]
HAL_IncTick             0x08006007      0xc  Code  Wk  stm32f4xx_hal.o [1]
HAL_Init                0x08005fcd     0x3a  Code  Gb  stm32f4xx_hal.o [1]
HAL_InitTick            0x0800670d     0x86  Code  Gb  stm32f4xx_hal_timebase_TIM.o [1]
HAL_MspInit             0x08005905     0x46  Code  Gb  stm32f4xx_hal_msp.o [1]
HAL_NVIC_EnableIRQ      0x0800613f      0xe  Code  Gb  stm32f4xx_hal_cortex.o [1]
HAL_NVIC_SetPriority    0x08006119     0x26  Code  Gb  stm32f4xx_hal_cortex.o [1]
HAL_NVIC_SetPriorityGrouping
                        0x0800610d      0xc  Code  Gb  stm32f4xx_hal_cortex.o [1]
HAL_OBC_SU_UART_IRQHandler
                        0x0800b155     0x2e  Code  Gb  obc_hal.o [1]
HAL_OBC_UART_IRQHandler
                        0x0800b057     0x2e  Code  Gb  obc_hal.o [1]
HAL_PWREx_EnableBkUpReg
                        0x0800db4d     0x36  Code  Gb  stm32f4xx_hal_pwr_ex.o [1]
HAL_PWR_EnableBkUpAccess
                        0x0800db35     0x12  Code  Gb  stm32f4xx_hal_pwr.o [1]
HAL_RCCEx_PeriphCLKConfig
                        0x0800e999    0x14e  Code  Gb  stm32f4xx_hal_rcc_ex.o [1]
HAL_RCC_ClockConfig     0x08006ae9    0x18a  Code  Gb  stm32f4xx_hal_rcc.o [1]
HAL_RCC_GetClockConfig  0x08006d7f     0x3a  Code  Gb  stm32f4xx_hal_rcc.o [1]
HAL_RCC_GetHCLKFreq     0x08006d17     0x28  Code  Gb  stm32f4xx_hal_rcc.o [1]
HAL_RCC_GetPCLK1Freq    0x08006d3f     0x20  Code  Gb  stm32f4xx_hal_rcc.o [1]
HAL_RCC_GetPCLK2Freq    0x08006d5f     0x20  Code  Gb  stm32f4xx_hal_rcc.o [1]
HAL_RCC_GetSysClockFreq
                        0x08006c73     0xa4  Code  Wk  stm32f4xx_hal_rcc.o [1]
HAL_RCC_OscConfig       0x080067b1    0x338  Code  Wk  stm32f4xx_hal_rcc.o [1]
HAL_RTCEx_SetCalibrationOutPut
                        0x0800ee79     0x54  Code  Gb  stm32f4xx_hal_rtc_ex.o [1]
HAL_RTC_GetDate         0x0800da37     0x50  Code  Gb  stm32f4xx_hal_rtc.o [1]
HAL_RTC_GetTime         0x0800d8cd     0x64  Code  Gb  stm32f4xx_hal_rtc.o [1]
HAL_RTC_Init            0x0800d701     0xac  Code  Gb  stm32f4xx_hal_rtc.o [1]
HAL_RTC_MspInit         0x08005997     0x14  Code  Gb  stm32f4xx_hal_msp.o [1]
HAL_RTC_SetDate         0x0800d931    0x106  Code  Gb  stm32f4xx_hal_rtc.o [1]
HAL_RTC_SetTime         0x0800d7ad    0x120  Code  Gb  stm32f4xx_hal_rtc.o [1]
HAL_RTC_WaitForSynchro  0x0800da95     0x34  Code  Gb  stm32f4xx_hal_rtc.o [1]
HAL_SD_GetStatus        0x08004e39     0x26  Code  Gb  stm32f4xx_hal_sd.o [1]
HAL_SD_Get_CardInfo     0x08004a11    0x35e  Code  Gb  stm32f4xx_hal_sd.o [1]
HAL_SD_IRQHandler       0x08004957     0xb6  Code  Gb  stm32f4xx_hal_sd.o [1]
HAL_SD_Init             0x080043d9     0xb6  Code  Gb  stm32f4xx_hal_sd.o [1]
HAL_SD_MspInit          0x080059ab     0x84  Code  Gb  stm32f4xx_hal_msp.o [1]
HAL_SD_ReadBlocks       0x0800448f    0x212  Code  Gb  stm32f4xx_hal_sd.o [1]
HAL_SD_StopTransfer     0x08004e01     0x38  Code  Gb  stm32f4xx_hal_sd.o [1]
HAL_SD_WideBusOperation_Config
                        0x08004d6f     0x92  Code  Gb  stm32f4xx_hal_sd.o [1]
HAL_SD_WriteBlocks      0x080046a1    0x2b6  Code  Gb  stm32f4xx_hal_sd.o [1]
HAL_SD_XferCpltCallback
                        0x08004a0d      0x2  Code  Wk  stm32f4xx_hal_sd.o [1]
HAL_SD_XferErrorCallback
                        0x08004a0f      0x2  Code  Wk  stm32f4xx_hal_sd.o [1]
HAL_SPI_Init            0x0800eecd     0x9e  Code  Gb  stm32f4xx_hal_spi.o [1]
HAL_SPI_MspInit         0x08005a2f     0xee  Code  Gb  stm32f4xx_hal_msp.o [1]
HAL_SYSTICK_CLKSourceConfig
                        0x08006159     0x20  Code  Gb  stm32f4xx_hal_cortex.o [1]
HAL_SYSTICK_Config      0x0800614d      0xc  Code  Gb  stm32f4xx_hal_cortex.o [1]
HAL_TIMEx_BreakCallback
                        0x080070e7      0x2  Code  Wk  stm32f4xx_hal_tim_ex.o [1]
HAL_TIMEx_CommutationCallback
                        0x080070e5      0x2  Code  Wk  stm32f4xx_hal_tim_ex.o [1]
HAL_TIM_Base_Init       0x08006dfd     0x38  Code  Gb  stm32f4xx_hal_tim.o [1]
HAL_TIM_Base_MspInit    0x08006e35      0x2  Code  Wk  stm32f4xx_hal_tim.o [1]
HAL_TIM_Base_Start_IT   0x08006e37     0x1e  Code  Gb  stm32f4xx_hal_tim.o [1]
HAL_TIM_IC_CaptureCallback
                        0x08006fcd      0x2  Code  Wk  stm32f4xx_hal_tim.o [1]
HAL_TIM_IRQHandler      0x08006e55    0x176  Code  Gb  stm32f4xx_hal_tim.o [1]
HAL_TIM_OC_DelayElapsedCallback
                        0x08006fcb      0x2  Code  Wk  stm32f4xx_hal_tim.o [1]
HAL_TIM_PWM_PulseFinishedCallback
                        0x08006fcf      0x2  Code  Wk  stm32f4xx_hal_tim.o [1]
HAL_TIM_PeriodElapsedCallback
                        0x080067a5      0xa  Code  Gb  stm32f4xx_hal_timebase_TIM.o [1]
HAL_TIM_TriggerCallback
                        0x08006fd1      0x2  Code  Wk  stm32f4xx_hal_tim.o [1]
HAL_UART_ErrorCallback  0x0800d149      0x2  Code  Wk  stm32f4xx_hal_uart.o [1]
HAL_UART_IRQHandler     0x0800cfd5    0x16e  Code  Gb  stm32f4xx_hal_uart.o [1]
HAL_UART_Init           0x0800cd91     0x76  Code  Gb  stm32f4xx_hal_uart.o [1]
HAL_UART_MspInit        0x08005b1d    0x370  Code  Gb  stm32f4xx_hal_msp.o [1]
HAL_UART_Receive_IT     0x0800ced5     0x70  Code  Gb  stm32f4xx_hal_uart.o [1]
HAL_UART_RxCpltCallback
                        0x0800d147      0x2  Code  Wk  stm32f4xx_hal_uart.o [1]
HAL_UART_Transmit       0x0800ce07     0xce  Code  Gb  stm32f4xx_hal_uart.o [1]
HAL_UART_Transmit_DMA   0x0800cf45     0x90  Code  Gb  stm32f4xx_hal_uart.o [1]
HAL_UART_TxCpltCallback
                        0x0800d143      0x2  Code  Wk  stm32f4xx_hal_uart.o [1]
HAL_UART_TxHalfCpltCallback
                        0x0800d145      0x2  Code  Wk  stm32f4xx_hal_uart.o [1]
HAL_obc_BKPSRAM_BASE    0x0800b2db      0x4  Code  Gb  obc_hal.o [1]
HAL_obc_IAC_ON          0x0800af65     0x10  Code  Gb  obc_hal.o [1]
HAL_obc_SD_OFF          0x0800af53     0x12  Code  Gb  obc_hal.o [1]
HAL_obc_SD_ON           0x0800af41     0x12  Code  Gb  obc_hal.o [1]
HAL_obc_enableBkUpAccess
                        0x0800b2b3     0x28  Code  Gb  obc_hal.o [1]
HAL_reset_source        0x0800b1df     0x82  Code  Gb  obc_hal.o [1]
HAL_sys_GetTick         0x0800b311      0x8  Code  Gb  obc_hal.o [1]
HAL_sys_delay           0x0800af35      0xc  Code  Gb  obc_hal.o [1]
HAL_sys_getDate         0x0800b28b     0x28  Code  Gb  obc_hal.o [1]
HAL_sys_getTime         0x0800b261     0x2a  Code  Gb  obc_hal.o [1]
HAL_uart_rx             0x0800afd5     0x82  Code  Gb  obc_hal.o [1]
HAL_uart_tx             0x0800af75     0x60  Code  Gb  obc_hal.o [1]
HEAP$$Base              0x20000510            --   Gb  - Linker created -
HEAP$$Limit             0x20000710            --   Gb  - Linker created -
HKHandle                0x2001bdec      0x4  Data  Gb  main.o [1]
HK_task                 0x0800e96d     0x14  Code  Gb  main.o [1]
HLDLC_deframe           0x0800b319    0x108  Code  Gb  hldlc.o [1]
HLDLC_frame             0x0800b421     0xe4  Code  Gb  hldlc.o [1]
IDLE_task               0x0800e98d      0xc  Code  Gb  main.o [1]
LD_status               0x2001b14c    0x218  Data  Gb  large_data_service.o [1]
LoadInt                 0x08007737     0x6e  Code  Lc  xprintffull.o [3]
MS_data                 0x2001af04    0x248  Data  Gb  mass_storage_service.o [1]
MX_ADC1_Init            0x0800e195     0x80  Code  Lc  main.o [1]
MX_DMA_Init             0x0800e5d1     0x8c  Code  Lc  main.o [1]
MX_FATFS_Init           0x08002501     0x10  Code  Gb  fatfs.o [1]
MX_GPIO_Init            0x0800e65d    0x102  Code  Lc  main.o [1]
MX_RTC_Init             0x0800e215     0xa0  Code  Lc  main.o [1]
MX_SDIO_SD_Init         0x0800e2b5     0x3c  Code  Lc  main.o [1]
MX_SPI1_Init            0x0800e2f1     0x72  Code  Lc  main.o [1]
MX_SPI2_Init            0x0800e363     0x72  Code  Lc  main.o [1]
MX_SPI3_Init            0x0800e3d5     0x72  Code  Lc  main.o [1]
MX_UART4_Init           0x0800e447     0x50  Code  Lc  main.o [1]
MX_USART1_UART_Init     0x0800e497     0x50  Code  Lc  main.o [1]
MX_USART2_UART_Init     0x0800e4e7     0x50  Code  Lc  main.o [1]
MX_USART3_UART_Init     0x0800e537     0x50  Code  Lc  main.o [1]
MX_USART6_UART_Init     0x0800e587     0x4a  Code  Lc  main.o [1]
NVIC_EnableIRQ          0x08006065     0x14  Code  Lc  stm32f4xx_hal_cortex.o [1]
NVIC_EncodePriority     0x0800609f     0x3e  Code  Lc  stm32f4xx_hal_cortex.o [1]
NVIC_GetPriorityGrouping
                        0x0800605b      0xa  Code  Lc  stm32f4xx_hal_cortex.o [1]
NVIC_SetPriority        0x08006079     0x26  Code  Lc  stm32f4xx_hal_cortex.o [1]
NVIC_SetPriorityGrouping
                        0x0800603d     0x1e  Code  Lc  stm32f4xx_hal_cortex.o [1]
PendSV_Handler          0x08004331           Code  Gb  portasm.o [1]
RTC_Bcd2ToByte          0x0800db17     0x1c  Code  Gb  stm32f4xx_hal_rtc.o [1]
RTC_ByteToBcd2          0x0800db01     0x16  Code  Gb  stm32f4xx_hal_rtc.o [1]
RTC_EnterInitMode       0x0800dac9     0x38  Code  Gb  stm32f4xx_hal_rtc.o [1]
Region$$Table$$Base     0x08010b40            --   Gb  - Linker created -
Region$$Table$$Limit    0x08010b60            --   Gb  - Linker created -
SDCardInfo              0x2001b7d0     0x58  Data  Gb  main.o [1]
SDIO_DataConfig         0x08005f95     0x2e  Code  Gb  stm32f4xx_ll_sdmmc.o [1]
SDIO_GetCommandResponse
                        0x08005f79      0x6  Code  Gb  stm32f4xx_ll_sdmmc.o [1]
SDIO_GetPowerState      0x08005f47      0x8  Code  Gb  stm32f4xx_ll_sdmmc.o [1]
SDIO_GetResponse        0x08005f7f     0x16  Code  Gb  stm32f4xx_ll_sdmmc.o [1]
SDIO_IRQHandler         0x0800fb81      0xa  Code  Gb  stm32f4xx_it.o [1]
SDIO_Init               0x08005efd     0x2e  Code  Gb  stm32f4xx_ll_sdmmc.o [1]
SDIO_PowerState_ON      0x08005f3d      0xa  Code  Gb  stm32f4xx_ll_sdmmc.o [1]
SDIO_ReadFIFO           0x08005f2b      0x6  Code  Gb  stm32f4xx_ll_sdmmc.o [1]
SDIO_SendCommand        0x08005f4f     0x2a  Code  Gb  stm32f4xx_ll_sdmmc.o [1]
SDIO_WriteFIFO          0x08005f31      0xc  Code  Gb  stm32f4xx_ll_sdmmc.o [1]
SD_CmdError             0x080051ab     0x4a  Code  Lc  stm32f4xx_hal_sd.o [1]
SD_CmdResp1Error        0x08005269    0x114  Code  Lc  stm32f4xx_hal_sd.o [1]
SD_CmdResp2Error        0x080053b5     0x46  Code  Lc  stm32f4xx_hal_sd.o [1]
SD_CmdResp3Error        0x08005385     0x30  Code  Lc  stm32f4xx_hal_sd.o [1]
SD_CmdResp6Error        0x080053fb     0xa4  Code  Lc  stm32f4xx_hal_sd.o [1]
SD_CmdResp7Error        0x080051f5     0x74  Code  Lc  stm32f4xx_hal_sd.o [1]
SD_Driver               0x08011074     0x14  Data  Gb  sd_diskio.o [1]
SD_FindSCR              0x080055ff    0x190  Code  Lc  stm32f4xx_hal_sd.o [1]
SD_GetState             0x08004e5f     0x24  Code  Lc  stm32f4xx_hal_sd.o [1]
SD_Initialize_Cards     0x08004e83    0x118  Code  Lc  stm32f4xx_hal_sd.o [1]
SD_IsCardProgramming    0x0800578f    0x16a  Code  Lc  stm32f4xx_hal_sd.o [1]
SD_Path                 0x2001bdd0      0x4  Data  Gb  fatfs.o [1]
SD_PowerON              0x08004fd5    0x176  Code  Lc  stm32f4xx_hal_sd.o [1]
SD_Select_Deselect      0x08004f9b     0x3a  Code  Lc  stm32f4xx_hal_sd.o [1]
SD_SendStatus           0x0800514d     0x5e  Code  Lc  stm32f4xx_hal_sd.o [1]
SD_WideBus_Disable      0x0800554f     0xb0  Code  Lc  stm32f4xx_hal_sd.o [1]
SD_WideBus_Enable       0x0800549f     0xb0  Code  Lc  stm32f4xx_hal_sd.o [1]
SD_initialize           0x0800f92d     0x24  Code  Gb  sd_diskio.o [1]
SD_ioctl                0x0800f9e1     0x6a  Code  Gb  sd_diskio.o [1]
SD_read                 0x0800f975     0x36  Code  Gb  sd_diskio.o [1]
SD_status               0x0800f951     0x24  Code  Gb  sd_diskio.o [1]
SD_write                0x0800f9ab     0x36  Code  Gb  sd_diskio.o [1]
SUHandle                0x2001bdf0      0x4  Data  Gb  main.o [1]
SU_SCH_task             0x0800e981      0xc  Code  Gb  main.o [1]
SVC_Handler             0x08004389           Code  Gb  portasm.o [1]
Stat                    0x2000010c      0x1  Data  Lc  sd_diskio.o [1]
SysTick_Config          0x080060dd     0x30  Code  Lc  stm32f4xx_hal_cortex.o [1]
SysTick_Handler         0x0800fb21      0x8  Code  Gb  stm32f4xx_it.o [1]
SystemClock_Config      0x0800e0cb     0xca  Code  Gb  main.o [1]
SystemCoreClock         0x20000004      0x4  Data  Gb  system_stm32f4xx.o [1]
SystemInit              0x0800fe11     0x4c  Code  Gb  system_stm32f4xx.o [1]
TIM1_UP_TIM10_IRQHandler
                        0x0800fb47      0xa  Code  Gb  stm32f4xx_it.o [1]
TIM_Base_SetConfig      0x08006fd3     0xe6  Code  Gb  stm32f4xx_hal_tim.o [1]
UART4_IRQHandler        0x0800fb8b     0x10  Code  Gb  stm32f4xx_it.o [1]
UART_DMAError           0x0800d191     0x2a  Code  Lc  stm32f4xx_hal_uart.o [1]
UART_DMATransmitCplt    0x0800d14d     0x34  Code  Lc  stm32f4xx_hal_uart.o [1]
UART_DMATxHalfCplt      0x0800d181      0xe  Code  Lc  stm32f4xx_hal_uart.o [1]
UART_EndTransmit_IT     0x0800d317     0x20  Code  Lc  stm32f4xx_hal_uart.o [1]
UART_OBC_Receive_IT     0x0800b085     0xd0  Code  Gb  obc_hal.o [1]
UART_OBC_SU_Receive_IT  0x0800b183     0x5c  Code  Gb  obc_hal.o [1]
UART_Receive_IT         0x0800d337     0xac  Code  Lc  stm32f4xx_hal_uart.o [1]
UART_SetConfig          0x0800d3e3    0x312  Code  Lc  stm32f4xx_hal_uart.o [1]
UART_Transmit_IT        0x0800d2a9     0x6e  Code  Lc  stm32f4xx_hal_uart.o [1]
UART_WaitOnFlagUntilTimeout
                        0x0800d1bb     0xee  Code  Lc  stm32f4xx_hal_uart.o [1]
UART_task               0x0800e75f    0x14c  Code  Gb  main.o [1]
USART1_IRQHandler       0x0800fb51     0x10  Code  Gb  stm32f4xx_it.o [1]
USART2_IRQHandler       0x0800fb61     0x10  Code  Gb  stm32f4xx_it.o [1]
USART3_IRQHandler       0x0800fb71     0x10  Code  Gb  stm32f4xx_it.o [1]
USART6_IRQHandler       0x0800fbaf     0x10  Code  Gb  stm32f4xx_it.o [1]
UTC_QB50_D              0x0800fd20     0x80  Data  Gb  time_management.o [1]
UTC_QB50_H              0x0800fe7c     0x64  Data  Gb  time_management.o [1]
UTC_QB50_YM             0x0800f0d8    0x444  Data  Gb  time_management.o [1]
_EncodingSb_Mbtowc      0x08008dd3     0x30  Code  Gb  xencoding_sb.o [3]
_EncodingSb_Wctomb      0x08008db9     0x1a  Code  Gb  xencoding_sb.o [3]
_GenldFull              0x08007fbb    0x24c  Code  Lc  xprintffull.o [3]
_IsdstStr               0x2000009c      0x4  Data  Gb  setlocale.o [3]
_LdtobFull              0x08007bb9    0x3fc  Code  Lc  xprintffull.o [3]
_LitobFull              0x08007ab1    0x106  Code  Lc  xprintffull.o [3]
_LocaleC_isspace        0x0800dfe7     0x14  Code  Gb  xlocale_c.o [3]
_LocaleC_tolower        0x0800e00f      0xc  Code  Gb  xlocale_c.o [3]
_LocaleEncoding         0x08008da7      0xe  Code  Gb  setlocale.o [3]
_LocaleForCat           0x08008d95     0x12  Code  Gb  setlocale.o [3]
_LocaleReturnString     0x200000bc     0x50  Data  Lc  setlocale.o [3]
_Locale_Profile         0x200000a0     0x1c  Data  Gb  setlocale.o [3]
_Locale_aeabi_lconv     0x2000005c     0x38  Data  Gb  localeconv.o [3]
_Locale_lconv           0x2000000c     0x50  Data  Gb  localeconv.o [3]
_Mbtowc                 0x0800824f     0x20  Code  Gb  xmbtowc.o [3]
_PrintfFull             0x080070e9    0x638  Code  Gb  xprintffull.o [3]
_PutcharsFull           0x08008207     0x2e  Code  Lc  xprintffull.o [3]
_PutstrFull             0x080077a5    0x306  Code  Lc  xprintffull.o [3]
_SNProut                0x080023ef     0x1a  Code  Gb  xsnprout.o [3]
_SProut                 0x08003f63      0xa  Code  Gb  xsprout.o [3]
_TzoneStr               0x20000098      0x4  Data  Gb  setlocale.o [3]
_Wctomb                 0x080083d5     0x1a  Code  Gb  xwctomb.o [3]
__aeabi_cdcmple         0x080085a1           Code  Gb  DblCmpLe.o [4]
__aeabi_cdrcmple        0x080085d1           Code  Gb  DblCmpGe.o [4]
__aeabi_d2iz            0x08008715           Code  Gb  DblToI32.o [4]
__aeabi_d2uiz           0x08008741           Code  Gb  DblToI32.o [4]
__aeabi_ddiv            0x08008ac1           Code  Gb  DblDiv.o [4]
__aeabi_dmul            0x0800891d           Code  Gb  DblMul.o [4]
__aeabi_dsub            0x0800879d           Code  Gb  DblSub.o [4]
__aeabi_errno_addr      0x0800dd35      0x6  Code  Gb  errno.o [3]
__aeabi_f2d             0x0800df29           Code  Gb  FltToDbl.o [4]
__aeabi_i2d             0x0800876d           Code  Gb  I32ToDbl.o [4]
__aeabi_ldiv0           0x08008e45           Code  Gb  I64DivZer.o [5]
__aeabi_memset          0x08004251           Code  Gb  ABImemset.o [5]
__aeabi_ui2d            0x08008781           Code  Gb  I32ToDbl.o [4]
__aeabi_uldivmod        0x08008471           Code  Gb  I64DivMod.o [5]
__cmain                 0x08010dad           Code  Gb  cmain.o [5]
__data_Aldata           0x2001bdc8      0x8  Data  Gb  xxmemxmalloc.o [3]
__data_GetMemChunk      0x08008e19     0x2c  Code  Gb  xgetmemchunk.o [3]
__exit                  0x08010ddd     0x14  Code  Gb  exit.o [6]
__iar_Dnorm             0x0800855f     0x42  Code  Gb  xdnorm.o [4]
__iar_Dscale            0x08008601    0x114  Code  Gb  xdscale.o [4]
__iar_Errno             0x20000094      0x4  Data  Gb  errno.o [3]
__iar_Locale_lconv_init
                        0x08008d19     0x3a  Code  Gb  localeconv.o [3]
__iar_Mbcurmax          0x08008319      0xa  Code  Gb  xmbcurmax.o [3]
__iar_Memchr            0x080082c1           Code  Gb  memchr.o [5]
__iar_Memset            0x08004251           Code  Gb  ABImemset.o [5]
__iar_Memset_word       0x08004259           Code  Gb  ABImemset.o [5]
__iar_Stolx             0x0800b6bd     0x88  Code  Gb  xstol.o [3]
__iar_Stoulx            0x0800dba1    0x13e  Code  Gb  xstoul.o [3]
__iar_Strchr            0x08008271           Code  Gb  strchr.o [5]
__iar_ceil              0x0800df89           Code  Gb  ceil.o [4]
__iar_ceill             0x0800df89           Code  Gb  ceil.o [4]
__iar_d2uiz             0x0800874d           Code  Gb  DblToI32.o [4]
__iar_dadd              0x08008e49           Code  Gb  DblAdd.o [4]
__iar_data_init3        0x08010891     0x28  Code  Gb  data_init.o [5]
__iar_dlib_perthread_access
                        0x08008f1d      0x2  Code  Gb  xtls.o [3]
__iar_dsub              0x080087b1           Code  Gb  DblSub.o [4]
__iar_dsubStart         0x080087c3           Code  Gb  DblSub.o [4]
__iar_init_vfp          0x08010b1d           Code  Gb  fpinit_M.o [4]
__iar_packbits_init_single3
                        0x080103d1     0x38  Code  Gb  packbits_init_single.o [5]
__iar_program_start     0x08011235           Code  Gb  cstartup_M.o [5]
__iar_ui2d              0x08008785           Code  Gb  I32ToDbl.o [4]
__iar_unaligned___aeabi_memcpy
                        0x080042b9           Code  Gb  ABImemcpy_unaligned.o [5]
__iar_unaligned___aeabi_memcpy4
                        0x080042d9           Code  Gb  ABImemcpy_unaligned.o [5]
__iar_unaligned___aeabi_memcpy8
                        0x080042d9           Code  Gb  ABImemcpy_unaligned.o [5]
__iar_unaligned_memcmp  0x08003f6d           Code  Gb  memcmp_unaligned.o [5]
__iar_unaligned_strncpy
                        0x0800a6a5           Code  Gb  strncpy_unaligned.o [5]
__iar_vfp_ceil          0x0800df79           Code  Gb  ceil.o [4]
__iar_vfp_ceill         0x0800df79           Code  Gb  ceil.o [4]
__iar_zero_init3        0x08010239     0x40  Code  Gb  zero_init3.o [5]
__low_level_init        0x08010dc7      0x4  Code  Gb  low_level_init.o [3]
__vector_table          0x08000000           Data  Gb  startup_stm32f405xx.o [1]
_call_main              0x08010db9           Code  Gb  cmain.o [5]
_exit                   0x08010dd1           Code  Gb  cexit.o [5]
_main                   0x08010dc3           Code  Gb  cmain.o [5]
bkup_sram_INIT          0x0800aa1f     0xbc  Code  Gb  obc.o [1]
ceil                    0x0800df89           Code  Gb  ceil.o [4]
ceill                   0x0800df89           Code  Gb  ceil.o [4]
checkSum                0x08009f51     0x76  Code  Gb  service_utilities.o [1]
check_fs                0x0800119f     0x82  Code  Lc  ff.o [1]
chk_chr                 0x080001df     0x14  Code  Lc  ff.o [1]
chk_lock                0x0800022d     0x90  Code  Lc  ff.o [1]
clear_lock              0x08000417     0x2c  Code  Lc  ff.o [1]
clear_wod               0x0800dd8d     0x2c  Code  Gb  housekeeping.o [1]
clmt_clust              0x08000a17     0x3e  Code  Lc  ff.o [1]
clust2sect              0x080005e1     0x20  Code  Gb  ff.o [1]
cnv16_8                 0x08009f01     0x16  Code  Gb  service_utilities.o [1]
cnv32_8                 0x08009ee1     0x20  Code  Gb  service_utilities.o [1]
cnv8_16                 0x08009f39     0x18  Code  Gb  service_utilities.o [1]
cnv8_32                 0x08009f17     0x22  Code  Gb  service_utilities.o [1]
cnv_UTC_QB50            0x0800ada1     0x46  Code  Gb  time_management.o [1]
copy_inner_tc           0x0800c7d1    0x2d8  Code  Gb  scheduling_service.o [1]
create_chain            0x08000919     0xfe  Code  Lc  ff.o [1]
create_name             0x08000f85    0x12e  Code  Lc  ff.o [1]
crt_pkt                 0x0800a555     0xd4  Code  Gb  service_utilities.o [1]
dec_lock                0x080003c1     0x56  Code  Lc  ff.o [1]
digits                  0x0800dce4     0x28  Data  Lc  xstoul.o [3]
dir_alloc               0x08000ca9     0x6e  Code  Lc  ff.o [1]
dir_find                0x08000d59     0x70  Code  Lc  ff.o [1]
dir_next                0x08000b31    0x178  Code  Lc  ff.o [1]
dir_read                0x08000dc9     0xa2  Code  Lc  ff.o [1]
dir_register            0x08000e6b     0x52  Code  Lc  ff.o [1]
dir_remove              0x08000ebd     0x4e  Code  Lc  ff.o [1]
dir_sdi                 0x08000a55     0xdc  Code  Lc  ff.o [1]
disk                    0x2001bda0      0xc  Data  Gb  ff_gen_drv.o [1]
disk_initialize         0x0800242b     0x36  Code  Gb  diskio.o [1]
disk_ioctl              0x080024d1     0x2c  Code  Gb  diskio.o [1]
disk_read               0x08002461     0x38  Code  Gb  diskio.o [1]
disk_status             0x08002409     0x22  Code  Gb  diskio.o [1]
disk_write              0x08002499     0x38  Code  Gb  diskio.o [1]
div                     0x08008d85      0xe  Code  Gb  div.o [3]
enable_disable_schedule_apid_release
                        0x0800c757     0x26  Code  Gb  scheduling_service.o [1]
enq_lock                0x080002bd     0x26  Code  Lc  ff.o [1]
err                     0x2001be3e      0x2  Data  Gb  obc_hal.o [1]
event_crt_pkt_api       0x0800ae3d     0xf8  Code  Gb  event_reporting_service.o [1]
event_log               0x0800ab0d     0xe6  Code  Gb  obc.o [1]
exit                    0x08010dcb      0x4  Code  Gb  exit.o [3]
export_pkt              0x0800a05f     0x9a  Code  Gb  service_utilities.o [1]
f_close                 0x08002053     0x48  Code  Gb  ff.o [1]
f_closedir              0x0800216d     0x42  Code  Gb  ff.o [1]
f_mount                 0x080016d5     0x9a  Code  Gb  ff.o [1]
f_open                  0x0800178d    0x206  Code  Gb  ff.o [1]
f_opendir               0x0800209b     0xd2  Code  Gb  ff.o [1]
f_read                  0x08001993    0x2ba  Code  Gb  ff.o [1]
f_readdir               0x080021af     0x82  Code  Gb  ff.o [1]
f_stat                  0x08002231     0x5a  Code  Gb  ff.o [1]
f_sync                  0x08001f61     0xf2  Code  Gb  ff.o [1]
f_unlink                0x0800228b    0x102  Code  Gb  ff.o [1]
f_write                 0x08001c4d    0x314  Code  Gb  ff.o [1]
ff_cre_syncobj          0x0800238d     0x28  Code  Gb  syscall.o [1]
ff_del_syncobj          0x080023b9      0xe  Code  Gb  syscall.o [1]
ff_rel_grant            0x080023e3      0xc  Code  Gb  syscall.o [1]
ff_req_grant            0x080023c7     0x1c  Code  Gb  syscall.o [1]
find_schedule_pos       0x0800cb21     0x2e  Code  Gb  scheduling_service.o [1]
find_volume             0x08001221    0x45e  Code  Lc  ff.o [1]
follow_path             0x080010b3     0x9c  Code  Lc  ff.o [1]
free                    0x080083f1     0x7a  Code  Gb  xxmemxfree.o [3]
free_pkt                0x0800a7a1     0x6a  Code  Gb  pkt_pool.o [1]
function_management_app
                        0x0800b8d1     0xbc  Code  Gb  function_management_service.o [1]
get_fat                 0x08000601    0x11c  Code  Gb  ff.o [1]
get_fattime             0x0800251d      0x4  Code  Gb  fatfs.o [1]
get_fileinfo            0x08000f0b     0x7a  Code  Lc  ff.o [1]
get_ldnumber            0x0800114f     0x50  Code  Lc  ff.o [1]
get_new_fileId          0x0800aadb     0x32  Code  Gb  obc.o [1]
get_pkt                 0x0800a74d     0x54  Code  Gb  pkt_pool.o [1]
get_time_QB50           0x0800adf5     0x2c  Code  Gb  time_management.o [1]
get_time_UTC            0x0800ae21     0x1a  Code  Gb  time_management.o [1]
hadc1                   0x2001bae8     0x48  Data  Gb  main.o [1]
hdma_uart4_tx           0x2001b930     0x58  Data  Gb  main.o [1]
hdma_usart1_tx          0x2001b988     0x58  Data  Gb  main.o [1]
hdma_usart2_tx          0x2001b9e0     0x58  Data  Gb  main.o [1]
hdma_usart3_tx          0x2001ba38     0x58  Data  Gb  main.o [1]
hdma_usart6_tx          0x2001ba90     0x58  Data  Gb  main.o [1]
hk_INIT                 0x0800dd41      0x8  Code  Gb  housekeeping.o [1]
hk_SCH                  0x0800dd49     0x44  Code  Gb  housekeeping.o [1]
hk_app                  0x0800b745     0xb0  Code  Gb  housekeeping_service.o [1]
hk_crt_empty_pkt_TM     0x0800b7f5     0x3e  Code  Gb  housekeeping_service.o [1]
hk_crt_pkt_TC           0x0800b833     0x50  Code  Gb  housekeeping_service.o [1]
hk_crt_pkt_TM           0x0800b89d     0x34  Code  Gb  housekeeping_service.o [1]
hk_parameters_report    0x0800ddb9     0x54  Code  Gb  housekeeping.o [1]
hk_pkt                  0x2001bd0c     0x14  Data  Gb  housekeeping.o [1]
hk_pkt_data             0x2001b364    0x1f4  Data  Gb  housekeeping.o [1]
hk_report_parameters    0x0800de19     0x72  Code  Gb  housekeeping.o [1]
hrtc                    0x2001bcec     0x20  Data  Gb  main.o [1]
hsd                     0x2001b770     0x60  Data  Gb  main.o [1]
hspi1                   0x2001b828     0x58  Data  Gb  main.o [1]
hspi2                   0x2001b880     0x58  Data  Gb  main.o [1]
hspi3                   0x2001b8d8     0x58  Data  Gb  main.o [1]
htim1                   0x2001bcb0     0x3c  Data  Gb  stm32f4xx_hal_timebase_TIM.o [1]
huart1                  0x2001bb70     0x40  Data  Gb  main.o [1]
huart2                  0x2001bbb0     0x40  Data  Gb  main.o [1]
huart3                  0x2001bbf0     0x40  Data  Gb  main.o [1]
huart4                  0x2001bb30     0x40  Data  Gb  main.o [1]
huart6                  0x2001bc30     0x40  Data  Gb  main.o [1]
import_pkt              0x08009fc7     0x98  Code  Gb  service_utilities.o [1]
inHandlerMode           0x08002533     0x12  Code  Lc  cmsis_os.o [1]
inc_lock                0x080002e3     0xde  Code  Lc  ff.o [1]
isspace                 0x0800db8d     0x14  Code  Gb  isxxx.o [3]
large_data_INIT         0x0800c58d     0x1a  Code  Gb  large_data_service.o [1]
large_data_abortPkt     0x0800c507     0x64  Code  Gb  large_data_service.o [1]
large_data_abort_api    0x0800c56b     0x1e  Code  Gb  large_data_service.o [1]
large_data_ackTx_api    0x0800c1db    0x108  Code  Gb  large_data_service.o [1]
large_data_app          0x0800b99d     0x92  Code  Gb  large_data_service.o [1]
large_data_downlinkPkt  0x0800c43d     0x62  Code  Gb  large_data_service.o [1]
large_data_downlinkTx_api
                        0x0800bfbb    0x220  Code  Gb  large_data_service.o [1]
large_data_firstRx_api  0x0800ba2f    0x1a6  Code  Gb  large_data_service.o [1]
large_data_intRx_api    0x0800bbd5    0x1c0  Code  Gb  large_data_service.o [1]
large_data_lastRx_api   0x0800bd95    0x226  Code  Gb  large_data_service.o [1]
large_data_retryTx_api  0x0800c2e3    0x14e  Code  Gb  large_data_service.o [1]
large_data_updatePkt    0x0800c431      0xc  Code  Gb  large_data_service.o [1]
large_data_verifyPkt    0x0800c49f     0x68  Code  Gb  large_data_service.o [1]
ld_clust                0x08000d17     0x2a  Code  Lc  ff.o [1]
localeconv              0x08008d53     0x16  Code  Gb  localeconv.o [3]
lock_fs                 0x080001f3      0xe  Code  Lc  ff.o [1]
main                    0x0800e01d     0xae  Code  Gb  main.o [1]
makeFreeRtosPriority    0x08002521     0x12  Code  Lc  cmsis_os.o [1]
malloc                  0x08008325     0xac  Code  Gb  xxmemxmalloc.o [3]
mass_storage_app        0x08008f21    0x148  Code  Gb  mass_storage_service.o [1]
mass_storage_crtPkt     0x08009dd7     0x48  Code  Gb  mass_storage_service.o [1]
mass_storage_delete_api
                        0x08009149    0x1ce  Code  Gb  mass_storage_service.o [1]
mass_storage_delete_su_scr
                        0x08009069     0xe0  Code  Gb  mass_storage_service.o [1]
mass_storage_downlinkFile
                        0x080093dd    0x1b4  Code  Gb  mass_storage_service.o [1]
mass_storage_downlink_api
                        0x08009317     0xc6  Code  Gb  mass_storage_service.o [1]
mass_storage_init       0x08009dad     0x18  Code  Gb  mass_storage_service.o [1]
mass_storage_report     0x08009819    0x210  Code  Gb  mass_storage_service.o [1]
mass_storage_report_api
                        0x0800977f     0x9a  Code  Gb  mass_storage_service.o [1]
mass_storage_report_su_scr
                        0x08009a39    0x184  Code  Gb  mass_storage_service.o [1]
mass_storage_storeFile  0x08009591    0x1ee  Code  Gb  mass_storage_service.o [1]
mass_storage_su_load_api
                        0x08009bf1    0x1ae  Code  Gb  mass_storage_service.o [1]
mass_storage_updatePkt  0x08009dcd      0xa  Code  Gb  mass_storage_service.o [1]
mem_cmp                 0x080001bb     0x24  Code  Lc  ff.o [1]
mem_cpy                 0x08000189     0x1c  Code  Lc  ff.o [1]
mem_set                 0x080001a5     0x16  Code  Lc  ff.o [1]
memchr                  0x080082c1           Code  Gb  memchr.o [5]
move_window             0x080004b1     0x44  Code  Lc  ff.o [1]
ndigs                   0x0800dd0c     0x28  Data  Lc  xstoul.o [3]
obc_data                0x20000710  0x107f4  Data  Gb  obc.o [1]
operations_scheduling_reset_schedule_api
                        0x0800c77d     0x54  Code  Gb  scheduling_service.o [1]
osDelay                 0x08002589     0x1c  Code  Gb  cmsis_os.o [1]
osKernelStart           0x08002545      0xa  Code  Gb  cmsis_os.o [1]
osSemaphoreCreate       0x080025a5     0x2e  Code  Gb  cmsis_os.o [1]
osSemaphoreDelete       0x080026ad     0x1a  Code  Gb  cmsis_os.o [1]
osSemaphoreRelease      0x08002659     0x54  Code  Gb  cmsis_os.o [1]
osSemaphoreWait         0x080025d3     0x86  Code  Gb  cmsis_os.o [1]
osSystickHandler        0x080026c7     0x10  Code  Gb  cmsis_os.o [1]
osThreadCreate          0x0800254f     0x3a  Code  Gb  cmsis_os.o [1]
pack_pkt                0x0800a3c5    0x190  Code  Gb  service_utilities.o [1]
parse_sch_packet        0x0800cb4f    0x1cc  Code  Gb  scheduling_service.o [1]
pcInterruptPriorityRegisters
                        0x08011298      0x4  Data  Lc  port.o [1]
pkt_pool                0x2001aae0    0x424  Data  Gb  pkt_pool.o [1]
pkt_pool_INIT           0x0800a80b     0x36  Code  Gb  pkt_pool.o [1]
power_control_api       0x0800de8d     0x9c  Code  Gb  power_ctrl.o [1]
prvAddCurrentTaskToDelayedList
                        0x08002fe1     0x4e  Code  Lc  tasks.o [1]
prvAllocateTCBAndStack  0x08003039     0x5a  Code  Lc  tasks.o [1]
prvCheckTasksWaitingTermination
                        0x08002f7b     0x66  Code  Lc  tasks.o [1]
prvCopyDataFromQueue    0x08003b5f     0x30  Code  Lc  queue.o [1]
prvCopyDataToQueue      0x08003ac7     0x98  Code  Lc  queue.o [1]
prvDeleteTCB            0x08003093     0x12  Code  Lc  tasks.o [1]
prvHeapInit             0x08004161     0x6e  Code  Lc  heap_4.o [1]
prvIdleTask             0x08002e89     0x26  Code  Lc  tasks.o [1]
prvInitialiseTCBVariables
                        0x08002eb9     0x6c  Code  Lc  tasks.o [1]
prvInitialiseTaskLists  0x08002f25     0x56  Code  Lc  tasks.o [1]
prvInsertBlockIntoFreeList
                        0x080041cf     0x62  Code  Lc  heap_4.o [1]
prvIsQueueEmpty         0x08003bf9     0x20  Code  Lc  queue.o [1]
prvIsQueueFull          0x08003c19     0x22  Code  Lc  queue.o [1]
prvResetNextTaskUnblockTime
                        0x080030a5     0x2a  Code  Lc  tasks.o [1]
prvTaskExitError        0x08003c8d     0x2a  Code  Lc  port.o [1]
prvUnlockQueue          0x08003b8f     0x6a  Code  Lc  queue.o [1]
put_fat                 0x0800071d    0x178  Code  Gb  ff.o [1]
pvPortMalloc            0x08003fd1    0x118  Code  Gb  heap_4.o [1]
pvTaskIncrementMutexHeldCount
                        0x0800326f     0x1e  Code  Gb  tasks.o [1]
pxCurrentTCB            0x2001be04      0x4  Data  Gb  tasks.o [1]
pxDelayedTaskList       0x2001be08      0x4  Data  Lc  tasks.o [1]
pxEnd                   0x2001bdd8      0x4  Data  Lc  heap_4.o [1]
pxOverflowDelayedTaskList
                        0x2001be0c      0x4  Data  Lc  tasks.o [1]
pxPortInitialiseStack   0x08003c69     0x24  Code  Gb  port.o [1]
pxReadyTasksLists       0x2001b6e4     0x8c  Data  Lc  tasks.o [1]
remove_chain            0x08000895     0x84  Code  Lc  ff.o [1]
retSD                   0x2001be40      0x1  Data  Gb  fatfs.o [1]
route_pkt               0x0800a84d    0x1d2  Code  Gb  obc.o [1]
sat_status              0x2001bdc0      0x8  Data  Gb  obc.o [1]
sc_s_state              0x2001bdac      0xc  Data  Gb  scheduling_service.o [1]
schedule_mem_pool       0x20018b00   0x1fe0  Data  Gb  scheduling_service.o [1]
scheduling_app          0x0800c6d1     0x86  Code  Gb  scheduling_service.o [1]
scheduling_insert_api   0x0800caa9     0x1e  Code  Gb  scheduling_service.o [1]
scheduling_remove_schedule_api
                        0x0800cac7     0x5a  Code  Gb  scheduling_service.o [1]
services_verification_TC_TM
                        0x0800f51c    0x410  Data  Gb  services.o [1]
snprintf                0x0800ad5d     0x44  Code  Gb  snprintf.o [3]
sprintf                 0x0800a719     0x34  Code  Gb  sprintf.o [3]
st_clust                0x08000d41     0x18  Code  Lc  ff.o [1]
strchr                  0x08008271           Code  Gb  strchr.o [5]
strlen                  0x08008289           Code  Gb  strlen.o [5]
strnlen                 0x0800cd79     0x16  Code  Gb  strnlen.o [3]
strtol                  0x0800a711      0x6  Code  Gb  strtol.o [3]
su_INIT                 0x0800ef6d     0x44  Code  Gb  su_mnlp.o [1]
su_inc_buffer           0x2001b620     0xc4  Data  Gb  su_mnlp.o [1]
su_load_scripts         0x0800efb1     0x60  Code  Gb  su_mnlp.o [1]
su_populate_header      0x0800f011     0xb8  Code  Gb  su_mnlp.o [1]
su_scripts              0x20010f04   0x3ffc  Data  Gb  su_mnlp.o [1]
su_state                0x2001be42      0x1  Data  Gb  su_mnlp.o [1]
sync_fs                 0x080004f5     0xec  Code  Lc  ff.o [1]
sync_window             0x08000449     0x68  Code  Lc  ff.o [1]
sys_data                0x2001bd84     0x10  Data  Gb  services.o [1]
test_app                0x0800c5f1     0x7a  Code  Gb  test_service.o [1]
test_crt_pkt            0x0800c66b     0x50  Code  Gb  test_service.o [1]
time_checkHandle        0x2001bdf4      0x4  Data  Gb  main.o [1]
time_now                0x08009e79      0xc  Code  Gb  services.o [1]
tolower                 0x0800dffb     0x14  Code  Gb  tolower.o [3]
tst_debugging           0x08009e85     0x54  Code  Gb  services.o [1]
uartHandle              0x2001bde8      0x4  Data  Gb  main.o [1]
uart_temp               0x2001b558     0xc8  Data  Gb  main.o [1]
ucHeap                  0x20014f00   0x3c00  Data  Lc  heap_4.o [1]
ucMaxSysCallPriority    0x2001be41      0x1  Data  Lc  port.o [1]
ulMaxPRIGROUPValue      0x2001bdfc      0x4  Data  Lc  port.o [1]
ulTaskNotifyTake        0x08003291     0xd4  Code  Gb  tasks.o [1]
unlock_fs               0x08000201     0x2c  Code  Lc  ff.o [1]
unpack_pkt              0x0800a0f9    0x2cc  Code  Gb  service_utilities.o [1]
update_boot_counter     0x0800a629     0x12  Code  Gb  service_utilities.o [1]
uwTick                  0x2001be00      0x4  Data  Gb  stm32f4xx_hal.o [1]
uxCriticalNesting       0x20000000      0x4  Data  Lc  port.o [1]
uxCurrentNumberOfTasks  0x2001be14      0x4  Data  Lc  tasks.o [1]
uxListRemove            0x08003f37     0x28  Code  Gb  list.o [1]
uxPendedTicks           0x2001be24      0x4  Data  Lc  tasks.o [1]
uxSchedulerSuspended    0x2001be34      0x4  Data  Lc  tasks.o [1]
uxTaskNumber            0x2001be30      0x4  Data  Lc  tasks.o [1]
uxTasksDeleted          0x2001be10      0x4  Data  Lc  tasks.o [1]
uxTopReadyPriority      0x2001be1c      0x4  Data  Lc  tasks.o [1]
vApplicationStackOverflowHook
                        0x08003f5f      0x4  Code  Gb  freertos.o [1]
vListInitialise         0x08003ec1     0x1e  Code  Gb  list.o [1]
vListInitialiseItem     0x08003edf      0x6  Code  Gb  list.o [1]
vListInsert             0x08003efd     0x3a  Code  Gb  list.o [1]
vListInsertEnd          0x08003ee5     0x18  Code  Gb  list.o [1]
vPortEnableVFP          0x080043bd           Code  Gb  portasm.o [1]
vPortEnterCritical      0x08003d83     0x3a  Code  Gb  port.o [1]
vPortExitCritical       0x08003dbd     0x32  Code  Gb  port.o [1]
vPortFree               0x080040e9     0x78  Code  Gb  heap_4.o [1]
vPortSetupTimerInterrupt
                        0x08003e1b     0x1a  Code  Wk  port.o [1]
vPortStartFirstTask     0x080043a5           Code  Gb  portasm.o [1]
vPortValidateInterruptPriority
                        0x08003e35     0x4e  Code  Gb  port.o [1]
vQueueDelete            0x08003a9f     0x28  Code  Gb  queue.o [1]
vQueueUnregisterQueue   0x08003c3b     0x24  Code  Gb  queue.o [1]
vTaskDelay              0x080028d1     0x84  Code  Gb  tasks.o [1]
vTaskMissedYield        0x08002e7d      0xa  Code  Gb  tasks.o [1]
vTaskNotifyGiveFromISR  0x08003381     0xba  Code  Gb  tasks.o [1]
vTaskPlaceOnEventList   0x08002cb1     0x76  Code  Gb  tasks.o [1]
vTaskPriorityInherit    0x080030ff     0xac  Code  Gb  tasks.o [1]
vTaskSetTimeOutState    0x08002dc9     0x26  Code  Gb  tasks.o [1]
vTaskStartScheduler     0x08002955     0x62  Code  Gb  tasks.o [1]
vTaskSuspendAll         0x080029b7     0x10  Code  Gb  tasks.o [1]
vTaskSwitchContext      0x08002bfb     0xb6  Code  Gb  tasks.o [1]
validate                0x0800167f     0x56  Code  Lc  ff.o [1]
verification_app        0x0800b51d     0xa6  Code  Gb  verification_service.o [1]
verification_crt_pkt    0x0800b5c3     0xe0  Code  Gb  verification_service.o [1]
wod_log                 0x0800abf3     0x90  Code  Gb  obc.o [1]
wod_log_load            0x0800ac83     0x9e  Code  Gb  obc.o [1]
xBlockAllocatedBit      0x2001bde4      0x4  Data  Lc  heap_4.o [1]
xDelayedTaskList1       0x2001bd20     0x14  Data  Lc  tasks.o [1]
xDelayedTaskList2       0x2001bd34     0x14  Data  Lc  tasks.o [1]
xFreeBytesRemaining     0x2001bddc      0x4  Data  Lc  heap_4.o [1]
xHeapStructSize         0x08011290      0x4  Data  Lc  heap_4.o [1]
xMinimumEverFreeBytesRemaining
                        0x2001bde0      0x4  Data  Lc  heap_4.o [1]
xNextTaskUnblockTime    0x20000008      0x4  Data  Lc  tasks.o [1]
xNumOfOverflows         0x2001be2c      0x4  Data  Lc  tasks.o [1]
xPendingReadyList       0x2001bd48     0x14  Data  Lc  tasks.o [1]
xPortStartScheduler     0x08003cb7     0xcc  Code  Gb  port.o [1]
xPortSysTickHandler     0x08003def     0x2c  Code  Gb  port.o [1]
xQueueGenericCreate     0x08003505     0x82  Code  Gb  queue.o [1]
xQueueGenericReceive    0x08003811    0x1cc  Code  Gb  queue.o [1]
xQueueGenericReset      0x08003475     0x90  Code  Gb  queue.o [1]
xQueueGenericSend       0x08003587    0x1b2  Code  Gb  queue.o [1]
xQueueGiveFromISR       0x08003739     0xd8  Code  Gb  queue.o [1]
xQueueReceiveFromISR    0x080039dd     0xc2  Code  Gb  queue.o [1]
xQueueRegistry          0x2001bc70     0x40  Data  Gb  queue.o [1]
xSchedulerRunning       0x2001be20      0x4  Data  Lc  tasks.o [1]
xStart                  0x2001bdb8      0x8  Data  Lc  heap_4.o [1]
xSuspendedTaskList      0x2001bd70     0x14  Data  Lc  tasks.o [1]
xTaskCheckForTimeOut    0x08002df5     0x88  Code  Gb  tasks.o [1]
xTaskGenericCreate      0x0800274d    0x184  Code  Gb  tasks.o [1]
xTaskGetCurrentTaskHandle
                        0x080030cf      0xa  Code  Gb  tasks.o [1]
xTaskGetSchedulerState  0x080030d9     0x26  Code  Gb  tasks.o [1]
xTaskIncrementTick      0x08002ac7    0x134  Code  Gb  tasks.o [1]
xTaskPriorityDisinherit
                        0x080031b5     0xba  Code  Gb  tasks.o [1]
xTaskRemoveFromEventList
                        0x08002d31     0x86  Code  Gb  tasks.o [1]
xTaskResumeAll          0x080029c7    0x100  Code  Gb  tasks.o [1]
xTask_UART              0x2001bdf8      0x4  Data  Gb  main.o [1]
xTasksWaitingTermination
                        0x2001bd5c     0x14  Data  Lc  tasks.o [1]
xTickCount              0x2001be18      0x4  Data  Lc  tasks.o [1]
xYieldPending           0x2001be28      0x4  Data  Lc  tasks.o [1]


[1] = E:\CUBESAT_FIRMWARE\UPSAT-OBC-SOFTWARE\cubeMX\obc\EWARM\obc_pinout\Obj
[2] = command line
[3] = dl7M_tlf.a
[4] = m7M_tls.a
[5] = rt7M_tl.a
[6] = shb_l.a

   63 050 bytes of readonly  code memory
    7 565 bytes of readonly  data memory
  114 240 bytes of readwrite data memory

Errors: none
Warnings: none
