###############################################################################
#
# IAR ELF Linker V7.50.2.10312/W32 for ARM                14/May/2016  02:13:11
# Copyright 2007-2015 IAR Systems AB.
#
#    Output file  =  
#        E:\cubesat_firmware\upsat-obc-software\cubeMX\obc\EWARM\obc_pinout\Exe\obc_pinout.out
#    Map file     =  
#        E:\cubesat_firmware\upsat-obc-software\cubeMX\obc\EWARM\obc_pinout\List\obc_pinout.map
#    Command line =  
#        E:\cubesat_firmware\upsat-obc-software\cubeMX\obc\EWARM\obc_pinout\Obj\bsp_driver_sd.o
#        E:\cubesat_firmware\upsat-obc-software\cubeMX\obc\EWARM\obc_pinout\Obj\cmsis_os.o
#        E:\cubesat_firmware\upsat-obc-software\cubeMX\obc\EWARM\obc_pinout\Obj\croutine.o
#        E:\cubesat_firmware\upsat-obc-software\cubeMX\obc\EWARM\obc_pinout\Obj\diskio.o
#        E:\cubesat_firmware\upsat-obc-software\cubeMX\obc\EWARM\obc_pinout\Obj\event_groups.o
#        E:\cubesat_firmware\upsat-obc-software\cubeMX\obc\EWARM\obc_pinout\Obj\event_reporting_service.o
#        E:\cubesat_firmware\upsat-obc-software\cubeMX\obc\EWARM\obc_pinout\Obj\fatfs.o
#        E:\cubesat_firmware\upsat-obc-software\cubeMX\obc\EWARM\obc_pinout\Obj\ff.o
#        E:\cubesat_firmware\upsat-obc-software\cubeMX\obc\EWARM\obc_pinout\Obj\ff_gen_drv.o
#        E:\cubesat_firmware\upsat-obc-software\cubeMX\obc\EWARM\obc_pinout\Obj\freertos.o
#        E:\cubesat_firmware\upsat-obc-software\cubeMX\obc\EWARM\obc_pinout\Obj\function_management_service.o
#        E:\cubesat_firmware\upsat-obc-software\cubeMX\obc\EWARM\obc_pinout\Obj\heap_4.o
#        E:\cubesat_firmware\upsat-obc-software\cubeMX\obc\EWARM\obc_pinout\Obj\hldlc.o
#        E:\cubesat_firmware\upsat-obc-software\cubeMX\obc\EWARM\obc_pinout\Obj\housekeeping.o
#        E:\cubesat_firmware\upsat-obc-software\cubeMX\obc\EWARM\obc_pinout\Obj\housekeeping_service.o
#        E:\cubesat_firmware\upsat-obc-software\cubeMX\obc\EWARM\obc_pinout\Obj\large_data_service.o
#        E:\cubesat_firmware\upsat-obc-software\cubeMX\obc\EWARM\obc_pinout\Obj\list.o
#        E:\cubesat_firmware\upsat-obc-software\cubeMX\obc\EWARM\obc_pinout\Obj\main.o
#        E:\cubesat_firmware\upsat-obc-software\cubeMX\obc\EWARM\obc_pinout\Obj\mass_storage_service.o
#        E:\cubesat_firmware\upsat-obc-software\cubeMX\obc\EWARM\obc_pinout\Obj\obc.o
#        E:\cubesat_firmware\upsat-obc-software\cubeMX\obc\EWARM\obc_pinout\Obj\obc_hal.o
#        E:\cubesat_firmware\upsat-obc-software\cubeMX\obc\EWARM\obc_pinout\Obj\pkt_pool.o
#        E:\cubesat_firmware\upsat-obc-software\cubeMX\obc\EWARM\obc_pinout\Obj\port.o
#        E:\cubesat_firmware\upsat-obc-software\cubeMX\obc\EWARM\obc_pinout\Obj\portasm.o
#        E:\cubesat_firmware\upsat-obc-software\cubeMX\obc\EWARM\obc_pinout\Obj\power_ctrl.o
#        E:\cubesat_firmware\upsat-obc-software\cubeMX\obc\EWARM\obc_pinout\Obj\queue.o
#        E:\cubesat_firmware\upsat-obc-software\cubeMX\obc\EWARM\obc_pinout\Obj\scheduling_service.o
#        E:\cubesat_firmware\upsat-obc-software\cubeMX\obc\EWARM\obc_pinout\Obj\sd_diskio.o
#        E:\cubesat_firmware\upsat-obc-software\cubeMX\obc\EWARM\obc_pinout\Obj\service_utilities.o
#        E:\cubesat_firmware\upsat-obc-software\cubeMX\obc\EWARM\obc_pinout\Obj\services.o
#        E:\cubesat_firmware\upsat-obc-software\cubeMX\obc\EWARM\obc_pinout\Obj\startup_stm32f405xx.o
#        E:\cubesat_firmware\upsat-obc-software\cubeMX\obc\EWARM\obc_pinout\Obj\stm32f4xx_hal.o
#        E:\cubesat_firmware\upsat-obc-software\cubeMX\obc\EWARM\obc_pinout\Obj\stm32f4xx_hal_adc.o
#        E:\cubesat_firmware\upsat-obc-software\cubeMX\obc\EWARM\obc_pinout\Obj\stm32f4xx_hal_adc_ex.o
#        E:\cubesat_firmware\upsat-obc-software\cubeMX\obc\EWARM\obc_pinout\Obj\stm32f4xx_hal_cortex.o
#        E:\cubesat_firmware\upsat-obc-software\cubeMX\obc\EWARM\obc_pinout\Obj\stm32f4xx_hal_dma.o
#        E:\cubesat_firmware\upsat-obc-software\cubeMX\obc\EWARM\obc_pinout\Obj\stm32f4xx_hal_dma_ex.o
#        E:\cubesat_firmware\upsat-obc-software\cubeMX\obc\EWARM\obc_pinout\Obj\stm32f4xx_hal_flash.o
#        E:\cubesat_firmware\upsat-obc-software\cubeMX\obc\EWARM\obc_pinout\Obj\stm32f4xx_hal_flash_ex.o
#        E:\cubesat_firmware\upsat-obc-software\cubeMX\obc\EWARM\obc_pinout\Obj\stm32f4xx_hal_flash_ramfunc.o
#        E:\cubesat_firmware\upsat-obc-software\cubeMX\obc\EWARM\obc_pinout\Obj\stm32f4xx_hal_gpio.o
#        E:\cubesat_firmware\upsat-obc-software\cubeMX\obc\EWARM\obc_pinout\Obj\stm32f4xx_hal_msp.o
#        E:\cubesat_firmware\upsat-obc-software\cubeMX\obc\EWARM\obc_pinout\Obj\stm32f4xx_hal_pwr.o
#        E:\cubesat_firmware\upsat-obc-software\cubeMX\obc\EWARM\obc_pinout\Obj\stm32f4xx_hal_pwr_ex.o
#        E:\cubesat_firmware\upsat-obc-software\cubeMX\obc\EWARM\obc_pinout\Obj\stm32f4xx_hal_rcc.o
#        E:\cubesat_firmware\upsat-obc-software\cubeMX\obc\EWARM\obc_pinout\Obj\stm32f4xx_hal_rcc_ex.o
#        E:\cubesat_firmware\upsat-obc-software\cubeMX\obc\EWARM\obc_pinout\Obj\stm32f4xx_hal_rtc.o
#        E:\cubesat_firmware\upsat-obc-software\cubeMX\obc\EWARM\obc_pinout\Obj\stm32f4xx_hal_rtc_ex.o
#        E:\cubesat_firmware\upsat-obc-software\cubeMX\obc\EWARM\obc_pinout\Obj\stm32f4xx_hal_sd.o
#        E:\cubesat_firmware\upsat-obc-software\cubeMX\obc\EWARM\obc_pinout\Obj\stm32f4xx_hal_spi.o
#        E:\cubesat_firmware\upsat-obc-software\cubeMX\obc\EWARM\obc_pinout\Obj\stm32f4xx_hal_tim.o
#        E:\cubesat_firmware\upsat-obc-software\cubeMX\obc\EWARM\obc_pinout\Obj\stm32f4xx_hal_tim_ex.o
#        E:\cubesat_firmware\upsat-obc-software\cubeMX\obc\EWARM\obc_pinout\Obj\stm32f4xx_hal_timebase_TIM.o
#        E:\cubesat_firmware\upsat-obc-software\cubeMX\obc\EWARM\obc_pinout\Obj\stm32f4xx_hal_uart.o
#        E:\cubesat_firmware\upsat-obc-software\cubeMX\obc\EWARM\obc_pinout\Obj\stm32f4xx_it.o
#        E:\cubesat_firmware\upsat-obc-software\cubeMX\obc\EWARM\obc_pinout\Obj\stm32f4xx_ll_sdmmc.o
#        E:\cubesat_firmware\upsat-obc-software\cubeMX\obc\EWARM\obc_pinout\Obj\su_mnlp.o
#        E:\cubesat_firmware\upsat-obc-software\cubeMX\obc\EWARM\obc_pinout\Obj\syscall.o
#        E:\cubesat_firmware\upsat-obc-software\cubeMX\obc\EWARM\obc_pinout\Obj\system_stm32f4xx.o
#        E:\cubesat_firmware\upsat-obc-software\cubeMX\obc\EWARM\obc_pinout\Obj\tasks.o
#        E:\cubesat_firmware\upsat-obc-software\cubeMX\obc\EWARM\obc_pinout\Obj\test_service.o
#        E:\cubesat_firmware\upsat-obc-software\cubeMX\obc\EWARM\obc_pinout\Obj\time_management.o
#        E:\cubesat_firmware\upsat-obc-software\cubeMX\obc\EWARM\obc_pinout\Obj\timers.o
#        E:\cubesat_firmware\upsat-obc-software\cubeMX\obc\EWARM\obc_pinout\Obj\verification_service.o
#        --redirect _Printf=_PrintfFull --redirect _Scanf=_ScanfFull -o
#        E:\cubesat_firmware\upsat-obc-software\cubeMX\obc\EWARM\obc_pinout\Exe\obc_pinout.out
#        --map
#        E:\cubesat_firmware\upsat-obc-software\cubeMX\obc\EWARM\obc_pinout\List\obc_pinout.map
#        --config
#        E:\cubesat_firmware\upsat-obc-software\cubeMX\obc\EWARM/stm32f405xx_flash.icf
#        --semihosting --entry __iar_program_start --vfe
#
###############################################################################

*******************************************************************************
*** RUNTIME MODEL ATTRIBUTES
***

CppFlavor                     = *
__Heap_Handler                = Basic
__SystemLibrary               = DLib
__dlib_dynamic_initialization = normal


*******************************************************************************
*** PLACEMENT SUMMARY
***

"A1":  place at 0x08000000 { ro section .intvec };
"P1":  place in [from 0x08000000 to 0x080fffff] { ro };
"P2":  place in [from 0x20000000 to 0x2001ffff] { rw, block CSTACK, block HEAP };

  Section             Kind        Address     Size  Object
  -------             ----        -------     ----  ------
"A1":                                        0x188
  .intvec             ro code  0x08000000    0x188  startup_stm32f405xx.o [1]
                             - 0x08000188    0x188

"P1":                                      0x12f28
  .text               ro code  0x08000188   0x27c4  ff.o [1]
  .text               ro code  0x0800294c     0x62  syscall.o [1]
  .text               ro code  0x080029ae     0x1a  xsnprout.o [3]
  .text               ro code  0x080029c8     0xf8  diskio.o [1]
  .text               ro code  0x08002ac0     0x20  fatfs.o [1]
  .text               ro code  0x08002ae0    0x1bc  cmsis_os.o [1]
  .text               ro code  0x08002c9c     0x70  ff_gen_drv.o [1]
  .text               ro code  0x08002d0c    0xb3c  tasks.o [1]
  .text               ro code  0x08003848    0x7f4  queue.o [1]
  .text               ro code  0x0800403c    0x258  port.o [1]
  .text               ro code  0x08004294     0x9e  list.o [1]
  .text               ro code  0x08004332      0xa  xsprout.o [3]
  .text               ro code  0x0800433c    0x280  heap_4.o [1]
  .text               ro code  0x080045bc     0x66  ABImemset.o [5]
  .text               ro code  0x08004624     0x76  ABImemcpy_unaligned.o [5]
  CODE                ro code  0x0800469c     0xa8  portasm.o [1]
  .text               ro code  0x08004744   0x1744  mass_storage_service.o [1]
  .text               ro code  0x08005e88     0x60  services.o [1]
  .text               ro code  0x08005ee8    0x730  service_utilities.o [1]
  .text               ro code  0x08006618   0x1134  large_data_service.o [1]
  .text               ro code  0x0800774c     0x6c  strncpy_unaligned.o [5]
  .text               ro code  0x080077b8      0x6  strtol.o [3]
  .text               ro code  0x080077c0     0x34  sprintf.o [3]
  .text               ro code  0x080077f4     0x44  snprintf.o [3]
  .text               ro code  0x08007838    0x46c  obc.o [1]
  .text               ro code  0x08007ca4     0xf8  event_reporting_service.o [1]
  .text               ro code  0x08007d9c    0x3c0  obc_hal.o [1]
  .text               ro code  0x0800815c    0x204  hldlc.o [1]
  .text               ro code  0x08008360     0xe8  pkt_pool.o [1]
  .text               ro code  0x08008448    0x1a0  verification_service.o [1]
  .text               ro code  0x080085e8     0x88  xstol.o [3]
  .text               ro code  0x08008670   0x1166  xprintffull.o [3]
  .text               ro code  0x080097d8    0x138  housekeeping_service.o [1]
  .text               ro code  0x08009910    0x108  function_management_service.o [1]
  .text               ro code  0x08009a18     0xe0  test_service.o [1]
  .text               ro code  0x08009af8    0x6a8  scheduling_service.o [1]
  .text               ro code  0x0800a1a0     0x16  strnlen.o [3]
  .text               ro code  0x0800a1b8    0x240  stm32f4xx_hal_gpio.o [1]
  .text               ro code  0x0800a3f8    0xa48  stm32f4xx_hal_uart.o [1]
  .text               ro code  0x0800ae40    0x432  stm32f4xx_hal_rtc.o [1]
  .text               ro code  0x0800b274     0x18  stm32f4xx_hal_pwr.o [1]
  .text               ro code  0x0800b28c     0x40  stm32f4xx_hal_pwr_ex.o [1]
  .text               ro code  0x0800b2cc     0x14  isxxx.o [3]
  .text               ro code  0x0800b2e0    0x194  xstoul.o [3]
  .text               ro code  0x0800b474      0xc  errno.o [3]
  .text               ro code  0x0800b480     0x20  xmbtowc.o [3]
  .text               ro code  0x0800b4a0     0x16  strchr.o [5]
  .text               ro code  0x0800b4b8     0x36  strlen.o [5]
  .text               ro code  0x0800b4f0     0x58  memchr.o [5]
  .text               ro code  0x0800b548      0xa  xmbcurmax.o [3]
  .text               ro code  0x0800b554     0xb0  xxmemxmalloc.o [3]
  .text               ro code  0x0800b604     0x1a  xwctomb.o [3]
  .text               ro code  0x0800b620     0x80  xxmemxfree.o [3]
  .text               ro code  0x0800b6a0     0xee  I64DivMod.o [5]
  .text               ro code  0x0800b78e     0x42  xdnorm.o [4]
  .text               ro code  0x0800b7d0     0x2e  DblCmpLe.o [4]
  .text               ro code  0x0800b800     0x2e  DblCmpGe.o [4]
  .text               ro code  0x0800b830    0x114  xdscale.o [4]
  .text               ro code  0x0800b944     0x58  DblToI32.o [4]
  .text               ro code  0x0800b99c     0x30  I32ToDbl.o [4]
  .text               ro code  0x0800b9cc    0x180  DblSub.o [4]
  .text               ro code  0x0800bb4c    0x1a2  DblMul.o [4]
  .text               ro code  0x0800bcf0    0x256  DblDiv.o [4]
  .text               ro code  0x0800bf48     0x6c  localeconv.o [3]
  .text               ro code  0x0800bfb4      0xe  div.o [3]
  .text               ro code  0x0800bfc4     0xda  housekeeping.o [1]
  .text               ro code  0x0800c0a0     0x9c  power_ctrl.o [1]
  .text               ro code  0x0800c13c     0xc0  time_management.o [1]
  .text               ro code  0x0800c1fc    0x5f8  stm32f4xx_hal_msp.o [1]
  .text               ro code  0x0800c7f4    0x334  stm32f4xx_hal_dma.o [1]
  .text               ro code  0x0800cb28     0x70  stm32f4xx_hal.o [1]
  .text               ro code  0x0800cb98    0x64c  stm32f4xx_hal_rcc.o [1]
  .text               ro code  0x0800d1e4     0x24  setlocale.o [3]
  .text               ro code  0x0800d208     0x14  xlocale_c.o [3]
  .text               ro code  0x0800d21c     0x14  tolower.o [3]
  .text               ro code  0x0800d230      0x2  xtls.o [3]
  .text               ro code  0x0800d234     0x60  xencoding_sb.o [3]
  .text               ro code  0x0800d294     0x2c  xgetmemchunk.o [3]
  .text               ro code  0x0800d2c0      0x2  I64DivZer.o [5]
  .text               ro code  0x0800d2c4     0xd4  DblAdd.o [4]
  .text               ro code  0x0800d398    0x15c  stm32f4xx_hal_cortex.o [1]
  .text               ro code  0x0800d4f4     0xa2  stm32f4xx_hal_timebase_TIM.o [1]
  .text               ro code  0x0800d596      0xc  xlocale_c.o [3]
  .text               ro code  0x0800d5a4    0x2e8  stm32f4xx_hal_tim.o [1]
  .text               ro code  0x0800d88c      0x4  stm32f4xx_hal_tim_ex.o [1]
  .text               ro code  0x0800d890   0x152c  stm32f4xx_hal_sd.o [1]
  .text               ro code  0x0800edbc     0xd0  stm32f4xx_ll_sdmmc.o [1]
  .text               ro code  0x0800ee8c    0x964  main.o [1]
  .text               ro code  0x0800f7f0    0x178  stm32f4xx_hal_rcc_ex.o [1]
  .text               ro code  0x0800f968    0x368  stm32f4xx_hal_adc.o [1]
  .text               ro code  0x0800fcd0     0x54  stm32f4xx_hal_rtc_ex.o [1]
  .text               ro code  0x0800fd24     0x9e  stm32f4xx_hal_spi.o [1]
  .text               ro code  0x0800fdc4    0x728  su_mnlp.o [1]
  .rodata             const    0x080104ec    0x444  time_management.o [1]
  .rodata             const    0x08010930    0x410  services.o [1]
  .rodata             const    0x08010d40    0x2b8  su_mnlp.o [1]
  .text               ro code  0x08010ff8    0x124  sd_diskio.o [1]
  .text               ro code  0x0801111c     0xd0  bsp_driver_sd.o [1]
  .rodata             const    0x080111ec    0x108  su_mnlp.o [1]
  .text               ro code  0x080112f4     0xd0  stm32f4xx_it.o [1]
  .rodata             const    0x080113c4     0x8c  mass_storage_service.o [1]
  .rodata             const    0x08011450     0x80  ff.o [1]
  .rodata             const    0x080114d0     0x80  time_management.o [1]
  .rodata             const    0x08011550     0x70  mass_storage_service.o [1]
  .text               ro code  0x080115c0     0x6c  system_stm32f4xx.o [1]
  .rodata             const    0x0801162c     0x64  time_management.o [1]
  .rodata             const    0x08011690     0x5c  housekeeping_service.o [1]
  .rodata             const    0x080116ec     0x5c  mass_storage_service.o [1]
  .rodata             const    0x08011748     0x58  large_data_service.o [1]
  .rodata             const    0x080117a0     0x58  mass_storage_service.o [1]
  .rodata             const    0x080117f8     0x50  function_management_service.o [1]
  .rodata             const    0x08011848     0x50  scheduling_service.o [1]
  .rodata             const    0x08011898     0x50  service_utilities.o [1]
  .rodata             const    0x080118e8     0x4c  large_data_service.o [1]
  .rodata             const    0x08011934     0x48  housekeeping_service.o [1]
  .rodata             const    0x0801197c     0x48  large_data_service.o [1]
  .rodata             const    0x080119c4     0x48  large_data_service.o [1]
  .rodata             const    0x08011a0c     0x48  mass_storage_service.o [1]
  .rodata             const    0x08011a54     0x48  scheduling_service.o [1]
  .rodata             const    0x08011a9c     0x48  su_mnlp.o [1]
  .rodata             const    0x08011ae4     0x48  verification_service.o [1]
  .rodata             const    0x08011b2c     0x44  main.o [1]
  .rodata             const    0x08011b70     0x44  mass_storage_service.o [1]
  .rodata             const    0x08011bb4     0x44  power_ctrl.o [1]
  .rodata             const    0x08011bf8     0x44  service_utilities.o [1]
  .rodata             const    0x08011c3c     0x40  service_utilities.o [1]
  .rodata             const    0x08011c7c     0x40  su_mnlp.o [1]
  .rodata             const    0x08011cbc     0x40  test_service.o [1]
  .text               ro code  0x08011cfc     0x40  zero_init3.o [5]
  .rodata             const    0x08011d3c     0x3c  large_data_service.o [1]
  .rodata             const    0x08011d78     0x3c  large_data_service.o [1]
  .rodata             const    0x08011db4     0x3c  mass_storage_service.o [1]
  .rodata             const    0x08011df0     0x3c  obc.o [1]
  .rodata             const    0x08011e2c     0x3c  pkt_pool.o [1]
  .rodata             const    0x08011e68     0x3c  su_mnlp.o [1]
  .rodata             const    0x08011ea4     0x38  hldlc.o [1]
  .rodata             const    0x08011edc     0x38  obc.o [1]
  .text               ro code  0x08011f14     0x38  packbits_init_single.o [5]
  .rodata             const    0x08011f4c     0x34  hldlc.o [1]
  .rodata             const    0x08011f80     0x34  large_data_service.o [1]
  .rodata             const    0x08011fb4     0x34  mass_storage_service.o [1]
  .rodata             const    0x08011fe8     0x34  mass_storage_service.o [1]
  .rodata             const    0x0801201c     0x30  large_data_service.o [1]
  .rodata             const    0x0801204c     0x30  large_data_service.o [1]
  .rodata             const    0x0801207c     0x30  power_ctrl.o [1]
  .rodata             const    0x080120ac     0x30  scheduling_service.o [1]
  .rodata             const    0x080120dc     0x30  scheduling_service.o [1]
  .rodata             const    0x0801210c     0x30  service_utilities.o [1]
  .rodata             const    0x0801213c     0x30  service_utilities.o [1]
  .rodata             const    0x0801216c     0x30  service_utilities.o [1]
  .rodata             const    0x0801219c     0x30  su_mnlp.o [1]
  .rodata             const    0x080121cc     0x30  verification_service.o [1]
  .rodata             const    0x080121fc     0x2c  function_management_service.o [1]
  .rodata             const    0x08012228     0x2c  mass_storage_service.o [1]
  .rodata             const    0x08012254     0x2c  mass_storage_service.o [1]
  .rodata             const    0x08012280     0x2c  mass_storage_service.o [1]
  .rodata             const    0x080122ac     0x2c  su_mnlp.o [1]
  .rodata             const    0x080122d8     0x28  large_data_service.o [1]
  .rodata             const    0x08012300     0x28  scheduling_service.o [1]
  .rodata             const    0x08012328     0x28  scheduling_service.o [1]
  .rodata             const    0x08012350     0x28  scheduling_service.o [1]
  .rodata             const    0x08012378     0x28  service_utilities.o [1]
  .rodata             const    0x080123a0     0x28  service_utilities.o [1]
  .rodata             const    0x080123c8     0x28  service_utilities.o [1]
  .rodata             const    0x080123f0     0x28  service_utilities.o [1]
  .rodata             const    0x08012418     0x28  su_mnlp.o [1]
  .rodata             const    0x08012440     0x28  test_service.o [1]
  .text               ro code  0x08012468     0x28  data_init.o [5]
  .rodata             const    0x08012490     0x24  function_management_service.o [1]
  .rodata             const    0x080124b4     0x24  housekeeping_service.o [1]
  .rodata             const    0x080124d8     0x24  large_data_service.o [1]
  .rodata             const    0x080124fc     0x24  large_data_service.o [1]
  .rodata             const    0x08012520     0x24  large_data_service.o [1]
  .rodata             const    0x08012544     0x24  mass_storage_service.o [1]
  .rodata             const    0x08012568     0x24  mass_storage_service.o [1]
  .rodata             const    0x0801258c     0x24  obc.o [1]
  .rodata             const    0x080125b0     0x24  obc.o [1]
  .rodata             const    0x080125d4     0x24  obc.o [1]
  .rodata             const    0x080125f8     0x24  obc.o [1]
  .rodata             const    0x0801261c     0x24  scheduling_service.o [1]
  .rodata             const    0x08012640     0x24  scheduling_service.o [1]
  .rodata             const    0x08012664     0x24  scheduling_service.o [1]
  .rodata             const    0x08012688     0x24  service_utilities.o [1]
  .rodata             const    0x080126ac     0x24  service_utilities.o [1]
  .rodata             const    0x080126d0     0x24  service_utilities.o [1]
  .rodata             const    0x080126f4     0x24  test_service.o [1]
  .rodata             const    0x08012718     0x24  verification_service.o [1]
  .text               ro code  0x0801273c     0x22  fpinit_M.o [4]
  .iar.init_table     const    0x08012760     0x20  - Linker created -
  .rodata             const    0x08012780     0x20  hldlc.o [1]
  .rodata             const    0x080127a0     0x20  large_data_service.o [1]
  .rodata             const    0x080127c0     0x20  mass_storage_service.o [1]
  .rodata             const    0x080127e0     0x20  scheduling_service.o [1]
  .rodata             const    0x08012800     0x20  scheduling_service.o [1]
  .rodata             const    0x08012820     0x20  scheduling_service.o [1]
  .rodata             const    0x08012840     0x20  scheduling_service.o [1]
  .rodata             const    0x08012860     0x20  scheduling_service.o [1]
  .rodata             const    0x08012880     0x20  su_mnlp.o [1]
  .rodata             const    0x080128a0     0x20  su_mnlp.o [1]
  .rodata             const    0x080128c0     0x1c  hldlc.o [1]
  .rodata             const    0x080128dc     0x1c  hldlc.o [1]
  .rodata             const    0x080128f8     0x1c  large_data_service.o [1]
  .rodata             const    0x08012914     0x1c  mass_storage_service.o [1]
  .rodata             const    0x08012930     0x1c  mass_storage_service.o [1]
  .rodata             const    0x0801294c     0x1c  scheduling_service.o [1]
  .rodata             const    0x08012968     0x1c  scheduling_service.o [1]
  .rodata             const    0x08012984     0x1c  scheduling_service.o [1]
  .rodata             const    0x080129a0     0x1c  service_utilities.o [1]
  .rodata             const    0x080129bc     0x1c  service_utilities.o [1]
  .rodata             const    0x080129d8     0x1c  service_utilities.o [1]
  .rodata             const    0x080129f4     0x1c  service_utilities.o [1]
  .text               ro code  0x08012a10     0x1a  cmain.o [5]
  .text               ro code  0x08012a2a      0x4  low_level_init.o [3]
  .text               ro code  0x08012a2e      0x4  exit.o [3]
  .text               ro code  0x08012a34      0xa  cexit.o [5]
  .text               ro code  0x08012a40     0x14  exit.o [6]
  .rodata             const    0x08012a54     0x18  function_management_service.o [1]
  .rodata             const    0x08012a6c     0x18  large_data_service.o [1]
  .rodata             const    0x08012a84     0x18  large_data_service.o [1]
  .rodata             const    0x08012a9c     0x18  mass_storage_service.o [1]
  .rodata             const    0x08012ab4     0x18  mass_storage_service.o [1]
  .rodata             const    0x08012acc     0x18  mass_storage_service.o [1]
  .rodata             const    0x08012ae4     0x18  mass_storage_service.o [1]
  .rodata             const    0x08012afc     0x18  mass_storage_service.o [1]
  .rodata             const    0x08012b14     0x18  mass_storage_service.o [1]
  .rodata             const    0x08012b2c     0x18  mass_storage_service.o [1]
  .rodata             const    0x08012b44     0x18  power_ctrl.o [1]
  .rodata             const    0x08012b5c     0x18  scheduling_service.o [1]
  .rodata             const    0x08012b74     0x18  scheduling_service.o [1]
  .rodata             const    0x08012b8c     0x18  service_utilities.o [1]
  .rodata             const    0x08012ba4     0x18  service_utilities.o [1]
  .rodata             const    0x08012bbc     0x18  su_mnlp.o [1]
  .rodata             const    0x08012bd4     0x18  su_mnlp.o [1]
  .rodata             const    0x08012bec     0x18  su_mnlp.o [1]
  .rodata             const    0x08012c04     0x14  event_reporting_service.o [1]
  .rodata             const    0x08012c18     0x14  event_reporting_service.o [1]
  .rodata             const    0x08012c2c     0x14  housekeeping_service.o [1]
  .rodata             const    0x08012c40     0x14  large_data_service.o [1]
  .rodata             const    0x08012c54     0x14  large_data_service.o [1]
  .rodata             const    0x08012c68     0x14  main.o [1]
  .rodata             const    0x08012c7c     0x14  main.o [1]
  .rodata             const    0x08012c90     0x14  main.o [1]
  .rodata             const    0x08012ca4     0x14  mass_storage_service.o [1]
  .rodata             const    0x08012cb8     0x14  mass_storage_service.o [1]
  .rodata             const    0x08012ccc     0x14  mass_storage_service.o [1]
  .rodata             const    0x08012ce0     0x14  mass_storage_service.o [1]
  .rodata             const    0x08012cf4     0x14  mass_storage_service.o [1]
  .rodata             const    0x08012d08     0x14  mass_storage_service.o [1]
  .rodata             const    0x08012d1c     0x14  mass_storage_service.o [1]
  .rodata             const    0x08012d30     0x14  mass_storage_service.o [1]
  .rodata             const    0x08012d44     0x14  mass_storage_service.o [1]
  .rodata             const    0x08012d58     0x14  mass_storage_service.o [1]
  .rodata             const    0x08012d6c     0x14  sd_diskio.o [1]
  .rodata             const    0x08012d80     0x14  test_service.o [1]
  .rodata             const    0x08012d94     0x14  verification_service.o [1]
  .rodata             const    0x08012da8     0x10  ff.o [1]
  .rodata             const    0x08012db8     0x10  hldlc.o [1]
  .rodata             const    0x08012dc8     0x10  housekeeping_service.o [1]
  .rodata             const    0x08012dd8     0x10  large_data_service.o [1]
  .rodata             const    0x08012de8     0x10  main.o [1]
  .rodata             const    0x08012df8     0x10  mass_storage_service.o [1]
  .rodata             const    0x08012e08     0x10  mass_storage_service.o [1]
  .rodata             const    0x08012e18     0x10  stm32f4xx_hal_rcc.o [1]
  .rodata             const    0x08012e28     0x10  test_service.o [1]
  .rodata             const    0x08012e38     0x10  verification_service.o [1]
  .rodata             const    0x08012e48     0x10  verification_service.o [1]
  .text               ro code  0x08012e58     0x10  startup_stm32f405xx.o [1]
  .rodata             const    0x08012e68      0xc  large_data_service.o [1]
  .rodata             const    0x08012e74      0xc  large_data_service.o [1]
  .rodata             const    0x08012e80      0xc  main.o [1]
  .rodata             const    0x08012e8c      0xc  main.o [1]
  .rodata             const    0x08012e98      0xc  mass_storage_service.o [1]
  .rodata             const    0x08012ea4      0xc  mass_storage_service.o [1]
  .rodata             const    0x08012eb0      0xc  mass_storage_service.o [1]
  .rodata             const    0x08012ebc      0xc  mass_storage_service.o [1]
  .rodata             const    0x08012ec8      0xc  mass_storage_service.o [1]
  .rodata             const    0x08012ed4      0xc  mass_storage_service.o [1]
  .rodata             const    0x08012ee0      0xc  mass_storage_service.o [1]
  .rodata             const    0x08012eec      0xc  mass_storage_service.o [1]
  .rodata             const    0x08012ef8      0xc  pkt_pool.o [1]
  .rodata             const    0x08012f04      0xc  service_utilities.o [1]
  .rodata             const    0x08012f10      0xc  service_utilities.o [1]
  .text               ro code  0x08012f1c      0xc  cstartup_M.o [5]
  .rodata             const    0x08012f28      0x8  main.o [1]
  .rodata             const    0x08012f30      0x8  main.o [1]
  .rodata             const    0x08012f38      0x8  mass_storage_service.o [1]
  .rodata             const    0x08012f40      0x8  mass_storage_service.o [1]
  .rodata             const    0x08012f48      0x8  mass_storage_service.o [1]
  .rodata             const    0x08012f50      0x8  mass_storage_service.o [1]
  .rodata             const    0x08012f58      0x8  stm32f4xx_hal_dma.o [1]
  .rodata             const    0x08012f60      0x8  tasks.o [1]
  .rodata             const    0x08012f68      0x4  heap_4.o [1]
  .rodata             const    0x08012f6c      0x4  main.o [1]
  .rodata             const    0x08012f70      0x4  port.o [1]
  .rodata             const    0x08012f74      0x4  syscall.o [1]
  .text               ro code  0x08012f78      0x4  startup_stm32f405xx.o [1]
  .text               ro code  0x08012f7c      0x4  startup_stm32f405xx.o [1]
  .text               ro code  0x08012f80      0x4  startup_stm32f405xx.o [1]
  .text               ro code  0x08012f84      0x4  startup_stm32f405xx.o [1]
  .text               ro code  0x08012f88      0x4  startup_stm32f405xx.o [1]
  .text               ro code  0x08012f8c      0x4  startup_stm32f405xx.o [1]
  .text               ro code  0x08012f90      0x4  startup_stm32f405xx.o [1]
  .text               ro code  0x08012f94      0x4  startup_stm32f405xx.o [1]
  .text               ro code  0x08012f98      0x4  startup_stm32f405xx.o [1]
  .text               ro code  0x08012f9c      0x4  startup_stm32f405xx.o [1]
  .text               ro code  0x08012fa0      0x4  startup_stm32f405xx.o [1]
  .text               ro code  0x08012fa4      0x4  startup_stm32f405xx.o [1]
  .text               ro code  0x08012fa8      0x4  startup_stm32f405xx.o [1]
  .text               ro code  0x08012fac      0x4  startup_stm32f405xx.o [1]
  .text               ro code  0x08012fb0      0x4  startup_stm32f405xx.o [1]
  .text               ro code  0x08012fb4      0x4  startup_stm32f405xx.o [1]
  .text               ro code  0x08012fb8      0x4  startup_stm32f405xx.o [1]
  .text               ro code  0x08012fbc      0x4  startup_stm32f405xx.o [1]
  .text               ro code  0x08012fc0      0x4  startup_stm32f405xx.o [1]
  .text               ro code  0x08012fc4      0x4  startup_stm32f405xx.o [1]
  .text               ro code  0x08012fc8      0x4  startup_stm32f405xx.o [1]
  .text               ro code  0x08012fcc      0x4  startup_stm32f405xx.o [1]
  .text               ro code  0x08012fd0      0x4  startup_stm32f405xx.o [1]
  .text               ro code  0x08012fd4      0x4  startup_stm32f405xx.o [1]
  .text               ro code  0x08012fd8      0x4  startup_stm32f405xx.o [1]
  .text               ro code  0x08012fdc      0x4  startup_stm32f405xx.o [1]
  .text               ro code  0x08012fe0      0x4  startup_stm32f405xx.o [1]
  .text               ro code  0x08012fe4      0x4  startup_stm32f405xx.o [1]
  .text               ro code  0x08012fe8      0x4  startup_stm32f405xx.o [1]
  .text               ro code  0x08012fec      0x4  startup_stm32f405xx.o [1]
  .text               ro code  0x08012ff0      0x4  startup_stm32f405xx.o [1]
  .text               ro code  0x08012ff4      0x4  startup_stm32f405xx.o [1]
  .text               ro code  0x08012ff8      0x4  startup_stm32f405xx.o [1]
  .text               ro code  0x08012ffc      0x4  startup_stm32f405xx.o [1]
  .text               ro code  0x08013000      0x4  startup_stm32f405xx.o [1]
  .text               ro code  0x08013004      0x4  startup_stm32f405xx.o [1]
  .text               ro code  0x08013008      0x4  startup_stm32f405xx.o [1]
  .text               ro code  0x0801300c      0x4  startup_stm32f405xx.o [1]
  .text               ro code  0x08013010      0x4  startup_stm32f405xx.o [1]
  .text               ro code  0x08013014      0x4  startup_stm32f405xx.o [1]
  .text               ro code  0x08013018      0x4  startup_stm32f405xx.o [1]
  .text               ro code  0x0801301c      0x4  startup_stm32f405xx.o [1]
  .text               ro code  0x08013020      0x4  startup_stm32f405xx.o [1]
  .text               ro code  0x08013024      0x4  startup_stm32f405xx.o [1]
  .text               ro code  0x08013028      0x4  startup_stm32f405xx.o [1]
  .text               ro code  0x0801302c      0x4  startup_stm32f405xx.o [1]
  .text               ro code  0x08013030      0x4  startup_stm32f405xx.o [1]
  .text               ro code  0x08013034      0x4  startup_stm32f405xx.o [1]
  .text               ro code  0x08013038      0x4  startup_stm32f405xx.o [1]
  .text               ro code  0x0801303c      0x4  startup_stm32f405xx.o [1]
  .text               ro code  0x08013040      0x4  startup_stm32f405xx.o [1]
  .text               ro code  0x08013044      0x4  startup_stm32f405xx.o [1]
  .text               ro code  0x08013048      0x4  startup_stm32f405xx.o [1]
  .text               ro code  0x0801304c      0x4  startup_stm32f405xx.o [1]
  .text               ro code  0x08013050      0x4  startup_stm32f405xx.o [1]
  .text               ro code  0x08013054      0x4  startup_stm32f405xx.o [1]
  .text               ro code  0x08013058      0x4  startup_stm32f405xx.o [1]
  .text               ro code  0x0801305c      0x4  startup_stm32f405xx.o [1]
  .text               ro code  0x08013060      0x4  startup_stm32f405xx.o [1]
  .text               ro code  0x08013064      0x4  startup_stm32f405xx.o [1]
  .text               ro code  0x08013068      0x4  startup_stm32f405xx.o [1]
  .text               ro code  0x0801306c      0x4  startup_stm32f405xx.o [1]
  .text               ro code  0x08013070      0x4  startup_stm32f405xx.o [1]
  .text               ro code  0x08013074      0x4  startup_stm32f405xx.o [1]
  .text               ro code  0x08013078      0x4  startup_stm32f405xx.o [1]
  .text               ro code  0x0801307c      0x4  startup_stm32f405xx.o [1]
  .text               ro code  0x08013080      0x4  startup_stm32f405xx.o [1]
  .text               ro code  0x08013084      0x4  startup_stm32f405xx.o [1]
  .text               ro code  0x08013088      0x4  startup_stm32f405xx.o [1]
  .text               ro code  0x0801308c      0x4  startup_stm32f405xx.o [1]
  .text               ro code  0x08013090      0x4  startup_stm32f405xx.o [1]
  .text               ro code  0x08013094      0x4  startup_stm32f405xx.o [1]
  .rodata             const    0x08013098      0x0  zero_init3.o [5]
  .rodata             const    0x08013098      0x0  packbits_init_single.o [5]
  Initializer bytes   const    0x08013098     0x18  <for P2-1>
                             - 0x080130b0  0x12f28

"P2", part 1 of 3:                           0x10e
  P2-1                         0x20000000    0x10e  <Init block>
    .data             inited   0x20000000      0x4  port.o [1]
    .data             inited   0x20000004      0x4  system_stm32f4xx.o [1]
    .data             inited   0x20000008      0x4  tasks.o [1]
    __DLIB_PERTHREAD  inited   0x2000000c     0x88  localeconv.o [3]
    __DLIB_PERTHREAD  inited   0x20000094      0x4  errno.o [3]
    __DLIB_PERTHREAD  inited   0x20000098     0x74  setlocale.o [3]
    .data             inited   0x2000010c      0x1  sd_diskio.o [1]
    .data             inited   0x2000010d      0x1  su_mnlp.o [1]
                             - 0x2000010e    0x10e

"P2", part 2 of 3:                           0x600
  CSTACK                       0x20000110    0x400  <Block>
    CSTACK            uninit   0x20000110    0x400  <Block tail>
  HEAP                         0x20000510    0x200  <Block>
    HEAP              uninit   0x20000510    0x200  <Block tail>
                             - 0x20000710    0x600

"P2", part 3 of 3:                         0x1342c
  .bss                zero     0x20000710   0x48fc  obc.o [1]
  .bss                zero     0x2000500c   0x4078  pkt_pool.o [1]
  .bss                zero     0x20009084   0x3ffc  su_mnlp.o [1]
  .bss                zero     0x2000d080   0x3c00  heap_4.o [1]
  .bss                zero     0x20010c80   0x2158  scheduling_service.o [1]
  .bss                zero     0x20012dd8    0x248  mass_storage_service.o [1]
  .bss                zero     0x20013020    0x210  housekeeping.o [1]
  .bss                zero     0x20013230     0xc8  services.o [1]
  .bss                zero     0x200132f8     0xc8  su_mnlp.o [1]
  .bss                zero     0x200133c0     0x8c  tasks.o [1]
  .bss                zero     0x2001344c     0x60  main.o [1]
  .bss                zero     0x200134ac     0x3c  stm32f4xx_hal_timebase_TIM.o [1]
  .bss                zero     0x200134e8     0x58  main.o [1]
  .bss                zero     0x20013540     0x58  main.o [1]
  .bss                zero     0x20013598     0x58  main.o [1]
  .bss                zero     0x200135f0     0x58  main.o [1]
  .bss                zero     0x20013648     0x58  main.o [1]
  .bss                zero     0x200136a0     0x58  main.o [1]
  .bss                zero     0x200136f8     0x58  main.o [1]
  .bss                zero     0x20013750     0x58  main.o [1]
  .bss                zero     0x200137a8     0x58  main.o [1]
  .bss                zero     0x20013800     0x48  main.o [1]
  .bss                zero     0x20013848     0x40  main.o [1]
  .bss                zero     0x20013888     0x40  main.o [1]
  .bss                zero     0x200138c8     0x40  main.o [1]
  .bss                zero     0x20013908     0x40  main.o [1]
  .bss                zero     0x20013948     0x40  main.o [1]
  .bss                zero     0x20013988     0x40  queue.o [1]
  .bss                zero     0x200139c8     0x20  main.o [1]
  .bss                zero     0x200139e8     0x1c  large_data_service.o [1]
  .bss                zero     0x20013a04     0x14  housekeeping.o [1]
  .bss                zero     0x20013a18     0x14  tasks.o [1]
  .bss                zero     0x20013a2c     0x14  tasks.o [1]
  .bss                zero     0x20013a40     0x14  tasks.o [1]
  .bss                zero     0x20013a54     0x14  tasks.o [1]
  .bss                zero     0x20013a68     0x14  tasks.o [1]
  .bss                zero     0x20013a7c     0x10  services.o [1]
  .bss                zero     0x20013a8c      0xc  ff.o [1]
  .bss                zero     0x20013a98      0xc  ff_gen_drv.o [1]
  .bss                zero     0x20013aa4      0xc  scheduling_service.o [1]
  .bss                zero     0x20013ab0      0x8  heap_4.o [1]
  .bss                zero     0x20013ab8      0x8  obc.o [1]
  .bss                zero     0x20013ac0      0x8  xxmemxmalloc.o [3]
  .bss                zero     0x20013ac8      0x4  fatfs.o [1]
  .bss                zero     0x20013acc      0x4  ff.o [1]
  .bss                zero     0x20013ad0      0x4  heap_4.o [1]
  .bss                zero     0x20013ad4      0x4  heap_4.o [1]
  .bss                zero     0x20013ad8      0x4  heap_4.o [1]
  .bss                zero     0x20013adc      0x4  heap_4.o [1]
  .bss                zero     0x20013ae0      0x4  main.o [1]
  .bss                zero     0x20013ae4      0x4  main.o [1]
  .bss                zero     0x20013ae8      0x4  main.o [1]
  .bss                zero     0x20013aec      0x4  port.o [1]
  .bss                zero     0x20013af0      0x4  stm32f4xx_hal.o [1]
  .bss                zero     0x20013af4      0x4  tasks.o [1]
  .bss                zero     0x20013af8      0x4  tasks.o [1]
  .bss                zero     0x20013afc      0x4  tasks.o [1]
  .bss                zero     0x20013b00      0x4  tasks.o [1]
  .bss                zero     0x20013b04      0x4  tasks.o [1]
  .bss                zero     0x20013b08      0x4  tasks.o [1]
  .bss                zero     0x20013b0c      0x4  tasks.o [1]
  .bss                zero     0x20013b10      0x4  tasks.o [1]
  .bss                zero     0x20013b14      0x4  tasks.o [1]
  .bss                zero     0x20013b18      0x4  tasks.o [1]
  .bss                zero     0x20013b1c      0x4  tasks.o [1]
  .bss                zero     0x20013b20      0x4  tasks.o [1]
  .bss                zero     0x20013b24      0x4  tasks.o [1]
  .bss                zero     0x20013b28      0x4  xgetmemchunk.o [3]
  .bss                zero     0x20013b2c      0x2  ff.o [1]
  .bss                zero     0x20013b2e      0x2  obc_hal.o [1]
  .bss                zero     0x20013b30      0x2  su_mnlp.o [1]
  .bss                zero     0x20013b32      0x2  su_mnlp.o [1]
  .bss                zero     0x20013b34      0x1  fatfs.o [1]
  .bss                zero     0x20013b35      0x1  port.o [1]
  .bss                zero     0x20013b36      0x1  su_mnlp.o [1]
  .bss                zero     0x20013b37      0x1  su_mnlp.o [1]
  .bss                zero     0x20013b38      0x1  su_mnlp.o [1]
  .bss                zero     0x20013b39      0x1  su_mnlp.o [1]
  .bss                zero     0x20013b3a      0x1  su_mnlp.o [1]
                             - 0x20013b3b  0x1342b


*******************************************************************************
*** INIT TABLE
***

          Address     Size
          -------     ----
Zero (__iar_zero_init3)
    1 destination range, total size 0x1342b:
          0x20000710  0x1342b

Copy/packbits (__iar_packbits_init_single3)
    1 source range, total size 0x18 (8% of destination):
          0x08013098     0x18
    1 destination range, total size 0x10e:
          0x20000000    0x10e



*******************************************************************************
*** MODULE SUMMARY
***

    Module                         ro code  ro data  rw data
    ------                         -------  -------  -------
E:\cubesat_firmware\upsat-obc-software\cubeMX\obc\EWARM\obc_pinout\Obj: [1]
    bsp_driver_sd.o                    208
    cmsis_os.o                         444
    diskio.o                           248
    event_reporting_service.o          248       40
    fatfs.o                             32                 5
    ff.o                            10 180      144       18
    ff_gen_drv.o                       112                12
    function_management_service.o      264      184
    heap_4.o                           640        4   15 384
    hldlc.o                            516      212
    housekeeping.o                     218               548
    housekeeping_service.o             312      236
    large_data_service.o             4 404      912       28
    list.o                             158
    main.o                           2 404      188    1 324
    mass_storage_service.o           5 956    1 556      584
    obc.o                            1 132      260   18 692
    obc_hal.o                          960                 2
    pkt_pool.o                         232       72   16 504
    port.o                             600        4        9
    portasm.o                          168
    power_ctrl.o                       156      140
    queue.o                          2 036                64
    scheduling_service.o             1 704      768    8 548
    sd_diskio.o                        292       20        1
    service_utilities.o              1 840      808
    services.o                          96    1 040      216
    startup_stm32f405xx.o              696
    stm32f4xx_hal.o                    112                 4
    stm32f4xx_hal_adc.o                872
    stm32f4xx_hal_cortex.o             348
    stm32f4xx_hal_dma.o                820        8
    stm32f4xx_hal_gpio.o               576
    stm32f4xx_hal_msp.o              1 528
    stm32f4xx_hal_pwr.o                 24
    stm32f4xx_hal_pwr_ex.o              64
    stm32f4xx_hal_rcc.o              1 612       16
    stm32f4xx_hal_rcc_ex.o             376
    stm32f4xx_hal_rtc.o              1 074
    stm32f4xx_hal_rtc_ex.o              84
    stm32f4xx_hal_sd.o               5 420
    stm32f4xx_hal_spi.o                158
    stm32f4xx_hal_tim.o                744
    stm32f4xx_hal_tim_ex.o               4
    stm32f4xx_hal_timebase_TIM.o       162                60
    stm32f4xx_hal_uart.o             2 632
    stm32f4xx_it.o                     208
    stm32f4xx_ll_sdmmc.o               208
    su_mnlp.o                        1 832    1 425   16 590
    syscall.o                           98        4
    system_stm32f4xx.o                 108                 4
    tasks.o                          2 876        9      296
    test_service.o                     224      176
    time_management.o                  192    1 320
    verification_service.o             416      208
    --------------------------------------------------------
    Total:                          59 028    9 754   78 893

command line: [2]
    --------------------------------------------------------
    Total:

dl7M_tlf.a: [3]
    div.o                               14
    errno.o                             12                 4
    exit.o                               4
    isxxx.o                             20
    localeconv.o                       108       12      136
    low_level_init.o                     4
    setlocale.o                         36       10      116
    snprintf.o                          68
    sprintf.o                           52
    strnlen.o                           22
    strtol.o                             6
    tolower.o                           20
    xencoding_sb.o                      96
    xgetmemchunk.o                      44                 4
    xlocale_c.o                         32
    xmbcurmax.o                         10
    xmbtowc.o                           32
    xprintffull.o                    4 454
    xsnprout.o                          26
    xsprout.o                           10
    xstol.o                            136
    xstoul.o                           404
    xtls.o                               2
    xwctomb.o                           26
    xxmemxfree.o                       128
    xxmemxmalloc.o                     176                 8
    --------------------------------------------------------
    Total:                           5 942       22      268

m7M_tls.a: [4]
    DblAdd.o                           212
    DblCmpGe.o                          46
    DblCmpLe.o                          46
    DblDiv.o                           598
    DblMul.o                           418
    DblSub.o                           384
    DblToI32.o                          88
    I32ToDbl.o                          48
    fpinit_M.o                          34
    xdnorm.o                            66
    xdscale.o                          276
    --------------------------------------------------------
    Total:                           2 216

rt7M_tl.a: [5]
    ABImemcpy_unaligned.o              118
    ABImemset.o                        102
    I64DivMod.o                        238
    I64DivZer.o                          2
    cexit.o                             10
    cmain.o                             26
    cstartup_M.o                        12
    data_init.o                         40
    memchr.o                            88
    packbits_init_single.o              56
    strchr.o                            22
    strlen.o                            54
    strncpy_unaligned.o                108
    zero_init3.o                        64
    --------------------------------------------------------
    Total:                             940

shb_l.a: [6]
    exit.o                              20
    --------------------------------------------------------
    Total:                              20

    Gaps                                44        2
    Linker created                               32    1 536
------------------------------------------------------------
    Grand Total:                    68 190    9 810   80 697


*******************************************************************************
*** ENTRY LIST
***

Entry                      Address    Size  Type      Object
-----                      -------    ----  ----      ------
.iar.init_table$$Base   0x08012760           --   Gb  - Linker created -
.iar.init_table$$Limit  0x08012780           --   Gb  - Linker created -
?main                   0x08012a11          Code  Gb  cmain.o [5]
ADC_Init                0x0800fb53   0x166  Code  Lc  stm32f4xx_hal_adc.o [1]
APBAHBPrescTable        0x08012e18    0x10  Data  Gb  stm32f4xx_hal_rcc.o [1]
BSP_SD_GetCardInfo      0x080111c5     0xe  Code  Gb  bsp_driver_sd.o [1]
BSP_SD_GetStatus        0x080111bb     0xa  Code  Gb  bsp_driver_sd.o [1]
BSP_SD_Init             0x0801111d    0x3e  Code  Gb  bsp_driver_sd.o [1]
BSP_SD_IsDetected       0x080111dd    0x10  Code  Gb  bsp_driver_sd.o [1]
BSP_SD_ReadBlocks       0x0801115b    0x30  Code  Gb  bsp_driver_sd.o [1]
BSP_SD_WriteBlocks      0x0801118b    0x30  Code  Gb  bsp_driver_sd.o [1]
CSTACK$$Base            0x20000110           --   Gb  - Linker created -
CSTACK$$Limit           0x20000510           --   Gb  - Linker created -
DMA1_Stream3_IRQHandler
                        0x080112fd     0xa  Code  Gb  stm32f4xx_it.o [1]
DMA1_Stream4_IRQHandler
                        0x08011307     0xa  Code  Gb  stm32f4xx_it.o [1]
DMA1_Stream6_IRQHandler
                        0x08011311     0xa  Code  Gb  stm32f4xx_it.o [1]
DMA2_Stream6_IRQHandler
                        0x0801136f     0xa  Code  Gb  stm32f4xx_it.o [1]
DMA2_Stream7_IRQHandler
                        0x08011379     0xa  Code  Gb  stm32f4xx_it.o [1]
DMA_CalcBaseAndBitshift
                        0x0800cae7    0x2e  Code  Lc  stm32f4xx_hal_dma.o [1]
DMA_SetConfig           0x0800cab9    0x2e  Code  Lc  stm32f4xx_hal_dma.o [1]
ExCvt                   0x08011450    0x80  Data  Lc  ff.o [1]
FATFS_LinkDriver        0x08002cf5    0x12  Code  Gb  ff_gen_drv.o [1]
FATFS_LinkDriverEx      0x08002c9d    0x58  Code  Gb  ff_gen_drv.o [1]
FatFs                   0x20013acc     0x4  Data  Lc  ff.o [1]
Files                   0x20013a8c     0xc  Data  Lc  ff.o [1]
Fsid                    0x20013b2c     0x2  Data  Lc  ff.o [1]
HAL_ADC_ConfigChannel   0x0800f9cf   0x184  Code  Gb  stm32f4xx_hal_adc.o [1]
HAL_ADC_Init            0x0800f969    0x66  Code  Gb  stm32f4xx_hal_adc.o [1]
HAL_ADC_MspInit         0x0800c243    0x4c  Code  Gb  stm32f4xx_hal_msp.o [1]
HAL_DMA_IRQHandler      0x0800c8dd   0x1dc  Code  Gb  stm32f4xx_hal_dma.o [1]
HAL_DMA_Init            0x0800c7f5    0x86  Code  Gb  stm32f4xx_hal_dma.o [1]
HAL_DMA_Start_IT        0x0800c87b    0x62  Code  Gb  stm32f4xx_hal_dma.o [1]
HAL_Delay               0x0800cb75    0x1a  Code  Wk  stm32f4xx_hal.o [1]
HAL_GPIO_Init           0x0800a1b9   0x1ee  Code  Gb  stm32f4xx_hal_gpio.o [1]
HAL_GPIO_WritePin       0x0800a3a7    0x14  Code  Gb  stm32f4xx_hal_gpio.o [1]
HAL_GetTick             0x0800cb6f     0x6  Code  Wk  stm32f4xx_hal.o [1]
HAL_IncTick             0x0800cb63     0xc  Code  Wk  stm32f4xx_hal.o [1]
HAL_Init                0x0800cb29    0x3a  Code  Gb  stm32f4xx_hal.o [1]
HAL_InitTick            0x0800d4f5    0x86  Code  Gb  stm32f4xx_hal_timebase_TIM.o [1]
HAL_MspInit             0x0800c1fd    0x46  Code  Gb  stm32f4xx_hal_msp.o [1]
HAL_NVIC_EnableIRQ      0x0800d49b     0xe  Code  Gb  stm32f4xx_hal_cortex.o [1]
HAL_NVIC_SetPriority    0x0800d475    0x26  Code  Gb  stm32f4xx_hal_cortex.o [1]
HAL_NVIC_SetPriorityGrouping
                        0x0800d469     0xc  Code  Gb  stm32f4xx_hal_cortex.o [1]
HAL_OBC_UART_IRQHandler
                        0x08007eaf    0x2e  Code  Gb  obc_hal.o [1]
HAL_PWREx_EnableBkUpReg
                        0x0800b28d    0x36  Code  Gb  stm32f4xx_hal_pwr_ex.o [1]
HAL_PWR_EnableBkUpAccess
                        0x0800b275    0x12  Code  Gb  stm32f4xx_hal_pwr.o [1]
HAL_RCCEx_PeriphCLKConfig
                        0x0800f7f1   0x14e  Code  Gb  stm32f4xx_hal_rcc_ex.o [1]
HAL_RCC_ClockConfig     0x0800ced1   0x18a  Code  Gb  stm32f4xx_hal_rcc.o [1]
HAL_RCC_GetClockConfig  0x0800d167    0x3a  Code  Gb  stm32f4xx_hal_rcc.o [1]
HAL_RCC_GetHCLKFreq     0x0800d0ff    0x28  Code  Gb  stm32f4xx_hal_rcc.o [1]
HAL_RCC_GetPCLK1Freq    0x0800d127    0x20  Code  Gb  stm32f4xx_hal_rcc.o [1]
HAL_RCC_GetPCLK2Freq    0x0800d147    0x20  Code  Gb  stm32f4xx_hal_rcc.o [1]
HAL_RCC_GetSysClockFreq
                        0x0800d05b    0xa4  Code  Wk  stm32f4xx_hal_rcc.o [1]
HAL_RCC_OscConfig       0x0800cb99   0x338  Code  Wk  stm32f4xx_hal_rcc.o [1]
HAL_RTCEx_SetCalibrationOutPut
                        0x0800fcd1    0x54  Code  Gb  stm32f4xx_hal_rtc_ex.o [1]
HAL_RTC_GetDate         0x0800b177    0x50  Code  Gb  stm32f4xx_hal_rtc.o [1]
HAL_RTC_GetTime         0x0800b00d    0x64  Code  Gb  stm32f4xx_hal_rtc.o [1]
HAL_RTC_Init            0x0800ae41    0xac  Code  Gb  stm32f4xx_hal_rtc.o [1]
HAL_RTC_MspInit         0x0800c28f    0x14  Code  Gb  stm32f4xx_hal_msp.o [1]
HAL_RTC_SetDate         0x0800b071   0x106  Code  Gb  stm32f4xx_hal_rtc.o [1]
HAL_RTC_SetTime         0x0800aeed   0x120  Code  Gb  stm32f4xx_hal_rtc.o [1]
HAL_RTC_WaitForSynchro  0x0800b1d5    0x34  Code  Gb  stm32f4xx_hal_rtc.o [1]
HAL_SD_GetStatus        0x0800e2f1    0x26  Code  Gb  stm32f4xx_hal_sd.o [1]
HAL_SD_Get_CardInfo     0x0800dec9   0x35e  Code  Gb  stm32f4xx_hal_sd.o [1]
HAL_SD_IRQHandler       0x0800de0f    0xb6  Code  Gb  stm32f4xx_hal_sd.o [1]
HAL_SD_Init             0x0800d891    0xb6  Code  Gb  stm32f4xx_hal_sd.o [1]
HAL_SD_MspInit          0x0800c2a3    0x84  Code  Gb  stm32f4xx_hal_msp.o [1]
HAL_SD_ReadBlocks       0x0800d947   0x212  Code  Gb  stm32f4xx_hal_sd.o [1]
HAL_SD_StopTransfer     0x0800e2b9    0x38  Code  Gb  stm32f4xx_hal_sd.o [1]
HAL_SD_WideBusOperation_Config
                        0x0800e227    0x92  Code  Gb  stm32f4xx_hal_sd.o [1]
HAL_SD_WriteBlocks      0x0800db59   0x2b6  Code  Gb  stm32f4xx_hal_sd.o [1]
HAL_SD_XferCpltCallback
                        0x0800dec5     0x2  Code  Wk  stm32f4xx_hal_sd.o [1]
HAL_SD_XferErrorCallback
                        0x0800dec7     0x2  Code  Wk  stm32f4xx_hal_sd.o [1]
HAL_SPI_Init            0x0800fd25    0x9e  Code  Gb  stm32f4xx_hal_spi.o [1]
HAL_SPI_MspInit         0x0800c327    0xee  Code  Gb  stm32f4xx_hal_msp.o [1]
HAL_SYSTICK_CLKSourceConfig
                        0x0800d4b5    0x20  Code  Gb  stm32f4xx_hal_cortex.o [1]
HAL_SYSTICK_Config      0x0800d4a9     0xc  Code  Gb  stm32f4xx_hal_cortex.o [1]
HAL_TIMEx_BreakCallback
                        0x0800d88f     0x2  Code  Wk  stm32f4xx_hal_tim_ex.o [1]
HAL_TIMEx_CommutationCallback
                        0x0800d88d     0x2  Code  Wk  stm32f4xx_hal_tim_ex.o [1]
HAL_TIM_Base_Init       0x0800d5a5    0x38  Code  Gb  stm32f4xx_hal_tim.o [1]
HAL_TIM_Base_MspInit    0x0800d5dd     0x2  Code  Wk  stm32f4xx_hal_tim.o [1]
HAL_TIM_Base_Start_IT   0x0800d5df    0x1e  Code  Gb  stm32f4xx_hal_tim.o [1]
HAL_TIM_IC_CaptureCallback
                        0x0800d775     0x2  Code  Wk  stm32f4xx_hal_tim.o [1]
HAL_TIM_IRQHandler      0x0800d5fd   0x176  Code  Gb  stm32f4xx_hal_tim.o [1]
HAL_TIM_OC_DelayElapsedCallback
                        0x0800d773     0x2  Code  Wk  stm32f4xx_hal_tim.o [1]
HAL_TIM_PWM_PulseFinishedCallback
                        0x0800d777     0x2  Code  Wk  stm32f4xx_hal_tim.o [1]
HAL_TIM_PeriodElapsedCallback
                        0x0800d58d     0xa  Code  Gb  stm32f4xx_hal_timebase_TIM.o [1]
HAL_TIM_TriggerCallback
                        0x0800d779     0x2  Code  Wk  stm32f4xx_hal_tim.o [1]
HAL_UART_ErrorCallback  0x0800a889     0x2  Code  Wk  stm32f4xx_hal_uart.o [1]
HAL_UART_IRQHandler     0x0800a715   0x16e  Code  Gb  stm32f4xx_hal_uart.o [1]
HAL_UART_Init           0x0800a3f9    0x76  Code  Gb  stm32f4xx_hal_uart.o [1]
HAL_UART_MspInit        0x0800c415   0x370  Code  Gb  stm32f4xx_hal_msp.o [1]
HAL_UART_Receive        0x0800a53d    0xd8  Code  Gb  stm32f4xx_hal_uart.o [1]
HAL_UART_Receive_IT     0x0800a615    0x70  Code  Gb  stm32f4xx_hal_uart.o [1]
HAL_UART_RxCpltCallback
                        0x0800a887     0x2  Code  Wk  stm32f4xx_hal_uart.o [1]
HAL_UART_Transmit       0x0800a46f    0xce  Code  Gb  stm32f4xx_hal_uart.o [1]
HAL_UART_Transmit_DMA   0x0800a685    0x90  Code  Gb  stm32f4xx_hal_uart.o [1]
HAL_UART_TxCpltCallback
                        0x0800a883     0x2  Code  Wk  stm32f4xx_hal_uart.o [1]
HAL_UART_TxHalfCpltCallback
                        0x0800a885     0x2  Code  Wk  stm32f4xx_hal_uart.o [1]
HAL_obc_BKPSRAM_BASE    0x08008129     0x4  Code  Gb  obc_hal.o [1]
HAL_obc_IAC_ON          0x08007dcd    0x10  Code  Gb  obc_hal.o [1]
HAL_obc_SD_OFF          0x08007dbb    0x12  Code  Gb  obc_hal.o [1]
HAL_obc_SD_ON           0x08007da9    0x12  Code  Gb  obc_hal.o [1]
HAL_obc_enableBkUpAccess
                        0x08008101    0x28  Code  Gb  obc_hal.o [1]
HAL_reset_source        0x08007fdf    0x82  Code  Gb  obc_hal.o [1]
HAL_su_uart_rx          0x08007fb5    0x2a  Code  Gb  obc_hal.o [1]
HAL_su_uart_tx          0x08007f9f    0x16  Code  Gb  obc_hal.o [1]
HAL_sys_delay           0x08007d9d     0xc  Code  Gb  obc_hal.o [1]
HAL_sys_getDate         0x080080d9    0x28  Code  Gb  obc_hal.o [1]
HAL_sys_getTime         0x0800808d    0x2a  Code  Gb  obc_hal.o [1]
HAL_sys_setDate         0x080080b7    0x22  Code  Gb  obc_hal.o [1]
HAL_sys_setTime         0x08008061    0x2c  Code  Gb  obc_hal.o [1]
HAL_uart_rx             0x08007e35    0x7a  Code  Gb  obc_hal.o [1]
HAL_uart_tx             0x08007ddd    0x58  Code  Gb  obc_hal.o [1]
HEAP$$Base              0x20000510           --   Gb  - Linker created -
HEAP$$Limit             0x20000710           --   Gb  - Linker created -
HKHandle                0x20013ae4     0x4  Data  Gb  main.o [1]
HK_task                 0x0800f7d1    0x10  Code  Gb  main.o [1]
HLDLC_deframe           0x0800815d   0x108  Code  Gb  hldlc.o [1]
HLDLC_frame             0x08008265    0xe4  Code  Gb  hldlc.o [1]
LD_status               0x200139e8    0x1c  Data  Gb  large_data_service.o [1]
LoadInt                 0x08008cbf    0x6e  Code  Lc  xprintffull.o [3]
MS_data                 0x20012dd8   0x248  Data  Gb  mass_storage_service.o [1]
MX_ADC1_Init            0x0800efeb    0x80  Code  Lc  main.o [1]
MX_DMA_Init             0x0800f415    0x8c  Code  Lc  main.o [1]
MX_FATFS_Init           0x08002ac1    0x10  Code  Gb  fatfs.o [1]
MX_GPIO_Init            0x0800f4a1   0x102  Code  Lc  main.o [1]
MX_RTC_Init             0x0800f06b    0x88  Code  Lc  main.o [1]
MX_SDIO_SD_Init         0x0800f0f3    0x3c  Code  Lc  main.o [1]
MX_SPI1_Init            0x0800f12f    0x72  Code  Lc  main.o [1]
MX_SPI2_Init            0x0800f1a1    0x72  Code  Lc  main.o [1]
MX_SPI3_Init            0x0800f213    0x72  Code  Lc  main.o [1]
MX_UART4_Init           0x0800f285    0x50  Code  Lc  main.o [1]
MX_USART1_UART_Init     0x0800f2d5    0x50  Code  Lc  main.o [1]
MX_USART2_UART_Init     0x0800f325    0x50  Code  Lc  main.o [1]
MX_USART3_UART_Init     0x0800f375    0x50  Code  Lc  main.o [1]
MX_USART6_UART_Init     0x0800f3c5    0x50  Code  Lc  main.o [1]
NVIC_EnableIRQ          0x0800d3c1    0x14  Code  Lc  stm32f4xx_hal_cortex.o [1]
NVIC_EncodePriority     0x0800d3fb    0x3e  Code  Lc  stm32f4xx_hal_cortex.o [1]
NVIC_GetPriorityGrouping
                        0x0800d3b7     0xa  Code  Lc  stm32f4xx_hal_cortex.o [1]
NVIC_SetPriority        0x0800d3d5    0x26  Code  Lc  stm32f4xx_hal_cortex.o [1]
NVIC_SetPriorityGrouping
                        0x0800d399    0x1e  Code  Lc  stm32f4xx_hal_cortex.o [1]
PendSV_Handler          0x0800469d          Code  Gb  portasm.o [1]
RTC_Bcd2ToByte          0x0800b257    0x1c  Code  Gb  stm32f4xx_hal_rtc.o [1]
RTC_ByteToBcd2          0x0800b241    0x16  Code  Gb  stm32f4xx_hal_rtc.o [1]
RTC_EnterInitMode       0x0800b209    0x38  Code  Gb  stm32f4xx_hal_rtc.o [1]
Region$$Table$$Base     0x08012760           --   Gb  - Linker created -
Region$$Table$$Limit    0x08012780           --   Gb  - Linker created -
SDCardInfo              0x200134e8    0x58  Data  Gb  main.o [1]
SDIO_DataConfig         0x0800ee55    0x2e  Code  Gb  stm32f4xx_ll_sdmmc.o [1]
SDIO_GetCommandResponse
                        0x0800ee39     0x6  Code  Gb  stm32f4xx_ll_sdmmc.o [1]
SDIO_GetPowerState      0x0800ee07     0x8  Code  Gb  stm32f4xx_ll_sdmmc.o [1]
SDIO_GetResponse        0x0800ee3f    0x16  Code  Gb  stm32f4xx_ll_sdmmc.o [1]
SDIO_IRQHandler         0x08011355     0xa  Code  Gb  stm32f4xx_it.o [1]
SDIO_Init               0x0800edbd    0x2e  Code  Gb  stm32f4xx_ll_sdmmc.o [1]
SDIO_PowerState_ON      0x0800edfd     0xa  Code  Gb  stm32f4xx_ll_sdmmc.o [1]
SDIO_ReadFIFO           0x0800edeb     0x6  Code  Gb  stm32f4xx_ll_sdmmc.o [1]
SDIO_SendCommand        0x0800ee0f    0x2a  Code  Gb  stm32f4xx_ll_sdmmc.o [1]
SDIO_WriteFIFO          0x0800edf1     0xc  Code  Gb  stm32f4xx_ll_sdmmc.o [1]
SD_CmdError             0x0800e663    0x4a  Code  Lc  stm32f4xx_hal_sd.o [1]
SD_CmdResp1Error        0x0800e721   0x114  Code  Lc  stm32f4xx_hal_sd.o [1]
SD_CmdResp2Error        0x0800e86d    0x46  Code  Lc  stm32f4xx_hal_sd.o [1]
SD_CmdResp3Error        0x0800e83d    0x30  Code  Lc  stm32f4xx_hal_sd.o [1]
SD_CmdResp6Error        0x0800e8b3    0xa4  Code  Lc  stm32f4xx_hal_sd.o [1]
SD_CmdResp7Error        0x0800e6ad    0x74  Code  Lc  stm32f4xx_hal_sd.o [1]
SD_Driver               0x08012d6c    0x14  Data  Gb  sd_diskio.o [1]
SD_FindSCR              0x0800eab7   0x190  Code  Lc  stm32f4xx_hal_sd.o [1]
SD_GetState             0x0800e317    0x24  Code  Lc  stm32f4xx_hal_sd.o [1]
SD_Initialize_Cards     0x0800e33b   0x118  Code  Lc  stm32f4xx_hal_sd.o [1]
SD_IsCardProgramming    0x0800ec47   0x16a  Code  Lc  stm32f4xx_hal_sd.o [1]
SD_Path                 0x20013ac8     0x4  Data  Gb  fatfs.o [1]
SD_PowerON              0x0800e48d   0x176  Code  Lc  stm32f4xx_hal_sd.o [1]
SD_Select_Deselect      0x0800e453    0x3a  Code  Lc  stm32f4xx_hal_sd.o [1]
SD_SendStatus           0x0800e605    0x5e  Code  Lc  stm32f4xx_hal_sd.o [1]
SD_WideBus_Disable      0x0800ea07    0xb0  Code  Lc  stm32f4xx_hal_sd.o [1]
SD_WideBus_Enable       0x0800e957    0xb0  Code  Lc  stm32f4xx_hal_sd.o [1]
SD_initialize           0x08010ff9    0x24  Code  Gb  sd_diskio.o [1]
SD_ioctl                0x080110ad    0x6a  Code  Gb  sd_diskio.o [1]
SD_read                 0x08011041    0x36  Code  Gb  sd_diskio.o [1]
SD_status               0x0801101d    0x24  Code  Gb  sd_diskio.o [1]
SD_write                0x08011077    0x36  Code  Gb  sd_diskio.o [1]
SU_SCHHandle            0x20013ae8     0x4  Data  Gb  main.o [1]
SU_SCH_task             0x0800f7e1    0x10  Code  Gb  main.o [1]
SVC_Handler             0x080046f5          Code  Gb  portasm.o [1]
StartDefaultTask        0x0800f5a3   0x178  Code  Gb  main.o [1]
Stat                    0x2000010c     0x1  Data  Lc  sd_diskio.o [1]
SysTick_Config          0x0800d439    0x30  Code  Lc  stm32f4xx_hal_cortex.o [1]
SysTick_Handler         0x080112f5     0x8  Code  Gb  stm32f4xx_it.o [1]
SystemClock_Config      0x0800ef21    0xca  Code  Gb  main.o [1]
SystemCoreClock         0x20000004     0x4  Data  Gb  system_stm32f4xx.o [1]
SystemInit              0x080115c1    0x4c  Code  Gb  system_stm32f4xx.o [1]
TIM1_UP_TIM10_IRQHandler
                        0x0801131b     0xa  Code  Gb  stm32f4xx_it.o [1]
TIM_Base_SetConfig      0x0800d77b    0xe6  Code  Gb  stm32f4xx_hal_tim.o [1]
UART4_IRQHandler        0x0801135f    0x10  Code  Gb  stm32f4xx_it.o [1]
UART_DMAError           0x0800a8d1    0x2a  Code  Lc  stm32f4xx_hal_uart.o [1]
UART_DMATransmitCplt    0x0800a88d    0x34  Code  Lc  stm32f4xx_hal_uart.o [1]
UART_DMATxHalfCplt      0x0800a8c1     0xe  Code  Lc  stm32f4xx_hal_uart.o [1]
UART_EndTransmit_IT     0x0800aa57    0x20  Code  Lc  stm32f4xx_hal_uart.o [1]
UART_OBC_Receive_IT     0x08007edd    0xc2  Code  Gb  obc_hal.o [1]
UART_Receive_IT         0x0800aa77    0xac  Code  Lc  stm32f4xx_hal_uart.o [1]
UART_SetConfig          0x0800ab23   0x312  Code  Lc  stm32f4xx_hal_uart.o [1]
UART_Transmit_IT        0x0800a9e9    0x6e  Code  Lc  stm32f4xx_hal_uart.o [1]
UART_WaitOnFlagUntilTimeout
                        0x0800a8fb    0xee  Code  Lc  stm32f4xx_hal_uart.o [1]
USART1_IRQHandler       0x08011325    0x10  Code  Gb  stm32f4xx_it.o [1]
USART2_IRQHandler       0x08011335    0x10  Code  Gb  stm32f4xx_it.o [1]
USART3_IRQHandler       0x08011345    0x10  Code  Gb  stm32f4xx_it.o [1]
USART6_IRQHandler       0x08011383    0x10  Code  Gb  stm32f4xx_it.o [1]
UTC_QB50_D              0x080114d0    0x80  Data  Gb  time_management.o [1]
UTC_QB50_H              0x0801162c    0x64  Data  Gb  time_management.o [1]
UTC_QB50_YM             0x080104ec   0x444  Data  Gb  time_management.o [1]
_EncodingSb_Mbtowc      0x0800d24f    0x30  Code  Gb  xencoding_sb.o [3]
_EncodingSb_Wctomb      0x0800d235    0x1a  Code  Gb  xencoding_sb.o [3]
_GenldFull              0x08009543   0x24c  Code  Lc  xprintffull.o [3]
_IsdstStr               0x2000009c     0x4  Data  Gb  setlocale.o [3]
_LdtobFull              0x08009141   0x3fc  Code  Lc  xprintffull.o [3]
_LitobFull              0x08009039   0x106  Code  Lc  xprintffull.o [3]
_LocaleC_isspace        0x0800d209    0x14  Code  Gb  xlocale_c.o [3]
_LocaleC_tolower        0x0800d597     0xc  Code  Gb  xlocale_c.o [3]
_LocaleEncoding         0x0800d1f7     0xe  Code  Gb  setlocale.o [3]
_LocaleForCat           0x0800d1e5    0x12  Code  Gb  setlocale.o [3]
_LocaleReturnString     0x200000bc    0x50  Data  Lc  setlocale.o [3]
_Locale_Profile         0x200000a0    0x1c  Data  Gb  setlocale.o [3]
_Locale_aeabi_lconv     0x2000005c    0x38  Data  Gb  localeconv.o [3]
_Locale_lconv           0x2000000c    0x50  Data  Gb  localeconv.o [3]
_Mbtowc                 0x0800b481    0x20  Code  Gb  xmbtowc.o [3]
_PrintfFull             0x08008671   0x638  Code  Gb  xprintffull.o [3]
_PutcharsFull           0x0800978f    0x2e  Code  Lc  xprintffull.o [3]
_PutstrFull             0x08008d2d   0x306  Code  Lc  xprintffull.o [3]
_SNProut                0x080029af    0x1a  Code  Gb  xsnprout.o [3]
_SProut                 0x08004333     0xa  Code  Gb  xsprout.o [3]
_TzoneStr               0x20000098     0x4  Data  Gb  setlocale.o [3]
_Wctomb                 0x0800b605    0x1a  Code  Gb  xwctomb.o [3]
__aeabi_cdcmple         0x0800b7d1          Code  Gb  DblCmpLe.o [4]
__aeabi_cdrcmple        0x0800b801          Code  Gb  DblCmpGe.o [4]
__aeabi_d2iz            0x0800b945          Code  Gb  DblToI32.o [4]
__aeabi_d2uiz           0x0800b971          Code  Gb  DblToI32.o [4]
__aeabi_ddiv            0x0800bcf1          Code  Gb  DblDiv.o [4]
__aeabi_dmul            0x0800bb4d          Code  Gb  DblMul.o [4]
__aeabi_dsub            0x0800b9cd          Code  Gb  DblSub.o [4]
__aeabi_errno_addr      0x0800b475     0x6  Code  Gb  errno.o [3]
__aeabi_i2d             0x0800b99d          Code  Gb  I32ToDbl.o [4]
__aeabi_ldiv0           0x0800d2c1          Code  Gb  I64DivZer.o [5]
__aeabi_memset          0x080045bd          Code  Gb  ABImemset.o [5]
__aeabi_ui2d            0x0800b9b1          Code  Gb  I32ToDbl.o [4]
__aeabi_uldivmod        0x0800b6a1          Code  Gb  I64DivMod.o [5]
__cmain                 0x08012a11          Code  Gb  cmain.o [5]
__data_Aldata           0x20013ac0     0x8  Data  Gb  xxmemxmalloc.o [3]
__data_GetMemChunk      0x0800d295    0x2c  Code  Gb  xgetmemchunk.o [3]
__exit                  0x08012a41    0x14  Code  Gb  exit.o [6]
__iar_Dnorm             0x0800b78f    0x42  Code  Gb  xdnorm.o [4]
__iar_Dscale            0x0800b831   0x114  Code  Gb  xdscale.o [4]
__iar_Errno             0x20000094     0x4  Data  Gb  errno.o [3]
__iar_Locale_lconv_init
                        0x0800bf49    0x3a  Code  Gb  localeconv.o [3]
__iar_Mbcurmax          0x0800b549     0xa  Code  Gb  xmbcurmax.o [3]
__iar_Memchr            0x0800b4f1          Code  Gb  memchr.o [5]
__iar_Memset            0x080045bd          Code  Gb  ABImemset.o [5]
__iar_Memset_word       0x080045c5          Code  Gb  ABImemset.o [5]
__iar_Stolx             0x080085e9    0x88  Code  Gb  xstol.o [3]
__iar_Stoulx            0x0800b2e1   0x13e  Code  Gb  xstoul.o [3]
__iar_Strchr            0x0800b4a1          Code  Gb  strchr.o [5]
__iar_d2uiz             0x0800b97d          Code  Gb  DblToI32.o [4]
__iar_dadd              0x0800d2c5          Code  Gb  DblAdd.o [4]
__iar_data_init3        0x08012469    0x28  Code  Gb  data_init.o [5]
__iar_dlib_perthread_access
                        0x0800d231     0x2  Code  Gb  xtls.o [3]
__iar_dsub              0x0800b9e1          Code  Gb  DblSub.o [4]
__iar_dsubStart         0x0800b9f3          Code  Gb  DblSub.o [4]
__iar_init_vfp          0x0801273d          Code  Gb  fpinit_M.o [4]
__iar_packbits_init_single3
                        0x08011f15    0x38  Code  Gb  packbits_init_single.o [5]
__iar_program_start     0x08012f1d          Code  Gb  cstartup_M.o [5]
__iar_ui2d              0x0800b9b5          Code  Gb  I32ToDbl.o [4]
__iar_unaligned___aeabi_memcpy
                        0x08004625          Code  Gb  ABImemcpy_unaligned.o [5]
__iar_unaligned___aeabi_memcpy4
                        0x08004645          Code  Gb  ABImemcpy_unaligned.o [5]
__iar_unaligned___aeabi_memcpy8
                        0x08004645          Code  Gb  ABImemcpy_unaligned.o [5]
__iar_unaligned_strncpy
                        0x0800774d          Code  Gb  strncpy_unaligned.o [5]
__iar_zero_init3        0x08011cfd    0x40  Code  Gb  zero_init3.o [5]
__low_level_init        0x08012a2b     0x4  Code  Gb  low_level_init.o [3]
__vector_table          0x08000000          Data  Gb  startup_stm32f405xx.o [1]
_call_main              0x08012a1d          Code  Gb  cmain.o [5]
_exit                   0x08012a35          Code  Gb  cexit.o [5]
_main                   0x08012a27          Code  Gb  cmain.o [5]
active_script           0x20013b3a     0x1  Data  Gb  su_mnlp.o [1]
bkup_sram_INIT          0x080079fd    0xbc  Code  Gb  obc.o [1]
checkSum                0x08005f59    0x4a  Code  Gb  service_utilities.o [1]
check_fs                0x0800119f    0x82  Code  Lc  ff.o [1]
chk_chr                 0x080001df    0x14  Code  Lc  ff.o [1]
chk_lock                0x0800022d    0x90  Code  Lc  ff.o [1]
clear_lock              0x08000417    0x2c  Code  Lc  ff.o [1]
clmt_clust              0x08000a17    0x3e  Code  Lc  ff.o [1]
clust2sect              0x080005e1    0x20  Code  Gb  ff.o [1]
cnv16_8                 0x08005f09    0x16  Code  Gb  service_utilities.o [1]
cnv32_8                 0x08005ee9    0x20  Code  Gb  service_utilities.o [1]
cnv8_16                 0x08005f41    0x18  Code  Gb  service_utilities.o [1]
cnv8_32                 0x08005f1f    0x22  Code  Gb  service_utilities.o [1]
cnv_UTC_QB50            0x0800c13d    0x46  Code  Gb  time_management.o [1]
copy_inner_tc           0x08009bf9   0x2d8  Code  Gb  scheduling_service.o [1]
create_chain            0x08000919    0xfe  Code  Lc  ff.o [1]
create_name             0x08000f85   0x12e  Code  Lc  ff.o [1]
crt_pkt                 0x080064d7    0xd4  Code  Gb  service_utilities.o [1]
current_ss_pointer      0x20013b32     0x2  Data  Gb  su_mnlp.o [1]
current_tt_pointer      0x20013b30     0x2  Data  Gb  su_mnlp.o [1]
dec_lock                0x080003c1    0x56  Code  Lc  ff.o [1]
defaultTaskHandle       0x20013ae0     0x4  Data  Gb  main.o [1]
digits                  0x0800b424    0x28  Data  Lc  xstoul.o [3]
dir_alloc               0x08000ca9    0x6e  Code  Lc  ff.o [1]
dir_find                0x08000d59    0x70  Code  Lc  ff.o [1]
dir_next                0x08000b31   0x178  Code  Lc  ff.o [1]
dir_read                0x08000dc9    0xa2  Code  Lc  ff.o [1]
dir_register            0x08000e6b    0x52  Code  Lc  ff.o [1]
dir_remove              0x08000ebd    0x4e  Code  Lc  ff.o [1]
dir_sdi                 0x08000a55    0xdc  Code  Lc  ff.o [1]
disk                    0x20013a98     0xc  Data  Gb  ff_gen_drv.o [1]
disk_initialize         0x080029eb    0x36  Code  Gb  diskio.o [1]
disk_ioctl              0x08002a91    0x2c  Code  Gb  diskio.o [1]
disk_read               0x08002a21    0x38  Code  Gb  diskio.o [1]
disk_status             0x080029c9    0x22  Code  Gb  diskio.o [1]
disk_write              0x08002a59    0x38  Code  Gb  diskio.o [1]
div                     0x0800bfb5     0xe  Code  Gb  div.o [3]
enable_disable_schedule_apid_release
                        0x08009b7f    0x26  Code  Gb  scheduling_service.o [1]
enq_lock                0x080002bd    0x26  Code  Lc  ff.o [1]
err                     0x20013b2e     0x2  Data  Gb  obc_hal.o [1]
event_crt_pkt_api       0x08007ca5    0xf8  Code  Gb  event_reporting_service.o [1]
event_log               0x08007aeb    0xe6  Code  Gb  obc.o [1]
exit                    0x08012a2f     0x4  Code  Gb  exit.o [3]
export_pkt              0x0800603b    0x92  Code  Gb  service_utilities.o [1]
f_close                 0x08002053    0x48  Code  Gb  ff.o [1]
f_closedir              0x080025bd    0x42  Code  Gb  ff.o [1]
f_lseek                 0x0800209b   0x450  Code  Gb  ff.o [1]
f_mount                 0x080016d5    0x9a  Code  Gb  ff.o [1]
f_open                  0x0800178d   0x206  Code  Gb  ff.o [1]
f_opendir               0x080024eb    0xd2  Code  Gb  ff.o [1]
f_read                  0x08001993   0x2ba  Code  Gb  ff.o [1]
f_readdir               0x080025ff    0x82  Code  Gb  ff.o [1]
f_rename                0x080027dd   0x170  Code  Gb  ff.o [1]
f_stat                  0x08002681    0x5a  Code  Gb  ff.o [1]
f_sync                  0x08001f61    0xf2  Code  Gb  ff.o [1]
f_unlink                0x080026db   0x102  Code  Gb  ff.o [1]
f_write                 0x08001c4d   0x314  Code  Gb  ff.o [1]
ff_cre_syncobj          0x0800294d    0x28  Code  Gb  syscall.o [1]
ff_del_syncobj          0x08002979     0xe  Code  Gb  syscall.o [1]
ff_rel_grant            0x080029a3     0xc  Code  Gb  syscall.o [1]
ff_req_grant            0x08002987    0x1c  Code  Gb  syscall.o [1]
find_schedule_pos       0x08009f49    0x2e  Code  Gb  scheduling_service.o [1]
find_volume             0x08001221   0x45e  Code  Lc  ff.o [1]
follow_path             0x080010b3    0x9c  Code  Lc  ff.o [1]
free                    0x0800b621    0x7a  Code  Gb  xxmemxfree.o [3]
free_pkt                0x080083b7    0x4e  Code  Gb  pkt_pool.o [1]
function_management_app
                        0x08009911    0xf6  Code  Gb  function_management_service.o [1]
get_fat                 0x08000601   0x11c  Code  Gb  ff.o [1]
get_fattime             0x08002add     0x4  Code  Gb  fatfs.o [1]
get_fileinfo            0x08000f0b    0x7a  Code  Lc  ff.o [1]
get_ldnumber            0x0800114f    0x50  Code  Lc  ff.o [1]
get_new_fileId          0x08007ab9    0x32  Code  Gb  obc.o [1]
get_pkt                 0x08008361    0x56  Code  Gb  pkt_pool.o [1]
get_time_QB50           0x0800c1b7    0x2c  Code  Gb  time_management.o [1]
get_time_UTC            0x0800c1e3    0x1a  Code  Gb  time_management.o [1]
hadc1                   0x20013800    0x48  Data  Gb  main.o [1]
hdma_uart4_tx           0x20013648    0x58  Data  Gb  main.o [1]
hdma_usart1_tx          0x200136a0    0x58  Data  Gb  main.o [1]
hdma_usart2_tx          0x200136f8    0x58  Data  Gb  main.o [1]
hdma_usart3_tx          0x20013750    0x58  Data  Gb  main.o [1]
hdma_usart6_tx          0x200137a8    0x58  Data  Gb  main.o [1]
hk_INIT                 0x0800bfc5     0x8  Code  Gb  housekeeping.o [1]
hk_app                  0x080097d9    0xb0  Code  Gb  housekeeping_service.o [1]
hk_crt_empty_pkt_TM     0x08009889    0x3e  Code  Gb  housekeeping_service.o [1]
hk_crt_pkt_TM           0x080098dd    0x34  Code  Gb  housekeeping_service.o [1]
hk_parameters_report    0x0800bfcd    0x54  Code  Gb  housekeeping.o [1]
hk_pkt                  0x20013a04    0x14  Data  Gb  housekeeping.o [1]
hk_pkt_data             0x20013020   0x210  Data  Gb  housekeeping.o [1]
hk_report_parameters    0x0800c02d    0x72  Code  Gb  housekeeping.o [1]
hrtc                    0x200139c8    0x20  Data  Gb  main.o [1]
hsd                     0x2001344c    0x60  Data  Gb  main.o [1]
hspi1                   0x20013540    0x58  Data  Gb  main.o [1]
hspi2                   0x20013598    0x58  Data  Gb  main.o [1]
hspi3                   0x200135f0    0x58  Data  Gb  main.o [1]
htim1                   0x200134ac    0x3c  Data  Gb  stm32f4xx_hal_timebase_TIM.o [1]
huart1                  0x20013888    0x40  Data  Gb  main.o [1]
huart2                  0x200138c8    0x40  Data  Gb  main.o [1]
huart3                  0x20013908    0x40  Data  Gb  main.o [1]
huart4                  0x20013848    0x40  Data  Gb  main.o [1]
huart6                  0x20013948    0x40  Data  Gb  main.o [1]
import_pkt              0x08005fa3    0x98  Code  Gb  service_utilities.o [1]
inHandlerMode           0x08002af3    0x12  Code  Lc  cmsis_os.o [1]
inc_lock                0x080002e3    0xde  Code  Lc  ff.o [1]
isspace                 0x0800b2cd    0x14  Code  Gb  isxxx.o [3]
large_data_INIT         0x080076f5    0x1a  Code  Gb  large_data_service.o [1]
large_data_abortPkt     0x08007677    0x60  Code  Gb  large_data_service.o [1]
large_data_abort_api    0x080076d7    0x1e  Code  Gb  large_data_service.o [1]
large_data_app          0x08006619    0xe2  Code  Gb  large_data_service.o [1]
large_data_downlinkPkt  0x080075b5    0x60  Code  Gb  large_data_service.o [1]
large_data_downlinkTx_api
                        0x08007085   0x1cc  Code  Gb  large_data_service.o [1]
large_data_firstRx_api  0x080066fb   0x1b6  Code  Gb  large_data_service.o [1]
large_data_intRx_api    0x080068b1   0x1ac  Code  Gb  large_data_service.o [1]
large_data_intTx_api    0x08007271   0x1c4  Code  Gb  large_data_service.o [1]
large_data_lastRx_api   0x08006a5d   0x1bc  Code  Gb  large_data_service.o [1]
large_data_reportTx_api
                        0x08006ef9   0x18c  Code  Gb  large_data_service.o [1]
large_data_retryRx_api  0x08006c19   0x1ac  Code  Gb  large_data_service.o [1]
large_data_retryTx_api  0x0800744d   0x15c  Code  Gb  large_data_service.o [1]
large_data_standaloneRx_api
                        0x08006dc5   0x134  Code  Gb  large_data_service.o [1]
large_data_updatePkt    0x080075a9     0xc  Code  Gb  large_data_service.o [1]
large_data_verifyPkt    0x08007615    0x62  Code  Gb  large_data_service.o [1]
ld_clust                0x08000d17    0x2a  Code  Lc  ff.o [1]
localeconv              0x0800bf83    0x16  Code  Gb  localeconv.o [3]
lock_fs                 0x080001f3     0xe  Code  Lc  ff.o [1]
main                    0x0800ee8d    0x94  Code  Gb  main.o [1]
makeFreeRtosPriority    0x08002ae1    0x12  Code  Lc  cmsis_os.o [1]
malloc                  0x0800b555    0xac  Code  Gb  xxmemxmalloc.o [3]
mass_storage_app        0x08004745   0x100  Code  Gb  mass_storage_service.o [1]
mass_storage_delete_api
                        0x08004925   0x31c  Code  Gb  mass_storage_service.o [1]
mass_storage_delete_su_scr
                        0x08004845    0xe0  Code  Gb  mass_storage_service.o [1]
mass_storage_downlinkLargeFile
                        0x08004f89   0x118  Code  Gb  mass_storage_service.o [1]
mass_storage_downlinkLogs
                        0x08004d15   0x274  Code  Gb  mass_storage_service.o [1]
mass_storage_downlink_api
                        0x08004c41    0xd4  Code  Gb  mass_storage_service.o [1]
mass_storage_findLog    0x08005c9d   0x15e  Code  Gb  mass_storage_service.o [1]
mass_storage_getFileName
                        0x08005e1d    0x18  Code  Gb  mass_storage_service.o [1]
mass_storage_getLog     0x08005be1    0xaa  Code  Gb  mass_storage_service.o [1]
mass_storage_init       0x08005e05    0x18  Code  Gb  mass_storage_service.o [1]
mass_storage_report_api
                        0x08005571   0x21c  Code  Gb  mass_storage_service.o [1]
mass_storage_report_su_scr_api
                        0x080057a1   0x1a6  Code  Gb  mass_storage_service.o [1]
mass_storage_storeLargeFile
                        0x08005189   0x2e0  Code  Gb  mass_storage_service.o [1]
mass_storage_storeLogs  0x0800547d    0xe0  Code  Gb  mass_storage_service.o [1]
mass_storage_store_api  0x080050a1    0xc4  Code  Gb  mass_storage_service.o [1]
mass_storage_su_load_api
                        0x08005961   0x24e  Code  Gb  mass_storage_service.o [1]
mem_cmp                 0x080001bb    0x24  Code  Lc  ff.o [1]
mem_cpy                 0x08000189    0x1c  Code  Lc  ff.o [1]
mem_set                 0x080001a5    0x16  Code  Lc  ff.o [1]
memchr                  0x0800b4f1          Code  Gb  memchr.o [5]
move_window             0x080004b1    0x44  Code  Lc  ff.o [1]
ndigs                   0x0800b44c    0x28  Data  Lc  xstoul.o [3]
obc_data                0x20000710  0x48fc  Data  Gb  obc.o [1]
operations_scheduling_reset_schedule_api
                        0x08009ba5    0x54  Code  Gb  scheduling_service.o [1]
osDelay                 0x08002b49    0x1c  Code  Gb  cmsis_os.o [1]
osKernelStart           0x08002b05     0xa  Code  Gb  cmsis_os.o [1]
osSemaphoreCreate       0x08002b65    0x2e  Code  Gb  cmsis_os.o [1]
osSemaphoreDelete       0x08002c6d    0x1a  Code  Gb  cmsis_os.o [1]
osSemaphoreRelease      0x08002c19    0x54  Code  Gb  cmsis_os.o [1]
osSemaphoreWait         0x08002b93    0x86  Code  Gb  cmsis_os.o [1]
osSystickHandler        0x08002c87    0x10  Code  Gb  cmsis_os.o [1]
osThreadCreate          0x08002b0f    0x3a  Code  Gb  cmsis_os.o [1]
pack_pkt                0x0800636b   0x16c  Code  Gb  service_utilities.o [1]
parse_sch_packet        0x08009f77   0x1cc  Code  Gb  scheduling_service.o [1]
pcInterruptPriorityRegisters
                        0x08012f70     0x4  Data  Lc  port.o [1]
pkt_pool                0x2000500c  0x4078  Data  Gb  pkt_pool.o [1]
pkt_pool_INIT           0x08008405    0x38  Code  Gb  pkt_pool.o [1]
polulate_next_time_table
                        0x08010205   0x120  Code  Gb  su_mnlp.o [1]
power_control_api       0x0800c0a1    0x9c  Code  Gb  power_ctrl.o [1]
prvAddCurrentTaskToDelayedList
                        0x0800355b    0x4e  Code  Lc  tasks.o [1]
prvAllocateTCBAndStack  0x080035b1    0x5a  Code  Lc  tasks.o [1]
prvCheckTasksWaitingTermination
                        0x080034f5    0x66  Code  Lc  tasks.o [1]
prvCopyDataFromQueue    0x08003f33    0x30  Code  Lc  queue.o [1]
prvCopyDataToQueue      0x08003e9b    0x98  Code  Lc  queue.o [1]
prvDeleteTCB            0x0800360b    0x12  Code  Lc  tasks.o [1]
prvHeapInit             0x080044cd    0x6e  Code  Lc  heap_4.o [1]
prvIdleTask             0x08003401    0x26  Code  Lc  tasks.o [1]
prvInitialiseTCBVariables
                        0x08003427    0x6c  Code  Lc  tasks.o [1]
prvInitialiseTaskLists  0x08003493    0x58  Code  Lc  tasks.o [1]
prvInsertBlockIntoFreeList
                        0x0800453b    0x62  Code  Lc  heap_4.o [1]
prvIsQueueEmpty         0x08003fcd    0x20  Code  Lc  queue.o [1]
prvIsQueueFull          0x08003fed    0x22  Code  Lc  queue.o [1]
prvResetNextTaskUnblockTime
                        0x0800361d    0x2a  Code  Lc  tasks.o [1]
prvTaskExitError        0x08004061    0x2a  Code  Lc  port.o [1]
prvUnlockQueue          0x08003f63    0x6a  Code  Lc  queue.o [1]
put_fat                 0x0800071d   0x178  Code  Gb  ff.o [1]
pvPortMalloc            0x0800433d   0x118  Code  Gb  heap_4.o [1]
pvTaskIncrementMutexHeldCount
                        0x080037dd    0x1e  Code  Gb  tasks.o [1]
pxCurrentTCB            0x20013af4     0x4  Data  Gb  tasks.o [1]
pxDelayedTaskList       0x20013af8     0x4  Data  Lc  tasks.o [1]
pxEnd                   0x20013ad0     0x4  Data  Lc  heap_4.o [1]
pxOverflowDelayedTaskList
                        0x20013afc     0x4  Data  Lc  tasks.o [1]
pxPortInitialiseStack   0x0800403d    0x24  Code  Gb  port.o [1]
pxReadyTasksLists       0x200133c0    0x8c  Data  Lc  tasks.o [1]
remove_chain            0x08000895    0x84  Code  Lc  ff.o [1]
retSD                   0x20013b34     0x1  Data  Gb  fatfs.o [1]
route_pkt               0x08007839   0x1c4  Code  Gb  obc.o [1]
sat_status              0x20013ab8     0x8  Data  Gb  obc.o [1]
sc_s_state              0x20013aa4     0xc  Data  Gb  scheduling_service.o [1]
schedule_mem_pool       0x20010c80  0x2158  Data  Gb  scheduling_service.o [1]
scheduling_app          0x08009af9    0x86  Code  Gb  scheduling_service.o [1]
scheduling_insert_api   0x08009ed1    0x1e  Code  Gb  scheduling_service.o [1]
scheduling_remove_schedule_api
                        0x08009eef    0x5a  Code  Gb  scheduling_service.o [1]
scom_call_state         0x20013b39     0x1  Data  Gb  su_mnlp.o [1]
services_verification_TC_TM
                        0x08010930   0x410  Data  Gb  services.o [1]
set_time_UTC            0x0800c191    0x26  Code  Gb  time_management.o [1]
snprintf                0x080077f5    0x44  Code  Gb  snprintf.o [3]
sprintf                 0x080077c1    0x34  Code  Gb  sprintf.o [3]
ss_call_state           0x20013b38     0x1  Data  Gb  su_mnlp.o [1]
st_clust                0x08000d41    0x18  Code  Lc  ff.o [1]
strchr                  0x0800b4a1          Code  Gb  strchr.o [5]
strlen                  0x0800b4b9          Code  Gb  strlen.o [5]
strnlen                 0x0800a1a1    0x16  Code  Gb  strnlen.o [3]
strtol                  0x080077b9     0x6  Code  Gb  strtol.o [3]
su_INIT                 0x0800fe49    0x44  Code  Gb  su_mnlp.o [1]
su_SCH                  0x0800feeb   0x1bc  Code  Gb  su_mnlp.o [1]
su_cmd_handler          0x08010125    0x28  Code  Gb  su_mnlp.o [1]
su_goto_script_seq      0x080100a7    0x7e  Code  Gb  su_mnlp.o [1]
su_inc_buffer           0x200132f8    0xc8  Data  Gb  su_mnlp.o [1]
su_incoming_rx          0x0800fdc5    0x84  Code  Gb  su_mnlp.o [1]
su_load_scripts         0x0800fe8d    0x5e  Code  Gb  su_mnlp.o [1]
su_next_cmd             0x08010325   0x16c  Code  Gb  su_mnlp.o [1]
su_populate_header      0x0801014d    0xb8  Code  Gb  su_mnlp.o [1]
su_scripts              0x20009084  0x3ffc  Data  Gb  su_mnlp.o [1]
su_state                0x20013b36     0x1  Data  Gb  su_mnlp.o [1]
sync_fs                 0x080004f5    0xec  Code  Lc  ff.o [1]
sync_window             0x08000449    0x68  Code  Lc  ff.o [1]
sys_data                0x20013a7c    0x10  Data  Gb  services.o [1]
test_app                0x08009a19    0x7a  Code  Gb  test_service.o [1]
test_crt_pkt            0x08009a93    0x50  Code  Gb  test_service.o [1]
time_lala               0x2000010d     0x1  Data  Gb  su_mnlp.o [1]
time_now                0x08005e89     0x4  Code  Gb  services.o [1]
tolower                 0x0800d21d    0x14  Code  Gb  tolower.o [3]
tst_debugging           0x08005e8d    0x54  Code  Gb  services.o [1]
tt_call_state           0x20013b37     0x1  Data  Gb  su_mnlp.o [1]
uart_temp               0x20013230    0xc8  Data  Gb  services.o [1]
ucHeap                  0x2000d080  0x3c00  Data  Lc  heap_4.o [1]
ucMaxSysCallPriority    0x20013b35     0x1  Data  Lc  port.o [1]
ulMaxPRIGROUPValue      0x20013aec     0x4  Data  Lc  port.o [1]
unlock_fs               0x08000201    0x2c  Code  Lc  ff.o [1]
unpack_pkt              0x080060cd   0x29e  Code  Gb  service_utilities.o [1]
update_boot_counter     0x080065ab    0x12  Code  Gb  service_utilities.o [1]
uwTick                  0x20013af0     0x4  Data  Gb  stm32f4xx_hal.o [1]
uxCriticalNesting       0x20000000     0x4  Data  Lc  port.o [1]
uxCurrentNumberOfTasks  0x20013b04     0x4  Data  Lc  tasks.o [1]
uxListRemove            0x0800430b    0x28  Code  Gb  list.o [1]
uxPendedTicks           0x20013b14     0x4  Data  Lc  tasks.o [1]
uxSchedulerSuspended    0x20013b24     0x4  Data  Lc  tasks.o [1]
uxTaskNumber            0x20013b20     0x4  Data  Lc  tasks.o [1]
uxTasksDeleted          0x20013b00     0x4  Data  Lc  tasks.o [1]
uxTopReadyPriority      0x20013b0c     0x4  Data  Lc  tasks.o [1]
vListInitialise         0x08004295    0x1e  Code  Gb  list.o [1]
vListInitialiseItem     0x080042b3     0x6  Code  Gb  list.o [1]
vListInsert             0x080042d1    0x3a  Code  Gb  list.o [1]
vListInsertEnd          0x080042b9    0x18  Code  Gb  list.o [1]
vPortEnableVFP          0x08004729          Code  Gb  portasm.o [1]
vPortEnterCritical      0x08004157    0x3a  Code  Gb  port.o [1]
vPortExitCritical       0x08004191    0x32  Code  Gb  port.o [1]
vPortFree               0x08004455    0x78  Code  Gb  heap_4.o [1]
vPortSetupTimerInterrupt
                        0x080041ef    0x1a  Code  Wk  port.o [1]
vPortStartFirstTask     0x08004711          Code  Gb  portasm.o [1]
vPortValidateInterruptPriority
                        0x08004209    0x4e  Code  Gb  port.o [1]
vQueueDelete            0x08003e73    0x28  Code  Gb  queue.o [1]
vQueueUnregisterQueue   0x0800400f    0x24  Code  Gb  queue.o [1]
vTaskDelay              0x08002e91    0x84  Code  Gb  tasks.o [1]
vTaskMissedYield        0x080033ef     0xa  Code  Gb  tasks.o [1]
vTaskPlaceOnEventList   0x0800322d    0x76  Code  Gb  tasks.o [1]
vTaskPriorityInherit    0x0800366d    0xac  Code  Gb  tasks.o [1]
vTaskSetTimeOutState    0x08003341    0x26  Code  Gb  tasks.o [1]
vTaskStartScheduler     0x08002f15    0x62  Code  Gb  tasks.o [1]
vTaskSuspendAll         0x08002f77    0x10  Code  Gb  tasks.o [1]
vTaskSwitchContext      0x080031bb    0x72  Code  Gb  tasks.o [1]
validate                0x0800167f    0x56  Code  Lc  ff.o [1]
verification_app        0x08008449    0xa6  Code  Gb  verification_service.o [1]
verification_crt_pkt    0x080084ef    0xe0  Code  Gb  verification_service.o [1]
wod_log_load            0x08007bd1    0x9e  Code  Gb  obc.o [1]
xBlockAllocatedBit      0x20013adc     0x4  Data  Lc  heap_4.o [1]
xDelayedTaskList1       0x20013a18    0x14  Data  Lc  tasks.o [1]
xDelayedTaskList2       0x20013a2c    0x14  Data  Lc  tasks.o [1]
xFreeBytesRemaining     0x20013ad4     0x4  Data  Lc  heap_4.o [1]
xHeapStructSize         0x08012f68     0x4  Data  Lc  heap_4.o [1]
xMinimumEverFreeBytesRemaining
                        0x20013ad8     0x4  Data  Lc  heap_4.o [1]
xNextTaskUnblockTime    0x20000008     0x4  Data  Lc  tasks.o [1]
xNumOfOverflows         0x20013b1c     0x4  Data  Lc  tasks.o [1]
xPendingReadyList       0x20013a40    0x14  Data  Lc  tasks.o [1]
xPortStartScheduler     0x0800408b    0xcc  Code  Gb  port.o [1]
xPortSysTickHandler     0x080041c3    0x2c  Code  Gb  port.o [1]
xQueueGenericCreate     0x080038d9    0x82  Code  Gb  queue.o [1]
xQueueGenericReceive    0x08003be5   0x1cc  Code  Gb  queue.o [1]
xQueueGenericReset      0x08003849    0x90  Code  Gb  queue.o [1]
xQueueGenericSend       0x0800395b   0x1b2  Code  Gb  queue.o [1]
xQueueGiveFromISR       0x08003b0d    0xd8  Code  Gb  queue.o [1]
xQueueReceiveFromISR    0x08003db1    0xc2  Code  Gb  queue.o [1]
xQueueRegistry          0x20013988    0x40  Data  Gb  queue.o [1]
xSchedulerRunning       0x20013b10     0x4  Data  Lc  tasks.o [1]
xStart                  0x20013ab0     0x8  Data  Lc  heap_4.o [1]
xSuspendedTaskList      0x20013a68    0x14  Data  Lc  tasks.o [1]
xTaskCheckForTimeOut    0x08003367    0x88  Code  Gb  tasks.o [1]
xTaskGenericCreate      0x08002d0d   0x184  Code  Gb  tasks.o [1]
xTaskGetSchedulerState  0x08003647    0x26  Code  Gb  tasks.o [1]
xTaskIncrementTick      0x08003087   0x134  Code  Gb  tasks.o [1]
xTaskPriorityDisinherit
                        0x0800371d    0xba  Code  Gb  tasks.o [1]
xTaskRemoveFromEventList
                        0x080032a3    0x84  Code  Gb  tasks.o [1]
xTaskResumeAll          0x08002f87   0x100  Code  Gb  tasks.o [1]
xTasksWaitingTermination
                        0x20013a54    0x14  Data  Lc  tasks.o [1]
xTickCount              0x20013b08     0x4  Data  Lc  tasks.o [1]
xYieldPending           0x20013b18     0x4  Data  Lc  tasks.o [1]


[1] = E:\cubesat_firmware\upsat-obc-software\cubeMX\obc\EWARM\obc_pinout\Obj
[2] = command line
[3] = dl7M_tlf.a
[4] = m7M_tls.a
[5] = rt7M_tl.a
[6] = shb_l.a

  68 190 bytes of readonly  code memory
   9 810 bytes of readonly  data memory
  80 697 bytes of readwrite data memory

Errors: none
Warnings: none
