###############################################################################
#
# IAR ELF Linker V7.50.2.10312/W32 for ARM                18/May/2016  08:02:12
# Copyright 2007-2015 IAR Systems AB.
#
#    Output file  =  
#        E:\cubesat_firmware\upsat-obc-software\cubeMX\obc\EWARM\obc_pinout\Exe\obc_pinout.out
#    Map file     =  
#        E:\cubesat_firmware\upsat-obc-software\cubeMX\obc\EWARM\obc_pinout\List\obc_pinout.map
#    Command line =  
#        E:\cubesat_firmware\upsat-obc-software\cubeMX\obc\EWARM\obc_pinout\Obj\bsp_driver_sd.o
#        E:\cubesat_firmware\upsat-obc-software\cubeMX\obc\EWARM\obc_pinout\Obj\cmsis_os.o
#        E:\cubesat_firmware\upsat-obc-software\cubeMX\obc\EWARM\obc_pinout\Obj\croutine.o
#        E:\cubesat_firmware\upsat-obc-software\cubeMX\obc\EWARM\obc_pinout\Obj\diskio.o
#        E:\cubesat_firmware\upsat-obc-software\cubeMX\obc\EWARM\obc_pinout\Obj\event_groups.o
#        E:\cubesat_firmware\upsat-obc-software\cubeMX\obc\EWARM\obc_pinout\Obj\event_reporting_service.o
#        E:\cubesat_firmware\upsat-obc-software\cubeMX\obc\EWARM\obc_pinout\Obj\fatfs.o
#        E:\cubesat_firmware\upsat-obc-software\cubeMX\obc\EWARM\obc_pinout\Obj\ff.o
#        E:\cubesat_firmware\upsat-obc-software\cubeMX\obc\EWARM\obc_pinout\Obj\ff_gen_drv.o
#        E:\cubesat_firmware\upsat-obc-software\cubeMX\obc\EWARM\obc_pinout\Obj\freertos.o
#        E:\cubesat_firmware\upsat-obc-software\cubeMX\obc\EWARM\obc_pinout\Obj\function_management_service.o
#        E:\cubesat_firmware\upsat-obc-software\cubeMX\obc\EWARM\obc_pinout\Obj\heap_4.o
#        E:\cubesat_firmware\upsat-obc-software\cubeMX\obc\EWARM\obc_pinout\Obj\hldlc.o
#        E:\cubesat_firmware\upsat-obc-software\cubeMX\obc\EWARM\obc_pinout\Obj\housekeeping.o
#        E:\cubesat_firmware\upsat-obc-software\cubeMX\obc\EWARM\obc_pinout\Obj\housekeeping_service.o
#        E:\cubesat_firmware\upsat-obc-software\cubeMX\obc\EWARM\obc_pinout\Obj\large_data_service.o
#        E:\cubesat_firmware\upsat-obc-software\cubeMX\obc\EWARM\obc_pinout\Obj\list.o
#        E:\cubesat_firmware\upsat-obc-software\cubeMX\obc\EWARM\obc_pinout\Obj\main.o
#        E:\cubesat_firmware\upsat-obc-software\cubeMX\obc\EWARM\obc_pinout\Obj\mass_storage_service.o
#        E:\cubesat_firmware\upsat-obc-software\cubeMX\obc\EWARM\obc_pinout\Obj\obc.o
#        E:\cubesat_firmware\upsat-obc-software\cubeMX\obc\EWARM\obc_pinout\Obj\obc_hal.o
#        E:\cubesat_firmware\upsat-obc-software\cubeMX\obc\EWARM\obc_pinout\Obj\pkt_pool.o
#        E:\cubesat_firmware\upsat-obc-software\cubeMX\obc\EWARM\obc_pinout\Obj\port.o
#        E:\cubesat_firmware\upsat-obc-software\cubeMX\obc\EWARM\obc_pinout\Obj\portasm.o
#        E:\cubesat_firmware\upsat-obc-software\cubeMX\obc\EWARM\obc_pinout\Obj\power_ctrl.o
#        E:\cubesat_firmware\upsat-obc-software\cubeMX\obc\EWARM\obc_pinout\Obj\queue.o
#        E:\cubesat_firmware\upsat-obc-software\cubeMX\obc\EWARM\obc_pinout\Obj\scheduling_service.o
#        E:\cubesat_firmware\upsat-obc-software\cubeMX\obc\EWARM\obc_pinout\Obj\sd_diskio.o
#        E:\cubesat_firmware\upsat-obc-software\cubeMX\obc\EWARM\obc_pinout\Obj\service_utilities.o
#        E:\cubesat_firmware\upsat-obc-software\cubeMX\obc\EWARM\obc_pinout\Obj\services.o
#        E:\cubesat_firmware\upsat-obc-software\cubeMX\obc\EWARM\obc_pinout\Obj\startup_stm32f405xx.o
#        E:\cubesat_firmware\upsat-obc-software\cubeMX\obc\EWARM\obc_pinout\Obj\stm32f4xx_hal.o
#        E:\cubesat_firmware\upsat-obc-software\cubeMX\obc\EWARM\obc_pinout\Obj\stm32f4xx_hal_adc.o
#        E:\cubesat_firmware\upsat-obc-software\cubeMX\obc\EWARM\obc_pinout\Obj\stm32f4xx_hal_adc_ex.o
#        E:\cubesat_firmware\upsat-obc-software\cubeMX\obc\EWARM\obc_pinout\Obj\stm32f4xx_hal_cortex.o
#        E:\cubesat_firmware\upsat-obc-software\cubeMX\obc\EWARM\obc_pinout\Obj\stm32f4xx_hal_dma.o
#        E:\cubesat_firmware\upsat-obc-software\cubeMX\obc\EWARM\obc_pinout\Obj\stm32f4xx_hal_dma_ex.o
#        E:\cubesat_firmware\upsat-obc-software\cubeMX\obc\EWARM\obc_pinout\Obj\stm32f4xx_hal_flash.o
#        E:\cubesat_firmware\upsat-obc-software\cubeMX\obc\EWARM\obc_pinout\Obj\stm32f4xx_hal_flash_ex.o
#        E:\cubesat_firmware\upsat-obc-software\cubeMX\obc\EWARM\obc_pinout\Obj\stm32f4xx_hal_flash_ramfunc.o
#        E:\cubesat_firmware\upsat-obc-software\cubeMX\obc\EWARM\obc_pinout\Obj\stm32f4xx_hal_gpio.o
#        E:\cubesat_firmware\upsat-obc-software\cubeMX\obc\EWARM\obc_pinout\Obj\stm32f4xx_hal_msp.o
#        E:\cubesat_firmware\upsat-obc-software\cubeMX\obc\EWARM\obc_pinout\Obj\stm32f4xx_hal_pwr.o
#        E:\cubesat_firmware\upsat-obc-software\cubeMX\obc\EWARM\obc_pinout\Obj\stm32f4xx_hal_pwr_ex.o
#        E:\cubesat_firmware\upsat-obc-software\cubeMX\obc\EWARM\obc_pinout\Obj\stm32f4xx_hal_rcc.o
#        E:\cubesat_firmware\upsat-obc-software\cubeMX\obc\EWARM\obc_pinout\Obj\stm32f4xx_hal_rcc_ex.o
#        E:\cubesat_firmware\upsat-obc-software\cubeMX\obc\EWARM\obc_pinout\Obj\stm32f4xx_hal_rtc.o
#        E:\cubesat_firmware\upsat-obc-software\cubeMX\obc\EWARM\obc_pinout\Obj\stm32f4xx_hal_rtc_ex.o
#        E:\cubesat_firmware\upsat-obc-software\cubeMX\obc\EWARM\obc_pinout\Obj\stm32f4xx_hal_sd.o
#        E:\cubesat_firmware\upsat-obc-software\cubeMX\obc\EWARM\obc_pinout\Obj\stm32f4xx_hal_spi.o
#        E:\cubesat_firmware\upsat-obc-software\cubeMX\obc\EWARM\obc_pinout\Obj\stm32f4xx_hal_tim.o
#        E:\cubesat_firmware\upsat-obc-software\cubeMX\obc\EWARM\obc_pinout\Obj\stm32f4xx_hal_tim_ex.o
#        E:\cubesat_firmware\upsat-obc-software\cubeMX\obc\EWARM\obc_pinout\Obj\stm32f4xx_hal_timebase_TIM.o
#        E:\cubesat_firmware\upsat-obc-software\cubeMX\obc\EWARM\obc_pinout\Obj\stm32f4xx_hal_uart.o
#        E:\cubesat_firmware\upsat-obc-software\cubeMX\obc\EWARM\obc_pinout\Obj\stm32f4xx_it.o
#        E:\cubesat_firmware\upsat-obc-software\cubeMX\obc\EWARM\obc_pinout\Obj\stm32f4xx_ll_sdmmc.o
#        E:\cubesat_firmware\upsat-obc-software\cubeMX\obc\EWARM\obc_pinout\Obj\su_mnlp.o
#        E:\cubesat_firmware\upsat-obc-software\cubeMX\obc\EWARM\obc_pinout\Obj\syscall.o
#        E:\cubesat_firmware\upsat-obc-software\cubeMX\obc\EWARM\obc_pinout\Obj\system_stm32f4xx.o
#        E:\cubesat_firmware\upsat-obc-software\cubeMX\obc\EWARM\obc_pinout\Obj\tasks.o
#        E:\cubesat_firmware\upsat-obc-software\cubeMX\obc\EWARM\obc_pinout\Obj\test_service.o
#        E:\cubesat_firmware\upsat-obc-software\cubeMX\obc\EWARM\obc_pinout\Obj\time_management.o
#        E:\cubesat_firmware\upsat-obc-software\cubeMX\obc\EWARM\obc_pinout\Obj\timers.o
#        E:\cubesat_firmware\upsat-obc-software\cubeMX\obc\EWARM\obc_pinout\Obj\verification_service.o
#        --redirect _Printf=_PrintfFull --redirect _Scanf=_ScanfFull -o
#        E:\cubesat_firmware\upsat-obc-software\cubeMX\obc\EWARM\obc_pinout\Exe\obc_pinout.out
#        --map
#        E:\cubesat_firmware\upsat-obc-software\cubeMX\obc\EWARM\obc_pinout\List\obc_pinout.map
#        --config
#        E:\cubesat_firmware\upsat-obc-software\cubeMX\obc\EWARM/stm32f405xx_flash.icf
#        --semihosting --entry __iar_program_start --vfe
#
###############################################################################

*******************************************************************************
*** RUNTIME MODEL ATTRIBUTES
***

CppFlavor                     = *
__Heap_Handler                = Basic
__SystemLibrary               = DLib
__dlib_dynamic_initialization = normal


*******************************************************************************
*** PLACEMENT SUMMARY
***

"A1":  place at 0x08000000 { ro section .intvec };
"P1":  place in [from 0x08000000 to 0x080fffff] { ro };
"P2":  place in [from 0x20000000 to 0x2001ffff] { rw, block CSTACK, block HEAP };

  Section             Kind        Address     Size  Object
  -------             ----        -------     ----  ------
"A1":                                        0x188
  .intvec             ro code  0x08000000    0x188  startup_stm32f405xx.o [1]
                             - 0x08000188    0x188

"P1":                                      0x1368c
  .text               ro code  0x08000188   0x27c4  ff.o [1]
  .text               ro code  0x0800294c     0x62  syscall.o [1]
  .text               ro code  0x080029ae     0x1a  xsnprout.o [3]
  .text               ro code  0x080029c8     0xf8  diskio.o [1]
  .text               ro code  0x08002ac0     0x20  fatfs.o [1]
  .text               ro code  0x08002ae0    0x1bc  cmsis_os.o [1]
  .text               ro code  0x08002c9c     0x70  ff_gen_drv.o [1]
  .text               ro code  0x08002d0c    0xce0  tasks.o [1]
  .text               ro code  0x080039ec    0x7f4  queue.o [1]
  .text               ro code  0x080041e0    0x258  port.o [1]
  .text               ro code  0x08004438     0x9e  list.o [1]
  .text               ro code  0x080044d6      0xa  xsprout.o [3]
  .text               ro code  0x080044e0    0x280  heap_4.o [1]
  .text               ro code  0x08004760     0x66  ABImemset.o [5]
  .text               ro code  0x080047c8     0x76  ABImemcpy_unaligned.o [5]
  CODE                ro code  0x08004840     0xa8  portasm.o [1]
  .text               ro code  0x080048e8   0x1744  mass_storage_service.o [1]
  .text               ro code  0x0800602c     0x68  services.o [1]
  .text               ro code  0x08006094    0x7c0  service_utilities.o [1]
  .text               ro code  0x08006854   0x1134  large_data_service.o [1]
  .text               ro code  0x08007988     0x6c  strncpy_unaligned.o [5]
  .text               ro code  0x080079f4      0x6  strtol.o [3]
  .text               ro code  0x080079fc     0x34  sprintf.o [3]
  .text               ro code  0x08007a30     0x44  snprintf.o [3]
  .text               ro code  0x08007a74    0x46c  obc.o [1]
  .text               ro code  0x08007ee0     0x9a  time_management.o [1]
  .text               ro code  0x08007f7c     0xf8  event_reporting_service.o [1]
  .text               ro code  0x08008074    0x418  obc_hal.o [1]
  .text               ro code  0x0800848c    0x204  hldlc.o [1]
  .text               ro code  0x08008690     0xe8  pkt_pool.o [1]
  .text               ro code  0x08008778    0x1a0  verification_service.o [1]
  .text               ro code  0x08008918     0x88  xstol.o [3]
  .text               ro code  0x080089a0   0x1166  xprintffull.o [3]
  .text               ro code  0x08009b08    0x138  housekeeping_service.o [1]
  .text               ro code  0x08009c40     0xcc  function_management_service.o [1]
  .text               ro code  0x08009d0c     0xe0  test_service.o [1]
  .text               ro code  0x08009dec    0x6a8  scheduling_service.o [1]
  .text               ro code  0x0800a494     0x16  strnlen.o [3]
  .text               ro code  0x0800a4ac    0x240  stm32f4xx_hal_gpio.o [1]
  .text               ro code  0x0800a6ec    0x970  stm32f4xx_hal_uart.o [1]
  .text               ro code  0x0800b05c    0x432  stm32f4xx_hal_rtc.o [1]
  .text               ro code  0x0800b490     0x18  stm32f4xx_hal_pwr.o [1]
  .text               ro code  0x0800b4a8     0x40  stm32f4xx_hal_pwr_ex.o [1]
  .text               ro code  0x0800b4e8     0x14  isxxx.o [3]
  .text               ro code  0x0800b4fc    0x194  xstoul.o [3]
  .text               ro code  0x0800b690      0xc  errno.o [3]
  .text               ro code  0x0800b69c     0x20  xmbtowc.o [3]
  .text               ro code  0x0800b6bc     0x16  strchr.o [5]
  .text               ro code  0x0800b6d4     0x36  strlen.o [5]
  .text               ro code  0x0800b70c     0x58  memchr.o [5]
  .text               ro code  0x0800b764      0xa  xmbcurmax.o [3]
  .text               ro code  0x0800b770     0xb0  xxmemxmalloc.o [3]
  .text               ro code  0x0800b820     0x1a  xwctomb.o [3]
  .text               ro code  0x0800b83c     0x80  xxmemxfree.o [3]
  .text               ro code  0x0800b8bc     0xee  I64DivMod.o [5]
  .text               ro code  0x0800b9aa     0x42  xdnorm.o [4]
  .text               ro code  0x0800b9ec     0x2e  DblCmpLe.o [4]
  .text               ro code  0x0800ba1c     0x2e  DblCmpGe.o [4]
  .text               ro code  0x0800ba4c    0x114  xdscale.o [4]
  .text               ro code  0x0800bb60     0x58  DblToI32.o [4]
  .text               ro code  0x0800bbb8     0x30  I32ToDbl.o [4]
  .text               ro code  0x0800bbe8    0x180  DblSub.o [4]
  .text               ro code  0x0800bd68    0x1a2  DblMul.o [4]
  .text               ro code  0x0800bf0c    0x256  DblDiv.o [4]
  .text               ro code  0x0800c164     0x6c  localeconv.o [3]
  .text               ro code  0x0800c1d0      0xe  div.o [3]
  .text               ro code  0x0800c1e0     0xca  housekeeping.o [1]
  .text               ro code  0x0800c2ac     0x9c  power_ctrl.o [1]
  .text               ro code  0x0800c348    0x5f8  stm32f4xx_hal_msp.o [1]
  .text               ro code  0x0800c940    0x334  stm32f4xx_hal_dma.o [1]
  .text               ro code  0x0800cc74     0x70  stm32f4xx_hal.o [1]
  .text               ro code  0x0800cce4    0x64c  stm32f4xx_hal_rcc.o [1]
  .text               ro code  0x0800d330     0x24  setlocale.o [3]
  .text               ro code  0x0800d354     0x14  xlocale_c.o [3]
  .text               ro code  0x0800d368     0x14  tolower.o [3]
  .text               ro code  0x0800d37c      0x2  xtls.o [3]
  .text               ro code  0x0800d380     0x60  xencoding_sb.o [3]
  .text               ro code  0x0800d3e0     0x2c  xgetmemchunk.o [3]
  .text               ro code  0x0800d40c      0x2  I64DivZer.o [5]
  .text               ro code  0x0800d410     0xd4  DblAdd.o [4]
  .text               ro code  0x0800d4e4    0x15c  stm32f4xx_hal_cortex.o [1]
  .text               ro code  0x0800d640     0xa2  stm32f4xx_hal_timebase_TIM.o [1]
  .text               ro code  0x0800d6e2      0xc  xlocale_c.o [3]
  .text               ro code  0x0800d6f0    0x2e8  stm32f4xx_hal_tim.o [1]
  .text               ro code  0x0800d9d8      0x4  stm32f4xx_hal_tim_ex.o [1]
  .text               ro code  0x0800d9dc   0x152c  stm32f4xx_hal_sd.o [1]
  .text               ro code  0x0800ef08     0xd0  stm32f4xx_ll_sdmmc.o [1]
  .text               ro code  0x0800efd8    0xaf8  main.o [1]
  .text               ro code  0x0800fad0    0x178  stm32f4xx_hal_rcc_ex.o [1]
  .text               ro code  0x0800fc48    0x368  stm32f4xx_hal_adc.o [1]
  .text               ro code  0x0800ffb0     0x54  stm32f4xx_hal_rtc_ex.o [1]
  .text               ro code  0x08010004    0x3a0  stm32f4xx_hal_spi.o [1]
  .text               ro code  0x080103a4    0x86c  su_mnlp.o [1]
  .rodata             const    0x08010c10    0x444  time_management.o [1]
  .rodata             const    0x08011054    0x410  services.o [1]
  .text               ro code  0x08011464    0x124  sd_diskio.o [1]
  .text               ro code  0x08011588     0xd0  bsp_driver_sd.o [1]
  .rodata             const    0x08011658    0x108  su_mnlp.o [1]
  .text               ro code  0x08011760     0xd0  stm32f4xx_it.o [1]
  .rodata             const    0x08011830     0x8c  mass_storage_service.o [1]
  .rodata             const    0x080118bc     0x80  ff.o [1]
  .rodata             const    0x0801193c     0x80  time_management.o [1]
  .rodata             const    0x080119bc     0x70  mass_storage_service.o [1]
  .text               ro code  0x08011a2c     0x6c  system_stm32f4xx.o [1]
  .rodata             const    0x08011a98     0x64  time_management.o [1]
  .rodata             const    0x08011afc     0x5c  housekeeping_service.o [1]
  .rodata             const    0x08011b58     0x5c  mass_storage_service.o [1]
  .rodata             const    0x08011bb4     0x58  large_data_service.o [1]
  .rodata             const    0x08011c0c     0x58  mass_storage_service.o [1]
  .rodata             const    0x08011c64     0x50  scheduling_service.o [1]
  .rodata             const    0x08011cb4     0x50  service_utilities.o [1]
  .rodata             const    0x08011d04     0x4c  function_management_service.o [1]
  .rodata             const    0x08011d50     0x4c  large_data_service.o [1]
  .rodata             const    0x08011d9c     0x48  large_data_service.o [1]
  .rodata             const    0x08011de4     0x48  su_mnlp.o [1]
  .rodata             const    0x08011e2c     0x44  housekeeping_service.o [1]
  .rodata             const    0x08011e70     0x44  mass_storage_service.o [1]
  .rodata             const    0x08011eb4     0x44  mass_storage_service.o [1]
  .rodata             const    0x08011ef8     0x44  verification_service.o [1]
  .rodata             const    0x08011f3c     0x40  large_data_service.o [1]
  .rodata             const    0x08011f7c     0x40  scheduling_service.o [1]
  .rodata             const    0x08011fbc     0x40  service_utilities.o [1]
  .rodata             const    0x08011ffc     0x40  service_utilities.o [1]
  .rodata             const    0x0801203c     0x40  su_mnlp.o [1]
  .text               ro code  0x0801207c     0x40  zero_init3.o [5]
  .rodata             const    0x080120bc     0x3c  large_data_service.o [1]
  .rodata             const    0x080120f8     0x3c  large_data_service.o [1]
  .rodata             const    0x08012134     0x3c  mass_storage_service.o [1]
  .rodata             const    0x08012170     0x3c  power_ctrl.o [1]
  .rodata             const    0x080121ac     0x3c  test_service.o [1]
  .rodata             const    0x080121e8     0x38  obc.o [1]
  .rodata             const    0x08012220     0x38  obc.o [1]
  .rodata             const    0x08012258     0x38  pkt_pool.o [1]
  .rodata             const    0x08012290     0x38  su_mnlp.o [1]
  .text               ro code  0x080122c8     0x38  packbits_init_single.o [5]
  .rodata             const    0x08012300     0x34  hldlc.o [1]
  .rodata             const    0x08012334     0x34  hldlc.o [1]
  .rodata             const    0x08012368     0x34  large_data_service.o [1]
  .rodata             const    0x0801239c     0x34  mass_storage_service.o [1]
  .rodata             const    0x080123d0     0x34  mass_storage_service.o [1]
  .rodata             const    0x08012404     0x30  large_data_service.o [1]
  .rodata             const    0x08012434     0x30  large_data_service.o [1]
  .rodata             const    0x08012464     0x30  power_ctrl.o [1]
  .rodata             const    0x08012494     0x30  scheduling_service.o [1]
  .rodata             const    0x080124c4     0x30  scheduling_service.o [1]
  .rodata             const    0x080124f4     0x30  service_utilities.o [1]
  .rodata             const    0x08012524     0x30  service_utilities.o [1]
  .rodata             const    0x08012554     0x30  service_utilities.o [1]
  .rodata             const    0x08012584     0x30  service_utilities.o [1]
  .rodata             const    0x080125b4     0x30  service_utilities.o [1]
  .rodata             const    0x080125e4     0x30  su_mnlp.o [1]
  .rodata             const    0x08012614     0x30  su_mnlp.o [1]
  .rodata             const    0x08012644     0x30  su_mnlp.o [1]
  .rodata             const    0x08012674     0x30  su_mnlp.o [1]
  .rodata             const    0x080126a4     0x30  su_mnlp.o [1]
  .rodata             const    0x080126d4     0x30  su_mnlp.o [1]
  .rodata             const    0x08012704     0x30  su_mnlp.o [1]
  .rodata             const    0x08012734     0x30  su_mnlp.o [1]
  .rodata             const    0x08012764     0x30  verification_service.o [1]
  .rodata             const    0x08012794     0x2c  function_management_service.o [1]
  .rodata             const    0x080127c0     0x2c  mass_storage_service.o [1]
  .rodata             const    0x080127ec     0x2c  mass_storage_service.o [1]
  .rodata             const    0x08012818     0x2c  mass_storage_service.o [1]
  .rodata             const    0x08012844     0x2c  service_utilities.o [1]
  .rodata             const    0x08012870     0x2c  su_mnlp.o [1]
  .rodata             const    0x0801289c     0x2c  su_mnlp.o [1]
  .rodata             const    0x080128c8     0x2c  su_mnlp.o [1]
  .rodata             const    0x080128f4     0x2c  su_mnlp.o [1]
  .rodata             const    0x08012920     0x2c  su_mnlp.o [1]
  .rodata             const    0x0801294c     0x2c  su_mnlp.o [1]
  .rodata             const    0x08012978     0x2c  su_mnlp.o [1]
  .rodata             const    0x080129a4     0x28  large_data_service.o [1]
  .rodata             const    0x080129cc     0x28  scheduling_service.o [1]
  .rodata             const    0x080129f4     0x28  scheduling_service.o [1]
  .rodata             const    0x08012a1c     0x28  scheduling_service.o [1]
  .rodata             const    0x08012a44     0x28  service_utilities.o [1]
  .rodata             const    0x08012a6c     0x28  service_utilities.o [1]
  .rodata             const    0x08012a94     0x28  service_utilities.o [1]
  .rodata             const    0x08012abc     0x28  service_utilities.o [1]
  .rodata             const    0x08012ae4     0x28  su_mnlp.o [1]
  .rodata             const    0x08012b0c     0x28  su_mnlp.o [1]
  .rodata             const    0x08012b34     0x28  su_mnlp.o [1]
  .rodata             const    0x08012b5c     0x28  test_service.o [1]
  .text               ro code  0x08012b84     0x28  data_init.o [5]
  .rodata             const    0x08012bac     0x24  function_management_service.o [1]
  .rodata             const    0x08012bd0     0x24  housekeeping_service.o [1]
  .rodata             const    0x08012bf4     0x24  large_data_service.o [1]
  .rodata             const    0x08012c18     0x24  large_data_service.o [1]
  .rodata             const    0x08012c3c     0x24  large_data_service.o [1]
  .rodata             const    0x08012c60     0x24  mass_storage_service.o [1]
  .rodata             const    0x08012c84     0x24  mass_storage_service.o [1]
  .rodata             const    0x08012ca8     0x24  obc.o [1]
  .rodata             const    0x08012ccc     0x24  obc.o [1]
  .rodata             const    0x08012cf0     0x24  obc.o [1]
  .rodata             const    0x08012d14     0x24  obc.o [1]
  .rodata             const    0x08012d38     0x24  scheduling_service.o [1]
  .rodata             const    0x08012d5c     0x24  scheduling_service.o [1]
  .rodata             const    0x08012d80     0x24  scheduling_service.o [1]
  .rodata             const    0x08012da4     0x24  service_utilities.o [1]
  .rodata             const    0x08012dc8     0x24  service_utilities.o [1]
  .rodata             const    0x08012dec     0x24  service_utilities.o [1]
  .rodata             const    0x08012e10     0x24  test_service.o [1]
  .rodata             const    0x08012e34     0x24  verification_service.o [1]
  .text               ro code  0x08012e58     0x22  fpinit_M.o [4]
  .iar.init_table     const    0x08012e7c     0x20  - Linker created -
  .rodata             const    0x08012e9c     0x20  hldlc.o [1]
  .rodata             const    0x08012ebc     0x20  large_data_service.o [1]
  .rodata             const    0x08012edc     0x20  main.o [1]
  .rodata             const    0x08012efc     0x20  mass_storage_service.o [1]
  .rodata             const    0x08012f1c     0x20  scheduling_service.o [1]
  .rodata             const    0x08012f3c     0x20  scheduling_service.o [1]
  .rodata             const    0x08012f5c     0x20  scheduling_service.o [1]
  .rodata             const    0x08012f7c     0x20  scheduling_service.o [1]
  .rodata             const    0x08012f9c     0x20  scheduling_service.o [1]
  .rodata             const    0x08012fbc     0x20  su_mnlp.o [1]
  .rodata             const    0x08012fdc     0x20  su_mnlp.o [1]
  .rodata             const    0x08012ffc     0x1c  hldlc.o [1]
  .rodata             const    0x08013018     0x1c  hldlc.o [1]
  .rodata             const    0x08013034     0x1c  large_data_service.o [1]
  .rodata             const    0x08013050     0x1c  main.o [1]
  .rodata             const    0x0801306c     0x1c  mass_storage_service.o [1]
  .rodata             const    0x08013088     0x1c  mass_storage_service.o [1]
  .rodata             const    0x080130a4     0x1c  scheduling_service.o [1]
  .rodata             const    0x080130c0     0x1c  scheduling_service.o [1]
  .rodata             const    0x080130dc     0x1c  scheduling_service.o [1]
  .rodata             const    0x080130f8     0x1c  service_utilities.o [1]
  .rodata             const    0x08013114     0x1c  service_utilities.o [1]
  .rodata             const    0x08013130     0x1c  service_utilities.o [1]
  .rodata             const    0x0801314c     0x1c  service_utilities.o [1]
  .text               ro code  0x08013168     0x1a  cmain.o [5]
  .text               ro code  0x08013182      0x4  low_level_init.o [3]
  .text               ro code  0x08013186      0x4  exit.o [3]
  .text               ro code  0x0801318c      0xa  cexit.o [5]
  .text               ro code  0x08013198     0x14  exit.o [6]
  .rodata             const    0x080131ac     0x18  function_management_service.o [1]
  .rodata             const    0x080131c4     0x18  large_data_service.o [1]
  .rodata             const    0x080131dc     0x18  large_data_service.o [1]
  .rodata             const    0x080131f4     0x18  main.o [1]
  .rodata             const    0x0801320c     0x18  mass_storage_service.o [1]
  .rodata             const    0x08013224     0x18  mass_storage_service.o [1]
  .rodata             const    0x0801323c     0x18  mass_storage_service.o [1]
  .rodata             const    0x08013254     0x18  mass_storage_service.o [1]
  .rodata             const    0x0801326c     0x18  mass_storage_service.o [1]
  .rodata             const    0x08013284     0x18  mass_storage_service.o [1]
  .rodata             const    0x0801329c     0x18  mass_storage_service.o [1]
  .rodata             const    0x080132b4     0x18  power_ctrl.o [1]
  .rodata             const    0x080132cc     0x18  scheduling_service.o [1]
  .rodata             const    0x080132e4     0x18  scheduling_service.o [1]
  .rodata             const    0x080132fc     0x18  service_utilities.o [1]
  .rodata             const    0x08013314     0x18  service_utilities.o [1]
  .rodata             const    0x0801332c     0x18  su_mnlp.o [1]
  .rodata             const    0x08013344     0x18  su_mnlp.o [1]
  .rodata             const    0x0801335c     0x18  su_mnlp.o [1]
  .rodata             const    0x08013374     0x14  event_reporting_service.o [1]
  .rodata             const    0x08013388     0x14  event_reporting_service.o [1]
  .rodata             const    0x0801339c     0x14  housekeeping_service.o [1]
  .rodata             const    0x080133b0     0x14  large_data_service.o [1]
  .rodata             const    0x080133c4     0x14  large_data_service.o [1]
  .rodata             const    0x080133d8     0x14  main.o [1]
  .rodata             const    0x080133ec     0x14  main.o [1]
  .rodata             const    0x08013400     0x14  main.o [1]
  .rodata             const    0x08013414     0x14  mass_storage_service.o [1]
  .rodata             const    0x08013428     0x14  mass_storage_service.o [1]
  .rodata             const    0x0801343c     0x14  mass_storage_service.o [1]
  .rodata             const    0x08013450     0x14  mass_storage_service.o [1]
  .rodata             const    0x08013464     0x14  mass_storage_service.o [1]
  .rodata             const    0x08013478     0x14  mass_storage_service.o [1]
  .rodata             const    0x0801348c     0x14  mass_storage_service.o [1]
  .rodata             const    0x080134a0     0x14  mass_storage_service.o [1]
  .rodata             const    0x080134b4     0x14  mass_storage_service.o [1]
  .rodata             const    0x080134c8     0x14  mass_storage_service.o [1]
  .rodata             const    0x080134dc     0x14  sd_diskio.o [1]
  .rodata             const    0x080134f0     0x14  test_service.o [1]
  .rodata             const    0x08013504     0x14  verification_service.o [1]
  .rodata             const    0x08013518     0x10  ff.o [1]
  .rodata             const    0x08013528     0x10  hldlc.o [1]
  .rodata             const    0x08013538     0x10  housekeeping_service.o [1]
  .rodata             const    0x08013548     0x10  large_data_service.o [1]
  .rodata             const    0x08013558     0x10  mass_storage_service.o [1]
  .rodata             const    0x08013568     0x10  mass_storage_service.o [1]
  .rodata             const    0x08013578     0x10  stm32f4xx_hal_rcc.o [1]
  .rodata             const    0x08013588     0x10  test_service.o [1]
  .rodata             const    0x08013598     0x10  verification_service.o [1]
  .rodata             const    0x080135a8     0x10  verification_service.o [1]
  .text               ro code  0x080135b8     0x10  startup_stm32f405xx.o [1]
  .rodata             const    0x080135c8      0xc  large_data_service.o [1]
  .rodata             const    0x080135d4      0xc  large_data_service.o [1]
  .rodata             const    0x080135e0      0xc  main.o [1]
  .rodata             const    0x080135ec      0xc  main.o [1]
  .rodata             const    0x080135f8      0xc  mass_storage_service.o [1]
  .rodata             const    0x08013604      0xc  mass_storage_service.o [1]
  .rodata             const    0x08013610      0xc  mass_storage_service.o [1]
  .rodata             const    0x0801361c      0xc  mass_storage_service.o [1]
  .rodata             const    0x08013628      0xc  mass_storage_service.o [1]
  .rodata             const    0x08013634      0xc  mass_storage_service.o [1]
  .rodata             const    0x08013640      0xc  mass_storage_service.o [1]
  .rodata             const    0x0801364c      0xc  mass_storage_service.o [1]
  .rodata             const    0x08013658      0xc  pkt_pool.o [1]
  .rodata             const    0x08013664      0xc  service_utilities.o [1]
  .rodata             const    0x08013670      0xc  service_utilities.o [1]
  .text               ro code  0x0801367c      0xc  cstartup_M.o [5]
  .rodata             const    0x08013688      0x8  main.o [1]
  .rodata             const    0x08013690      0x8  main.o [1]
  .rodata             const    0x08013698      0x8  main.o [1]
  .rodata             const    0x080136a0      0x8  mass_storage_service.o [1]
  .rodata             const    0x080136a8      0x8  mass_storage_service.o [1]
  .rodata             const    0x080136b0      0x8  mass_storage_service.o [1]
  .rodata             const    0x080136b8      0x8  mass_storage_service.o [1]
  .rodata             const    0x080136c0      0x8  stm32f4xx_hal_dma.o [1]
  .rodata             const    0x080136c8      0x8  tasks.o [1]
  .rodata             const    0x080136d0      0x4  heap_4.o [1]
  .rodata             const    0x080136d4      0x4  port.o [1]
  .rodata             const    0x080136d8      0x4  syscall.o [1]
  .text               ro code  0x080136dc      0x4  startup_stm32f405xx.o [1]
  .text               ro code  0x080136e0      0x4  startup_stm32f405xx.o [1]
  .text               ro code  0x080136e4      0x4  startup_stm32f405xx.o [1]
  .text               ro code  0x080136e8      0x4  startup_stm32f405xx.o [1]
  .text               ro code  0x080136ec      0x4  startup_stm32f405xx.o [1]
  .text               ro code  0x080136f0      0x4  startup_stm32f405xx.o [1]
  .text               ro code  0x080136f4      0x4  startup_stm32f405xx.o [1]
  .text               ro code  0x080136f8      0x4  startup_stm32f405xx.o [1]
  .text               ro code  0x080136fc      0x4  startup_stm32f405xx.o [1]
  .text               ro code  0x08013700      0x4  startup_stm32f405xx.o [1]
  .text               ro code  0x08013704      0x4  startup_stm32f405xx.o [1]
  .text               ro code  0x08013708      0x4  startup_stm32f405xx.o [1]
  .text               ro code  0x0801370c      0x4  startup_stm32f405xx.o [1]
  .text               ro code  0x08013710      0x4  startup_stm32f405xx.o [1]
  .text               ro code  0x08013714      0x4  startup_stm32f405xx.o [1]
  .text               ro code  0x08013718      0x4  startup_stm32f405xx.o [1]
  .text               ro code  0x0801371c      0x4  startup_stm32f405xx.o [1]
  .text               ro code  0x08013720      0x4  startup_stm32f405xx.o [1]
  .text               ro code  0x08013724      0x4  startup_stm32f405xx.o [1]
  .text               ro code  0x08013728      0x4  startup_stm32f405xx.o [1]
  .text               ro code  0x0801372c      0x4  startup_stm32f405xx.o [1]
  .text               ro code  0x08013730      0x4  startup_stm32f405xx.o [1]
  .text               ro code  0x08013734      0x4  startup_stm32f405xx.o [1]
  .text               ro code  0x08013738      0x4  startup_stm32f405xx.o [1]
  .text               ro code  0x0801373c      0x4  startup_stm32f405xx.o [1]
  .text               ro code  0x08013740      0x4  startup_stm32f405xx.o [1]
  .text               ro code  0x08013744      0x4  startup_stm32f405xx.o [1]
  .text               ro code  0x08013748      0x4  startup_stm32f405xx.o [1]
  .text               ro code  0x0801374c      0x4  startup_stm32f405xx.o [1]
  .text               ro code  0x08013750      0x4  startup_stm32f405xx.o [1]
  .text               ro code  0x08013754      0x4  startup_stm32f405xx.o [1]
  .text               ro code  0x08013758      0x4  startup_stm32f405xx.o [1]
  .text               ro code  0x0801375c      0x4  startup_stm32f405xx.o [1]
  .text               ro code  0x08013760      0x4  startup_stm32f405xx.o [1]
  .text               ro code  0x08013764      0x4  startup_stm32f405xx.o [1]
  .text               ro code  0x08013768      0x4  startup_stm32f405xx.o [1]
  .text               ro code  0x0801376c      0x4  startup_stm32f405xx.o [1]
  .text               ro code  0x08013770      0x4  startup_stm32f405xx.o [1]
  .text               ro code  0x08013774      0x4  startup_stm32f405xx.o [1]
  .text               ro code  0x08013778      0x4  startup_stm32f405xx.o [1]
  .text               ro code  0x0801377c      0x4  startup_stm32f405xx.o [1]
  .text               ro code  0x08013780      0x4  startup_stm32f405xx.o [1]
  .text               ro code  0x08013784      0x4  startup_stm32f405xx.o [1]
  .text               ro code  0x08013788      0x4  startup_stm32f405xx.o [1]
  .text               ro code  0x0801378c      0x4  startup_stm32f405xx.o [1]
  .text               ro code  0x08013790      0x4  startup_stm32f405xx.o [1]
  .text               ro code  0x08013794      0x4  startup_stm32f405xx.o [1]
  .text               ro code  0x08013798      0x4  startup_stm32f405xx.o [1]
  .text               ro code  0x0801379c      0x4  startup_stm32f405xx.o [1]
  .text               ro code  0x080137a0      0x4  startup_stm32f405xx.o [1]
  .text               ro code  0x080137a4      0x4  startup_stm32f405xx.o [1]
  .text               ro code  0x080137a8      0x4  startup_stm32f405xx.o [1]
  .text               ro code  0x080137ac      0x4  startup_stm32f405xx.o [1]
  .text               ro code  0x080137b0      0x4  startup_stm32f405xx.o [1]
  .text               ro code  0x080137b4      0x4  startup_stm32f405xx.o [1]
  .text               ro code  0x080137b8      0x4  startup_stm32f405xx.o [1]
  .text               ro code  0x080137bc      0x4  startup_stm32f405xx.o [1]
  .text               ro code  0x080137c0      0x4  startup_stm32f405xx.o [1]
  .text               ro code  0x080137c4      0x4  startup_stm32f405xx.o [1]
  .text               ro code  0x080137c8      0x4  startup_stm32f405xx.o [1]
  .text               ro code  0x080137cc      0x4  startup_stm32f405xx.o [1]
  .text               ro code  0x080137d0      0x4  startup_stm32f405xx.o [1]
  .text               ro code  0x080137d4      0x4  startup_stm32f405xx.o [1]
  .text               ro code  0x080137d8      0x4  startup_stm32f405xx.o [1]
  .text               ro code  0x080137dc      0x4  startup_stm32f405xx.o [1]
  .text               ro code  0x080137e0      0x4  startup_stm32f405xx.o [1]
  .text               ro code  0x080137e4      0x4  startup_stm32f405xx.o [1]
  .text               ro code  0x080137e8      0x4  startup_stm32f405xx.o [1]
  .text               ro code  0x080137ec      0x4  startup_stm32f405xx.o [1]
  .text               ro code  0x080137f0      0x4  startup_stm32f405xx.o [1]
  .text               ro code  0x080137f4      0x4  startup_stm32f405xx.o [1]
  .text               ro code  0x080137f8      0x4  startup_stm32f405xx.o [1]
  .rodata             const    0x080137fc      0x0  zero_init3.o [5]
  .rodata             const    0x080137fc      0x0  packbits_init_single.o [5]
  Initializer bytes   const    0x080137fc     0x18  <for P2-1>
                             - 0x08013814  0x1368c

"P2", part 1 of 3:                           0x10e
  P2-1                         0x20000000    0x10e  <Init block>
    .data             inited   0x20000000      0x4  port.o [1]
    .data             inited   0x20000004      0x4  system_stm32f4xx.o [1]
    .data             inited   0x20000008      0x4  tasks.o [1]
    __DLIB_PERTHREAD  inited   0x2000000c     0x88  localeconv.o [3]
    __DLIB_PERTHREAD  inited   0x20000094      0x4  errno.o [3]
    __DLIB_PERTHREAD  inited   0x20000098     0x74  setlocale.o [3]
    .data             inited   0x2000010c      0x1  sd_diskio.o [1]
    .data             inited   0x2000010d      0x1  su_mnlp.o [1]
                             - 0x2000010e    0x10e

"P2", part 2 of 3:                           0x600
  CSTACK                       0x20000110    0x400  <Block>
    CSTACK            uninit   0x20000110    0x400  <Block tail>
  HEAP                         0x20000510    0x200  <Block>
    HEAP              uninit   0x20000510    0x200  <Block tail>
                             - 0x20000710    0x600

"P2", part 3 of 3:                         0x13140
  .bss                zero     0x20000710   0x4834  obc.o [1]
  .bss                zero     0x20004f44   0x4078  pkt_pool.o [1]
  .bss                zero     0x20008fbc   0x3ffc  su_mnlp.o [1]
  .bss                zero     0x2000cfb8   0x3c00  heap_4.o [1]
  .bss                zero     0x20010bb8   0x2158  scheduling_service.o [1]
  .bss                zero     0x20012d10    0x248  mass_storage_service.o [1]
  .bss                zero     0x20012f58     0xc8  main.o [1]
  .bss                zero     0x20013020     0xc4  su_mnlp.o [1]
  .bss                zero     0x200130e4     0x8c  tasks.o [1]
  .bss                zero     0x20013170     0x60  main.o [1]
  .bss                zero     0x200131d0     0x58  main.o [1]
  .bss                zero     0x20013228     0x58  main.o [1]
  .bss                zero     0x20013280     0x58  main.o [1]
  .bss                zero     0x200132d8     0x58  main.o [1]
  .bss                zero     0x20013330     0x58  main.o [1]
  .bss                zero     0x20013388     0x58  main.o [1]
  .bss                zero     0x200133e0     0x58  main.o [1]
  .bss                zero     0x20013438     0x58  main.o [1]
  .bss                zero     0x20013490     0x58  main.o [1]
  .bss                zero     0x200134e8     0x48  main.o [1]
  .bss                zero     0x20013530     0x40  main.o [1]
  .bss                zero     0x20013570     0x40  main.o [1]
  .bss                zero     0x200135b0     0x40  main.o [1]
  .bss                zero     0x200135f0     0x40  main.o [1]
  .bss                zero     0x20013630     0x40  main.o [1]
  .bss                zero     0x20013670     0x40  queue.o [1]
  .bss                zero     0x200136b0     0x3c  stm32f4xx_hal_timebase_TIM.o [1]
  .bss                zero     0x200136ec     0x20  main.o [1]
  .bss                zero     0x2001370c     0x1c  large_data_service.o [1]
  .bss                zero     0x20013728     0x14  tasks.o [1]
  .bss                zero     0x2001373c     0x14  tasks.o [1]
  .bss                zero     0x20013750     0x14  tasks.o [1]
  .bss                zero     0x20013764     0x14  tasks.o [1]
  .bss                zero     0x20013778     0x14  tasks.o [1]
  .bss                zero     0x2001378c     0x10  services.o [1]
  .bss                zero     0x2001379c      0xc  ff.o [1]
  .bss                zero     0x200137a8      0xc  ff_gen_drv.o [1]
  .bss                zero     0x200137b4      0xc  scheduling_service.o [1]
  .bss                zero     0x200137c0      0x8  heap_4.o [1]
  .bss                zero     0x200137c8      0x8  obc.o [1]
  .bss                zero     0x200137d0      0x8  xxmemxmalloc.o [3]
  .bss                zero     0x200137d8      0x4  fatfs.o [1]
  .bss                zero     0x200137dc      0x4  ff.o [1]
  .bss                zero     0x200137e0      0x4  heap_4.o [1]
  .bss                zero     0x200137e4      0x4  heap_4.o [1]
  .bss                zero     0x200137e8      0x4  heap_4.o [1]
  .bss                zero     0x200137ec      0x4  heap_4.o [1]
  .bss                zero     0x200137f0      0x4  main.o [1]
  .bss                zero     0x200137f4      0x4  main.o [1]
  .bss                zero     0x200137f8      0x4  main.o [1]
  .bss                zero     0x200137fc      0x4  main.o [1]
  .bss                zero     0x20013800      0x4  port.o [1]
  .bss                zero     0x20013804      0x4  stm32f4xx_hal.o [1]
  .bss                zero     0x20013808      0x4  tasks.o [1]
  .bss                zero     0x2001380c      0x4  tasks.o [1]
  .bss                zero     0x20013810      0x4  tasks.o [1]
  .bss                zero     0x20013814      0x4  tasks.o [1]
  .bss                zero     0x20013818      0x4  tasks.o [1]
  .bss                zero     0x2001381c      0x4  tasks.o [1]
  .bss                zero     0x20013820      0x4  tasks.o [1]
  .bss                zero     0x20013824      0x4  tasks.o [1]
  .bss                zero     0x20013828      0x4  tasks.o [1]
  .bss                zero     0x2001382c      0x4  tasks.o [1]
  .bss                zero     0x20013830      0x4  tasks.o [1]
  .bss                zero     0x20013834      0x4  tasks.o [1]
  .bss                zero     0x20013838      0x4  tasks.o [1]
  .bss                zero     0x2001383c      0x4  xgetmemchunk.o [3]
  .bss                zero     0x20013840      0x2  ff.o [1]
  .bss                zero     0x20013842      0x2  obc_hal.o [1]
  .bss                zero     0x20013844      0x2  su_mnlp.o [1]
  .bss                zero     0x20013846      0x2  su_mnlp.o [1]
  .bss                zero     0x20013848      0x1  fatfs.o [1]
  .bss                zero     0x20013849      0x1  port.o [1]
  .bss                zero     0x2001384a      0x1  su_mnlp.o [1]
  .bss                zero     0x2001384b      0x1  su_mnlp.o [1]
  .bss                zero     0x2001384c      0x1  su_mnlp.o [1]
  .bss                zero     0x2001384d      0x1  su_mnlp.o [1]
  .bss                zero     0x2001384e      0x1  su_mnlp.o [1]
                             - 0x2001384f  0x1313f


*******************************************************************************
*** INIT TABLE
***

          Address     Size
          -------     ----
Zero (__iar_zero_init3)
    1 destination range, total size 0x1313f:
          0x20000710  0x1313f

Copy/packbits (__iar_packbits_init_single3)
    1 source range, total size 0x18 (8% of destination):
          0x080137fc     0x18
    1 destination range, total size 0x10e:
          0x20000000    0x10e



*******************************************************************************
*** MODULE SUMMARY
***

    Module                         ro code  ro data  rw data
    ------                         -------  -------  -------
E:\cubesat_firmware\upsat-obc-software\cubeMX\obc\EWARM\obc_pinout\Obj: [1]
    bsp_driver_sd.o                    208
    cmsis_os.o                         444
    diskio.o                           248
    event_reporting_service.o          248       40
    fatfs.o                             32                 5
    ff.o                            10 180      144       18
    ff_gen_drv.o                       112                12
    function_management_service.o      204      180
    heap_4.o                           640        4   15 384
    hldlc.o                            516      208
    housekeeping.o                     202
    housekeeping_service.o             312      232
    large_data_service.o             4 404      904       28
    list.o                             158
    main.o                           2 808      192    1 528
    mass_storage_service.o           5 956    1 552      584
    obc.o                            1 132      256   18 492
    obc_hal.o                        1 048                 2
    pkt_pool.o                         232       68   16 504
    port.o                             600        4        9
    portasm.o                          168
    power_ctrl.o                       156      132
    queue.o                          2 036                64
    scheduling_service.o             1 704      760    8 548
    sd_diskio.o                        292       20        1
    service_utilities.o              1 984      944
    services.o                         104    1 040       16
    startup_stm32f405xx.o              696
    stm32f4xx_hal.o                    112                 4
    stm32f4xx_hal_adc.o                872
    stm32f4xx_hal_cortex.o             348
    stm32f4xx_hal_dma.o                820        8
    stm32f4xx_hal_gpio.o               576
    stm32f4xx_hal_msp.o              1 528
    stm32f4xx_hal_pwr.o                 24
    stm32f4xx_hal_pwr_ex.o              64
    stm32f4xx_hal_rcc.o              1 612       16
    stm32f4xx_hal_rcc_ex.o             376
    stm32f4xx_hal_rtc.o              1 074
    stm32f4xx_hal_rtc_ex.o              84
    stm32f4xx_hal_sd.o               5 420
    stm32f4xx_hal_spi.o                928
    stm32f4xx_hal_tim.o                744
    stm32f4xx_hal_tim_ex.o               4
    stm32f4xx_hal_timebase_TIM.o       162                60
    stm32f4xx_hal_uart.o             2 416
    stm32f4xx_it.o                     208
    stm32f4xx_ll_sdmmc.o               208
    su_mnlp.o                        2 156    1 405   16 586
    syscall.o                           98        4
    system_stm32f4xx.o                 108                 4
    tasks.o                          3 296        9      296
    test_service.o                     224      172
    time_management.o                  154    1 320
    verification_service.o             416      204
    --------------------------------------------------------
    Total:                          60 856    9 818   78 145

command line: [2]
    --------------------------------------------------------
    Total:

dl7M_tlf.a: [3]
    div.o                               14
    errno.o                             12                 4
    exit.o                               4
    isxxx.o                             20
    localeconv.o                       108       12      136
    low_level_init.o                     4
    setlocale.o                         36       10      116
    snprintf.o                          68
    sprintf.o                           52
    strnlen.o                           22
    strtol.o                             6
    tolower.o                           20
    xencoding_sb.o                      96
    xgetmemchunk.o                      44                 4
    xlocale_c.o                         32
    xmbcurmax.o                         10
    xmbtowc.o                           32
    xprintffull.o                    4 454
    xsnprout.o                          26
    xsprout.o                           10
    xstol.o                            136
    xstoul.o                           404
    xtls.o                               2
    xwctomb.o                           26
    xxmemxfree.o                       128
    xxmemxmalloc.o                     176                 8
    --------------------------------------------------------
    Total:                           5 942       22      268

m7M_tls.a: [4]
    DblAdd.o                           212
    DblCmpGe.o                          46
    DblCmpLe.o                          46
    DblDiv.o                           598
    DblMul.o                           418
    DblSub.o                           384
    DblToI32.o                          88
    I32ToDbl.o                          48
    fpinit_M.o                          34
    xdnorm.o                            66
    xdscale.o                          276
    --------------------------------------------------------
    Total:                           2 216

rt7M_tl.a: [5]
    ABImemcpy_unaligned.o              118
    ABImemset.o                        102
    I64DivMod.o                        238
    I64DivZer.o                          2
    cexit.o                             10
    cmain.o                             26
    cstartup_M.o                        12
    data_init.o                         40
    memchr.o                            88
    packbits_init_single.o              56
    strchr.o                            22
    strlen.o                            54
    strncpy_unaligned.o                108
    zero_init3.o                        64
    --------------------------------------------------------
    Total:                             940

shb_l.a: [6]
    exit.o                              20
    --------------------------------------------------------
    Total:                              20

    Gaps                                44        2
    Linker created                               32    1 536
------------------------------------------------------------
    Grand Total:                    70 018    9 874   79 949


*******************************************************************************
*** ENTRY LIST
***

Entry                      Address    Size  Type      Object
-----                      -------    ----  ----      ------
.iar.init_table$$Base   0x08012e7c           --   Gb  - Linker created -
.iar.init_table$$Limit  0x08012e9c           --   Gb  - Linker created -
?main                   0x08013169          Code  Gb  cmain.o [5]
ADC_Init                0x0800fe33   0x166  Code  Lc  stm32f4xx_hal_adc.o [1]
APBAHBPrescTable        0x08013578    0x10  Data  Gb  stm32f4xx_hal_rcc.o [1]
BSP_SD_GetCardInfo      0x08011631     0xe  Code  Gb  bsp_driver_sd.o [1]
BSP_SD_GetStatus        0x08011627     0xa  Code  Gb  bsp_driver_sd.o [1]
BSP_SD_Init             0x08011589    0x3e  Code  Gb  bsp_driver_sd.o [1]
BSP_SD_IsDetected       0x08011649    0x10  Code  Gb  bsp_driver_sd.o [1]
BSP_SD_ReadBlocks       0x080115c7    0x30  Code  Gb  bsp_driver_sd.o [1]
BSP_SD_WriteBlocks      0x080115f7    0x30  Code  Gb  bsp_driver_sd.o [1]
CSTACK$$Base            0x20000110           --   Gb  - Linker created -
CSTACK$$Limit           0x20000510           --   Gb  - Linker created -
DMA1_Stream3_IRQHandler
                        0x08011769     0xa  Code  Gb  stm32f4xx_it.o [1]
DMA1_Stream4_IRQHandler
                        0x08011773     0xa  Code  Gb  stm32f4xx_it.o [1]
DMA1_Stream6_IRQHandler
                        0x0801177d     0xa  Code  Gb  stm32f4xx_it.o [1]
DMA2_Stream6_IRQHandler
                        0x080117db     0xa  Code  Gb  stm32f4xx_it.o [1]
DMA2_Stream7_IRQHandler
                        0x080117e5     0xa  Code  Gb  stm32f4xx_it.o [1]
DMA_CalcBaseAndBitshift
                        0x0800cc33    0x2e  Code  Lc  stm32f4xx_hal_dma.o [1]
DMA_SetConfig           0x0800cc05    0x2e  Code  Lc  stm32f4xx_hal_dma.o [1]
ExCvt                   0x080118bc    0x80  Data  Lc  ff.o [1]
FATFS_LinkDriver        0x08002cf5    0x12  Code  Gb  ff_gen_drv.o [1]
FATFS_LinkDriverEx      0x08002c9d    0x58  Code  Gb  ff_gen_drv.o [1]
FatFs                   0x200137dc     0x4  Data  Lc  ff.o [1]
Files                   0x2001379c     0xc  Data  Lc  ff.o [1]
Fsid                    0x20013840     0x2  Data  Lc  ff.o [1]
HAL_ADC_ConfigChannel   0x0800fcaf   0x184  Code  Gb  stm32f4xx_hal_adc.o [1]
HAL_ADC_Init            0x0800fc49    0x66  Code  Gb  stm32f4xx_hal_adc.o [1]
HAL_ADC_MspInit         0x0800c38f    0x4c  Code  Gb  stm32f4xx_hal_msp.o [1]
HAL_DMA_IRQHandler      0x0800ca29   0x1dc  Code  Gb  stm32f4xx_hal_dma.o [1]
HAL_DMA_Init            0x0800c941    0x86  Code  Gb  stm32f4xx_hal_dma.o [1]
HAL_DMA_Start_IT        0x0800c9c7    0x62  Code  Gb  stm32f4xx_hal_dma.o [1]
HAL_Delay               0x0800ccc1    0x1a  Code  Wk  stm32f4xx_hal.o [1]
HAL_GPIO_Init           0x0800a4ad   0x1ee  Code  Gb  stm32f4xx_hal_gpio.o [1]
HAL_GPIO_WritePin       0x0800a69b    0x14  Code  Gb  stm32f4xx_hal_gpio.o [1]
HAL_GetTick             0x0800ccbb     0x6  Code  Wk  stm32f4xx_hal.o [1]
HAL_IncTick             0x0800ccaf     0xc  Code  Wk  stm32f4xx_hal.o [1]
HAL_Init                0x0800cc75    0x3a  Code  Gb  stm32f4xx_hal.o [1]
HAL_InitTick            0x0800d641    0x86  Code  Gb  stm32f4xx_hal_timebase_TIM.o [1]
HAL_MspInit             0x0800c349    0x46  Code  Gb  stm32f4xx_hal_msp.o [1]
HAL_NVIC_EnableIRQ      0x0800d5e7     0xe  Code  Gb  stm32f4xx_hal_cortex.o [1]
HAL_NVIC_SetPriority    0x0800d5c1    0x26  Code  Gb  stm32f4xx_hal_cortex.o [1]
HAL_NVIC_SetPriorityGrouping
                        0x0800d5b5     0xc  Code  Gb  stm32f4xx_hal_cortex.o [1]
HAL_OBC_SU_UART_IRQHandler
                        0x08008291    0x2e  Code  Gb  obc_hal.o [1]
HAL_OBC_UART_IRQHandler
                        0x08008193    0x2e  Code  Gb  obc_hal.o [1]
HAL_PWREx_EnableBkUpReg
                        0x0800b4a9    0x36  Code  Gb  stm32f4xx_hal_pwr_ex.o [1]
HAL_PWR_EnableBkUpAccess
                        0x0800b491    0x12  Code  Gb  stm32f4xx_hal_pwr.o [1]
HAL_RCCEx_PeriphCLKConfig
                        0x0800fad1   0x14e  Code  Gb  stm32f4xx_hal_rcc_ex.o [1]
HAL_RCC_ClockConfig     0x0800d01d   0x18a  Code  Gb  stm32f4xx_hal_rcc.o [1]
HAL_RCC_GetClockConfig  0x0800d2b3    0x3a  Code  Gb  stm32f4xx_hal_rcc.o [1]
HAL_RCC_GetHCLKFreq     0x0800d24b    0x28  Code  Gb  stm32f4xx_hal_rcc.o [1]
HAL_RCC_GetPCLK1Freq    0x0800d273    0x20  Code  Gb  stm32f4xx_hal_rcc.o [1]
HAL_RCC_GetPCLK2Freq    0x0800d293    0x20  Code  Gb  stm32f4xx_hal_rcc.o [1]
HAL_RCC_GetSysClockFreq
                        0x0800d1a7    0xa4  Code  Wk  stm32f4xx_hal_rcc.o [1]
HAL_RCC_OscConfig       0x0800cce5   0x338  Code  Wk  stm32f4xx_hal_rcc.o [1]
HAL_RTCEx_SetCalibrationOutPut
                        0x0800ffb1    0x54  Code  Gb  stm32f4xx_hal_rtc_ex.o [1]
HAL_RTC_GetDate         0x0800b393    0x50  Code  Gb  stm32f4xx_hal_rtc.o [1]
HAL_RTC_GetTime         0x0800b229    0x64  Code  Gb  stm32f4xx_hal_rtc.o [1]
HAL_RTC_Init            0x0800b05d    0xac  Code  Gb  stm32f4xx_hal_rtc.o [1]
HAL_RTC_MspInit         0x0800c3db    0x14  Code  Gb  stm32f4xx_hal_msp.o [1]
HAL_RTC_SetDate         0x0800b28d   0x106  Code  Gb  stm32f4xx_hal_rtc.o [1]
HAL_RTC_SetTime         0x0800b109   0x120  Code  Gb  stm32f4xx_hal_rtc.o [1]
HAL_RTC_WaitForSynchro  0x0800b3f1    0x34  Code  Gb  stm32f4xx_hal_rtc.o [1]
HAL_SD_GetStatus        0x0800e43d    0x26  Code  Gb  stm32f4xx_hal_sd.o [1]
HAL_SD_Get_CardInfo     0x0800e015   0x35e  Code  Gb  stm32f4xx_hal_sd.o [1]
HAL_SD_IRQHandler       0x0800df5b    0xb6  Code  Gb  stm32f4xx_hal_sd.o [1]
HAL_SD_Init             0x0800d9dd    0xb6  Code  Gb  stm32f4xx_hal_sd.o [1]
HAL_SD_MspInit          0x0800c3ef    0x84  Code  Gb  stm32f4xx_hal_msp.o [1]
HAL_SD_ReadBlocks       0x0800da93   0x212  Code  Gb  stm32f4xx_hal_sd.o [1]
HAL_SD_StopTransfer     0x0800e405    0x38  Code  Gb  stm32f4xx_hal_sd.o [1]
HAL_SD_WideBusOperation_Config
                        0x0800e373    0x92  Code  Gb  stm32f4xx_hal_sd.o [1]
HAL_SD_WriteBlocks      0x0800dca5   0x2b6  Code  Gb  stm32f4xx_hal_sd.o [1]
HAL_SD_XferCpltCallback
                        0x0800e011     0x2  Code  Wk  stm32f4xx_hal_sd.o [1]
HAL_SD_XferErrorCallback
                        0x0800e013     0x2  Code  Wk  stm32f4xx_hal_sd.o [1]
HAL_SPI_Init            0x08010005    0x9e  Code  Gb  stm32f4xx_hal_spi.o [1]
HAL_SPI_MspInit         0x0800c473    0xee  Code  Gb  stm32f4xx_hal_msp.o [1]
HAL_SPI_TransmitReceive
                        0x080100a3   0x23e  Code  Gb  stm32f4xx_hal_spi.o [1]
HAL_SYSTICK_CLKSourceConfig
                        0x0800d601    0x20  Code  Gb  stm32f4xx_hal_cortex.o [1]
HAL_SYSTICK_Config      0x0800d5f5     0xc  Code  Gb  stm32f4xx_hal_cortex.o [1]
HAL_TIMEx_BreakCallback
                        0x0800d9db     0x2  Code  Wk  stm32f4xx_hal_tim_ex.o [1]
HAL_TIMEx_CommutationCallback
                        0x0800d9d9     0x2  Code  Wk  stm32f4xx_hal_tim_ex.o [1]
HAL_TIM_Base_Init       0x0800d6f1    0x38  Code  Gb  stm32f4xx_hal_tim.o [1]
HAL_TIM_Base_MspInit    0x0800d729     0x2  Code  Wk  stm32f4xx_hal_tim.o [1]
HAL_TIM_Base_Start_IT   0x0800d72b    0x1e  Code  Gb  stm32f4xx_hal_tim.o [1]
HAL_TIM_IC_CaptureCallback
                        0x0800d8c1     0x2  Code  Wk  stm32f4xx_hal_tim.o [1]
HAL_TIM_IRQHandler      0x0800d749   0x176  Code  Gb  stm32f4xx_hal_tim.o [1]
HAL_TIM_OC_DelayElapsedCallback
                        0x0800d8bf     0x2  Code  Wk  stm32f4xx_hal_tim.o [1]
HAL_TIM_PWM_PulseFinishedCallback
                        0x0800d8c3     0x2  Code  Wk  stm32f4xx_hal_tim.o [1]
HAL_TIM_PeriodElapsedCallback
                        0x0800d6d9     0xa  Code  Gb  stm32f4xx_hal_timebase_TIM.o [1]
HAL_TIM_TriggerCallback
                        0x0800d8c5     0x2  Code  Wk  stm32f4xx_hal_tim.o [1]
HAL_UART_ErrorCallback  0x0800aaa5     0x2  Code  Wk  stm32f4xx_hal_uart.o [1]
HAL_UART_IRQHandler     0x0800a931   0x16e  Code  Gb  stm32f4xx_hal_uart.o [1]
HAL_UART_Init           0x0800a6ed    0x76  Code  Gb  stm32f4xx_hal_uart.o [1]
HAL_UART_MspInit        0x0800c561   0x370  Code  Gb  stm32f4xx_hal_msp.o [1]
HAL_UART_Receive_IT     0x0800a831    0x70  Code  Gb  stm32f4xx_hal_uart.o [1]
HAL_UART_RxCpltCallback
                        0x0800aaa3     0x2  Code  Wk  stm32f4xx_hal_uart.o [1]
HAL_UART_Transmit       0x0800a763    0xce  Code  Gb  stm32f4xx_hal_uart.o [1]
HAL_UART_Transmit_DMA   0x0800a8a1    0x90  Code  Gb  stm32f4xx_hal_uart.o [1]
HAL_UART_TxCpltCallback
                        0x0800aa9f     0x2  Code  Wk  stm32f4xx_hal_uart.o [1]
HAL_UART_TxHalfCpltCallback
                        0x0800aaa1     0x2  Code  Wk  stm32f4xx_hal_uart.o [1]
HAL_obc_BKPSRAM_BASE    0x0800844d     0x4  Code  Gb  obc_hal.o [1]
HAL_obc_IAC_ON          0x080080a5    0x10  Code  Gb  obc_hal.o [1]
HAL_obc_SD_OFF          0x08008093    0x12  Code  Gb  obc_hal.o [1]
HAL_obc_SD_ON           0x08008081    0x12  Code  Gb  obc_hal.o [1]
HAL_obc_enableBkUpAccess
                        0x08008425    0x28  Code  Gb  obc_hal.o [1]
HAL_reset_source        0x08008351    0x82  Code  Gb  obc_hal.o [1]
HAL_su_uart_rx          0x08008331    0x20  Code  Gb  obc_hal.o [1]
HAL_su_uart_tx          0x0800831b    0x16  Code  Gb  obc_hal.o [1]
HAL_sys_delay           0x08008075     0xc  Code  Gb  obc_hal.o [1]
HAL_sys_getDate         0x080083fd    0x28  Code  Gb  obc_hal.o [1]
HAL_sys_getTime         0x080083d3    0x2a  Code  Gb  obc_hal.o [1]
HAL_uart_rx             0x08008115    0x7e  Code  Gb  obc_hal.o [1]
HAL_uart_tx             0x080080b5    0x60  Code  Gb  obc_hal.o [1]
HEAP$$Base              0x20000510           --   Gb  - Linker created -
HEAP$$Limit             0x20000710           --   Gb  - Linker created -
HLDLC_deframe           0x0800848d   0x108  Code  Gb  hldlc.o [1]
HLDLC_frame             0x08008595    0xe4  Code  Gb  hldlc.o [1]
IDLE_task               0x0800fac5     0xc  Code  Gb  main.o [1]
LD_status               0x2001370c    0x1c  Data  Gb  large_data_service.o [1]
LoadInt                 0x08008fef    0x6e  Code  Lc  xprintffull.o [3]
MS_data                 0x20012d10   0x248  Data  Gb  mass_storage_service.o [1]
MX_ADC1_Init            0x0800f137    0x80  Code  Lc  main.o [1]
MX_DMA_Init             0x0800f579    0x98  Code  Lc  main.o [1]
MX_FATFS_Init           0x08002ac1    0x10  Code  Gb  fatfs.o [1]
MX_GPIO_Init            0x0800f611   0x126  Code  Lc  main.o [1]
MX_RTC_Init             0x0800f1b7    0xa0  Code  Lc  main.o [1]
MX_SDIO_SD_Init         0x0800f257    0x3c  Code  Lc  main.o [1]
MX_SPI1_Init            0x0800f293    0x72  Code  Lc  main.o [1]
MX_SPI2_Init            0x0800f305    0x72  Code  Lc  main.o [1]
MX_SPI3_Init            0x0800f377    0x72  Code  Lc  main.o [1]
MX_UART4_Init           0x0800f3e9    0x50  Code  Lc  main.o [1]
MX_USART1_UART_Init     0x0800f439    0x50  Code  Lc  main.o [1]
MX_USART2_UART_Init     0x0800f489    0x50  Code  Lc  main.o [1]
MX_USART3_UART_Init     0x0800f4d9    0x50  Code  Lc  main.o [1]
MX_USART6_UART_Init     0x0800f529    0x50  Code  Lc  main.o [1]
NVIC_EnableIRQ          0x0800d50d    0x14  Code  Lc  stm32f4xx_hal_cortex.o [1]
NVIC_EncodePriority     0x0800d547    0x3e  Code  Lc  stm32f4xx_hal_cortex.o [1]
NVIC_GetPriorityGrouping
                        0x0800d503     0xa  Code  Lc  stm32f4xx_hal_cortex.o [1]
NVIC_SetPriority        0x0800d521    0x26  Code  Lc  stm32f4xx_hal_cortex.o [1]
NVIC_SetPriorityGrouping
                        0x0800d4e5    0x1e  Code  Lc  stm32f4xx_hal_cortex.o [1]
PendSV_Handler          0x08004841          Code  Gb  portasm.o [1]
RTC_Bcd2ToByte          0x0800b473    0x1c  Code  Gb  stm32f4xx_hal_rtc.o [1]
RTC_ByteToBcd2          0x0800b45d    0x16  Code  Gb  stm32f4xx_hal_rtc.o [1]
RTC_EnterInitMode       0x0800b425    0x38  Code  Gb  stm32f4xx_hal_rtc.o [1]
Region$$Table$$Base     0x08012e7c           --   Gb  - Linker created -
Region$$Table$$Limit    0x08012e9c           --   Gb  - Linker created -
SDCardInfo              0x200131d0    0x58  Data  Gb  main.o [1]
SDIO_DataConfig         0x0800efa1    0x2e  Code  Gb  stm32f4xx_ll_sdmmc.o [1]
SDIO_GetCommandResponse
                        0x0800ef85     0x6  Code  Gb  stm32f4xx_ll_sdmmc.o [1]
SDIO_GetPowerState      0x0800ef53     0x8  Code  Gb  stm32f4xx_ll_sdmmc.o [1]
SDIO_GetResponse        0x0800ef8b    0x16  Code  Gb  stm32f4xx_ll_sdmmc.o [1]
SDIO_IRQHandler         0x080117c1     0xa  Code  Gb  stm32f4xx_it.o [1]
SDIO_Init               0x0800ef09    0x2e  Code  Gb  stm32f4xx_ll_sdmmc.o [1]
SDIO_PowerState_ON      0x0800ef49     0xa  Code  Gb  stm32f4xx_ll_sdmmc.o [1]
SDIO_ReadFIFO           0x0800ef37     0x6  Code  Gb  stm32f4xx_ll_sdmmc.o [1]
SDIO_SendCommand        0x0800ef5b    0x2a  Code  Gb  stm32f4xx_ll_sdmmc.o [1]
SDIO_WriteFIFO          0x0800ef3d     0xc  Code  Gb  stm32f4xx_ll_sdmmc.o [1]
SD_CmdError             0x0800e7af    0x4a  Code  Lc  stm32f4xx_hal_sd.o [1]
SD_CmdResp1Error        0x0800e86d   0x114  Code  Lc  stm32f4xx_hal_sd.o [1]
SD_CmdResp2Error        0x0800e9b9    0x46  Code  Lc  stm32f4xx_hal_sd.o [1]
SD_CmdResp3Error        0x0800e989    0x30  Code  Lc  stm32f4xx_hal_sd.o [1]
SD_CmdResp6Error        0x0800e9ff    0xa4  Code  Lc  stm32f4xx_hal_sd.o [1]
SD_CmdResp7Error        0x0800e7f9    0x74  Code  Lc  stm32f4xx_hal_sd.o [1]
SD_Driver               0x080134dc    0x14  Data  Gb  sd_diskio.o [1]
SD_FindSCR              0x0800ec03   0x190  Code  Lc  stm32f4xx_hal_sd.o [1]
SD_GetState             0x0800e463    0x24  Code  Lc  stm32f4xx_hal_sd.o [1]
SD_Initialize_Cards     0x0800e487   0x118  Code  Lc  stm32f4xx_hal_sd.o [1]
SD_IsCardProgramming    0x0800ed93   0x16a  Code  Lc  stm32f4xx_hal_sd.o [1]
SD_Path                 0x200137d8     0x4  Data  Gb  fatfs.o [1]
SD_PowerON              0x0800e5d9   0x176  Code  Lc  stm32f4xx_hal_sd.o [1]
SD_Select_Deselect      0x0800e59f    0x3a  Code  Lc  stm32f4xx_hal_sd.o [1]
SD_SendStatus           0x0800e751    0x5e  Code  Lc  stm32f4xx_hal_sd.o [1]
SD_WideBus_Disable      0x0800eb53    0xb0  Code  Lc  stm32f4xx_hal_sd.o [1]
SD_WideBus_Enable       0x0800eaa3    0xb0  Code  Lc  stm32f4xx_hal_sd.o [1]
SD_initialize           0x08011465    0x24  Code  Gb  sd_diskio.o [1]
SD_ioctl                0x08011519    0x6a  Code  Gb  sd_diskio.o [1]
SD_read                 0x080114ad    0x36  Code  Gb  sd_diskio.o [1]
SD_status               0x08011489    0x24  Code  Gb  sd_diskio.o [1]
SD_write                0x080114e3    0x36  Code  Gb  sd_diskio.o [1]
SPI_CheckFlag_BSY       0x08010379    0x2c  Code  Lc  stm32f4xx_hal_spi.o [1]
SPI_WaitFlagStateUntilTimeout
                        0x080102e1    0x98  Code  Lc  stm32f4xx_hal_spi.o [1]
SUHandle                0x200137f4     0x4  Data  Gb  main.o [1]
SU_SCH_task             0x0800fab5    0x10  Code  Gb  main.o [1]
SVC_Handler             0x08004899          Code  Gb  portasm.o [1]
Stat                    0x2000010c     0x1  Data  Lc  sd_diskio.o [1]
SysTick_Config          0x0800d585    0x30  Code  Lc  stm32f4xx_hal_cortex.o [1]
SysTick_Handler         0x08011761     0x8  Code  Gb  stm32f4xx_it.o [1]
SystemClock_Config      0x0800f06d    0xca  Code  Gb  main.o [1]
SystemCoreClock         0x20000004     0x4  Data  Gb  system_stm32f4xx.o [1]
SystemInit              0x08011a2d    0x4c  Code  Gb  system_stm32f4xx.o [1]
TIM1_UP_TIM10_IRQHandler
                        0x08011787     0xa  Code  Gb  stm32f4xx_it.o [1]
TIM_Base_SetConfig      0x0800d8c7    0xe6  Code  Gb  stm32f4xx_hal_tim.o [1]
UART4_IRQHandler        0x080117cb    0x10  Code  Gb  stm32f4xx_it.o [1]
UART_DMAError           0x0800aaed    0x2a  Code  Lc  stm32f4xx_hal_uart.o [1]
UART_DMATransmitCplt    0x0800aaa9    0x34  Code  Lc  stm32f4xx_hal_uart.o [1]
UART_DMATxHalfCplt      0x0800aadd     0xe  Code  Lc  stm32f4xx_hal_uart.o [1]
UART_EndTransmit_IT     0x0800ac73    0x20  Code  Lc  stm32f4xx_hal_uart.o [1]
UART_OBC_Receive_IT     0x080081c1    0xd0  Code  Gb  obc_hal.o [1]
UART_OBC_SU_Receive_IT  0x080082bf    0x5c  Code  Gb  obc_hal.o [1]
UART_Receive_IT         0x0800ac93    0xac  Code  Lc  stm32f4xx_hal_uart.o [1]
UART_SetConfig          0x0800ad3f   0x312  Code  Lc  stm32f4xx_hal_uart.o [1]
UART_Transmit_IT        0x0800ac05    0x6e  Code  Lc  stm32f4xx_hal_uart.o [1]
UART_WaitOnFlagUntilTimeout
                        0x0800ab17    0xee  Code  Lc  stm32f4xx_hal_uart.o [1]
UART_task               0x0800f737   0x2be  Code  Gb  main.o [1]
USART1_IRQHandler       0x08011791    0x10  Code  Gb  stm32f4xx_it.o [1]
USART2_IRQHandler       0x080117a1    0x10  Code  Gb  stm32f4xx_it.o [1]
USART3_IRQHandler       0x080117b1    0x10  Code  Gb  stm32f4xx_it.o [1]
USART6_IRQHandler       0x080117ef    0x10  Code  Gb  stm32f4xx_it.o [1]
UTC_QB50_D              0x0801193c    0x80  Data  Gb  time_management.o [1]
UTC_QB50_H              0x08011a98    0x64  Data  Gb  time_management.o [1]
UTC_QB50_YM             0x08010c10   0x444  Data  Gb  time_management.o [1]
_EncodingSb_Mbtowc      0x0800d39b    0x30  Code  Gb  xencoding_sb.o [3]
_EncodingSb_Wctomb      0x0800d381    0x1a  Code  Gb  xencoding_sb.o [3]
_GenldFull              0x08009873   0x24c  Code  Lc  xprintffull.o [3]
_IsdstStr               0x2000009c     0x4  Data  Gb  setlocale.o [3]
_LdtobFull              0x08009471   0x3fc  Code  Lc  xprintffull.o [3]
_LitobFull              0x08009369   0x106  Code  Lc  xprintffull.o [3]
_LocaleC_isspace        0x0800d355    0x14  Code  Gb  xlocale_c.o [3]
_LocaleC_tolower        0x0800d6e3     0xc  Code  Gb  xlocale_c.o [3]
_LocaleEncoding         0x0800d343     0xe  Code  Gb  setlocale.o [3]
_LocaleForCat           0x0800d331    0x12  Code  Gb  setlocale.o [3]
_LocaleReturnString     0x200000bc    0x50  Data  Lc  setlocale.o [3]
_Locale_Profile         0x200000a0    0x1c  Data  Gb  setlocale.o [3]
_Locale_aeabi_lconv     0x2000005c    0x38  Data  Gb  localeconv.o [3]
_Locale_lconv           0x2000000c    0x50  Data  Gb  localeconv.o [3]
_Mbtowc                 0x0800b69d    0x20  Code  Gb  xmbtowc.o [3]
_PrintfFull             0x080089a1   0x638  Code  Gb  xprintffull.o [3]
_PutcharsFull           0x08009abf    0x2e  Code  Lc  xprintffull.o [3]
_PutstrFull             0x0800905d   0x306  Code  Lc  xprintffull.o [3]
_SNProut                0x080029af    0x1a  Code  Gb  xsnprout.o [3]
_SProut                 0x080044d7     0xa  Code  Gb  xsprout.o [3]
_TzoneStr               0x20000098     0x4  Data  Gb  setlocale.o [3]
_Wctomb                 0x0800b821    0x1a  Code  Gb  xwctomb.o [3]
__aeabi_cdcmple         0x0800b9ed          Code  Gb  DblCmpLe.o [4]
__aeabi_cdrcmple        0x0800ba1d          Code  Gb  DblCmpGe.o [4]
__aeabi_d2iz            0x0800bb61          Code  Gb  DblToI32.o [4]
__aeabi_d2uiz           0x0800bb8d          Code  Gb  DblToI32.o [4]
__aeabi_ddiv            0x0800bf0d          Code  Gb  DblDiv.o [4]
__aeabi_dmul            0x0800bd69          Code  Gb  DblMul.o [4]
__aeabi_dsub            0x0800bbe9          Code  Gb  DblSub.o [4]
__aeabi_errno_addr      0x0800b691     0x6  Code  Gb  errno.o [3]
__aeabi_i2d             0x0800bbb9          Code  Gb  I32ToDbl.o [4]
__aeabi_ldiv0           0x0800d40d          Code  Gb  I64DivZer.o [5]
__aeabi_memset          0x08004761          Code  Gb  ABImemset.o [5]
__aeabi_ui2d            0x0800bbcd          Code  Gb  I32ToDbl.o [4]
__aeabi_uldivmod        0x0800b8bd          Code  Gb  I64DivMod.o [5]
__cmain                 0x08013169          Code  Gb  cmain.o [5]
__data_Aldata           0x200137d0     0x8  Data  Gb  xxmemxmalloc.o [3]
__data_GetMemChunk      0x0800d3e1    0x2c  Code  Gb  xgetmemchunk.o [3]
__exit                  0x08013199    0x14  Code  Gb  exit.o [6]
__iar_Dnorm             0x0800b9ab    0x42  Code  Gb  xdnorm.o [4]
__iar_Dscale            0x0800ba4d   0x114  Code  Gb  xdscale.o [4]
__iar_Errno             0x20000094     0x4  Data  Gb  errno.o [3]
__iar_Locale_lconv_init
                        0x0800c165    0x3a  Code  Gb  localeconv.o [3]
__iar_Mbcurmax          0x0800b765     0xa  Code  Gb  xmbcurmax.o [3]
__iar_Memchr            0x0800b70d          Code  Gb  memchr.o [5]
__iar_Memset            0x08004761          Code  Gb  ABImemset.o [5]
__iar_Memset_word       0x08004769          Code  Gb  ABImemset.o [5]
__iar_Stolx             0x08008919    0x88  Code  Gb  xstol.o [3]
__iar_Stoulx            0x0800b4fd   0x13e  Code  Gb  xstoul.o [3]
__iar_Strchr            0x0800b6bd          Code  Gb  strchr.o [5]
__iar_d2uiz             0x0800bb99          Code  Gb  DblToI32.o [4]
__iar_dadd              0x0800d411          Code  Gb  DblAdd.o [4]
__iar_data_init3        0x08012b85    0x28  Code  Gb  data_init.o [5]
__iar_dlib_perthread_access
                        0x0800d37d     0x2  Code  Gb  xtls.o [3]
__iar_dsub              0x0800bbfd          Code  Gb  DblSub.o [4]
__iar_dsubStart         0x0800bc0f          Code  Gb  DblSub.o [4]
__iar_init_vfp          0x08012e59          Code  Gb  fpinit_M.o [4]
__iar_packbits_init_single3
                        0x080122c9    0x38  Code  Gb  packbits_init_single.o [5]
__iar_program_start     0x0801367d          Code  Gb  cstartup_M.o [5]
__iar_ui2d              0x0800bbd1          Code  Gb  I32ToDbl.o [4]
__iar_unaligned___aeabi_memcpy
                        0x080047c9          Code  Gb  ABImemcpy_unaligned.o [5]
__iar_unaligned___aeabi_memcpy4
                        0x080047e9          Code  Gb  ABImemcpy_unaligned.o [5]
__iar_unaligned___aeabi_memcpy8
                        0x080047e9          Code  Gb  ABImemcpy_unaligned.o [5]
__iar_unaligned_strncpy
                        0x08007989          Code  Gb  strncpy_unaligned.o [5]
__iar_zero_init3        0x0801207d    0x40  Code  Gb  zero_init3.o [5]
__low_level_init        0x08013183     0x4  Code  Gb  low_level_init.o [3]
__vector_table          0x08000000          Data  Gb  startup_stm32f405xx.o [1]
_call_main              0x08013175          Code  Gb  cmain.o [5]
_exit                   0x0801318d          Code  Gb  cexit.o [5]
_main                   0x0801317f          Code  Gb  cmain.o [5]
active_script           0x2001384e     0x1  Data  Gb  su_mnlp.o [1]
bkup_sram_INIT          0x08007c39    0xbc  Code  Gb  obc.o [1]
checkSum                0x08006105    0x76  Code  Gb  service_utilities.o [1]
check_fs                0x0800119f    0x82  Code  Lc  ff.o [1]
chk_chr                 0x080001df    0x14  Code  Lc  ff.o [1]
chk_lock                0x0800022d    0x90  Code  Lc  ff.o [1]
clear_lock              0x08000417    0x2c  Code  Lc  ff.o [1]
clmt_clust              0x08000a17    0x3e  Code  Lc  ff.o [1]
clust2sect              0x080005e1    0x20  Code  Gb  ff.o [1]
cnv16_8                 0x080060b5    0x16  Code  Gb  service_utilities.o [1]
cnv32_8                 0x08006095    0x20  Code  Gb  service_utilities.o [1]
cnv8_16                 0x080060ed    0x18  Code  Gb  service_utilities.o [1]
cnv8_32                 0x080060cb    0x22  Code  Gb  service_utilities.o [1]
cnv_UTC_QB50            0x08007ee1    0x46  Code  Gb  time_management.o [1]
copy_inner_tc           0x08009eed   0x2d8  Code  Gb  scheduling_service.o [1]
create_chain            0x08000919    0xfe  Code  Lc  ff.o [1]
create_name             0x08000f85   0x12e  Code  Lc  ff.o [1]
crt_pkt                 0x08006705    0xd4  Code  Gb  service_utilities.o [1]
current_ss_pointer      0x20013846     0x2  Data  Gb  su_mnlp.o [1]
current_tt_pointer      0x20013844     0x2  Data  Gb  su_mnlp.o [1]
dec_lock                0x080003c1    0x56  Code  Lc  ff.o [1]
digits                  0x0800b640    0x28  Data  Lc  xstoul.o [3]
dir_alloc               0x08000ca9    0x6e  Code  Lc  ff.o [1]
dir_find                0x08000d59    0x70  Code  Lc  ff.o [1]
dir_next                0x08000b31   0x178  Code  Lc  ff.o [1]
dir_read                0x08000dc9    0xa2  Code  Lc  ff.o [1]
dir_register            0x08000e6b    0x52  Code  Lc  ff.o [1]
dir_remove              0x08000ebd    0x4e  Code  Lc  ff.o [1]
dir_sdi                 0x08000a55    0xdc  Code  Lc  ff.o [1]
disk                    0x200137a8     0xc  Data  Gb  ff_gen_drv.o [1]
disk_initialize         0x080029eb    0x36  Code  Gb  diskio.o [1]
disk_ioctl              0x08002a91    0x2c  Code  Gb  diskio.o [1]
disk_read               0x08002a21    0x38  Code  Gb  diskio.o [1]
disk_status             0x080029c9    0x22  Code  Gb  diskio.o [1]
disk_write              0x08002a59    0x38  Code  Gb  diskio.o [1]
div                     0x0800c1d1     0xe  Code  Gb  div.o [3]
enable_disable_schedule_apid_release
                        0x08009e73    0x26  Code  Gb  scheduling_service.o [1]
enq_lock                0x080002bd    0x26  Code  Lc  ff.o [1]
err                     0x20013842     0x2  Data  Gb  obc_hal.o [1]
event_crt_pkt_api       0x08007f7d    0xf8  Code  Gb  event_reporting_service.o [1]
event_log               0x08007d27    0xe6  Code  Gb  obc.o [1]
exit                    0x08013187     0x4  Code  Gb  exit.o [3]
export_pkt              0x08006213    0x92  Code  Gb  service_utilities.o [1]
f_close                 0x08002053    0x48  Code  Gb  ff.o [1]
f_closedir              0x080025bd    0x42  Code  Gb  ff.o [1]
f_lseek                 0x0800209b   0x450  Code  Gb  ff.o [1]
f_mount                 0x080016d5    0x9a  Code  Gb  ff.o [1]
f_open                  0x0800178d   0x206  Code  Gb  ff.o [1]
f_opendir               0x080024eb    0xd2  Code  Gb  ff.o [1]
f_read                  0x08001993   0x2ba  Code  Gb  ff.o [1]
f_readdir               0x080025ff    0x82  Code  Gb  ff.o [1]
f_rename                0x080027dd   0x170  Code  Gb  ff.o [1]
f_stat                  0x08002681    0x5a  Code  Gb  ff.o [1]
f_sync                  0x08001f61    0xf2  Code  Gb  ff.o [1]
f_unlink                0x080026db   0x102  Code  Gb  ff.o [1]
f_write                 0x08001c4d   0x314  Code  Gb  ff.o [1]
ff_cre_syncobj          0x0800294d    0x28  Code  Gb  syscall.o [1]
ff_del_syncobj          0x08002979     0xe  Code  Gb  syscall.o [1]
ff_rel_grant            0x080029a3     0xc  Code  Gb  syscall.o [1]
ff_req_grant            0x08002987    0x1c  Code  Gb  syscall.o [1]
find_schedule_pos       0x0800a23d    0x2e  Code  Gb  scheduling_service.o [1]
find_volume             0x08001221   0x45e  Code  Lc  ff.o [1]
follow_path             0x080010b3    0x9c  Code  Lc  ff.o [1]
free                    0x0800b83d    0x7a  Code  Gb  xxmemxfree.o [3]
free_pkt                0x080086e7    0x4e  Code  Gb  pkt_pool.o [1]
function_management_app
                        0x08009c41    0xbc  Code  Gb  function_management_service.o [1]
get_fat                 0x08000601   0x11c  Code  Gb  ff.o [1]
get_fattime             0x08002add     0x4  Code  Gb  fatfs.o [1]
get_fileinfo            0x08000f0b    0x7a  Code  Lc  ff.o [1]
get_ldnumber            0x0800114f    0x50  Code  Lc  ff.o [1]
get_new_fileId          0x08007cf5    0x32  Code  Gb  obc.o [1]
get_pkt                 0x08008691    0x56  Code  Gb  pkt_pool.o [1]
get_time_QB50           0x08007f35    0x2c  Code  Gb  time_management.o [1]
get_time_UTC            0x08007f61    0x1a  Code  Gb  time_management.o [1]
hadc1                   0x200134e8    0x48  Data  Gb  main.o [1]
hdma_uart4_tx           0x20013330    0x58  Data  Gb  main.o [1]
hdma_usart1_tx          0x20013388    0x58  Data  Gb  main.o [1]
hdma_usart2_tx          0x200133e0    0x58  Data  Gb  main.o [1]
hdma_usart3_tx          0x20013438    0x58  Data  Gb  main.o [1]
hdma_usart6_tx          0x20013490    0x58  Data  Gb  main.o [1]
hk_app                  0x08009b09    0xb0  Code  Gb  housekeeping_service.o [1]
hk_crt_empty_pkt_TM     0x08009bb9    0x3e  Code  Gb  housekeeping_service.o [1]
hk_crt_pkt_TM           0x08009c0d    0x34  Code  Gb  housekeeping_service.o [1]
hk_parameters_report    0x0800c1e1    0x54  Code  Gb  housekeeping.o [1]
hk_report_parameters    0x0800c239    0x72  Code  Gb  housekeeping.o [1]
hrtc                    0x200136ec    0x20  Data  Gb  main.o [1]
hsd                     0x20013170    0x60  Data  Gb  main.o [1]
hspi1                   0x20013228    0x58  Data  Gb  main.o [1]
hspi2                   0x20013280    0x58  Data  Gb  main.o [1]
hspi3                   0x200132d8    0x58  Data  Gb  main.o [1]
htim1                   0x200136b0    0x3c  Data  Gb  stm32f4xx_hal_timebase_TIM.o [1]
huart1                  0x20013570    0x40  Data  Gb  main.o [1]
huart2                  0x200135b0    0x40  Data  Gb  main.o [1]
huart3                  0x200135f0    0x40  Data  Gb  main.o [1]
huart4                  0x20013530    0x40  Data  Gb  main.o [1]
huart6                  0x20013630    0x40  Data  Gb  main.o [1]
import_pkt              0x0800617b    0x98  Code  Gb  service_utilities.o [1]
inHandlerMode           0x08002af3    0x12  Code  Lc  cmsis_os.o [1]
inc_lock                0x080002e3    0xde  Code  Lc  ff.o [1]
isspace                 0x0800b4e9    0x14  Code  Gb  isxxx.o [3]
large_data_INIT         0x08007931    0x1a  Code  Gb  large_data_service.o [1]
large_data_abortPkt     0x080078b3    0x60  Code  Gb  large_data_service.o [1]
large_data_abort_api    0x08007913    0x1e  Code  Gb  large_data_service.o [1]
large_data_app          0x08006855    0xe2  Code  Gb  large_data_service.o [1]
large_data_downlinkPkt  0x080077f1    0x60  Code  Gb  large_data_service.o [1]
large_data_downlinkTx_api
                        0x080072c1   0x1cc  Code  Gb  large_data_service.o [1]
large_data_firstRx_api  0x08006937   0x1b6  Code  Gb  large_data_service.o [1]
large_data_intRx_api    0x08006aed   0x1ac  Code  Gb  large_data_service.o [1]
large_data_intTx_api    0x080074ad   0x1c4  Code  Gb  large_data_service.o [1]
large_data_lastRx_api   0x08006c99   0x1bc  Code  Gb  large_data_service.o [1]
large_data_reportTx_api
                        0x08007135   0x18c  Code  Gb  large_data_service.o [1]
large_data_retryRx_api  0x08006e55   0x1ac  Code  Gb  large_data_service.o [1]
large_data_retryTx_api  0x08007689   0x15c  Code  Gb  large_data_service.o [1]
large_data_standaloneRx_api
                        0x08007001   0x134  Code  Gb  large_data_service.o [1]
large_data_updatePkt    0x080077e5     0xc  Code  Gb  large_data_service.o [1]
large_data_verifyPkt    0x08007851    0x62  Code  Gb  large_data_service.o [1]
ld_clust                0x08000d17    0x2a  Code  Lc  ff.o [1]
localeconv              0x0800c19f    0x16  Code  Gb  localeconv.o [3]
lock_fs                 0x080001f3     0xe  Code  Lc  ff.o [1]
main                    0x0800efd9    0x94  Code  Gb  main.o [1]
makeFreeRtosPriority    0x08002ae1    0x12  Code  Lc  cmsis_os.o [1]
malloc                  0x0800b771    0xac  Code  Gb  xxmemxmalloc.o [3]
mass_storage_app        0x080048e9   0x100  Code  Gb  mass_storage_service.o [1]
mass_storage_delete_api
                        0x08004ac9   0x31c  Code  Gb  mass_storage_service.o [1]
mass_storage_delete_su_scr
                        0x080049e9    0xe0  Code  Gb  mass_storage_service.o [1]
mass_storage_downlinkLargeFile
                        0x0800512d   0x118  Code  Gb  mass_storage_service.o [1]
mass_storage_downlinkLogs
                        0x08004eb9   0x274  Code  Gb  mass_storage_service.o [1]
mass_storage_downlink_api
                        0x08004de5    0xd4  Code  Gb  mass_storage_service.o [1]
mass_storage_findLog    0x08005e41   0x15e  Code  Gb  mass_storage_service.o [1]
mass_storage_getFileName
                        0x08005fc1    0x18  Code  Gb  mass_storage_service.o [1]
mass_storage_getLog     0x08005d85    0xaa  Code  Gb  mass_storage_service.o [1]
mass_storage_init       0x08005fa9    0x18  Code  Gb  mass_storage_service.o [1]
mass_storage_report_api
                        0x08005715   0x21c  Code  Gb  mass_storage_service.o [1]
mass_storage_report_su_scr_api
                        0x08005945   0x1a6  Code  Gb  mass_storage_service.o [1]
mass_storage_storeLargeFile
                        0x0800532d   0x2e0  Code  Gb  mass_storage_service.o [1]
mass_storage_storeLogs  0x08005621    0xe0  Code  Gb  mass_storage_service.o [1]
mass_storage_store_api  0x08005245    0xc4  Code  Gb  mass_storage_service.o [1]
mass_storage_su_load_api
                        0x08005b05   0x24e  Code  Gb  mass_storage_service.o [1]
mem_cmp                 0x080001bb    0x24  Code  Lc  ff.o [1]
mem_cpy                 0x08000189    0x1c  Code  Lc  ff.o [1]
mem_set                 0x080001a5    0x16  Code  Lc  ff.o [1]
memchr                  0x0800b70d          Code  Gb  memchr.o [5]
move_window             0x080004b1    0x44  Code  Lc  ff.o [1]
ndigs                   0x0800b668    0x28  Data  Lc  xstoul.o [3]
obc_data                0x20000710  0x4834  Data  Gb  obc.o [1]
operations_scheduling_reset_schedule_api
                        0x08009e99    0x54  Code  Gb  scheduling_service.o [1]
osDelay                 0x08002b49    0x1c  Code  Gb  cmsis_os.o [1]
osKernelStart           0x08002b05     0xa  Code  Gb  cmsis_os.o [1]
osSemaphoreCreate       0x08002b65    0x2e  Code  Gb  cmsis_os.o [1]
osSemaphoreDelete       0x08002c6d    0x1a  Code  Gb  cmsis_os.o [1]
osSemaphoreRelease      0x08002c19    0x54  Code  Gb  cmsis_os.o [1]
osSemaphoreWait         0x08002b93    0x86  Code  Gb  cmsis_os.o [1]
osSystickHandler        0x08002c87    0x10  Code  Gb  cmsis_os.o [1]
osThreadCreate          0x08002b0f    0x3a  Code  Gb  cmsis_os.o [1]
pack_pkt                0x08006571   0x194  Code  Gb  service_utilities.o [1]
parse_sch_packet        0x0800a26b   0x1cc  Code  Gb  scheduling_service.o [1]
pcInterruptPriorityRegisters
                        0x080136d4     0x4  Data  Lc  port.o [1]
pkt_pool                0x20004f44  0x4078  Data  Gb  pkt_pool.o [1]
pkt_pool_INIT           0x08008735    0x38  Code  Gb  pkt_pool.o [1]
polulate_next_time_table
                        0x0801077b   0x138  Code  Gb  su_mnlp.o [1]
power_control_api       0x0800c2ad    0x9c  Code  Gb  power_ctrl.o [1]
prvAddCurrentTaskToDelayedList
                        0x0800355b    0x4e  Code  Lc  tasks.o [1]
prvAllocateTCBAndStack  0x080035b1    0x5a  Code  Lc  tasks.o [1]
prvCheckTasksWaitingTermination
                        0x080034f5    0x66  Code  Lc  tasks.o [1]
prvCopyDataFromQueue    0x080040d7    0x30  Code  Lc  queue.o [1]
prvCopyDataToQueue      0x0800403f    0x98  Code  Lc  queue.o [1]
prvDeleteTCB            0x0800360b    0x12  Code  Lc  tasks.o [1]
prvHeapInit             0x08004671    0x6e  Code  Lc  heap_4.o [1]
prvIdleTask             0x08003401    0x26  Code  Lc  tasks.o [1]
prvInitialiseTCBVariables
                        0x08003427    0x6c  Code  Lc  tasks.o [1]
prvInitialiseTaskLists  0x08003493    0x58  Code  Lc  tasks.o [1]
prvInsertBlockIntoFreeList
                        0x080046df    0x62  Code  Lc  heap_4.o [1]
prvIsQueueEmpty         0x08004171    0x20  Code  Lc  queue.o [1]
prvIsQueueFull          0x08004191    0x22  Code  Lc  queue.o [1]
prvResetNextTaskUnblockTime
                        0x0800361d    0x2a  Code  Lc  tasks.o [1]
prvTaskExitError        0x08004205    0x2a  Code  Lc  port.o [1]
prvUnlockQueue          0x08004107    0x6a  Code  Lc  queue.o [1]
put_fat                 0x0800071d   0x178  Code  Gb  ff.o [1]
pvPortMalloc            0x080044e1   0x118  Code  Gb  heap_4.o [1]
pvTaskIncrementMutexHeldCount
                        0x080037e9    0x1e  Code  Gb  tasks.o [1]
pxCurrentTCB            0x20013808     0x4  Data  Gb  tasks.o [1]
pxDelayedTaskList       0x2001380c     0x4  Data  Lc  tasks.o [1]
pxEnd                   0x200137e0     0x4  Data  Lc  heap_4.o [1]
pxOverflowDelayedTaskList
                        0x20013810     0x4  Data  Lc  tasks.o [1]
pxPortInitialiseStack   0x080041e1    0x24  Code  Gb  port.o [1]
pxReadyTasksLists       0x200130e4    0x8c  Data  Lc  tasks.o [1]
remove_chain            0x08000895    0x84  Code  Lc  ff.o [1]
retSD                   0x20013848     0x1  Data  Gb  fatfs.o [1]
route_pkt               0x08007a75   0x1c4  Code  Gb  obc.o [1]
sat_status              0x200137c8     0x8  Data  Gb  obc.o [1]
sc_s_state              0x200137b4     0xc  Data  Gb  scheduling_service.o [1]
schedule_mem_pool       0x20010bb8  0x2158  Data  Gb  scheduling_service.o [1]
scheduling_app          0x08009ded    0x86  Code  Gb  scheduling_service.o [1]
scheduling_insert_api   0x0800a1c5    0x1e  Code  Gb  scheduling_service.o [1]
scheduling_remove_schedule_api
                        0x0800a1e3    0x5a  Code  Gb  scheduling_service.o [1]
scom_call_state         0x2001384d     0x1  Data  Gb  su_mnlp.o [1]
services_verification_TC_TM
                        0x08011054   0x410  Data  Gb  services.o [1]
snprintf                0x08007a31    0x44  Code  Gb  snprintf.o [3]
sprintf                 0x080079fd    0x34  Code  Gb  sprintf.o [3]
ss_call_state           0x2001384c     0x1  Data  Gb  su_mnlp.o [1]
st_clust                0x08000d41    0x18  Code  Lc  ff.o [1]
strchr                  0x0800b6bd          Code  Gb  strchr.o [5]
strlen                  0x0800b6d5          Code  Gb  strlen.o [5]
strnlen                 0x0800a495    0x16  Code  Gb  strnlen.o [3]
strtol                  0x080079f5     0x6  Code  Gb  strtol.o [3]
su_INIT                 0x080103b1    0x44  Code  Gb  su_mnlp.o [1]
su_SCH                  0x08010455   0x1bc  Code  Gb  su_mnlp.o [1]
su_cmd_handler          0x0801068f    0x34  Code  Gb  su_mnlp.o [1]
su_goto_script_seq      0x08010611    0x7e  Code  Gb  su_mnlp.o [1]
su_inc_buffer           0x20013020    0xc4  Data  Gb  su_mnlp.o [1]
su_incoming_rx          0x080103a5     0xc  Code  Gb  su_mnlp.o [1]
su_load_scripts         0x080103f5    0x60  Code  Gb  su_mnlp.o [1]
su_next_cmd             0x080108b3   0x2ce  Code  Gb  su_mnlp.o [1]
su_populate_header      0x080106c3    0xb8  Code  Gb  su_mnlp.o [1]
su_scripts              0x20008fbc  0x3ffc  Data  Gb  su_mnlp.o [1]
su_state                0x2001384a     0x1  Data  Gb  su_mnlp.o [1]
sync_fs                 0x080004f5    0xec  Code  Lc  ff.o [1]
sync_window             0x08000449    0x68  Code  Lc  ff.o [1]
sys_data                0x2001378c    0x10  Data  Gb  services.o [1]
test_app                0x08009d0d    0x7a  Code  Gb  test_service.o [1]
test_crt_pkt            0x08009d87    0x50  Code  Gb  test_service.o [1]
time_checkHandle        0x200137f8     0x4  Data  Gb  main.o [1]
time_lala               0x2000010d     0x1  Data  Gb  su_mnlp.o [1]
time_now                0x0800602d     0xc  Code  Gb  services.o [1]
tolower                 0x0800d369    0x14  Code  Gb  tolower.o [3]
tst_debugging           0x08006039    0x54  Code  Gb  services.o [1]
tt_call_state           0x2001384b     0x1  Data  Gb  su_mnlp.o [1]
uartHandle              0x200137f0     0x4  Data  Gb  main.o [1]
uart_temp               0x20012f58    0xc8  Data  Gb  main.o [1]
ucHeap                  0x2000cfb8  0x3c00  Data  Lc  heap_4.o [1]
ucMaxSysCallPriority    0x20013849     0x1  Data  Lc  port.o [1]
ulMaxPRIGROUPValue      0x20013800     0x4  Data  Lc  port.o [1]
ulTaskNotifyTake        0x0800380d    0xd4  Code  Gb  tasks.o [1]
unlock_fs               0x08000201    0x2c  Code  Lc  ff.o [1]
unpack_pkt              0x080062a5   0x2cc  Code  Gb  service_utilities.o [1]
update_boot_counter     0x080067d9    0x12  Code  Gb  service_utilities.o [1]
uwTick                  0x20013804     0x4  Data  Gb  stm32f4xx_hal.o [1]
uxCriticalNesting       0x20000000     0x4  Data  Lc  port.o [1]
uxCurrentNumberOfTasks  0x20013818     0x4  Data  Lc  tasks.o [1]
uxListRemove            0x080044af    0x28  Code  Gb  list.o [1]
uxPendedTicks           0x20013828     0x4  Data  Lc  tasks.o [1]
uxSchedulerSuspended    0x20013838     0x4  Data  Lc  tasks.o [1]
uxTaskNumber            0x20013834     0x4  Data  Lc  tasks.o [1]
uxTasksDeleted          0x20013814     0x4  Data  Lc  tasks.o [1]
uxTopReadyPriority      0x20013820     0x4  Data  Lc  tasks.o [1]
vListInitialise         0x08004439    0x1e  Code  Gb  list.o [1]
vListInitialiseItem     0x08004457     0x6  Code  Gb  list.o [1]
vListInsert             0x08004475    0x3a  Code  Gb  list.o [1]
vListInsertEnd          0x0800445d    0x18  Code  Gb  list.o [1]
vPortEnableVFP          0x080048cd          Code  Gb  portasm.o [1]
vPortEnterCritical      0x080042fb    0x3a  Code  Gb  port.o [1]
vPortExitCritical       0x08004335    0x32  Code  Gb  port.o [1]
vPortFree               0x080045f9    0x78  Code  Gb  heap_4.o [1]
vPortSetupTimerInterrupt
                        0x08004393    0x1a  Code  Wk  port.o [1]
vPortStartFirstTask     0x080048b5          Code  Gb  portasm.o [1]
vPortValidateInterruptPriority
                        0x080043ad    0x4e  Code  Gb  port.o [1]
vQueueDelete            0x08004017    0x28  Code  Gb  queue.o [1]
vQueueUnregisterQueue   0x080041b3    0x24  Code  Gb  queue.o [1]
vTaskDelay              0x08002e91    0x84  Code  Gb  tasks.o [1]
vTaskMissedYield        0x080033ef     0xa  Code  Gb  tasks.o [1]
vTaskNotifyGiveFromISR  0x080038f9    0xba  Code  Gb  tasks.o [1]
vTaskPlaceOnEventList   0x0800322d    0x76  Code  Gb  tasks.o [1]
vTaskPriorityInherit    0x08003677    0xac  Code  Gb  tasks.o [1]
vTaskSetTimeOutState    0x08003341    0x26  Code  Gb  tasks.o [1]
vTaskStartScheduler     0x08002f15    0x62  Code  Gb  tasks.o [1]
vTaskSuspendAll         0x08002f77    0x10  Code  Gb  tasks.o [1]
vTaskSwitchContext      0x080031bb    0x72  Code  Gb  tasks.o [1]
validate                0x0800167f    0x56  Code  Lc  ff.o [1]
verification_app        0x08008779    0xa6  Code  Gb  verification_service.o [1]
verification_crt_pkt    0x0800881f    0xe0  Code  Gb  verification_service.o [1]
wod_log_load            0x08007e0d    0x9e  Code  Gb  obc.o [1]
xBlockAllocatedBit      0x200137ec     0x4  Data  Lc  heap_4.o [1]
xDelayedTaskList1       0x20013728    0x14  Data  Lc  tasks.o [1]
xDelayedTaskList2       0x2001373c    0x14  Data  Lc  tasks.o [1]
xFreeBytesRemaining     0x200137e4     0x4  Data  Lc  heap_4.o [1]
xHeapStructSize         0x080136d0     0x4  Data  Lc  heap_4.o [1]
xMinimumEverFreeBytesRemaining
                        0x200137e8     0x4  Data  Lc  heap_4.o [1]
xNextTaskUnblockTime    0x20000008     0x4  Data  Lc  tasks.o [1]
xNumOfOverflows         0x20013830     0x4  Data  Lc  tasks.o [1]
xPendingReadyList       0x20013750    0x14  Data  Lc  tasks.o [1]
xPortStartScheduler     0x0800422f    0xcc  Code  Gb  port.o [1]
xPortSysTickHandler     0x08004367    0x2c  Code  Gb  port.o [1]
xQueueGenericCreate     0x08003a7d    0x82  Code  Gb  queue.o [1]
xQueueGenericReceive    0x08003d89   0x1cc  Code  Gb  queue.o [1]
xQueueGenericReset      0x080039ed    0x90  Code  Gb  queue.o [1]
xQueueGenericSend       0x08003aff   0x1b2  Code  Gb  queue.o [1]
xQueueGiveFromISR       0x08003cb1    0xd8  Code  Gb  queue.o [1]
xQueueReceiveFromISR    0x08003f55    0xc2  Code  Gb  queue.o [1]
xQueueRegistry          0x20013670    0x40  Data  Gb  queue.o [1]
xSchedulerRunning       0x20013824     0x4  Data  Lc  tasks.o [1]
xStart                  0x200137c0     0x8  Data  Lc  heap_4.o [1]
xSuspendedTaskList      0x20013778    0x14  Data  Lc  tasks.o [1]
xTaskCheckForTimeOut    0x08003367    0x88  Code  Gb  tasks.o [1]
xTaskGenericCreate      0x08002d0d   0x184  Code  Gb  tasks.o [1]
xTaskGetCurrentTaskHandle
                        0x08003647     0xa  Code  Gb  tasks.o [1]
xTaskGetSchedulerState  0x08003651    0x26  Code  Gb  tasks.o [1]
xTaskIncrementTick      0x08003087   0x134  Code  Gb  tasks.o [1]
xTaskPriorityDisinherit
                        0x08003729    0xba  Code  Gb  tasks.o [1]
xTaskRemoveFromEventList
                        0x080032a3    0x84  Code  Gb  tasks.o [1]
xTaskResumeAll          0x08002f87   0x100  Code  Gb  tasks.o [1]
xTask_UART              0x200137fc     0x4  Data  Gb  main.o [1]
xTasksWaitingTermination
                        0x20013764    0x14  Data  Lc  tasks.o [1]
xTickCount              0x2001381c     0x4  Data  Lc  tasks.o [1]
xYieldPending           0x2001382c     0x4  Data  Lc  tasks.o [1]


[1] = E:\cubesat_firmware\upsat-obc-software\cubeMX\obc\EWARM\obc_pinout\Obj
[2] = command line
[3] = dl7M_tlf.a
[4] = m7M_tls.a
[5] = rt7M_tl.a
[6] = shb_l.a

  70 018 bytes of readonly  code memory
   9 874 bytes of readonly  data memory
  79 949 bytes of readwrite data memory

Errors: none
Warnings: none
