###############################################################################
#
# IAR ELF Linker V7.50.2.10312/W32 for ARM                14/May/2016  08:18:41
# Copyright 2007-2015 IAR Systems AB.
#
#    Output file  =  
#        E:\CUBESAT_FIRMWARE\UPSAT-OBC-SOFTWARE\cubeMX\obc\EWARM\obc_pinout\Exe\obc_pinout.out
#    Map file     =  
#        E:\CUBESAT_FIRMWARE\UPSAT-OBC-SOFTWARE\cubeMX\obc\EWARM\obc_pinout\List\obc_pinout.map
#    Command line =  
#        E:\CUBESAT_FIRMWARE\UPSAT-OBC-SOFTWARE\cubeMX\obc\EWARM\obc_pinout\Obj\bsp_driver_sd.o
#        E:\CUBESAT_FIRMWARE\UPSAT-OBC-SOFTWARE\cubeMX\obc\EWARM\obc_pinout\Obj\cmsis_os.o
#        E:\CUBESAT_FIRMWARE\UPSAT-OBC-SOFTWARE\cubeMX\obc\EWARM\obc_pinout\Obj\croutine.o
#        E:\CUBESAT_FIRMWARE\UPSAT-OBC-SOFTWARE\cubeMX\obc\EWARM\obc_pinout\Obj\diskio.o
#        E:\CUBESAT_FIRMWARE\UPSAT-OBC-SOFTWARE\cubeMX\obc\EWARM\obc_pinout\Obj\event_groups.o
#        E:\CUBESAT_FIRMWARE\UPSAT-OBC-SOFTWARE\cubeMX\obc\EWARM\obc_pinout\Obj\event_reporting_service.o
#        E:\CUBESAT_FIRMWARE\UPSAT-OBC-SOFTWARE\cubeMX\obc\EWARM\obc_pinout\Obj\fatfs.o
#        E:\CUBESAT_FIRMWARE\UPSAT-OBC-SOFTWARE\cubeMX\obc\EWARM\obc_pinout\Obj\ff.o
#        E:\CUBESAT_FIRMWARE\UPSAT-OBC-SOFTWARE\cubeMX\obc\EWARM\obc_pinout\Obj\ff_gen_drv.o
#        E:\CUBESAT_FIRMWARE\UPSAT-OBC-SOFTWARE\cubeMX\obc\EWARM\obc_pinout\Obj\freertos.o
#        E:\CUBESAT_FIRMWARE\UPSAT-OBC-SOFTWARE\cubeMX\obc\EWARM\obc_pinout\Obj\function_management_service.o
#        E:\CUBESAT_FIRMWARE\UPSAT-OBC-SOFTWARE\cubeMX\obc\EWARM\obc_pinout\Obj\heap_4.o
#        E:\CUBESAT_FIRMWARE\UPSAT-OBC-SOFTWARE\cubeMX\obc\EWARM\obc_pinout\Obj\hldlc.o
#        E:\CUBESAT_FIRMWARE\UPSAT-OBC-SOFTWARE\cubeMX\obc\EWARM\obc_pinout\Obj\housekeeping.o
#        E:\CUBESAT_FIRMWARE\UPSAT-OBC-SOFTWARE\cubeMX\obc\EWARM\obc_pinout\Obj\housekeeping_service.o
#        E:\CUBESAT_FIRMWARE\UPSAT-OBC-SOFTWARE\cubeMX\obc\EWARM\obc_pinout\Obj\large_data_service.o
#        E:\CUBESAT_FIRMWARE\UPSAT-OBC-SOFTWARE\cubeMX\obc\EWARM\obc_pinout\Obj\list.o
#        E:\CUBESAT_FIRMWARE\UPSAT-OBC-SOFTWARE\cubeMX\obc\EWARM\obc_pinout\Obj\main.o
#        E:\CUBESAT_FIRMWARE\UPSAT-OBC-SOFTWARE\cubeMX\obc\EWARM\obc_pinout\Obj\mass_storage_service.o
#        E:\CUBESAT_FIRMWARE\UPSAT-OBC-SOFTWARE\cubeMX\obc\EWARM\obc_pinout\Obj\obc.o
#        E:\CUBESAT_FIRMWARE\UPSAT-OBC-SOFTWARE\cubeMX\obc\EWARM\obc_pinout\Obj\obc_hal.o
#        E:\CUBESAT_FIRMWARE\UPSAT-OBC-SOFTWARE\cubeMX\obc\EWARM\obc_pinout\Obj\pkt_pool.o
#        E:\CUBESAT_FIRMWARE\UPSAT-OBC-SOFTWARE\cubeMX\obc\EWARM\obc_pinout\Obj\port.o
#        E:\CUBESAT_FIRMWARE\UPSAT-OBC-SOFTWARE\cubeMX\obc\EWARM\obc_pinout\Obj\portasm.o
#        E:\CUBESAT_FIRMWARE\UPSAT-OBC-SOFTWARE\cubeMX\obc\EWARM\obc_pinout\Obj\power_ctrl.o
#        E:\CUBESAT_FIRMWARE\UPSAT-OBC-SOFTWARE\cubeMX\obc\EWARM\obc_pinout\Obj\queue.o
#        E:\CUBESAT_FIRMWARE\UPSAT-OBC-SOFTWARE\cubeMX\obc\EWARM\obc_pinout\Obj\scheduling_service.o
#        E:\CUBESAT_FIRMWARE\UPSAT-OBC-SOFTWARE\cubeMX\obc\EWARM\obc_pinout\Obj\sd_diskio.o
#        E:\CUBESAT_FIRMWARE\UPSAT-OBC-SOFTWARE\cubeMX\obc\EWARM\obc_pinout\Obj\service_utilities.o
#        E:\CUBESAT_FIRMWARE\UPSAT-OBC-SOFTWARE\cubeMX\obc\EWARM\obc_pinout\Obj\services.o
#        E:\CUBESAT_FIRMWARE\UPSAT-OBC-SOFTWARE\cubeMX\obc\EWARM\obc_pinout\Obj\startup_stm32f405xx.o
#        E:\CUBESAT_FIRMWARE\UPSAT-OBC-SOFTWARE\cubeMX\obc\EWARM\obc_pinout\Obj\stm32f4xx_hal.o
#        E:\CUBESAT_FIRMWARE\UPSAT-OBC-SOFTWARE\cubeMX\obc\EWARM\obc_pinout\Obj\stm32f4xx_hal_adc.o
#        E:\CUBESAT_FIRMWARE\UPSAT-OBC-SOFTWARE\cubeMX\obc\EWARM\obc_pinout\Obj\stm32f4xx_hal_adc_ex.o
#        E:\CUBESAT_FIRMWARE\UPSAT-OBC-SOFTWARE\cubeMX\obc\EWARM\obc_pinout\Obj\stm32f4xx_hal_cortex.o
#        E:\CUBESAT_FIRMWARE\UPSAT-OBC-SOFTWARE\cubeMX\obc\EWARM\obc_pinout\Obj\stm32f4xx_hal_dma.o
#        E:\CUBESAT_FIRMWARE\UPSAT-OBC-SOFTWARE\cubeMX\obc\EWARM\obc_pinout\Obj\stm32f4xx_hal_dma_ex.o
#        E:\CUBESAT_FIRMWARE\UPSAT-OBC-SOFTWARE\cubeMX\obc\EWARM\obc_pinout\Obj\stm32f4xx_hal_flash.o
#        E:\CUBESAT_FIRMWARE\UPSAT-OBC-SOFTWARE\cubeMX\obc\EWARM\obc_pinout\Obj\stm32f4xx_hal_flash_ex.o
#        E:\CUBESAT_FIRMWARE\UPSAT-OBC-SOFTWARE\cubeMX\obc\EWARM\obc_pinout\Obj\stm32f4xx_hal_flash_ramfunc.o
#        E:\CUBESAT_FIRMWARE\UPSAT-OBC-SOFTWARE\cubeMX\obc\EWARM\obc_pinout\Obj\stm32f4xx_hal_gpio.o
#        E:\CUBESAT_FIRMWARE\UPSAT-OBC-SOFTWARE\cubeMX\obc\EWARM\obc_pinout\Obj\stm32f4xx_hal_msp.o
#        E:\CUBESAT_FIRMWARE\UPSAT-OBC-SOFTWARE\cubeMX\obc\EWARM\obc_pinout\Obj\stm32f4xx_hal_pwr.o
#        E:\CUBESAT_FIRMWARE\UPSAT-OBC-SOFTWARE\cubeMX\obc\EWARM\obc_pinout\Obj\stm32f4xx_hal_pwr_ex.o
#        E:\CUBESAT_FIRMWARE\UPSAT-OBC-SOFTWARE\cubeMX\obc\EWARM\obc_pinout\Obj\stm32f4xx_hal_rcc.o
#        E:\CUBESAT_FIRMWARE\UPSAT-OBC-SOFTWARE\cubeMX\obc\EWARM\obc_pinout\Obj\stm32f4xx_hal_rcc_ex.o
#        E:\CUBESAT_FIRMWARE\UPSAT-OBC-SOFTWARE\cubeMX\obc\EWARM\obc_pinout\Obj\stm32f4xx_hal_rtc.o
#        E:\CUBESAT_FIRMWARE\UPSAT-OBC-SOFTWARE\cubeMX\obc\EWARM\obc_pinout\Obj\stm32f4xx_hal_rtc_ex.o
#        E:\CUBESAT_FIRMWARE\UPSAT-OBC-SOFTWARE\cubeMX\obc\EWARM\obc_pinout\Obj\stm32f4xx_hal_sd.o
#        E:\CUBESAT_FIRMWARE\UPSAT-OBC-SOFTWARE\cubeMX\obc\EWARM\obc_pinout\Obj\stm32f4xx_hal_spi.o
#        E:\CUBESAT_FIRMWARE\UPSAT-OBC-SOFTWARE\cubeMX\obc\EWARM\obc_pinout\Obj\stm32f4xx_hal_tim.o
#        E:\CUBESAT_FIRMWARE\UPSAT-OBC-SOFTWARE\cubeMX\obc\EWARM\obc_pinout\Obj\stm32f4xx_hal_tim_ex.o
#        E:\CUBESAT_FIRMWARE\UPSAT-OBC-SOFTWARE\cubeMX\obc\EWARM\obc_pinout\Obj\stm32f4xx_hal_timebase_TIM.o
#        E:\CUBESAT_FIRMWARE\UPSAT-OBC-SOFTWARE\cubeMX\obc\EWARM\obc_pinout\Obj\stm32f4xx_hal_uart.o
#        E:\CUBESAT_FIRMWARE\UPSAT-OBC-SOFTWARE\cubeMX\obc\EWARM\obc_pinout\Obj\stm32f4xx_it.o
#        E:\CUBESAT_FIRMWARE\UPSAT-OBC-SOFTWARE\cubeMX\obc\EWARM\obc_pinout\Obj\stm32f4xx_ll_sdmmc.o
#        E:\CUBESAT_FIRMWARE\UPSAT-OBC-SOFTWARE\cubeMX\obc\EWARM\obc_pinout\Obj\su_mnlp.o
#        E:\CUBESAT_FIRMWARE\UPSAT-OBC-SOFTWARE\cubeMX\obc\EWARM\obc_pinout\Obj\syscall.o
#        E:\CUBESAT_FIRMWARE\UPSAT-OBC-SOFTWARE\cubeMX\obc\EWARM\obc_pinout\Obj\system_stm32f4xx.o
#        E:\CUBESAT_FIRMWARE\UPSAT-OBC-SOFTWARE\cubeMX\obc\EWARM\obc_pinout\Obj\tasks.o
#        E:\CUBESAT_FIRMWARE\UPSAT-OBC-SOFTWARE\cubeMX\obc\EWARM\obc_pinout\Obj\test_service.o
#        E:\CUBESAT_FIRMWARE\UPSAT-OBC-SOFTWARE\cubeMX\obc\EWARM\obc_pinout\Obj\time_management.o
#        E:\CUBESAT_FIRMWARE\UPSAT-OBC-SOFTWARE\cubeMX\obc\EWARM\obc_pinout\Obj\timers.o
#        E:\CUBESAT_FIRMWARE\UPSAT-OBC-SOFTWARE\cubeMX\obc\EWARM\obc_pinout\Obj\verification_service.o
#        --redirect _Printf=_PrintfFull --redirect _Scanf=_ScanfFull -o
#        E:\CUBESAT_FIRMWARE\UPSAT-OBC-SOFTWARE\cubeMX\obc\EWARM\obc_pinout\Exe\obc_pinout.out
#        --map
#        E:\CUBESAT_FIRMWARE\UPSAT-OBC-SOFTWARE\cubeMX\obc\EWARM\obc_pinout\List\obc_pinout.map
#        --config
#        E:\CUBESAT_FIRMWARE\UPSAT-OBC-SOFTWARE\cubeMX\obc\EWARM/stm32f405xx_flash.icf
#        --semihosting --entry __iar_program_start --vfe
#
###############################################################################

*******************************************************************************
*** RUNTIME MODEL ATTRIBUTES
***

CppFlavor                     = *
__Heap_Handler                = Basic
__SystemLibrary               = DLib
__dlib_dynamic_initialization = normal


*******************************************************************************
*** PLACEMENT SUMMARY
***

"A1":  place at 0x08000000 { ro section .intvec };
"P1":  place in [from 0x08000000 to 0x080fffff] { ro };
"P2":  place in [from 0x20000000 to 0x2001ffff] { rw, block CSTACK, block HEAP };

  Section             Kind        Address     Size  Object
  -------             ----        -------     ----  ------
"A1":                                        0x188
  .intvec             ro code  0x08000000    0x188  startup_stm32f405xx.o [1]
                             - 0x08000188    0x188

"P1":                                      0x12c9f
  .text               ro code  0x08000188   0x27c4  ff.o [1]
  .text               ro code  0x0800294c     0x62  syscall.o [1]
  .text               ro code  0x080029ae     0x1a  xsnprout.o [3]
  .text               ro code  0x080029c8     0xf8  diskio.o [1]
  .text               ro code  0x08002ac0     0x20  fatfs.o [1]
  .text               ro code  0x08002ae0    0x1bc  cmsis_os.o [1]
  .text               ro code  0x08002c9c     0x70  ff_gen_drv.o [1]
  .text               ro code  0x08002d0c    0xce0  tasks.o [1]
  .text               ro code  0x080039ec    0x7f4  queue.o [1]
  .text               ro code  0x080041e0    0x258  port.o [1]
  .text               ro code  0x08004438     0x9e  list.o [1]
  .text               ro code  0x080044d6      0xa  xsprout.o [3]
  .text               ro code  0x080044e0    0x280  heap_4.o [1]
  .text               ro code  0x08004760     0x66  ABImemset.o [5]
  .text               ro code  0x080047c8     0x76  ABImemcpy_unaligned.o [5]
  CODE                ro code  0x08004840     0xa8  portasm.o [1]
  .text               ro code  0x080048e8   0x1744  mass_storage_service.o [1]
  .text               ro code  0x0800602c     0x60  services.o [1]
  .text               ro code  0x0800608c    0x7c0  service_utilities.o [1]
  .text               ro code  0x0800684c   0x1134  large_data_service.o [1]
  .text               ro code  0x08007980     0x6c  strncpy_unaligned.o [5]
  .text               ro code  0x080079ec      0x6  strtol.o [3]
  .text               ro code  0x080079f4     0x34  sprintf.o [3]
  .text               ro code  0x08007a28     0x44  snprintf.o [3]
  .text               ro code  0x08007a6c    0x500  obc.o [1]
  .text               ro code  0x08007f6c     0xf8  event_reporting_service.o [1]
  .text               ro code  0x08008064    0x370  obc_hal.o [1]
  .text               ro code  0x080083d4    0x204  hldlc.o [1]
  .text               ro code  0x080085d8     0xe8  pkt_pool.o [1]
  .text               ro code  0x080086c0    0x1a0  verification_service.o [1]
  .text               ro code  0x08008860     0x88  xstol.o [3]
  .text               ro code  0x080088e8   0x1166  xprintffull.o [3]
  .text               ro code  0x08009a50    0x18c  housekeeping_service.o [1]
  .text               ro code  0x08009bdc     0xcc  function_management_service.o [1]
  .text               ro code  0x08009ca8     0xe0  test_service.o [1]
  .text               ro code  0x08009d88    0x6a8  scheduling_service.o [1]
  .text               ro code  0x0800a430     0x16  strnlen.o [3]
  .text               ro code  0x0800a448    0x240  stm32f4xx_hal_gpio.o [1]
  .text               ro code  0x0800a688    0xa48  stm32f4xx_hal_uart.o [1]
  .text               ro code  0x0800b0d0    0x432  stm32f4xx_hal_rtc.o [1]
  .text               ro code  0x0800b504     0x18  stm32f4xx_hal_pwr.o [1]
  .text               ro code  0x0800b51c     0x40  stm32f4xx_hal_pwr_ex.o [1]
  .text               ro code  0x0800b55c     0x14  isxxx.o [3]
  .text               ro code  0x0800b570    0x194  xstoul.o [3]
  .text               ro code  0x0800b704      0xc  errno.o [3]
  .text               ro code  0x0800b710     0x20  xmbtowc.o [3]
  .text               ro code  0x0800b730     0x16  strchr.o [5]
  .text               ro code  0x0800b748     0x36  strlen.o [5]
  .text               ro code  0x0800b780     0x58  memchr.o [5]
  .text               ro code  0x0800b7d8      0xa  xmbcurmax.o [3]
  .text               ro code  0x0800b7e4     0xb0  xxmemxmalloc.o [3]
  .text               ro code  0x0800b894     0x1a  xwctomb.o [3]
  .text               ro code  0x0800b8b0     0x80  xxmemxfree.o [3]
  .text               ro code  0x0800b930     0xee  I64DivMod.o [5]
  .text               ro code  0x0800ba1e     0x42  xdnorm.o [4]
  .text               ro code  0x0800ba60     0x2e  DblCmpLe.o [4]
  .text               ro code  0x0800ba90     0x2e  DblCmpGe.o [4]
  .text               ro code  0x0800bac0    0x114  xdscale.o [4]
  .text               ro code  0x0800bbd4     0x58  DblToI32.o [4]
  .text               ro code  0x0800bc2c     0x30  I32ToDbl.o [4]
  .text               ro code  0x0800bc5c    0x180  DblSub.o [4]
  .text               ro code  0x0800bddc    0x1a2  DblMul.o [4]
  .text               ro code  0x0800bf80    0x256  DblDiv.o [4]
  .text               ro code  0x0800c1d8     0x6c  localeconv.o [3]
  .text               ro code  0x0800c244      0xe  div.o [3]
  .text               ro code  0x0800c254    0x14a  housekeeping.o [1]
  .text               ro code  0x0800c3a0     0x9c  power_ctrl.o [1]
  .text               ro code  0x0800c43c    0x5f8  stm32f4xx_hal_msp.o [1]
  .text               ro code  0x0800ca34    0x334  stm32f4xx_hal_dma.o [1]
  .text               ro code  0x0800cd68     0x70  stm32f4xx_hal.o [1]
  .text               ro code  0x0800cdd8    0x64c  stm32f4xx_hal_rcc.o [1]
  .text               ro code  0x0800d424     0x24  setlocale.o [3]
  .text               ro code  0x0800d448     0x14  xlocale_c.o [3]
  .text               ro code  0x0800d45c     0x14  tolower.o [3]
  .text               ro code  0x0800d470      0x2  xtls.o [3]
  .text               ro code  0x0800d474     0x60  xencoding_sb.o [3]
  .text               ro code  0x0800d4d4     0x2c  xgetmemchunk.o [3]
  .text               ro code  0x0800d500      0x2  I64DivZer.o [5]
  .text               ro code  0x0800d504     0xd4  DblAdd.o [4]
  .text               ro code  0x0800d5d8     0x9a  time_management.o [1]
  .text               ro code  0x0800d674    0x15c  stm32f4xx_hal_cortex.o [1]
  .text               ro code  0x0800d7d0     0xa2  stm32f4xx_hal_timebase_TIM.o [1]
  .text               ro code  0x0800d872      0xc  xlocale_c.o [3]
  .text               ro code  0x0800d880    0x2e8  stm32f4xx_hal_tim.o [1]
  .text               ro code  0x0800db68      0x4  stm32f4xx_hal_tim_ex.o [1]
  .text               ro code  0x0800db6c   0x152c  stm32f4xx_hal_sd.o [1]
  .text               ro code  0x0800f098     0xd0  stm32f4xx_ll_sdmmc.o [1]
  .text               ro code  0x0800f168    0xaf6  main.o [1]
  .text               ro code  0x0800fc60    0x178  stm32f4xx_hal_rcc_ex.o [1]
  .text               ro code  0x0800fdd8    0x368  stm32f4xx_hal_adc.o [1]
  .text               ro code  0x08010140     0x54  stm32f4xx_hal_rtc_ex.o [1]
  .text               ro code  0x08010194    0x3a0  stm32f4xx_hal_spi.o [1]
  .text               ro code  0x08010534    0x1f8  su_mnlp.o [1]
  .rodata             const    0x0801072c    0x444  time_management.o [1]
  .rodata             const    0x08010b70    0x410  services.o [1]
  .text               ro code  0x08010f80    0x124  sd_diskio.o [1]
  .text               ro code  0x080110a4     0xd0  bsp_driver_sd.o [1]
  .text               ro code  0x08011174     0xd0  stm32f4xx_it.o [1]
  .rodata             const    0x08011244     0x8c  mass_storage_service.o [1]
  .rodata             const    0x080112d0     0x80  ff.o [1]
  .rodata             const    0x08011350     0x80  time_management.o [1]
  .rodata             const    0x080113d0     0x70  mass_storage_service.o [1]
  .text               ro code  0x08011440     0x6c  system_stm32f4xx.o [1]
  .rodata             const    0x080114ac     0x64  time_management.o [1]
  .rodata             const    0x08011510     0x5c  housekeeping_service.o [1]
  .rodata             const    0x0801156c     0x5c  mass_storage_service.o [1]
  .rodata             const    0x080115c8     0x58  large_data_service.o [1]
  .rodata             const    0x08011620     0x58  mass_storage_service.o [1]
  .rodata             const    0x08011678     0x50  scheduling_service.o [1]
  .rodata             const    0x080116c8     0x50  service_utilities.o [1]
  .rodata             const    0x08011718     0x4c  function_management_service.o [1]
  .rodata             const    0x08011764     0x4c  large_data_service.o [1]
  .rodata             const    0x080117b0     0x48  large_data_service.o [1]
  .rodata             const    0x080117f8     0x44  housekeeping_service.o [1]
  .rodata             const    0x0801183c     0x44  mass_storage_service.o [1]
  .rodata             const    0x08011880     0x44  mass_storage_service.o [1]
  .rodata             const    0x080118c4     0x44  verification_service.o [1]
  .rodata             const    0x08011908     0x40  large_data_service.o [1]
  .rodata             const    0x08011948     0x40  scheduling_service.o [1]
  .rodata             const    0x08011988     0x40  service_utilities.o [1]
  .rodata             const    0x080119c8     0x40  service_utilities.o [1]
  .text               ro code  0x08011a08     0x40  zero_init3.o [5]
  .rodata             const    0x08011a48     0x3c  large_data_service.o [1]
  .rodata             const    0x08011a84     0x3c  large_data_service.o [1]
  .rodata             const    0x08011ac0     0x3c  mass_storage_service.o [1]
  .rodata             const    0x08011afc     0x3c  power_ctrl.o [1]
  .rodata             const    0x08011b38     0x3c  test_service.o [1]
  .rodata             const    0x08011b74     0x38  obc.o [1]
  .rodata             const    0x08011bac     0x38  obc.o [1]
  .rodata             const    0x08011be4     0x38  pkt_pool.o [1]
  .rodata             const    0x08011c1c     0x38  su_mnlp.o [1]
  .text               ro code  0x08011c54     0x38  packbits_init_single.o [5]
  .rodata             const    0x08011c8c     0x34  hldlc.o [1]
  .rodata             const    0x08011cc0     0x34  hldlc.o [1]
  .rodata             const    0x08011cf4     0x34  large_data_service.o [1]
  .rodata             const    0x08011d28     0x34  mass_storage_service.o [1]
  .rodata             const    0x08011d5c     0x34  mass_storage_service.o [1]
  .rodata             const    0x08011d90     0x30  large_data_service.o [1]
  .rodata             const    0x08011dc0     0x30  large_data_service.o [1]
  .rodata             const    0x08011df0     0x30  power_ctrl.o [1]
  .rodata             const    0x08011e20     0x30  scheduling_service.o [1]
  .rodata             const    0x08011e50     0x30  scheduling_service.o [1]
  .rodata             const    0x08011e80     0x30  service_utilities.o [1]
  .rodata             const    0x08011eb0     0x30  service_utilities.o [1]
  .rodata             const    0x08011ee0     0x30  service_utilities.o [1]
  .rodata             const    0x08011f10     0x30  service_utilities.o [1]
  .rodata             const    0x08011f40     0x30  service_utilities.o [1]
  .rodata             const    0x08011f70     0x30  verification_service.o [1]
  .rodata             const    0x08011fa0     0x2c  function_management_service.o [1]
  .rodata             const    0x08011fcc     0x2c  mass_storage_service.o [1]
  .rodata             const    0x08011ff8     0x2c  mass_storage_service.o [1]
  .rodata             const    0x08012024     0x2c  mass_storage_service.o [1]
  .rodata             const    0x08012050     0x2c  service_utilities.o [1]
  .rodata             const    0x0801207c     0x28  large_data_service.o [1]
  .rodata             const    0x080120a4     0x28  scheduling_service.o [1]
  .rodata             const    0x080120cc     0x28  scheduling_service.o [1]
  .rodata             const    0x080120f4     0x28  scheduling_service.o [1]
  .rodata             const    0x0801211c     0x28  service_utilities.o [1]
  .rodata             const    0x08012144     0x28  service_utilities.o [1]
  .rodata             const    0x0801216c     0x28  service_utilities.o [1]
  .rodata             const    0x08012194     0x28  service_utilities.o [1]
  .rodata             const    0x080121bc     0x28  su_mnlp.o [1]
  .rodata             const    0x080121e4     0x28  test_service.o [1]
  .text               ro code  0x0801220c     0x28  data_init.o [5]
  .rodata             const    0x08012234     0x24  function_management_service.o [1]
  .rodata             const    0x08012258     0x24  housekeeping_service.o [1]
  .rodata             const    0x0801227c     0x24  large_data_service.o [1]
  .rodata             const    0x080122a0     0x24  large_data_service.o [1]
  .rodata             const    0x080122c4     0x24  large_data_service.o [1]
  .rodata             const    0x080122e8     0x24  mass_storage_service.o [1]
  .rodata             const    0x0801230c     0x24  mass_storage_service.o [1]
  .rodata             const    0x08012330     0x24  obc.o [1]
  .rodata             const    0x08012354     0x24  obc.o [1]
  .rodata             const    0x08012378     0x24  obc.o [1]
  .rodata             const    0x0801239c     0x24  obc.o [1]
  .rodata             const    0x080123c0     0x24  scheduling_service.o [1]
  .rodata             const    0x080123e4     0x24  scheduling_service.o [1]
  .rodata             const    0x08012408     0x24  scheduling_service.o [1]
  .rodata             const    0x0801242c     0x24  service_utilities.o [1]
  .rodata             const    0x08012450     0x24  service_utilities.o [1]
  .rodata             const    0x08012474     0x24  service_utilities.o [1]
  .rodata             const    0x08012498     0x24  test_service.o [1]
  .rodata             const    0x080124bc     0x24  verification_service.o [1]
  .text               ro code  0x080124e0     0x22  fpinit_M.o [4]
  .iar.init_table     const    0x08012504     0x20  - Linker created -
  .rodata             const    0x08012524     0x20  hldlc.o [1]
  .rodata             const    0x08012544     0x20  large_data_service.o [1]
  .rodata             const    0x08012564     0x20  main.o [1]
  .rodata             const    0x08012584     0x20  mass_storage_service.o [1]
  .rodata             const    0x080125a4     0x20  scheduling_service.o [1]
  .rodata             const    0x080125c4     0x20  scheduling_service.o [1]
  .rodata             const    0x080125e4     0x20  scheduling_service.o [1]
  .rodata             const    0x08012604     0x20  scheduling_service.o [1]
  .rodata             const    0x08012624     0x20  scheduling_service.o [1]
  .rodata             const    0x08012644     0x1c  hldlc.o [1]
  .rodata             const    0x08012660     0x1c  hldlc.o [1]
  .rodata             const    0x0801267c     0x1c  large_data_service.o [1]
  .rodata             const    0x08012698     0x1c  main.o [1]
  .rodata             const    0x080126b4     0x1c  mass_storage_service.o [1]
  .rodata             const    0x080126d0     0x1c  mass_storage_service.o [1]
  .rodata             const    0x080126ec     0x1c  scheduling_service.o [1]
  .rodata             const    0x08012708     0x1c  scheduling_service.o [1]
  .rodata             const    0x08012724     0x1c  scheduling_service.o [1]
  .rodata             const    0x08012740     0x1c  service_utilities.o [1]
  .rodata             const    0x0801275c     0x1c  service_utilities.o [1]
  .rodata             const    0x08012778     0x1c  service_utilities.o [1]
  .rodata             const    0x08012794     0x1c  service_utilities.o [1]
  .text               ro code  0x080127b0     0x1a  cmain.o [5]
  .text               ro code  0x080127ca      0x4  low_level_init.o [3]
  .text               ro code  0x080127ce      0x4  exit.o [3]
  .text               ro code  0x080127d4      0xa  cexit.o [5]
  .text               ro code  0x080127e0     0x14  exit.o [6]
  .rodata             const    0x080127f4     0x18  function_management_service.o [1]
  .rodata             const    0x0801280c     0x18  housekeeping_service.o [1]
  .rodata             const    0x08012824     0x18  large_data_service.o [1]
  .rodata             const    0x0801283c     0x18  large_data_service.o [1]
  .rodata             const    0x08012854     0x18  main.o [1]
  .rodata             const    0x0801286c     0x18  mass_storage_service.o [1]
  .rodata             const    0x08012884     0x18  mass_storage_service.o [1]
  .rodata             const    0x0801289c     0x18  mass_storage_service.o [1]
  .rodata             const    0x080128b4     0x18  mass_storage_service.o [1]
  .rodata             const    0x080128cc     0x18  mass_storage_service.o [1]
  .rodata             const    0x080128e4     0x18  mass_storage_service.o [1]
  .rodata             const    0x080128fc     0x18  mass_storage_service.o [1]
  .rodata             const    0x08012914     0x18  power_ctrl.o [1]
  .rodata             const    0x0801292c     0x18  scheduling_service.o [1]
  .rodata             const    0x08012944     0x18  scheduling_service.o [1]
  .rodata             const    0x0801295c     0x18  service_utilities.o [1]
  .rodata             const    0x08012974     0x18  service_utilities.o [1]
  .rodata             const    0x0801298c     0x14  event_reporting_service.o [1]
  .rodata             const    0x080129a0     0x14  event_reporting_service.o [1]
  .rodata             const    0x080129b4     0x14  housekeeping_service.o [1]
  .rodata             const    0x080129c8     0x14  large_data_service.o [1]
  .rodata             const    0x080129dc     0x14  large_data_service.o [1]
  .rodata             const    0x080129f0     0x14  main.o [1]
  .rodata             const    0x08012a04     0x14  main.o [1]
  .rodata             const    0x08012a18     0x14  main.o [1]
  .rodata             const    0x08012a2c     0x14  mass_storage_service.o [1]
  .rodata             const    0x08012a40     0x14  mass_storage_service.o [1]
  .rodata             const    0x08012a54     0x14  mass_storage_service.o [1]
  .rodata             const    0x08012a68     0x14  mass_storage_service.o [1]
  .rodata             const    0x08012a7c     0x14  mass_storage_service.o [1]
  .rodata             const    0x08012a90     0x14  mass_storage_service.o [1]
  .rodata             const    0x08012aa4     0x14  mass_storage_service.o [1]
  .rodata             const    0x08012ab8     0x14  mass_storage_service.o [1]
  .rodata             const    0x08012acc     0x14  mass_storage_service.o [1]
  .rodata             const    0x08012ae0     0x14  mass_storage_service.o [1]
  .rodata             const    0x08012af4     0x14  sd_diskio.o [1]
  .rodata             const    0x08012b08     0x14  test_service.o [1]
  .rodata             const    0x08012b1c     0x14  verification_service.o [1]
  .rodata             const    0x08012b30     0x10  ff.o [1]
  .rodata             const    0x08012b40     0x10  hldlc.o [1]
  .rodata             const    0x08012b50     0x10  housekeeping_service.o [1]
  .rodata             const    0x08012b60     0x10  large_data_service.o [1]
  .rodata             const    0x08012b70     0x10  mass_storage_service.o [1]
  .rodata             const    0x08012b80     0x10  mass_storage_service.o [1]
  .rodata             const    0x08012b90     0x10  stm32f4xx_hal_rcc.o [1]
  .rodata             const    0x08012ba0     0x10  test_service.o [1]
  .rodata             const    0x08012bb0     0x10  verification_service.o [1]
  .rodata             const    0x08012bc0     0x10  verification_service.o [1]
  .text               ro code  0x08012bd0     0x10  startup_stm32f405xx.o [1]
  .rodata             const    0x08012be0      0xc  large_data_service.o [1]
  .rodata             const    0x08012bec      0xc  large_data_service.o [1]
  .rodata             const    0x08012bf8      0xc  main.o [1]
  .rodata             const    0x08012c04      0xc  main.o [1]
  .rodata             const    0x08012c10      0xc  mass_storage_service.o [1]
  .rodata             const    0x08012c1c      0xc  mass_storage_service.o [1]
  .rodata             const    0x08012c28      0xc  mass_storage_service.o [1]
  .rodata             const    0x08012c34      0xc  mass_storage_service.o [1]
  .rodata             const    0x08012c40      0xc  mass_storage_service.o [1]
  .rodata             const    0x08012c4c      0xc  mass_storage_service.o [1]
  .rodata             const    0x08012c58      0xc  mass_storage_service.o [1]
  .rodata             const    0x08012c64      0xc  mass_storage_service.o [1]
  .rodata             const    0x08012c70      0xc  pkt_pool.o [1]
  .rodata             const    0x08012c7c      0xc  service_utilities.o [1]
  .rodata             const    0x08012c88      0xc  service_utilities.o [1]
  .text               ro code  0x08012c94      0xc  cstartup_M.o [5]
  .rodata             const    0x08012ca0      0x8  main.o [1]
  .rodata             const    0x08012ca8      0x8  main.o [1]
  .rodata             const    0x08012cb0      0x8  mass_storage_service.o [1]
  .rodata             const    0x08012cb8      0x8  mass_storage_service.o [1]
  .rodata             const    0x08012cc0      0x8  mass_storage_service.o [1]
  .rodata             const    0x08012cc8      0x8  mass_storage_service.o [1]
  .rodata             const    0x08012cd0      0x8  stm32f4xx_hal_dma.o [1]
  .rodata             const    0x08012cd8      0x8  tasks.o [1]
  .rodata             const    0x08012ce0      0x4  heap_4.o [1]
  .rodata             const    0x08012ce4      0x4  main.o [1]
  .rodata             const    0x08012ce8      0x4  port.o [1]
  .rodata             const    0x08012cec      0x4  syscall.o [1]
  .text               ro code  0x08012cf0      0x4  startup_stm32f405xx.o [1]
  .text               ro code  0x08012cf4      0x4  startup_stm32f405xx.o [1]
  .text               ro code  0x08012cf8      0x4  startup_stm32f405xx.o [1]
  .text               ro code  0x08012cfc      0x4  startup_stm32f405xx.o [1]
  .text               ro code  0x08012d00      0x4  startup_stm32f405xx.o [1]
  .text               ro code  0x08012d04      0x4  startup_stm32f405xx.o [1]
  .text               ro code  0x08012d08      0x4  startup_stm32f405xx.o [1]
  .text               ro code  0x08012d0c      0x4  startup_stm32f405xx.o [1]
  .text               ro code  0x08012d10      0x4  startup_stm32f405xx.o [1]
  .text               ro code  0x08012d14      0x4  startup_stm32f405xx.o [1]
  .text               ro code  0x08012d18      0x4  startup_stm32f405xx.o [1]
  .text               ro code  0x08012d1c      0x4  startup_stm32f405xx.o [1]
  .text               ro code  0x08012d20      0x4  startup_stm32f405xx.o [1]
  .text               ro code  0x08012d24      0x4  startup_stm32f405xx.o [1]
  .text               ro code  0x08012d28      0x4  startup_stm32f405xx.o [1]
  .text               ro code  0x08012d2c      0x4  startup_stm32f405xx.o [1]
  .text               ro code  0x08012d30      0x4  startup_stm32f405xx.o [1]
  .text               ro code  0x08012d34      0x4  startup_stm32f405xx.o [1]
  .text               ro code  0x08012d38      0x4  startup_stm32f405xx.o [1]
  .text               ro code  0x08012d3c      0x4  startup_stm32f405xx.o [1]
  .text               ro code  0x08012d40      0x4  startup_stm32f405xx.o [1]
  .text               ro code  0x08012d44      0x4  startup_stm32f405xx.o [1]
  .text               ro code  0x08012d48      0x4  startup_stm32f405xx.o [1]
  .text               ro code  0x08012d4c      0x4  startup_stm32f405xx.o [1]
  .text               ro code  0x08012d50      0x4  startup_stm32f405xx.o [1]
  .text               ro code  0x08012d54      0x4  startup_stm32f405xx.o [1]
  .text               ro code  0x08012d58      0x4  startup_stm32f405xx.o [1]
  .text               ro code  0x08012d5c      0x4  startup_stm32f405xx.o [1]
  .text               ro code  0x08012d60      0x4  startup_stm32f405xx.o [1]
  .text               ro code  0x08012d64      0x4  startup_stm32f405xx.o [1]
  .text               ro code  0x08012d68      0x4  startup_stm32f405xx.o [1]
  .text               ro code  0x08012d6c      0x4  startup_stm32f405xx.o [1]
  .text               ro code  0x08012d70      0x4  startup_stm32f405xx.o [1]
  .text               ro code  0x08012d74      0x4  startup_stm32f405xx.o [1]
  .text               ro code  0x08012d78      0x4  startup_stm32f405xx.o [1]
  .text               ro code  0x08012d7c      0x4  startup_stm32f405xx.o [1]
  .text               ro code  0x08012d80      0x4  startup_stm32f405xx.o [1]
  .text               ro code  0x08012d84      0x4  startup_stm32f405xx.o [1]
  .text               ro code  0x08012d88      0x4  startup_stm32f405xx.o [1]
  .text               ro code  0x08012d8c      0x4  startup_stm32f405xx.o [1]
  .text               ro code  0x08012d90      0x4  startup_stm32f405xx.o [1]
  .text               ro code  0x08012d94      0x4  startup_stm32f405xx.o [1]
  .text               ro code  0x08012d98      0x4  startup_stm32f405xx.o [1]
  .text               ro code  0x08012d9c      0x4  startup_stm32f405xx.o [1]
  .text               ro code  0x08012da0      0x4  startup_stm32f405xx.o [1]
  .text               ro code  0x08012da4      0x4  startup_stm32f405xx.o [1]
  .text               ro code  0x08012da8      0x4  startup_stm32f405xx.o [1]
  .text               ro code  0x08012dac      0x4  startup_stm32f405xx.o [1]
  .text               ro code  0x08012db0      0x4  startup_stm32f405xx.o [1]
  .text               ro code  0x08012db4      0x4  startup_stm32f405xx.o [1]
  .text               ro code  0x08012db8      0x4  startup_stm32f405xx.o [1]
  .text               ro code  0x08012dbc      0x4  startup_stm32f405xx.o [1]
  .text               ro code  0x08012dc0      0x4  startup_stm32f405xx.o [1]
  .text               ro code  0x08012dc4      0x4  startup_stm32f405xx.o [1]
  .text               ro code  0x08012dc8      0x4  startup_stm32f405xx.o [1]
  .text               ro code  0x08012dcc      0x4  startup_stm32f405xx.o [1]
  .text               ro code  0x08012dd0      0x4  startup_stm32f405xx.o [1]
  .text               ro code  0x08012dd4      0x4  startup_stm32f405xx.o [1]
  .text               ro code  0x08012dd8      0x4  startup_stm32f405xx.o [1]
  .text               ro code  0x08012ddc      0x4  startup_stm32f405xx.o [1]
  .text               ro code  0x08012de0      0x4  startup_stm32f405xx.o [1]
  .text               ro code  0x08012de4      0x4  startup_stm32f405xx.o [1]
  .text               ro code  0x08012de8      0x4  startup_stm32f405xx.o [1]
  .text               ro code  0x08012dec      0x4  startup_stm32f405xx.o [1]
  .text               ro code  0x08012df0      0x4  startup_stm32f405xx.o [1]
  .text               ro code  0x08012df4      0x4  startup_stm32f405xx.o [1]
  .text               ro code  0x08012df8      0x4  startup_stm32f405xx.o [1]
  .text               ro code  0x08012dfc      0x4  startup_stm32f405xx.o [1]
  .text               ro code  0x08012e00      0x4  startup_stm32f405xx.o [1]
  .text               ro code  0x08012e04      0x4  startup_stm32f405xx.o [1]
  .text               ro code  0x08012e08      0x4  startup_stm32f405xx.o [1]
  .text               ro code  0x08012e0c      0x4  startup_stm32f405xx.o [1]
  .rodata             const    0x08012e10      0x0  zero_init3.o [5]
  .rodata             const    0x08012e10      0x0  packbits_init_single.o [5]
  Initializer bytes   const    0x08012e10     0x17  <for P2-1>
                             - 0x08012e27  0x12c9f

"P2", part 1 of 3:                           0x10d
  P2-1                         0x20000000    0x10d  <Init block>
    .data             inited   0x20000000      0x4  port.o [1]
    .data             inited   0x20000004      0x4  system_stm32f4xx.o [1]
    .data             inited   0x20000008      0x4  tasks.o [1]
    __DLIB_PERTHREAD  inited   0x2000000c     0x88  localeconv.o [3]
    __DLIB_PERTHREAD  inited   0x20000094      0x4  errno.o [3]
    __DLIB_PERTHREAD  inited   0x20000098     0x74  setlocale.o [3]
    .data             inited   0x2000010c      0x1  sd_diskio.o [1]
                             - 0x2000010d    0x10d

"P2", part 2 of 3:                           0x600
  CSTACK                       0x20000110    0x400  <Block>
    CSTACK            uninit   0x20000110    0x400  <Block tail>
  HEAP                         0x20000510    0x200  <Block>
    HEAP              uninit   0x20000510    0x200  <Block tail>
                             - 0x20000710    0x600

"P2", part 3 of 3:                         0x13428
  .bss                zero     0x20000710   0x48fc  obc.o [1]
  .bss                zero     0x2000500c   0x4078  pkt_pool.o [1]
  .bss                zero     0x20009084   0x3ffc  su_mnlp.o [1]
  .bss                zero     0x2000d080   0x3c00  heap_4.o [1]
  .bss                zero     0x20010c80   0x2158  scheduling_service.o [1]
  .bss                zero     0x20012dd8    0x248  mass_storage_service.o [1]
  .bss                zero     0x20013020    0x210  housekeeping.o [1]
  .bss                zero     0x20013230     0xc8  main.o [1]
  .bss                zero     0x200132f8     0xc8  su_mnlp.o [1]
  .bss                zero     0x200133c0     0x8c  tasks.o [1]
  .bss                zero     0x2001344c     0x60  main.o [1]
  .bss                zero     0x200134ac     0x3c  stm32f4xx_hal_timebase_TIM.o [1]
  .bss                zero     0x200134e8     0x58  main.o [1]
  .bss                zero     0x20013540     0x58  main.o [1]
  .bss                zero     0x20013598     0x58  main.o [1]
  .bss                zero     0x200135f0     0x58  main.o [1]
  .bss                zero     0x20013648     0x58  main.o [1]
  .bss                zero     0x200136a0     0x58  main.o [1]
  .bss                zero     0x200136f8     0x58  main.o [1]
  .bss                zero     0x20013750     0x58  main.o [1]
  .bss                zero     0x200137a8     0x58  main.o [1]
  .bss                zero     0x20013800     0x48  main.o [1]
  .bss                zero     0x20013848     0x40  main.o [1]
  .bss                zero     0x20013888     0x40  main.o [1]
  .bss                zero     0x200138c8     0x40  main.o [1]
  .bss                zero     0x20013908     0x40  main.o [1]
  .bss                zero     0x20013948     0x40  main.o [1]
  .bss                zero     0x20013988     0x40  queue.o [1]
  .bss                zero     0x200139c8     0x20  main.o [1]
  .bss                zero     0x200139e8     0x1c  large_data_service.o [1]
  .bss                zero     0x20013a04     0x14  housekeeping.o [1]
  .bss                zero     0x20013a18     0x14  tasks.o [1]
  .bss                zero     0x20013a2c     0x14  tasks.o [1]
  .bss                zero     0x20013a40     0x14  tasks.o [1]
  .bss                zero     0x20013a54     0x14  tasks.o [1]
  .bss                zero     0x20013a68     0x14  tasks.o [1]
  .bss                zero     0x20013a7c     0x10  services.o [1]
  .bss                zero     0x20013a8c      0xc  ff.o [1]
  .bss                zero     0x20013a98      0xc  ff_gen_drv.o [1]
  .bss                zero     0x20013aa4      0xc  scheduling_service.o [1]
  .bss                zero     0x20013ab0      0x8  heap_4.o [1]
  .bss                zero     0x20013ab8      0x8  obc.o [1]
  .bss                zero     0x20013ac0      0x8  xxmemxmalloc.o [3]
  .bss                zero     0x20013ac8      0x4  fatfs.o [1]
  .bss                zero     0x20013acc      0x4  ff.o [1]
  .bss                zero     0x20013ad0      0x4  heap_4.o [1]
  .bss                zero     0x20013ad4      0x4  heap_4.o [1]
  .bss                zero     0x20013ad8      0x4  heap_4.o [1]
  .bss                zero     0x20013adc      0x4  heap_4.o [1]
  .bss                zero     0x20013ae0      0x4  main.o [1]
  .bss                zero     0x20013ae4      0x4  main.o [1]
  .bss                zero     0x20013ae8      0x4  main.o [1]
  .bss                zero     0x20013aec      0x4  main.o [1]
  .bss                zero     0x20013af0      0x4  port.o [1]
  .bss                zero     0x20013af4      0x4  stm32f4xx_hal.o [1]
  .bss                zero     0x20013af8      0x4  tasks.o [1]
  .bss                zero     0x20013afc      0x4  tasks.o [1]
  .bss                zero     0x20013b00      0x4  tasks.o [1]
  .bss                zero     0x20013b04      0x4  tasks.o [1]
  .bss                zero     0x20013b08      0x4  tasks.o [1]
  .bss                zero     0x20013b0c      0x4  tasks.o [1]
  .bss                zero     0x20013b10      0x4  tasks.o [1]
  .bss                zero     0x20013b14      0x4  tasks.o [1]
  .bss                zero     0x20013b18      0x4  tasks.o [1]
  .bss                zero     0x20013b1c      0x4  tasks.o [1]
  .bss                zero     0x20013b20      0x4  tasks.o [1]
  .bss                zero     0x20013b24      0x4  tasks.o [1]
  .bss                zero     0x20013b28      0x4  tasks.o [1]
  .bss                zero     0x20013b2c      0x4  xgetmemchunk.o [3]
  .bss                zero     0x20013b30      0x2  ff.o [1]
  .bss                zero     0x20013b32      0x2  obc_hal.o [1]
  .bss                zero     0x20013b34      0x1  fatfs.o [1]
  .bss                zero     0x20013b35      0x1  port.o [1]
  .bss                zero     0x20013b36      0x1  su_mnlp.o [1]
  .bss                zero     0x20013b37      0x1  su_mnlp.o [1]
                             - 0x20013b38  0x13428


*******************************************************************************
*** INIT TABLE
***

          Address     Size
          -------     ----
Zero (__iar_zero_init3)
    1 destination range, total size 0x13428:
          0x20000710  0x13428

Copy/packbits (__iar_packbits_init_single3)
    1 source range, total size 0x17 (8% of destination):
          0x08012e10     0x17
    1 destination range, total size 0x10d:
          0x20000000    0x10d



*******************************************************************************
*** MODULE SUMMARY
***

    Module                         ro code  ro data  rw data
    ------                         -------  -------  -------
E:\CUBESAT_FIRMWARE\UPSAT-OBC-SOFTWARE\cubeMX\obc\EWARM\obc_pinout\Obj: [1]
    bsp_driver_sd.o                    208
    cmsis_os.o                         444
    diskio.o                           248
    event_reporting_service.o          248       40
    fatfs.o                             32                 5
    ff.o                            10 180      144       18
    ff_gen_drv.o                       112                12
    function_management_service.o      204      180
    heap_4.o                           640        4   15 384
    hldlc.o                            516      208
    housekeeping.o                     330               548
    housekeeping_service.o             396      256
    large_data_service.o             4 404      904       28
    list.o                             158
    main.o                           2 806      188    1 528
    mass_storage_service.o           5 956    1 552      584
    obc.o                            1 280      256   18 692
    obc_hal.o                          880                 2
    pkt_pool.o                         232       68   16 504
    port.o                             600        4        9
    portasm.o                          168
    power_ctrl.o                       156      132
    queue.o                          2 036                64
    scheduling_service.o             1 704      760    8 548
    sd_diskio.o                        292       21        1
    service_utilities.o              1 984      944
    services.o                          96    1 040       16
    startup_stm32f405xx.o              696
    stm32f4xx_hal.o                    112                 4
    stm32f4xx_hal_adc.o                872
    stm32f4xx_hal_cortex.o             348
    stm32f4xx_hal_dma.o                820        8
    stm32f4xx_hal_gpio.o               576
    stm32f4xx_hal_msp.o              1 528
    stm32f4xx_hal_pwr.o                 24
    stm32f4xx_hal_pwr_ex.o              64
    stm32f4xx_hal_rcc.o              1 612       16
    stm32f4xx_hal_rcc_ex.o             376
    stm32f4xx_hal_rtc.o              1 074
    stm32f4xx_hal_rtc_ex.o              84
    stm32f4xx_hal_sd.o               5 420
    stm32f4xx_hal_spi.o                928
    stm32f4xx_hal_tim.o                744
    stm32f4xx_hal_tim_ex.o               4
    stm32f4xx_hal_timebase_TIM.o       162                60
    stm32f4xx_hal_uart.o             2 632
    stm32f4xx_it.o                     208
    stm32f4xx_ll_sdmmc.o               208
    su_mnlp.o                          504       96   16 582
    syscall.o                           98        4
    system_stm32f4xx.o                 108                 4
    tasks.o                          3 296        9      296
    test_service.o                     224      172
    time_management.o                  154    1 320
    verification_service.o             416      204
    --------------------------------------------------------
    Total:                          59 602    8 530   78 889

command line: [2]
    --------------------------------------------------------
    Total:

dl7M_tlf.a: [3]
    div.o                               14
    errno.o                             12                 4
    exit.o                               4
    isxxx.o                             20
    localeconv.o                       108       11      136
    low_level_init.o                     4
    setlocale.o                         36       10      116
    snprintf.o                          68
    sprintf.o                           52
    strnlen.o                           22
    strtol.o                             6
    tolower.o                           20
    xencoding_sb.o                      96
    xgetmemchunk.o                      44                 4
    xlocale_c.o                         32
    xmbcurmax.o                         10
    xmbtowc.o                           32
    xprintffull.o                    4 454
    xsnprout.o                          26
    xsprout.o                           10
    xstol.o                            136
    xstoul.o                           404
    xtls.o                               2
    xwctomb.o                           26
    xxmemxfree.o                       128
    xxmemxmalloc.o                     176                 8
    --------------------------------------------------------
    Total:                           5 942       21      268

m7M_tls.a: [4]
    DblAdd.o                           212
    DblCmpGe.o                          46
    DblCmpLe.o                          46
    DblDiv.o                           598
    DblMul.o                           418
    DblSub.o                           384
    DblToI32.o                          88
    I32ToDbl.o                          48
    fpinit_M.o                          34
    xdnorm.o                            66
    xdscale.o                          276
    --------------------------------------------------------
    Total:                           2 216

rt7M_tl.a: [5]
    ABImemcpy_unaligned.o              118
    ABImemset.o                        102
    I64DivMod.o                        238
    I64DivZer.o                          2
    cexit.o                             10
    cmain.o                             26
    cstartup_M.o                        12
    data_init.o                         40
    memchr.o                            88
    packbits_init_single.o              56
    strchr.o                            22
    strlen.o                            54
    strncpy_unaligned.o                108
    zero_init3.o                        64
    --------------------------------------------------------
    Total:                             940

shb_l.a: [6]
    exit.o                              20
    --------------------------------------------------------
    Total:                              20

    Gaps                                46        2
    Linker created                               32    1 536
------------------------------------------------------------
    Grand Total:                    68 766    8 585   80 693


*******************************************************************************
*** ENTRY LIST
***

Entry                      Address    Size  Type      Object
-----                      -------    ----  ----      ------
.iar.init_table$$Base   0x08012504           --   Gb  - Linker created -
.iar.init_table$$Limit  0x08012524           --   Gb  - Linker created -
?main                   0x080127b1          Code  Gb  cmain.o [5]
ADC_Init                0x0800ffc3   0x166  Code  Lc  stm32f4xx_hal_adc.o [1]
APBAHBPrescTable        0x08012b90    0x10  Data  Gb  stm32f4xx_hal_rcc.o [1]
BSP_SD_GetCardInfo      0x0801114d     0xe  Code  Gb  bsp_driver_sd.o [1]
BSP_SD_GetStatus        0x08011143     0xa  Code  Gb  bsp_driver_sd.o [1]
BSP_SD_Init             0x080110a5    0x3e  Code  Gb  bsp_driver_sd.o [1]
BSP_SD_IsDetected       0x08011165    0x10  Code  Gb  bsp_driver_sd.o [1]
BSP_SD_ReadBlocks       0x080110e3    0x30  Code  Gb  bsp_driver_sd.o [1]
BSP_SD_WriteBlocks      0x08011113    0x30  Code  Gb  bsp_driver_sd.o [1]
CSTACK$$Base            0x20000110           --   Gb  - Linker created -
CSTACK$$Limit           0x20000510           --   Gb  - Linker created -
DMA1_Stream3_IRQHandler
                        0x0801117d     0xa  Code  Gb  stm32f4xx_it.o [1]
DMA1_Stream4_IRQHandler
                        0x08011187     0xa  Code  Gb  stm32f4xx_it.o [1]
DMA1_Stream6_IRQHandler
                        0x08011191     0xa  Code  Gb  stm32f4xx_it.o [1]
DMA2_Stream6_IRQHandler
                        0x080111ef     0xa  Code  Gb  stm32f4xx_it.o [1]
DMA2_Stream7_IRQHandler
                        0x080111f9     0xa  Code  Gb  stm32f4xx_it.o [1]
DMA_CalcBaseAndBitshift
                        0x0800cd27    0x2e  Code  Lc  stm32f4xx_hal_dma.o [1]
DMA_SetConfig           0x0800ccf9    0x2e  Code  Lc  stm32f4xx_hal_dma.o [1]
ExCvt                   0x080112d0    0x80  Data  Lc  ff.o [1]
FATFS_LinkDriver        0x08002cf5    0x12  Code  Gb  ff_gen_drv.o [1]
FATFS_LinkDriverEx      0x08002c9d    0x58  Code  Gb  ff_gen_drv.o [1]
FatFs                   0x20013acc     0x4  Data  Lc  ff.o [1]
Files                   0x20013a8c     0xc  Data  Lc  ff.o [1]
Fsid                    0x20013b30     0x2  Data  Lc  ff.o [1]
HAL_ADC_ConfigChannel   0x0800fe3f   0x184  Code  Gb  stm32f4xx_hal_adc.o [1]
HAL_ADC_Init            0x0800fdd9    0x66  Code  Gb  stm32f4xx_hal_adc.o [1]
HAL_ADC_MspInit         0x0800c483    0x4c  Code  Gb  stm32f4xx_hal_msp.o [1]
HAL_DMA_IRQHandler      0x0800cb1d   0x1dc  Code  Gb  stm32f4xx_hal_dma.o [1]
HAL_DMA_Init            0x0800ca35    0x86  Code  Gb  stm32f4xx_hal_dma.o [1]
HAL_DMA_Start_IT        0x0800cabb    0x62  Code  Gb  stm32f4xx_hal_dma.o [1]
HAL_Delay               0x0800cdb5    0x1a  Code  Wk  stm32f4xx_hal.o [1]
HAL_GPIO_Init           0x0800a449   0x1ee  Code  Gb  stm32f4xx_hal_gpio.o [1]
HAL_GPIO_WritePin       0x0800a637    0x14  Code  Gb  stm32f4xx_hal_gpio.o [1]
HAL_GetTick             0x0800cdaf     0x6  Code  Wk  stm32f4xx_hal.o [1]
HAL_IncTick             0x0800cda3     0xc  Code  Wk  stm32f4xx_hal.o [1]
HAL_Init                0x0800cd69    0x3a  Code  Gb  stm32f4xx_hal.o [1]
HAL_InitTick            0x0800d7d1    0x86  Code  Gb  stm32f4xx_hal_timebase_TIM.o [1]
HAL_MspInit             0x0800c43d    0x46  Code  Gb  stm32f4xx_hal_msp.o [1]
HAL_NVIC_EnableIRQ      0x0800d777     0xe  Code  Gb  stm32f4xx_hal_cortex.o [1]
HAL_NVIC_SetPriority    0x0800d751    0x26  Code  Gb  stm32f4xx_hal_cortex.o [1]
HAL_NVIC_SetPriorityGrouping
                        0x0800d745     0xc  Code  Gb  stm32f4xx_hal_cortex.o [1]
HAL_OBC_UART_IRQHandler
                        0x08008177    0x2e  Code  Gb  obc_hal.o [1]
HAL_PWREx_EnableBkUpReg
                        0x0800b51d    0x36  Code  Gb  stm32f4xx_hal_pwr_ex.o [1]
HAL_PWR_EnableBkUpAccess
                        0x0800b505    0x12  Code  Gb  stm32f4xx_hal_pwr.o [1]
HAL_RCCEx_PeriphCLKConfig
                        0x0800fc61   0x14e  Code  Gb  stm32f4xx_hal_rcc_ex.o [1]
HAL_RCC_ClockConfig     0x0800d111   0x18a  Code  Gb  stm32f4xx_hal_rcc.o [1]
HAL_RCC_GetClockConfig  0x0800d3a7    0x3a  Code  Gb  stm32f4xx_hal_rcc.o [1]
HAL_RCC_GetHCLKFreq     0x0800d33f    0x28  Code  Gb  stm32f4xx_hal_rcc.o [1]
HAL_RCC_GetPCLK1Freq    0x0800d367    0x20  Code  Gb  stm32f4xx_hal_rcc.o [1]
HAL_RCC_GetPCLK2Freq    0x0800d387    0x20  Code  Gb  stm32f4xx_hal_rcc.o [1]
HAL_RCC_GetSysClockFreq
                        0x0800d29b    0xa4  Code  Wk  stm32f4xx_hal_rcc.o [1]
HAL_RCC_OscConfig       0x0800cdd9   0x338  Code  Wk  stm32f4xx_hal_rcc.o [1]
HAL_RTCEx_SetCalibrationOutPut
                        0x08010141    0x54  Code  Gb  stm32f4xx_hal_rtc_ex.o [1]
HAL_RTC_GetDate         0x0800b407    0x50  Code  Gb  stm32f4xx_hal_rtc.o [1]
HAL_RTC_GetTime         0x0800b29d    0x64  Code  Gb  stm32f4xx_hal_rtc.o [1]
HAL_RTC_Init            0x0800b0d1    0xac  Code  Gb  stm32f4xx_hal_rtc.o [1]
HAL_RTC_MspInit         0x0800c4cf    0x14  Code  Gb  stm32f4xx_hal_msp.o [1]
HAL_RTC_SetDate         0x0800b301   0x106  Code  Gb  stm32f4xx_hal_rtc.o [1]
HAL_RTC_SetTime         0x0800b17d   0x120  Code  Gb  stm32f4xx_hal_rtc.o [1]
HAL_RTC_WaitForSynchro  0x0800b465    0x34  Code  Gb  stm32f4xx_hal_rtc.o [1]
HAL_SD_GetStatus        0x0800e5cd    0x26  Code  Gb  stm32f4xx_hal_sd.o [1]
HAL_SD_Get_CardInfo     0x0800e1a5   0x35e  Code  Gb  stm32f4xx_hal_sd.o [1]
HAL_SD_IRQHandler       0x0800e0eb    0xb6  Code  Gb  stm32f4xx_hal_sd.o [1]
HAL_SD_Init             0x0800db6d    0xb6  Code  Gb  stm32f4xx_hal_sd.o [1]
HAL_SD_MspInit          0x0800c4e3    0x84  Code  Gb  stm32f4xx_hal_msp.o [1]
HAL_SD_ReadBlocks       0x0800dc23   0x212  Code  Gb  stm32f4xx_hal_sd.o [1]
HAL_SD_StopTransfer     0x0800e595    0x38  Code  Gb  stm32f4xx_hal_sd.o [1]
HAL_SD_WideBusOperation_Config
                        0x0800e503    0x92  Code  Gb  stm32f4xx_hal_sd.o [1]
HAL_SD_WriteBlocks      0x0800de35   0x2b6  Code  Gb  stm32f4xx_hal_sd.o [1]
HAL_SD_XferCpltCallback
                        0x0800e1a1     0x2  Code  Wk  stm32f4xx_hal_sd.o [1]
HAL_SD_XferErrorCallback
                        0x0800e1a3     0x2  Code  Wk  stm32f4xx_hal_sd.o [1]
HAL_SPI_Init            0x08010195    0x9e  Code  Gb  stm32f4xx_hal_spi.o [1]
HAL_SPI_MspInit         0x0800c567    0xee  Code  Gb  stm32f4xx_hal_msp.o [1]
HAL_SPI_TransmitReceive
                        0x08010233   0x23e  Code  Gb  stm32f4xx_hal_spi.o [1]
HAL_SYSTICK_CLKSourceConfig
                        0x0800d791    0x20  Code  Gb  stm32f4xx_hal_cortex.o [1]
HAL_SYSTICK_Config      0x0800d785     0xc  Code  Gb  stm32f4xx_hal_cortex.o [1]
HAL_TIMEx_BreakCallback
                        0x0800db6b     0x2  Code  Wk  stm32f4xx_hal_tim_ex.o [1]
HAL_TIMEx_CommutationCallback
                        0x0800db69     0x2  Code  Wk  stm32f4xx_hal_tim_ex.o [1]
HAL_TIM_Base_Init       0x0800d881    0x38  Code  Gb  stm32f4xx_hal_tim.o [1]
HAL_TIM_Base_MspInit    0x0800d8b9     0x2  Code  Wk  stm32f4xx_hal_tim.o [1]
HAL_TIM_Base_Start_IT   0x0800d8bb    0x1e  Code  Gb  stm32f4xx_hal_tim.o [1]
HAL_TIM_IC_CaptureCallback
                        0x0800da51     0x2  Code  Wk  stm32f4xx_hal_tim.o [1]
HAL_TIM_IRQHandler      0x0800d8d9   0x176  Code  Gb  stm32f4xx_hal_tim.o [1]
HAL_TIM_OC_DelayElapsedCallback
                        0x0800da4f     0x2  Code  Wk  stm32f4xx_hal_tim.o [1]
HAL_TIM_PWM_PulseFinishedCallback
                        0x0800da53     0x2  Code  Wk  stm32f4xx_hal_tim.o [1]
HAL_TIM_PeriodElapsedCallback
                        0x0800d869     0xa  Code  Gb  stm32f4xx_hal_timebase_TIM.o [1]
HAL_TIM_TriggerCallback
                        0x0800da55     0x2  Code  Wk  stm32f4xx_hal_tim.o [1]
HAL_UART_ErrorCallback  0x0800ab19     0x2  Code  Wk  stm32f4xx_hal_uart.o [1]
HAL_UART_IRQHandler     0x0800a9a5   0x16e  Code  Gb  stm32f4xx_hal_uart.o [1]
HAL_UART_Init           0x0800a689    0x76  Code  Gb  stm32f4xx_hal_uart.o [1]
HAL_UART_MspInit        0x0800c655   0x370  Code  Gb  stm32f4xx_hal_msp.o [1]
HAL_UART_Receive        0x0800a7cd    0xd8  Code  Gb  stm32f4xx_hal_uart.o [1]
HAL_UART_Receive_IT     0x0800a8a5    0x70  Code  Gb  stm32f4xx_hal_uart.o [1]
HAL_UART_RxCpltCallback
                        0x0800ab17     0x2  Code  Wk  stm32f4xx_hal_uart.o [1]
HAL_UART_Transmit       0x0800a6ff    0xce  Code  Gb  stm32f4xx_hal_uart.o [1]
HAL_UART_Transmit_DMA   0x0800a915    0x90  Code  Gb  stm32f4xx_hal_uart.o [1]
HAL_UART_TxCpltCallback
                        0x0800ab13     0x2  Code  Wk  stm32f4xx_hal_uart.o [1]
HAL_UART_TxHalfCpltCallback
                        0x0800ab15     0x2  Code  Wk  stm32f4xx_hal_uart.o [1]
HAL_obc_BKPSRAM_BASE    0x0800839b     0x4  Code  Gb  obc_hal.o [1]
HAL_obc_IAC_ON          0x08008095    0x10  Code  Gb  obc_hal.o [1]
HAL_obc_SD_OFF          0x08008083    0x12  Code  Gb  obc_hal.o [1]
HAL_obc_SD_ON           0x08008071    0x12  Code  Gb  obc_hal.o [1]
HAL_obc_enableBkUpAccess
                        0x08008373    0x28  Code  Gb  obc_hal.o [1]
HAL_reset_source        0x0800829f    0x82  Code  Gb  obc_hal.o [1]
HAL_su_uart_rx          0x08008275    0x2a  Code  Gb  obc_hal.o [1]
HAL_sys_delay           0x08008065     0xc  Code  Gb  obc_hal.o [1]
HAL_sys_getDate         0x0800834b    0x28  Code  Gb  obc_hal.o [1]
HAL_sys_getTime         0x08008321    0x2a  Code  Gb  obc_hal.o [1]
HAL_uart_rx             0x080080fd    0x7a  Code  Gb  obc_hal.o [1]
HAL_uart_tx             0x080080a5    0x58  Code  Gb  obc_hal.o [1]
HEAP$$Base              0x20000510           --   Gb  - Linker created -
HEAP$$Limit             0x20000710           --   Gb  - Linker created -
HKHandle                0x20013ae4     0x4  Data  Gb  main.o [1]
HK_task                 0x0800fc45     0xe  Code  Gb  main.o [1]
HLDLC_deframe           0x080083d5   0x108  Code  Gb  hldlc.o [1]
HLDLC_frame             0x080084dd    0xe4  Code  Gb  hldlc.o [1]
IDLE_task               0x0800fc53     0xc  Code  Gb  main.o [1]
LD_status               0x200139e8    0x1c  Data  Gb  large_data_service.o [1]
LoadInt                 0x08008f37    0x6e  Code  Lc  xprintffull.o [3]
MS_data                 0x20012dd8   0x248  Data  Gb  mass_storage_service.o [1]
MX_ADC1_Init            0x0800f2c7    0x80  Code  Lc  main.o [1]
MX_DMA_Init             0x0800f709    0x98  Code  Lc  main.o [1]
MX_FATFS_Init           0x08002ac1    0x10  Code  Gb  fatfs.o [1]
MX_GPIO_Init            0x0800f7a1   0x126  Code  Lc  main.o [1]
MX_RTC_Init             0x0800f347    0xa0  Code  Lc  main.o [1]
MX_SDIO_SD_Init         0x0800f3e7    0x3c  Code  Lc  main.o [1]
MX_SPI1_Init            0x0800f423    0x72  Code  Lc  main.o [1]
MX_SPI2_Init            0x0800f495    0x72  Code  Lc  main.o [1]
MX_SPI3_Init            0x0800f507    0x72  Code  Lc  main.o [1]
MX_UART4_Init           0x0800f579    0x50  Code  Lc  main.o [1]
MX_USART1_UART_Init     0x0800f5c9    0x50  Code  Lc  main.o [1]
MX_USART2_UART_Init     0x0800f619    0x50  Code  Lc  main.o [1]
MX_USART3_UART_Init     0x0800f669    0x50  Code  Lc  main.o [1]
MX_USART6_UART_Init     0x0800f6b9    0x50  Code  Lc  main.o [1]
NVIC_EnableIRQ          0x0800d69d    0x14  Code  Lc  stm32f4xx_hal_cortex.o [1]
NVIC_EncodePriority     0x0800d6d7    0x3e  Code  Lc  stm32f4xx_hal_cortex.o [1]
NVIC_GetPriorityGrouping
                        0x0800d693     0xa  Code  Lc  stm32f4xx_hal_cortex.o [1]
NVIC_SetPriority        0x0800d6b1    0x26  Code  Lc  stm32f4xx_hal_cortex.o [1]
NVIC_SetPriorityGrouping
                        0x0800d675    0x1e  Code  Lc  stm32f4xx_hal_cortex.o [1]
PendSV_Handler          0x08004841          Code  Gb  portasm.o [1]
RTC_Bcd2ToByte          0x0800b4e7    0x1c  Code  Gb  stm32f4xx_hal_rtc.o [1]
RTC_ByteToBcd2          0x0800b4d1    0x16  Code  Gb  stm32f4xx_hal_rtc.o [1]
RTC_EnterInitMode       0x0800b499    0x38  Code  Gb  stm32f4xx_hal_rtc.o [1]
Region$$Table$$Base     0x08012504           --   Gb  - Linker created -
Region$$Table$$Limit    0x08012524           --   Gb  - Linker created -
SDCardInfo              0x200134e8    0x58  Data  Gb  main.o [1]
SDIO_DataConfig         0x0800f131    0x2e  Code  Gb  stm32f4xx_ll_sdmmc.o [1]
SDIO_GetCommandResponse
                        0x0800f115     0x6  Code  Gb  stm32f4xx_ll_sdmmc.o [1]
SDIO_GetPowerState      0x0800f0e3     0x8  Code  Gb  stm32f4xx_ll_sdmmc.o [1]
SDIO_GetResponse        0x0800f11b    0x16  Code  Gb  stm32f4xx_ll_sdmmc.o [1]
SDIO_IRQHandler         0x080111d5     0xa  Code  Gb  stm32f4xx_it.o [1]
SDIO_Init               0x0800f099    0x2e  Code  Gb  stm32f4xx_ll_sdmmc.o [1]
SDIO_PowerState_ON      0x0800f0d9     0xa  Code  Gb  stm32f4xx_ll_sdmmc.o [1]
SDIO_ReadFIFO           0x0800f0c7     0x6  Code  Gb  stm32f4xx_ll_sdmmc.o [1]
SDIO_SendCommand        0x0800f0eb    0x2a  Code  Gb  stm32f4xx_ll_sdmmc.o [1]
SDIO_WriteFIFO          0x0800f0cd     0xc  Code  Gb  stm32f4xx_ll_sdmmc.o [1]
SD_CmdError             0x0800e93f    0x4a  Code  Lc  stm32f4xx_hal_sd.o [1]
SD_CmdResp1Error        0x0800e9fd   0x114  Code  Lc  stm32f4xx_hal_sd.o [1]
SD_CmdResp2Error        0x0800eb49    0x46  Code  Lc  stm32f4xx_hal_sd.o [1]
SD_CmdResp3Error        0x0800eb19    0x30  Code  Lc  stm32f4xx_hal_sd.o [1]
SD_CmdResp6Error        0x0800eb8f    0xa4  Code  Lc  stm32f4xx_hal_sd.o [1]
SD_CmdResp7Error        0x0800e989    0x74  Code  Lc  stm32f4xx_hal_sd.o [1]
SD_Driver               0x08012af4    0x14  Data  Gb  sd_diskio.o [1]
SD_FindSCR              0x0800ed93   0x190  Code  Lc  stm32f4xx_hal_sd.o [1]
SD_GetState             0x0800e5f3    0x24  Code  Lc  stm32f4xx_hal_sd.o [1]
SD_Initialize_Cards     0x0800e617   0x118  Code  Lc  stm32f4xx_hal_sd.o [1]
SD_IsCardProgramming    0x0800ef23   0x16a  Code  Lc  stm32f4xx_hal_sd.o [1]
SD_Path                 0x20013ac8     0x4  Data  Gb  fatfs.o [1]
SD_PowerON              0x0800e769   0x176  Code  Lc  stm32f4xx_hal_sd.o [1]
SD_Select_Deselect      0x0800e72f    0x3a  Code  Lc  stm32f4xx_hal_sd.o [1]
SD_SendStatus           0x0800e8e1    0x5e  Code  Lc  stm32f4xx_hal_sd.o [1]
SD_WideBus_Disable      0x0800ece3    0xb0  Code  Lc  stm32f4xx_hal_sd.o [1]
SD_WideBus_Enable       0x0800ec33    0xb0  Code  Lc  stm32f4xx_hal_sd.o [1]
SD_initialize           0x08010f81    0x24  Code  Gb  sd_diskio.o [1]
SD_ioctl                0x08011035    0x6a  Code  Gb  sd_diskio.o [1]
SD_read                 0x08010fc9    0x36  Code  Gb  sd_diskio.o [1]
SD_status               0x08010fa5    0x24  Code  Gb  sd_diskio.o [1]
SD_write                0x08010fff    0x36  Code  Gb  sd_diskio.o [1]
SPI_CheckFlag_BSY       0x08010509    0x2c  Code  Lc  stm32f4xx_hal_spi.o [1]
SPI_WaitFlagStateUntilTimeout
                        0x08010471    0x98  Code  Lc  stm32f4xx_hal_spi.o [1]
SVC_Handler             0x08004899          Code  Gb  portasm.o [1]
Stat                    0x2000010c     0x1  Data  Lc  sd_diskio.o [1]
SysTick_Config          0x0800d715    0x30  Code  Lc  stm32f4xx_hal_cortex.o [1]
SysTick_Handler         0x08011175     0x8  Code  Gb  stm32f4xx_it.o [1]
SystemClock_Config      0x0800f1fd    0xca  Code  Gb  main.o [1]
SystemCoreClock         0x20000004     0x4  Data  Gb  system_stm32f4xx.o [1]
SystemInit              0x08011441    0x4c  Code  Gb  system_stm32f4xx.o [1]
TIM1_UP_TIM10_IRQHandler
                        0x0801119b     0xa  Code  Gb  stm32f4xx_it.o [1]
TIM_Base_SetConfig      0x0800da57    0xe6  Code  Gb  stm32f4xx_hal_tim.o [1]
UART4_IRQHandler        0x080111df    0x10  Code  Gb  stm32f4xx_it.o [1]
UART_DMAError           0x0800ab61    0x2a  Code  Lc  stm32f4xx_hal_uart.o [1]
UART_DMATransmitCplt    0x0800ab1d    0x34  Code  Lc  stm32f4xx_hal_uart.o [1]
UART_DMATxHalfCplt      0x0800ab51     0xe  Code  Lc  stm32f4xx_hal_uart.o [1]
UART_EndTransmit_IT     0x0800ace7    0x20  Code  Lc  stm32f4xx_hal_uart.o [1]
UART_OBC_Receive_IT     0x080081a5    0xd0  Code  Gb  obc_hal.o [1]
UART_Receive_IT         0x0800ad07    0xac  Code  Lc  stm32f4xx_hal_uart.o [1]
UART_SetConfig          0x0800adb3   0x312  Code  Lc  stm32f4xx_hal_uart.o [1]
UART_Transmit_IT        0x0800ac79    0x6e  Code  Lc  stm32f4xx_hal_uart.o [1]
UART_WaitOnFlagUntilTimeout
                        0x0800ab8b    0xee  Code  Lc  stm32f4xx_hal_uart.o [1]
UART_task               0x0800f8c7   0x2c2  Code  Gb  main.o [1]
USART1_IRQHandler       0x080111a5    0x10  Code  Gb  stm32f4xx_it.o [1]
USART2_IRQHandler       0x080111b5    0x10  Code  Gb  stm32f4xx_it.o [1]
USART3_IRQHandler       0x080111c5    0x10  Code  Gb  stm32f4xx_it.o [1]
USART6_IRQHandler       0x08011203    0x10  Code  Gb  stm32f4xx_it.o [1]
UTC_QB50_D              0x08011350    0x80  Data  Gb  time_management.o [1]
UTC_QB50_H              0x080114ac    0x64  Data  Gb  time_management.o [1]
UTC_QB50_YM             0x0801072c   0x444  Data  Gb  time_management.o [1]
_EncodingSb_Mbtowc      0x0800d48f    0x30  Code  Gb  xencoding_sb.o [3]
_EncodingSb_Wctomb      0x0800d475    0x1a  Code  Gb  xencoding_sb.o [3]
_GenldFull              0x080097bb   0x24c  Code  Lc  xprintffull.o [3]
_IsdstStr               0x2000009c     0x4  Data  Gb  setlocale.o [3]
_LdtobFull              0x080093b9   0x3fc  Code  Lc  xprintffull.o [3]
_LitobFull              0x080092b1   0x106  Code  Lc  xprintffull.o [3]
_LocaleC_isspace        0x0800d449    0x14  Code  Gb  xlocale_c.o [3]
_LocaleC_tolower        0x0800d873     0xc  Code  Gb  xlocale_c.o [3]
_LocaleEncoding         0x0800d437     0xe  Code  Gb  setlocale.o [3]
_LocaleForCat           0x0800d425    0x12  Code  Gb  setlocale.o [3]
_LocaleReturnString     0x200000bc    0x50  Data  Lc  setlocale.o [3]
_Locale_Profile         0x200000a0    0x1c  Data  Gb  setlocale.o [3]
_Locale_aeabi_lconv     0x2000005c    0x38  Data  Gb  localeconv.o [3]
_Locale_lconv           0x2000000c    0x50  Data  Gb  localeconv.o [3]
_Mbtowc                 0x0800b711    0x20  Code  Gb  xmbtowc.o [3]
_PrintfFull             0x080088e9   0x638  Code  Gb  xprintffull.o [3]
_PutcharsFull           0x08009a07    0x2e  Code  Lc  xprintffull.o [3]
_PutstrFull             0x08008fa5   0x306  Code  Lc  xprintffull.o [3]
_SNProut                0x080029af    0x1a  Code  Gb  xsnprout.o [3]
_SProut                 0x080044d7     0xa  Code  Gb  xsprout.o [3]
_TzoneStr               0x20000098     0x4  Data  Gb  setlocale.o [3]
_Wctomb                 0x0800b895    0x1a  Code  Gb  xwctomb.o [3]
__aeabi_cdcmple         0x0800ba61          Code  Gb  DblCmpLe.o [4]
__aeabi_cdrcmple        0x0800ba91          Code  Gb  DblCmpGe.o [4]
__aeabi_d2iz            0x0800bbd5          Code  Gb  DblToI32.o [4]
__aeabi_d2uiz           0x0800bc01          Code  Gb  DblToI32.o [4]
__aeabi_ddiv            0x0800bf81          Code  Gb  DblDiv.o [4]
__aeabi_dmul            0x0800bddd          Code  Gb  DblMul.o [4]
__aeabi_dsub            0x0800bc5d          Code  Gb  DblSub.o [4]
__aeabi_errno_addr      0x0800b705     0x6  Code  Gb  errno.o [3]
__aeabi_i2d             0x0800bc2d          Code  Gb  I32ToDbl.o [4]
__aeabi_ldiv0           0x0800d501          Code  Gb  I64DivZer.o [5]
__aeabi_memset          0x08004761          Code  Gb  ABImemset.o [5]
__aeabi_ui2d            0x0800bc41          Code  Gb  I32ToDbl.o [4]
__aeabi_uldivmod        0x0800b931          Code  Gb  I64DivMod.o [5]
__cmain                 0x080127b1          Code  Gb  cmain.o [5]
__data_Aldata           0x20013ac0     0x8  Data  Gb  xxmemxmalloc.o [3]
__data_GetMemChunk      0x0800d4d5    0x2c  Code  Gb  xgetmemchunk.o [3]
__exit                  0x080127e1    0x14  Code  Gb  exit.o [6]
__iar_Dnorm             0x0800ba1f    0x42  Code  Gb  xdnorm.o [4]
__iar_Dscale            0x0800bac1   0x114  Code  Gb  xdscale.o [4]
__iar_Errno             0x20000094     0x4  Data  Gb  errno.o [3]
__iar_Locale_lconv_init
                        0x0800c1d9    0x3a  Code  Gb  localeconv.o [3]
__iar_Mbcurmax          0x0800b7d9     0xa  Code  Gb  xmbcurmax.o [3]
__iar_Memchr            0x0800b781          Code  Gb  memchr.o [5]
__iar_Memset            0x08004761          Code  Gb  ABImemset.o [5]
__iar_Memset_word       0x08004769          Code  Gb  ABImemset.o [5]
__iar_Stolx             0x08008861    0x88  Code  Gb  xstol.o [3]
__iar_Stoulx            0x0800b571   0x13e  Code  Gb  xstoul.o [3]
__iar_Strchr            0x0800b731          Code  Gb  strchr.o [5]
__iar_d2uiz             0x0800bc0d          Code  Gb  DblToI32.o [4]
__iar_dadd              0x0800d505          Code  Gb  DblAdd.o [4]
__iar_data_init3        0x0801220d    0x28  Code  Gb  data_init.o [5]
__iar_dlib_perthread_access
                        0x0800d471     0x2  Code  Gb  xtls.o [3]
__iar_dsub              0x0800bc71          Code  Gb  DblSub.o [4]
__iar_dsubStart         0x0800bc83          Code  Gb  DblSub.o [4]
__iar_init_vfp          0x080124e1          Code  Gb  fpinit_M.o [4]
__iar_packbits_init_single3
                        0x08011c55    0x38  Code  Gb  packbits_init_single.o [5]
__iar_program_start     0x08012c95          Code  Gb  cstartup_M.o [5]
__iar_ui2d              0x0800bc45          Code  Gb  I32ToDbl.o [4]
__iar_unaligned___aeabi_memcpy
                        0x080047c9          Code  Gb  ABImemcpy_unaligned.o [5]
__iar_unaligned___aeabi_memcpy4
                        0x080047e9          Code  Gb  ABImemcpy_unaligned.o [5]
__iar_unaligned___aeabi_memcpy8
                        0x080047e9          Code  Gb  ABImemcpy_unaligned.o [5]
__iar_unaligned_strncpy
                        0x08007981          Code  Gb  strncpy_unaligned.o [5]
__iar_zero_init3        0x08011a09    0x40  Code  Gb  zero_init3.o [5]
__low_level_init        0x080127cb     0x4  Code  Gb  low_level_init.o [3]
__vector_table          0x08000000          Data  Gb  startup_stm32f405xx.o [1]
_call_main              0x080127bd          Code  Gb  cmain.o [5]
_exit                   0x080127d5          Code  Gb  cexit.o [5]
_main                   0x080127c7          Code  Gb  cmain.o [5]
active_script           0x20013b37     0x1  Data  Gb  su_mnlp.o [1]
bkup_sram_INIT          0x08007c31    0xbc  Code  Gb  obc.o [1]
checkSum                0x080060fd    0x76  Code  Gb  service_utilities.o [1]
check_fs                0x0800119f    0x82  Code  Lc  ff.o [1]
chk_chr                 0x080001df    0x14  Code  Lc  ff.o [1]
chk_lock                0x0800022d    0x90  Code  Lc  ff.o [1]
clear_lock              0x08000417    0x2c  Code  Lc  ff.o [1]
clear_wod               0x0800c2a1    0x2c  Code  Gb  housekeeping.o [1]
clmt_clust              0x08000a17    0x3e  Code  Lc  ff.o [1]
clust2sect              0x080005e1    0x20  Code  Gb  ff.o [1]
cnv16_8                 0x080060ad    0x16  Code  Gb  service_utilities.o [1]
cnv32_8                 0x0800608d    0x20  Code  Gb  service_utilities.o [1]
cnv8_16                 0x080060e5    0x18  Code  Gb  service_utilities.o [1]
cnv8_32                 0x080060c3    0x22  Code  Gb  service_utilities.o [1]
cnv_UTC_QB50            0x0800d5d9    0x46  Code  Gb  time_management.o [1]
copy_inner_tc           0x08009e89   0x2d8  Code  Gb  scheduling_service.o [1]
create_chain            0x08000919    0xfe  Code  Lc  ff.o [1]
create_name             0x08000f85   0x12e  Code  Lc  ff.o [1]
crt_pkt                 0x080066fd    0xd4  Code  Gb  service_utilities.o [1]
dec_lock                0x080003c1    0x56  Code  Lc  ff.o [1]
digits                  0x0800b6b4    0x28  Data  Lc  xstoul.o [3]
dir_alloc               0x08000ca9    0x6e  Code  Lc  ff.o [1]
dir_find                0x08000d59    0x70  Code  Lc  ff.o [1]
dir_next                0x08000b31   0x178  Code  Lc  ff.o [1]
dir_read                0x08000dc9    0xa2  Code  Lc  ff.o [1]
dir_register            0x08000e6b    0x52  Code  Lc  ff.o [1]
dir_remove              0x08000ebd    0x4e  Code  Lc  ff.o [1]
dir_sdi                 0x08000a55    0xdc  Code  Lc  ff.o [1]
disk                    0x20013a98     0xc  Data  Gb  ff_gen_drv.o [1]
disk_initialize         0x080029eb    0x36  Code  Gb  diskio.o [1]
disk_ioctl              0x08002a91    0x2c  Code  Gb  diskio.o [1]
disk_read               0x08002a21    0x38  Code  Gb  diskio.o [1]
disk_status             0x080029c9    0x22  Code  Gb  diskio.o [1]
disk_write              0x08002a59    0x38  Code  Gb  diskio.o [1]
div                     0x0800c245     0xe  Code  Gb  div.o [3]
enable_disable_schedule_apid_release
                        0x08009e0f    0x26  Code  Gb  scheduling_service.o [1]
enq_lock                0x080002bd    0x26  Code  Lc  ff.o [1]
err                     0x20013b32     0x2  Data  Gb  obc_hal.o [1]
event_crt_pkt_api       0x08007f6d    0xf8  Code  Gb  event_reporting_service.o [1]
event_log               0x08007d1f    0xe6  Code  Gb  obc.o [1]
exit                    0x080127cf     0x4  Code  Gb  exit.o [3]
export_pkt              0x0800620b    0x92  Code  Gb  service_utilities.o [1]
f_close                 0x08002053    0x48  Code  Gb  ff.o [1]
f_closedir              0x080025bd    0x42  Code  Gb  ff.o [1]
f_lseek                 0x0800209b   0x450  Code  Gb  ff.o [1]
f_mount                 0x080016d5    0x9a  Code  Gb  ff.o [1]
f_open                  0x0800178d   0x206  Code  Gb  ff.o [1]
f_opendir               0x080024eb    0xd2  Code  Gb  ff.o [1]
f_read                  0x08001993   0x2ba  Code  Gb  ff.o [1]
f_readdir               0x080025ff    0x82  Code  Gb  ff.o [1]
f_rename                0x080027dd   0x170  Code  Gb  ff.o [1]
f_stat                  0x08002681    0x5a  Code  Gb  ff.o [1]
f_sync                  0x08001f61    0xf2  Code  Gb  ff.o [1]
f_unlink                0x080026db   0x102  Code  Gb  ff.o [1]
f_write                 0x08001c4d   0x314  Code  Gb  ff.o [1]
ff_cre_syncobj          0x0800294d    0x28  Code  Gb  syscall.o [1]
ff_del_syncobj          0x08002979     0xe  Code  Gb  syscall.o [1]
ff_rel_grant            0x080029a3     0xc  Code  Gb  syscall.o [1]
ff_req_grant            0x08002987    0x1c  Code  Gb  syscall.o [1]
find_schedule_pos       0x0800a1d9    0x2e  Code  Gb  scheduling_service.o [1]
find_volume             0x08001221   0x45e  Code  Lc  ff.o [1]
follow_path             0x080010b3    0x9c  Code  Lc  ff.o [1]
free                    0x0800b8b1    0x7a  Code  Gb  xxmemxfree.o [3]
free_pkt                0x0800862f    0x4e  Code  Gb  pkt_pool.o [1]
function_management_app
                        0x08009bdd    0xbc  Code  Gb  function_management_service.o [1]
get_fat                 0x08000601   0x11c  Code  Gb  ff.o [1]
get_fattime             0x08002add     0x4  Code  Gb  fatfs.o [1]
get_fileinfo            0x08000f0b    0x7a  Code  Lc  ff.o [1]
get_ldnumber            0x0800114f    0x50  Code  Lc  ff.o [1]
get_new_fileId          0x08007ced    0x32  Code  Gb  obc.o [1]
get_pkt                 0x080085d9    0x56  Code  Gb  pkt_pool.o [1]
get_time_QB50           0x0800d62d    0x2c  Code  Gb  time_management.o [1]
get_time_UTC            0x0800d659    0x1a  Code  Gb  time_management.o [1]
hadc1                   0x20013800    0x48  Data  Gb  main.o [1]
hdma_uart4_tx           0x20013648    0x58  Data  Gb  main.o [1]
hdma_usart1_tx          0x200136a0    0x58  Data  Gb  main.o [1]
hdma_usart2_tx          0x200136f8    0x58  Data  Gb  main.o [1]
hdma_usart3_tx          0x20013750    0x58  Data  Gb  main.o [1]
hdma_usart6_tx          0x200137a8    0x58  Data  Gb  main.o [1]
hk_INIT                 0x0800c255     0x8  Code  Gb  housekeeping.o [1]
hk_SCH                  0x0800c25d    0x44  Code  Gb  housekeeping.o [1]
hk_app                  0x08009a51    0xb0  Code  Gb  housekeeping_service.o [1]
hk_crt_empty_pkt_TM     0x08009b01    0x3e  Code  Gb  housekeeping_service.o [1]
hk_crt_pkt_TC           0x08009b3f    0x50  Code  Gb  housekeeping_service.o [1]
hk_crt_pkt_TM           0x08009ba9    0x34  Code  Gb  housekeeping_service.o [1]
hk_parameters_report    0x0800c2cd    0x54  Code  Gb  housekeeping.o [1]
hk_pkt                  0x20013a04    0x14  Data  Gb  housekeeping.o [1]
hk_pkt_data             0x20013020   0x210  Data  Gb  housekeeping.o [1]
hk_report_parameters    0x0800c32d    0x72  Code  Gb  housekeeping.o [1]
hrtc                    0x200139c8    0x20  Data  Gb  main.o [1]
hsd                     0x2001344c    0x60  Data  Gb  main.o [1]
hspi1                   0x20013540    0x58  Data  Gb  main.o [1]
hspi2                   0x20013598    0x58  Data  Gb  main.o [1]
hspi3                   0x200135f0    0x58  Data  Gb  main.o [1]
htim1                   0x200134ac    0x3c  Data  Gb  stm32f4xx_hal_timebase_TIM.o [1]
huart1                  0x20013888    0x40  Data  Gb  main.o [1]
huart2                  0x200138c8    0x40  Data  Gb  main.o [1]
huart3                  0x20013908    0x40  Data  Gb  main.o [1]
huart4                  0x20013848    0x40  Data  Gb  main.o [1]
huart6                  0x20013948    0x40  Data  Gb  main.o [1]
import_pkt              0x08006173    0x98  Code  Gb  service_utilities.o [1]
inHandlerMode           0x08002af3    0x12  Code  Lc  cmsis_os.o [1]
inc_lock                0x080002e3    0xde  Code  Lc  ff.o [1]
isspace                 0x0800b55d    0x14  Code  Gb  isxxx.o [3]
large_data_INIT         0x08007929    0x1a  Code  Gb  large_data_service.o [1]
large_data_abortPkt     0x080078ab    0x60  Code  Gb  large_data_service.o [1]
large_data_abort_api    0x0800790b    0x1e  Code  Gb  large_data_service.o [1]
large_data_app          0x0800684d    0xe2  Code  Gb  large_data_service.o [1]
large_data_downlinkPkt  0x080077e9    0x60  Code  Gb  large_data_service.o [1]
large_data_downlinkTx_api
                        0x080072b9   0x1cc  Code  Gb  large_data_service.o [1]
large_data_firstRx_api  0x0800692f   0x1b6  Code  Gb  large_data_service.o [1]
large_data_intRx_api    0x08006ae5   0x1ac  Code  Gb  large_data_service.o [1]
large_data_intTx_api    0x080074a5   0x1c4  Code  Gb  large_data_service.o [1]
large_data_lastRx_api   0x08006c91   0x1bc  Code  Gb  large_data_service.o [1]
large_data_reportTx_api
                        0x0800712d   0x18c  Code  Gb  large_data_service.o [1]
large_data_retryRx_api  0x08006e4d   0x1ac  Code  Gb  large_data_service.o [1]
large_data_retryTx_api  0x08007681   0x15c  Code  Gb  large_data_service.o [1]
large_data_standaloneRx_api
                        0x08006ff9   0x134  Code  Gb  large_data_service.o [1]
large_data_updatePkt    0x080077dd     0xc  Code  Gb  large_data_service.o [1]
large_data_verifyPkt    0x08007849    0x62  Code  Gb  large_data_service.o [1]
ld_clust                0x08000d17    0x2a  Code  Lc  ff.o [1]
localeconv              0x0800c213    0x16  Code  Gb  localeconv.o [3]
lock_fs                 0x080001f3     0xe  Code  Lc  ff.o [1]
main                    0x0800f169    0x94  Code  Gb  main.o [1]
makeFreeRtosPriority    0x08002ae1    0x12  Code  Lc  cmsis_os.o [1]
malloc                  0x0800b7e5    0xac  Code  Gb  xxmemxmalloc.o [3]
mass_storage_app        0x080048e9   0x100  Code  Gb  mass_storage_service.o [1]
mass_storage_delete_api
                        0x08004ac9   0x31c  Code  Gb  mass_storage_service.o [1]
mass_storage_delete_su_scr
                        0x080049e9    0xe0  Code  Gb  mass_storage_service.o [1]
mass_storage_downlinkLargeFile
                        0x0800512d   0x118  Code  Gb  mass_storage_service.o [1]
mass_storage_downlinkLogs
                        0x08004eb9   0x274  Code  Gb  mass_storage_service.o [1]
mass_storage_downlink_api
                        0x08004de5    0xd4  Code  Gb  mass_storage_service.o [1]
mass_storage_findLog    0x08005e41   0x15e  Code  Gb  mass_storage_service.o [1]
mass_storage_getFileName
                        0x08005fc1    0x18  Code  Gb  mass_storage_service.o [1]
mass_storage_getLog     0x08005d85    0xaa  Code  Gb  mass_storage_service.o [1]
mass_storage_init       0x08005fa9    0x18  Code  Gb  mass_storage_service.o [1]
mass_storage_report_api
                        0x08005715   0x21c  Code  Gb  mass_storage_service.o [1]
mass_storage_report_su_scr_api
                        0x08005945   0x1a6  Code  Gb  mass_storage_service.o [1]
mass_storage_storeLargeFile
                        0x0800532d   0x2e0  Code  Gb  mass_storage_service.o [1]
mass_storage_storeLogs  0x08005621    0xe0  Code  Gb  mass_storage_service.o [1]
mass_storage_store_api  0x08005245    0xc4  Code  Gb  mass_storage_service.o [1]
mass_storage_su_load_api
                        0x08005b05   0x24e  Code  Gb  mass_storage_service.o [1]
mem_cmp                 0x080001bb    0x24  Code  Lc  ff.o [1]
mem_cpy                 0x08000189    0x1c  Code  Lc  ff.o [1]
mem_set                 0x080001a5    0x16  Code  Lc  ff.o [1]
memchr                  0x0800b781          Code  Gb  memchr.o [5]
move_window             0x080004b1    0x44  Code  Lc  ff.o [1]
ndigs                   0x0800b6dc    0x28  Data  Lc  xstoul.o [3]
obc_data                0x20000710  0x48fc  Data  Gb  obc.o [1]
operations_scheduling_reset_schedule_api
                        0x08009e35    0x54  Code  Gb  scheduling_service.o [1]
osDelay                 0x08002b49    0x1c  Code  Gb  cmsis_os.o [1]
osKernelStart           0x08002b05     0xa  Code  Gb  cmsis_os.o [1]
osSemaphoreCreate       0x08002b65    0x2e  Code  Gb  cmsis_os.o [1]
osSemaphoreDelete       0x08002c6d    0x1a  Code  Gb  cmsis_os.o [1]
osSemaphoreRelease      0x08002c19    0x54  Code  Gb  cmsis_os.o [1]
osSemaphoreWait         0x08002b93    0x86  Code  Gb  cmsis_os.o [1]
osSystickHandler        0x08002c87    0x10  Code  Gb  cmsis_os.o [1]
osThreadCreate          0x08002b0f    0x3a  Code  Gb  cmsis_os.o [1]
pack_pkt                0x08006569   0x194  Code  Gb  service_utilities.o [1]
parse_sch_packet        0x0800a207   0x1cc  Code  Gb  scheduling_service.o [1]
pcInterruptPriorityRegisters
                        0x08012ce8     0x4  Data  Lc  port.o [1]
pkt_pool                0x2000500c  0x4078  Data  Gb  pkt_pool.o [1]
pkt_pool_INIT           0x0800867d    0x38  Code  Gb  pkt_pool.o [1]
power_control_api       0x0800c3a1    0x9c  Code  Gb  power_ctrl.o [1]
prvAddCurrentTaskToDelayedList
                        0x0800355b    0x4e  Code  Lc  tasks.o [1]
prvAllocateTCBAndStack  0x080035b1    0x5a  Code  Lc  tasks.o [1]
prvCheckTasksWaitingTermination
                        0x080034f5    0x66  Code  Lc  tasks.o [1]
prvCopyDataFromQueue    0x080040d7    0x30  Code  Lc  queue.o [1]
prvCopyDataToQueue      0x0800403f    0x98  Code  Lc  queue.o [1]
prvDeleteTCB            0x0800360b    0x12  Code  Lc  tasks.o [1]
prvHeapInit             0x08004671    0x6e  Code  Lc  heap_4.o [1]
prvIdleTask             0x08003401    0x26  Code  Lc  tasks.o [1]
prvInitialiseTCBVariables
                        0x08003427    0x6c  Code  Lc  tasks.o [1]
prvInitialiseTaskLists  0x08003493    0x58  Code  Lc  tasks.o [1]
prvInsertBlockIntoFreeList
                        0x080046df    0x62  Code  Lc  heap_4.o [1]
prvIsQueueEmpty         0x08004171    0x20  Code  Lc  queue.o [1]
prvIsQueueFull          0x08004191    0x22  Code  Lc  queue.o [1]
prvResetNextTaskUnblockTime
                        0x0800361d    0x2a  Code  Lc  tasks.o [1]
prvTaskExitError        0x08004205    0x2a  Code  Lc  port.o [1]
prvUnlockQueue          0x08004107    0x6a  Code  Lc  queue.o [1]
put_fat                 0x0800071d   0x178  Code  Gb  ff.o [1]
pvPortMalloc            0x080044e1   0x118  Code  Gb  heap_4.o [1]
pvTaskIncrementMutexHeldCount
                        0x080037e9    0x1e  Code  Gb  tasks.o [1]
pxCurrentTCB            0x20013af8     0x4  Data  Gb  tasks.o [1]
pxDelayedTaskList       0x20013afc     0x4  Data  Lc  tasks.o [1]
pxEnd                   0x20013ad0     0x4  Data  Lc  heap_4.o [1]
pxOverflowDelayedTaskList
                        0x20013b00     0x4  Data  Lc  tasks.o [1]
pxPortInitialiseStack   0x080041e1    0x24  Code  Gb  port.o [1]
pxReadyTasksLists       0x200133c0    0x8c  Data  Lc  tasks.o [1]
remove_chain            0x08000895    0x84  Code  Lc  ff.o [1]
retSD                   0x20013b34     0x1  Data  Gb  fatfs.o [1]
route_pkt               0x08007a6d   0x1c4  Code  Gb  obc.o [1]
sat_status              0x20013ab8     0x8  Data  Gb  obc.o [1]
sc_s_state              0x20013aa4     0xc  Data  Gb  scheduling_service.o [1]
schedule_mem_pool       0x20010c80  0x2158  Data  Gb  scheduling_service.o [1]
scheduling_app          0x08009d89    0x86  Code  Gb  scheduling_service.o [1]
scheduling_insert_api   0x0800a161    0x1e  Code  Gb  scheduling_service.o [1]
scheduling_remove_schedule_api
                        0x0800a17f    0x5a  Code  Gb  scheduling_service.o [1]
services_verification_TC_TM
                        0x08010b70   0x410  Data  Gb  services.o [1]
snprintf                0x08007a29    0x44  Code  Gb  snprintf.o [3]
sprintf                 0x080079f5    0x34  Code  Gb  sprintf.o [3]
st_clust                0x08000d41    0x18  Code  Lc  ff.o [1]
strchr                  0x0800b731          Code  Gb  strchr.o [5]
strlen                  0x0800b749          Code  Gb  strlen.o [5]
strnlen                 0x0800a431    0x16  Code  Gb  strnlen.o [3]
strtol                  0x080079ed     0x6  Code  Gb  strtol.o [3]
su_INIT                 0x080105b9    0x44  Code  Gb  su_mnlp.o [1]
su_inc_buffer           0x200132f8    0xc8  Data  Gb  su_mnlp.o [1]
su_incoming_rx          0x08010535    0x84  Code  Gb  su_mnlp.o [1]
su_load_scripts         0x080105fd    0x5e  Code  Gb  su_mnlp.o [1]
su_populate_header      0x0801065b    0xb8  Code  Gb  su_mnlp.o [1]
su_scripts              0x20009084  0x3ffc  Data  Gb  su_mnlp.o [1]
su_state                0x20013b36     0x1  Data  Gb  su_mnlp.o [1]
sync_fs                 0x080004f5    0xec  Code  Lc  ff.o [1]
sync_window             0x08000449    0x68  Code  Lc  ff.o [1]
sys_data                0x20013a7c    0x10  Data  Gb  services.o [1]
test_app                0x08009ca9    0x7a  Code  Gb  test_service.o [1]
test_crt_pkt            0x08009d23    0x50  Code  Gb  test_service.o [1]
time_checkHandle        0x20013ae8     0x4  Data  Gb  main.o [1]
time_now                0x0800602d     0x4  Code  Gb  services.o [1]
tolower                 0x0800d45d    0x14  Code  Gb  tolower.o [3]
tst_debugging           0x08006031    0x54  Code  Gb  services.o [1]
uartHandle              0x20013ae0     0x4  Data  Gb  main.o [1]
uart_temp               0x20013230    0xc8  Data  Gb  main.o [1]
ucHeap                  0x2000d080  0x3c00  Data  Lc  heap_4.o [1]
ucMaxSysCallPriority    0x20013b35     0x1  Data  Lc  port.o [1]
ulMaxPRIGROUPValue      0x20013af0     0x4  Data  Lc  port.o [1]
ulTaskNotifyTake        0x0800380d    0xd4  Code  Gb  tasks.o [1]
unlock_fs               0x08000201    0x2c  Code  Lc  ff.o [1]
unpack_pkt              0x0800629d   0x2cc  Code  Gb  service_utilities.o [1]
update_boot_counter     0x080067d1    0x12  Code  Gb  service_utilities.o [1]
uwTick                  0x20013af4     0x4  Data  Gb  stm32f4xx_hal.o [1]
uxCriticalNesting       0x20000000     0x4  Data  Lc  port.o [1]
uxCurrentNumberOfTasks  0x20013b08     0x4  Data  Lc  tasks.o [1]
uxListRemove            0x080044af    0x28  Code  Gb  list.o [1]
uxPendedTicks           0x20013b18     0x4  Data  Lc  tasks.o [1]
uxSchedulerSuspended    0x20013b28     0x4  Data  Lc  tasks.o [1]
uxTaskNumber            0x20013b24     0x4  Data  Lc  tasks.o [1]
uxTasksDeleted          0x20013b04     0x4  Data  Lc  tasks.o [1]
uxTopReadyPriority      0x20013b10     0x4  Data  Lc  tasks.o [1]
vListInitialise         0x08004439    0x1e  Code  Gb  list.o [1]
vListInitialiseItem     0x08004457     0x6  Code  Gb  list.o [1]
vListInsert             0x08004475    0x3a  Code  Gb  list.o [1]
vListInsertEnd          0x0800445d    0x18  Code  Gb  list.o [1]
vPortEnableVFP          0x080048cd          Code  Gb  portasm.o [1]
vPortEnterCritical      0x080042fb    0x3a  Code  Gb  port.o [1]
vPortExitCritical       0x08004335    0x32  Code  Gb  port.o [1]
vPortFree               0x080045f9    0x78  Code  Gb  heap_4.o [1]
vPortSetupTimerInterrupt
                        0x08004393    0x1a  Code  Wk  port.o [1]
vPortStartFirstTask     0x080048b5          Code  Gb  portasm.o [1]
vPortValidateInterruptPriority
                        0x080043ad    0x4e  Code  Gb  port.o [1]
vQueueDelete            0x08004017    0x28  Code  Gb  queue.o [1]
vQueueUnregisterQueue   0x080041b3    0x24  Code  Gb  queue.o [1]
vTaskDelay              0x08002e91    0x84  Code  Gb  tasks.o [1]
vTaskMissedYield        0x080033ef     0xa  Code  Gb  tasks.o [1]
vTaskNotifyGiveFromISR  0x080038f9    0xba  Code  Gb  tasks.o [1]
vTaskPlaceOnEventList   0x0800322d    0x76  Code  Gb  tasks.o [1]
vTaskPriorityInherit    0x08003677    0xac  Code  Gb  tasks.o [1]
vTaskSetTimeOutState    0x08003341    0x26  Code  Gb  tasks.o [1]
vTaskStartScheduler     0x08002f15    0x62  Code  Gb  tasks.o [1]
vTaskSuspendAll         0x08002f77    0x10  Code  Gb  tasks.o [1]
vTaskSwitchContext      0x080031bb    0x72  Code  Gb  tasks.o [1]
validate                0x0800167f    0x56  Code  Lc  ff.o [1]
verification_app        0x080086c1    0xa6  Code  Gb  verification_service.o [1]
verification_crt_pkt    0x08008767    0xe0  Code  Gb  verification_service.o [1]
wod_log                 0x08007e05    0x90  Code  Gb  obc.o [1]
wod_log_load            0x08007e95    0x9e  Code  Gb  obc.o [1]
xBlockAllocatedBit      0x20013adc     0x4  Data  Lc  heap_4.o [1]
xDelayedTaskList1       0x20013a18    0x14  Data  Lc  tasks.o [1]
xDelayedTaskList2       0x20013a2c    0x14  Data  Lc  tasks.o [1]
xFreeBytesRemaining     0x20013ad4     0x4  Data  Lc  heap_4.o [1]
xHeapStructSize         0x08012ce0     0x4  Data  Lc  heap_4.o [1]
xMinimumEverFreeBytesRemaining
                        0x20013ad8     0x4  Data  Lc  heap_4.o [1]
xNextTaskUnblockTime    0x20000008     0x4  Data  Lc  tasks.o [1]
xNumOfOverflows         0x20013b20     0x4  Data  Lc  tasks.o [1]
xPendingReadyList       0x20013a40    0x14  Data  Lc  tasks.o [1]
xPortStartScheduler     0x0800422f    0xcc  Code  Gb  port.o [1]
xPortSysTickHandler     0x08004367    0x2c  Code  Gb  port.o [1]
xQueueGenericCreate     0x08003a7d    0x82  Code  Gb  queue.o [1]
xQueueGenericReceive    0x08003d89   0x1cc  Code  Gb  queue.o [1]
xQueueGenericReset      0x080039ed    0x90  Code  Gb  queue.o [1]
xQueueGenericSend       0x08003aff   0x1b2  Code  Gb  queue.o [1]
xQueueGiveFromISR       0x08003cb1    0xd8  Code  Gb  queue.o [1]
xQueueReceiveFromISR    0x08003f55    0xc2  Code  Gb  queue.o [1]
xQueueRegistry          0x20013988    0x40  Data  Gb  queue.o [1]
xSchedulerRunning       0x20013b14     0x4  Data  Lc  tasks.o [1]
xStart                  0x20013ab0     0x8  Data  Lc  heap_4.o [1]
xSuspendedTaskList      0x20013a68    0x14  Data  Lc  tasks.o [1]
xTaskCheckForTimeOut    0x08003367    0x88  Code  Gb  tasks.o [1]
xTaskGenericCreate      0x08002d0d   0x184  Code  Gb  tasks.o [1]
xTaskGetCurrentTaskHandle
                        0x08003647     0xa  Code  Gb  tasks.o [1]
xTaskGetSchedulerState  0x08003651    0x26  Code  Gb  tasks.o [1]
xTaskIncrementTick      0x08003087   0x134  Code  Gb  tasks.o [1]
xTaskPriorityDisinherit
                        0x08003729    0xba  Code  Gb  tasks.o [1]
xTaskRemoveFromEventList
                        0x080032a3    0x84  Code  Gb  tasks.o [1]
xTaskResumeAll          0x08002f87   0x100  Code  Gb  tasks.o [1]
xTask_UART              0x20013aec     0x4  Data  Gb  main.o [1]
xTasksWaitingTermination
                        0x20013a54    0x14  Data  Lc  tasks.o [1]
xTickCount              0x20013b0c     0x4  Data  Lc  tasks.o [1]
xYieldPending           0x20013b1c     0x4  Data  Lc  tasks.o [1]


[1] = E:\CUBESAT_FIRMWARE\UPSAT-OBC-SOFTWARE\cubeMX\obc\EWARM\obc_pinout\Obj
[2] = command line
[3] = dl7M_tlf.a
[4] = m7M_tls.a
[5] = rt7M_tl.a
[6] = shb_l.a

  68 766 bytes of readonly  code memory
   8 585 bytes of readonly  data memory
  80 693 bytes of readwrite data memory

Errors: none
Warnings: none
