###############################################################################
#
# IAR ELF Linker V7.50.2.10312/W32 for ARM                02/Apr/2016  14:34:55
# Copyright 2007-2015 IAR Systems AB.
#
#    Output file  =  
#        G:\Users\nanimo\Documents\GitHub\upsat-obc-software\stm_cube\test3\EWARM\test3\Exe\test3.out
#    Map file     =  
#        G:\Users\nanimo\Documents\GitHub\upsat-obc-software\stm_cube\test3\EWARM\test3\List\test3.map
#    Command line =  
#        G:\Users\nanimo\Documents\GitHub\upsat-obc-software\stm_cube\test3\EWARM\test3\Obj\bsp_driver_sd.o
#        G:\Users\nanimo\Documents\GitHub\upsat-obc-software\stm_cube\test3\EWARM\test3\Obj\cmsis_os.o
#        G:\Users\nanimo\Documents\GitHub\upsat-obc-software\stm_cube\test3\EWARM\test3\Obj\croutine.o
#        G:\Users\nanimo\Documents\GitHub\upsat-obc-software\stm_cube\test3\EWARM\test3\Obj\diskio.o
#        G:\Users\nanimo\Documents\GitHub\upsat-obc-software\stm_cube\test3\EWARM\test3\Obj\event_groups.o
#        G:\Users\nanimo\Documents\GitHub\upsat-obc-software\stm_cube\test3\EWARM\test3\Obj\fatfs.o
#        G:\Users\nanimo\Documents\GitHub\upsat-obc-software\stm_cube\test3\EWARM\test3\Obj\ff.o
#        G:\Users\nanimo\Documents\GitHub\upsat-obc-software\stm_cube\test3\EWARM\test3\Obj\ff_gen_drv.o
#        G:\Users\nanimo\Documents\GitHub\upsat-obc-software\stm_cube\test3\EWARM\test3\Obj\freertos.o
#        G:\Users\nanimo\Documents\GitHub\upsat-obc-software\stm_cube\test3\EWARM\test3\Obj\function_management_service.o
#        G:\Users\nanimo\Documents\GitHub\upsat-obc-software\stm_cube\test3\EWARM\test3\Obj\heap_4.o
#        G:\Users\nanimo\Documents\GitHub\upsat-obc-software\stm_cube\test3\EWARM\test3\Obj\hldlc.o
#        G:\Users\nanimo\Documents\GitHub\upsat-obc-software\stm_cube\test3\EWARM\test3\Obj\housekeeping_service.o
#        G:\Users\nanimo\Documents\GitHub\upsat-obc-software\stm_cube\test3\EWARM\test3\Obj\large_data_service.o
#        G:\Users\nanimo\Documents\GitHub\upsat-obc-software\stm_cube\test3\EWARM\test3\Obj\list.o
#        G:\Users\nanimo\Documents\GitHub\upsat-obc-software\stm_cube\test3\EWARM\test3\Obj\main.o
#        G:\Users\nanimo\Documents\GitHub\upsat-obc-software\stm_cube\test3\EWARM\test3\Obj\mass_storage_service.o
#        G:\Users\nanimo\Documents\GitHub\upsat-obc-software\stm_cube\test3\EWARM\test3\Obj\obc_hal.o
#        G:\Users\nanimo\Documents\GitHub\upsat-obc-software\stm_cube\test3\EWARM\test3\Obj\pkt_pool.o
#        G:\Users\nanimo\Documents\GitHub\upsat-obc-software\stm_cube\test3\EWARM\test3\Obj\port.o
#        G:\Users\nanimo\Documents\GitHub\upsat-obc-software\stm_cube\test3\EWARM\test3\Obj\portasm.o
#        G:\Users\nanimo\Documents\GitHub\upsat-obc-software\stm_cube\test3\EWARM\test3\Obj\power_ctrl.o
#        G:\Users\nanimo\Documents\GitHub\upsat-obc-software\stm_cube\test3\EWARM\test3\Obj\queue.o
#        G:\Users\nanimo\Documents\GitHub\upsat-obc-software\stm_cube\test3\EWARM\test3\Obj\sd_diskio.o
#        G:\Users\nanimo\Documents\GitHub\upsat-obc-software\stm_cube\test3\EWARM\test3\Obj\service_utilities.o
#        G:\Users\nanimo\Documents\GitHub\upsat-obc-software\stm_cube\test3\EWARM\test3\Obj\services.o
#        G:\Users\nanimo\Documents\GitHub\upsat-obc-software\stm_cube\test3\EWARM\test3\Obj\startup_stm32f407xx.o
#        G:\Users\nanimo\Documents\GitHub\upsat-obc-software\stm_cube\test3\EWARM\test3\Obj\stm32f4xx_hal.o
#        G:\Users\nanimo\Documents\GitHub\upsat-obc-software\stm_cube\test3\EWARM\test3\Obj\stm32f4xx_hal_cortex.o
#        G:\Users\nanimo\Documents\GitHub\upsat-obc-software\stm_cube\test3\EWARM\test3\Obj\stm32f4xx_hal_dma.o
#        G:\Users\nanimo\Documents\GitHub\upsat-obc-software\stm_cube\test3\EWARM\test3\Obj\stm32f4xx_hal_dma_ex.o
#        G:\Users\nanimo\Documents\GitHub\upsat-obc-software\stm_cube\test3\EWARM\test3\Obj\stm32f4xx_hal_flash.o
#        G:\Users\nanimo\Documents\GitHub\upsat-obc-software\stm_cube\test3\EWARM\test3\Obj\stm32f4xx_hal_flash_ex.o
#        G:\Users\nanimo\Documents\GitHub\upsat-obc-software\stm_cube\test3\EWARM\test3\Obj\stm32f4xx_hal_flash_ramfunc.o
#        G:\Users\nanimo\Documents\GitHub\upsat-obc-software\stm_cube\test3\EWARM\test3\Obj\stm32f4xx_hal_gpio.o
#        G:\Users\nanimo\Documents\GitHub\upsat-obc-software\stm_cube\test3\EWARM\test3\Obj\stm32f4xx_hal_iwdg.o
#        G:\Users\nanimo\Documents\GitHub\upsat-obc-software\stm_cube\test3\EWARM\test3\Obj\stm32f4xx_hal_msp.o
#        G:\Users\nanimo\Documents\GitHub\upsat-obc-software\stm_cube\test3\EWARM\test3\Obj\stm32f4xx_hal_pwr.o
#        G:\Users\nanimo\Documents\GitHub\upsat-obc-software\stm_cube\test3\EWARM\test3\Obj\stm32f4xx_hal_pwr_ex.o
#        G:\Users\nanimo\Documents\GitHub\upsat-obc-software\stm_cube\test3\EWARM\test3\Obj\stm32f4xx_hal_rcc.o
#        G:\Users\nanimo\Documents\GitHub\upsat-obc-software\stm_cube\test3\EWARM\test3\Obj\stm32f4xx_hal_rcc_ex.o
#        G:\Users\nanimo\Documents\GitHub\upsat-obc-software\stm_cube\test3\EWARM\test3\Obj\stm32f4xx_hal_rtc.o
#        G:\Users\nanimo\Documents\GitHub\upsat-obc-software\stm_cube\test3\EWARM\test3\Obj\stm32f4xx_hal_rtc_ex.o
#        G:\Users\nanimo\Documents\GitHub\upsat-obc-software\stm_cube\test3\EWARM\test3\Obj\stm32f4xx_hal_sd.o
#        G:\Users\nanimo\Documents\GitHub\upsat-obc-software\stm_cube\test3\EWARM\test3\Obj\stm32f4xx_hal_tim.o
#        G:\Users\nanimo\Documents\GitHub\upsat-obc-software\stm_cube\test3\EWARM\test3\Obj\stm32f4xx_hal_tim_ex.o
#        G:\Users\nanimo\Documents\GitHub\upsat-obc-software\stm_cube\test3\EWARM\test3\Obj\stm32f4xx_hal_timebase_TIM.o
#        G:\Users\nanimo\Documents\GitHub\upsat-obc-software\stm_cube\test3\EWARM\test3\Obj\stm32f4xx_hal_uart.o
#        G:\Users\nanimo\Documents\GitHub\upsat-obc-software\stm_cube\test3\EWARM\test3\Obj\stm32f4xx_hal_wwdg.o
#        G:\Users\nanimo\Documents\GitHub\upsat-obc-software\stm_cube\test3\EWARM\test3\Obj\stm32f4xx_it.o
#        G:\Users\nanimo\Documents\GitHub\upsat-obc-software\stm_cube\test3\EWARM\test3\Obj\stm32f4xx_ll_sdmmc.o
#        G:\Users\nanimo\Documents\GitHub\upsat-obc-software\stm_cube\test3\EWARM\test3\Obj\su_mnlp.o
#        G:\Users\nanimo\Documents\GitHub\upsat-obc-software\stm_cube\test3\EWARM\test3\Obj\syscall.o
#        G:\Users\nanimo\Documents\GitHub\upsat-obc-software\stm_cube\test3\EWARM\test3\Obj\system_stm32f4xx.o
#        G:\Users\nanimo\Documents\GitHub\upsat-obc-software\stm_cube\test3\EWARM\test3\Obj\tasks.o
#        G:\Users\nanimo\Documents\GitHub\upsat-obc-software\stm_cube\test3\EWARM\test3\Obj\test_service.o
#        G:\Users\nanimo\Documents\GitHub\upsat-obc-software\stm_cube\test3\EWARM\test3\Obj\timers.o
#        G:\Users\nanimo\Documents\GitHub\upsat-obc-software\stm_cube\test3\EWARM\test3\Obj\verification_service.o
#        --redirect _Printf=_PrintfFull --redirect _Scanf=_ScanfFull -o
#        G:\Users\nanimo\Documents\GitHub\upsat-obc-software\stm_cube\test3\EWARM\test3\Exe\test3.out
#        --map
#        G:\Users\nanimo\Documents\GitHub\upsat-obc-software\stm_cube\test3\EWARM\test3\List\test3.map
#        --log
#        libraries,initialization,modules,redirects,sections,veneers,unused_fragments
#        --log_file
#        G:\Users\nanimo\Documents\GitHub\upsat-obc-software\stm_cube\test3\EWARM\test3\List\test3.log
#        --config
#        G:\Users\nanimo\Documents\GitHub\upsat-obc-software\stm_cube\test3\EWARM/stm32f407xx_flash.icf
#        --semihosting --entry __iar_program_start --vfe
#
###############################################################################

*******************************************************************************
*** RUNTIME MODEL ATTRIBUTES
***

CppFlavor                     = *
__Heap_Handler                = Basic
__SystemLibrary               = DLib
__dlib_dynamic_initialization = normal


*******************************************************************************
*** PLACEMENT SUMMARY
***

"A1":  place at 0x08000000 { ro section .intvec };
"P1":  place in [from 0x08000000 to 0x080fffff] { ro };
"P2":  place in [from 0x20000000 to 0x2001ffff] { rw, block CSTACK, block HEAP };

  Section             Kind        Address    Size  Object
  -------             ----        -------    ----  ------
"A1":                                       0x188
  .intvec             ro code  0x08000000   0x188  startup_stm32f407xx.o [1]
                             - 0x08000188   0x188

"P1":                                      0xef4f
  .text               ro code  0x08000188  0x2728  ff.o [1]
  .text               ro code  0x080028b0    0x28  syscall.o [1]
  .text               ro code  0x080028d8    0xf8  diskio.o [1]
  .text               ro code  0x080029d0    0x20  fatfs.o [1]
  .text               ro code  0x080029f0   0x174  cmsis_os.o [1]
  .text               ro code  0x08002b64    0x70  ff_gen_drv.o [1]
  .text               ro code  0x08002bd4   0xb3c  tasks.o [1]
  .text               ro code  0x08003710   0x690  queue.o [1]
  .text               ro code  0x08003da0   0x258  port.o [1]
  .text               ro code  0x08003ff8    0x9e  list.o [1]
  .text               ro code  0x08004096    0x1a  xsnprout.o [3]
  .text               ro code  0x080040b0   0x280  heap_4.o [1]
  .text               ro code  0x08004330    0x66  ABImemset.o [5]
  .text               ro code  0x08004396     0xa  xsprout.o [3]
  .text               ro code  0x080043a0    0x76  ABImemcpy_unaligned.o [5]
  CODE                ro code  0x08004418    0xa8  portasm.o [1]
  .text               ro code  0x080044c0  0x152c  stm32f4xx_hal_sd.o [1]
  .text               ro code  0x080059ec   0x17c  stm32f4xx_hal_msp.o [1]
  .text               ro code  0x08005b68    0xd0  stm32f4xx_ll_sdmmc.o [1]
  .text               ro code  0x08005c38    0x70  stm32f4xx_hal.o [1]
  .text               ro code  0x08005ca8   0x15c  stm32f4xx_hal_cortex.o [1]
  .text               ro code  0x08005e04   0x240  stm32f4xx_hal_gpio.o [1]
  .text               ro code  0x08006044    0xa2  stm32f4xx_hal_timebase_TIM.o [1]
  .text               ro code  0x080060e8   0x64c  stm32f4xx_hal_rcc.o [1]
  .text               ro code  0x08006734   0x2e8  stm32f4xx_hal_tim.o [1]
  .text               ro code  0x08006a1c     0x4  stm32f4xx_hal_tim_ex.o [1]
  .text               ro code  0x08006a20  0x1194  mass_storage_service.o [1]
  .text               ro code  0x08007bb4    0x74  services.o [1]
  .text               ro code  0x08007c28   0x990  service_utilities.o [1]
  .text               ro code  0x080085b8  0x1028  large_data_service.o [1]
  .text               ro code  0x080095e0    0x6c  strncpy_unaligned.o [5]
  .text               ro code  0x0800964c     0x6  strtol.o [3]
  .text               ro code  0x08009654    0x44  snprintf.o [3]
  .text               ro code  0x08009698    0x16  strnlen.o [3]
  .text               ro code  0x080096b0    0x34  sprintf.o [3]
  .text               ro code  0x080096e4   0x184  obc_hal.o [1]
  .text               ro code  0x08009868   0x194  verification_service.o [1]
  .text               ro code  0x080099fc   0x158  pkt_pool.o [1]
  .text               ro code  0x08009b54   0x1d0  housekeeping_service.o [1]
  .text               ro code  0x08009d24    0xe8  function_management_service.o [1]
  .text               ro code  0x08009e0c    0xe0  test_service.o [1]
  .text               ro code  0x08009eec   0x1b8  hldlc.o [1]
  .text               ro code  0x0800a0a4    0x88  xstol.o [3]
  .text               ro code  0x0800a12c  0x1166  xprintffull.o [3]
  .text               ro code  0x0800b294   0x8d8  stm32f4xx_hal_uart.o [1]
  .text               ro code  0x0800bb6c   0x3e2  stm32f4xx_hal_rtc.o [1]
  .text               ro code  0x0800bf50    0x18  stm32f4xx_hal_pwr.o [1]
  .text               ro code  0x0800bf68    0x98  power_ctrl.o [1]
  .text               ro code  0x0800c000    0x14  isxxx.o [3]
  .text               ro code  0x0800c014   0x194  xstoul.o [3]
  .text               ro code  0x0800c1a8     0xc  errno.o [3]
  .text               ro code  0x0800c1b4    0x20  xmbtowc.o [3]
  .text               ro code  0x0800c1d4    0x16  strchr.o [5]
  .text               ro code  0x0800c1ec    0x36  strlen.o [5]
  .text               ro code  0x0800c224    0x58  memchr.o [5]
  .text               ro code  0x0800c27c     0xa  xmbcurmax.o [3]
  .text               ro code  0x0800c288    0xb0  xxmemxmalloc.o [3]
  .text               ro code  0x0800c338    0x1a  xwctomb.o [3]
  .text               ro code  0x0800c354    0x80  xxmemxfree.o [3]
  .text               ro code  0x0800c3d4    0xee  I64DivMod.o [5]
  .text               ro code  0x0800c4c2    0x42  xdnorm.o [4]
  .text               ro code  0x0800c504    0x2e  DblCmpLe.o [4]
  .text               ro code  0x0800c534    0x2e  DblCmpGe.o [4]
  .text               ro code  0x0800c564   0x114  xdscale.o [4]
  .text               ro code  0x0800c678    0x58  DblToI32.o [4]
  .text               ro code  0x0800c6d0    0x30  I32ToDbl.o [4]
  .text               ro code  0x0800c700   0x180  DblSub.o [4]
  .text               ro code  0x0800c880   0x1a2  DblMul.o [4]
  .text               ro code  0x0800ca24   0x256  DblDiv.o [4]
  .text               ro code  0x0800cc7c    0x6c  localeconv.o [3]
  .text               ro code  0x0800cce8     0xe  div.o [3]
  .text               ro code  0x0800ccf8    0x24  setlocale.o [3]
  .text               ro code  0x0800cd1c    0x14  xlocale_c.o [3]
  .text               ro code  0x0800cd30    0x14  tolower.o [3]
  .text               ro code  0x0800cd44     0x2  xtls.o [3]
  .text               ro code  0x0800cd48    0x60  xencoding_sb.o [3]
  .text               ro code  0x0800cda8    0x2c  xgetmemchunk.o [3]
  .text               ro code  0x0800cdd4     0x2  I64DivZer.o [5]
  .text               ro code  0x0800cdd8    0xd4  DblAdd.o [4]
  .text               ro code  0x0800ceac     0xc  xlocale_c.o [3]
  .text               ro code  0x0800ceb8   0x630  main.o [1]
  .text               ro code  0x0800d4e8   0x178  stm32f4xx_hal_rcc_ex.o [1]
  .text               ro code  0x0800d660    0x52  stm32f4xx_hal_iwdg.o [1]
  .text               ro code  0x0800d6b4    0x54  stm32f4xx_hal_rtc_ex.o [1]
  .text               ro code  0x0800d708    0x4c  stm32f4xx_hal_wwdg.o [1]
  .rodata             const    0x0800d754   0x410  services.o [1]
  .text               ro code  0x0800db64   0x124  sd_diskio.o [1]
  .text               ro code  0x0800dc88    0xd0  bsp_driver_sd.o [1]
  .rodata             const    0x0800dd58    0x8c  mass_storage_service.o [1]
  .rodata             const    0x0800dde4    0x80  ff.o [1]
  .text               ro code  0x0800de64    0x6c  system_stm32f4xx.o [1]
  .rodata             const    0x0800ded0    0x5c  housekeeping_service.o [1]
  .rodata             const    0x0800df2c    0x58  large_data_service.o [1]
  .rodata             const    0x0800df84    0x50  service_utilities.o [1]
  .rodata             const    0x0800dfd4    0x4c  large_data_service.o [1]
  .rodata             const    0x0800e020    0x40  service_utilities.o [1]
  .text               ro code  0x0800e060    0x40  zero_init3.o [5]
  .rodata             const    0x0800e0a0    0x3c  large_data_service.o [1]
  .rodata             const    0x0800e0dc    0x3c  large_data_service.o [1]
  .rodata             const    0x0800e118    0x3c  mass_storage_service.o [1]
  .rodata             const    0x0800e154    0x38  service_utilities.o [1]
  .text               ro code  0x0800e18c    0x38  packbits_init_single.o [5]
  .rodata             const    0x0800e1c4    0x34  hldlc.o [1]
  .rodata             const    0x0800e1f8    0x34  large_data_service.o [1]
  .rodata             const    0x0800e22c    0x34  mass_storage_service.o [1]
  .text               ro code  0x0800e260    0x34  stm32f4xx_it.o [1]
  .rodata             const    0x0800e294    0x30  hldlc.o [1]
  .rodata             const    0x0800e2c4    0x30  large_data_service.o [1]
  .rodata             const    0x0800e2f4    0x30  large_data_service.o [1]
  .rodata             const    0x0800e324    0x30  power_ctrl.o [1]
  .rodata             const    0x0800e354    0x30  service_utilities.o [1]
  .rodata             const    0x0800e384    0x30  service_utilities.o [1]
  .rodata             const    0x0800e3b4    0x30  service_utilities.o [1]
  .rodata             const    0x0800e3e4    0x30  service_utilities.o [1]
  .rodata             const    0x0800e414    0x30  service_utilities.o [1]
  .rodata             const    0x0800e444    0x30  verification_service.o [1]
  .rodata             const    0x0800e474    0x2c  function_management_service.o [1]
  .rodata             const    0x0800e4a0    0x2c  mass_storage_service.o [1]
  .rodata             const    0x0800e4cc    0x2c  mass_storage_service.o [1]
  .rodata             const    0x0800e4f8    0x2c  mass_storage_service.o [1]
  .rodata             const    0x0800e524    0x2c  service_utilities.o [1]
  .rodata             const    0x0800e550    0x28  housekeeping_service.o [1]
  .rodata             const    0x0800e578    0x28  large_data_service.o [1]
  .rodata             const    0x0800e5a0    0x28  service_utilities.o [1]
  .rodata             const    0x0800e5c8    0x28  service_utilities.o [1]
  .rodata             const    0x0800e5f0    0x28  service_utilities.o [1]
  .rodata             const    0x0800e618    0x28  service_utilities.o [1]
  .rodata             const    0x0800e640    0x28  test_service.o [1]
  .rodata             const    0x0800e668    0x28  test_service.o [1]
  .rodata             const    0x0800e690    0x28  verification_service.o [1]
  .text               ro code  0x0800e6b8    0x28  data_init.o [5]
  .rodata             const    0x0800e6e0    0x24  function_management_service.o [1]
  .rodata             const    0x0800e704    0x24  housekeeping_service.o [1]
  .rodata             const    0x0800e728    0x24  large_data_service.o [1]
  .rodata             const    0x0800e74c    0x24  large_data_service.o [1]
  .rodata             const    0x0800e770    0x24  large_data_service.o [1]
  .rodata             const    0x0800e794    0x24  mass_storage_service.o [1]
  .rodata             const    0x0800e7b8    0x24  mass_storage_service.o [1]
  .rodata             const    0x0800e7dc    0x24  mass_storage_service.o [1]
  .rodata             const    0x0800e800    0x24  pkt_pool.o [1]
  .rodata             const    0x0800e824    0x24  service_utilities.o [1]
  .rodata             const    0x0800e848    0x24  service_utilities.o [1]
  .rodata             const    0x0800e86c    0x24  service_utilities.o [1]
  .rodata             const    0x0800e890    0x24  test_service.o [1]
  .rodata             const    0x0800e8b4    0x24  verification_service.o [1]
  .text               ro code  0x0800e8d8    0x22  fpinit_M.o [4]
  .iar.init_table     const    0x0800e8fc    0x20  - Linker created -
  .rodata             const    0x0800e91c    0x20  function_management_service.o [1]
  .rodata             const    0x0800e93c    0x20  large_data_service.o [1]
  .rodata             const    0x0800e95c    0x20  mass_storage_service.o [1]
  .rodata             const    0x0800e97c    0x20  mass_storage_service.o [1]
  .rodata             const    0x0800e99c    0x20  services.o [1]
  .rodata             const    0x0800e9bc    0x1c  large_data_service.o [1]
  .rodata             const    0x0800e9d8    0x1c  mass_storage_service.o [1]
  .rodata             const    0x0800e9f4    0x1c  service_utilities.o [1]
  .rodata             const    0x0800ea10    0x1c  service_utilities.o [1]
  .rodata             const    0x0800ea2c    0x1c  service_utilities.o [1]
  .rodata             const    0x0800ea48    0x1c  service_utilities.o [1]
  .rodata             const    0x0800ea64    0x1c  services.o [1]
  .text               ro code  0x0800ea80    0x1a  cmain.o [5]
  .text               ro code  0x0800ea9a     0x4  low_level_init.o [3]
  .text               ro code  0x0800ea9e     0x4  exit.o [3]
  .text               ro code  0x0800eaa4     0xa  cexit.o [5]
  .text               ro code  0x0800eab0    0x14  exit.o [6]
  .rodata             const    0x0800eac4    0x18  function_management_service.o [1]
  .rodata             const    0x0800eadc    0x18  hldlc.o [1]
  .rodata             const    0x0800eaf4    0x18  housekeeping_service.o [1]
  .rodata             const    0x0800eb0c    0x18  large_data_service.o [1]
  .rodata             const    0x0800eb24    0x18  large_data_service.o [1]
  .rodata             const    0x0800eb3c    0x18  large_data_service.o [1]
  .rodata             const    0x0800eb54    0x18  mass_storage_service.o [1]
  .rodata             const    0x0800eb6c    0x18  mass_storage_service.o [1]
  .rodata             const    0x0800eb84    0x18  mass_storage_service.o [1]
  .rodata             const    0x0800eb9c    0x18  mass_storage_service.o [1]
  .rodata             const    0x0800ebb4    0x18  mass_storage_service.o [1]
  .rodata             const    0x0800ebcc    0x18  mass_storage_service.o [1]
  .rodata             const    0x0800ebe4    0x18  mass_storage_service.o [1]
  .rodata             const    0x0800ebfc    0x18  mass_storage_service.o [1]
  .rodata             const    0x0800ec14    0x18  power_ctrl.o [1]
  .rodata             const    0x0800ec2c    0x18  service_utilities.o [1]
  .rodata             const    0x0800ec44    0x18  service_utilities.o [1]
  .rodata             const    0x0800ec5c    0x18  verification_service.o [1]
  .rodata             const    0x0800ec74    0x14  housekeeping_service.o [1]
  .rodata             const    0x0800ec88    0x14  large_data_service.o [1]
  .rodata             const    0x0800ec9c    0x14  large_data_service.o [1]
  .rodata             const    0x0800ecb0    0x14  main.o [1]
  .rodata             const    0x0800ecc4    0x14  mass_storage_service.o [1]
  .rodata             const    0x0800ecd8    0x14  mass_storage_service.o [1]
  .rodata             const    0x0800ecec    0x14  mass_storage_service.o [1]
  .rodata             const    0x0800ed00    0x14  mass_storage_service.o [1]
  .rodata             const    0x0800ed14    0x14  mass_storage_service.o [1]
  .rodata             const    0x0800ed28    0x14  mass_storage_service.o [1]
  .rodata             const    0x0800ed3c    0x14  mass_storage_service.o [1]
  .rodata             const    0x0800ed50    0x14  mass_storage_service.o [1]
  .rodata             const    0x0800ed64    0x14  sd_diskio.o [1]
  .rodata             const    0x0800ed78    0x14  service_utilities.o [1]
  .rodata             const    0x0800ed8c    0x14  test_service.o [1]
  .rodata             const    0x0800eda0    0x14  verification_service.o [1]
  .rodata             const    0x0800edb4    0x10  ff.o [1]
  .rodata             const    0x0800edc4    0x10  main.o [1]
  .rodata             const    0x0800edd4    0x10  mass_storage_service.o [1]
  .rodata             const    0x0800ede4    0x10  mass_storage_service.o [1]
  .rodata             const    0x0800edf4    0x10  power_ctrl.o [1]
  .rodata             const    0x0800ee04    0x10  stm32f4xx_hal_rcc.o [1]
  .rodata             const    0x0800ee14    0x10  test_service.o [1]
  .rodata             const    0x0800ee24    0x10  verification_service.o [1]
  .text               ro code  0x0800ee34    0x10  startup_stm32f407xx.o [1]
  .rodata             const    0x0800ee44     0xc  hldlc.o [1]
  .rodata             const    0x0800ee50     0xc  hldlc.o [1]
  .rodata             const    0x0800ee5c     0xc  large_data_service.o [1]
  .rodata             const    0x0800ee68     0xc  large_data_service.o [1]
  .rodata             const    0x0800ee74     0xc  large_data_service.o [1]
  .rodata             const    0x0800ee80     0xc  main.o [1]
  .rodata             const    0x0800ee8c     0xc  main.o [1]
  .rodata             const    0x0800ee98     0xc  mass_storage_service.o [1]
  .rodata             const    0x0800eea4     0xc  mass_storage_service.o [1]
  .rodata             const    0x0800eeb0     0xc  mass_storage_service.o [1]
  .rodata             const    0x0800eebc     0xc  mass_storage_service.o [1]
  .rodata             const    0x0800eec8     0xc  mass_storage_service.o [1]
  .rodata             const    0x0800eed4     0xc  mass_storage_service.o [1]
  .rodata             const    0x0800eee0     0xc  mass_storage_service.o [1]
  .rodata             const    0x0800eeec     0xc  pkt_pool.o [1]
  .rodata             const    0x0800eef8     0xc  pkt_pool.o [1]
  .rodata             const    0x0800ef04     0xc  service_utilities.o [1]
  .rodata             const    0x0800ef10     0xc  service_utilities.o [1]
  .text               ro code  0x0800ef1c     0xc  cstartup_M.o [5]
  .rodata             const    0x0800ef28     0x8  hldlc.o [1]
  .rodata             const    0x0800ef30     0x8  main.o [1]
  .rodata             const    0x0800ef38     0x8  main.o [1]
  .rodata             const    0x0800ef40     0x8  main.o [1]
  .rodata             const    0x0800ef48     0x8  mass_storage_service.o [1]
  .rodata             const    0x0800ef50     0x8  mass_storage_service.o [1]
  .rodata             const    0x0800ef58     0x8  mass_storage_service.o [1]
  .rodata             const    0x0800ef60     0x8  tasks.o [1]
  .rodata             const    0x0800ef68     0x4  heap_4.o [1]
  .rodata             const    0x0800ef6c     0x4  port.o [1]
  .text               ro code  0x0800ef70     0x4  startup_stm32f407xx.o [1]
  .text               ro code  0x0800ef74     0x4  startup_stm32f407xx.o [1]
  .text               ro code  0x0800ef78     0x4  startup_stm32f407xx.o [1]
  .text               ro code  0x0800ef7c     0x4  startup_stm32f407xx.o [1]
  .text               ro code  0x0800ef80     0x4  startup_stm32f407xx.o [1]
  .text               ro code  0x0800ef84     0x4  startup_stm32f407xx.o [1]
  .text               ro code  0x0800ef88     0x4  startup_stm32f407xx.o [1]
  .text               ro code  0x0800ef8c     0x4  startup_stm32f407xx.o [1]
  .text               ro code  0x0800ef90     0x4  startup_stm32f407xx.o [1]
  .text               ro code  0x0800ef94     0x4  startup_stm32f407xx.o [1]
  .text               ro code  0x0800ef98     0x4  startup_stm32f407xx.o [1]
  .text               ro code  0x0800ef9c     0x4  startup_stm32f407xx.o [1]
  .text               ro code  0x0800efa0     0x4  startup_stm32f407xx.o [1]
  .text               ro code  0x0800efa4     0x4  startup_stm32f407xx.o [1]
  .text               ro code  0x0800efa8     0x4  startup_stm32f407xx.o [1]
  .text               ro code  0x0800efac     0x4  startup_stm32f407xx.o [1]
  .text               ro code  0x0800efb0     0x4  startup_stm32f407xx.o [1]
  .text               ro code  0x0800efb4     0x4  startup_stm32f407xx.o [1]
  .text               ro code  0x0800efb8     0x4  startup_stm32f407xx.o [1]
  .text               ro code  0x0800efbc     0x4  startup_stm32f407xx.o [1]
  .text               ro code  0x0800efc0     0x4  startup_stm32f407xx.o [1]
  .text               ro code  0x0800efc4     0x4  startup_stm32f407xx.o [1]
  .text               ro code  0x0800efc8     0x4  startup_stm32f407xx.o [1]
  .text               ro code  0x0800efcc     0x4  startup_stm32f407xx.o [1]
  .text               ro code  0x0800efd0     0x4  startup_stm32f407xx.o [1]
  .text               ro code  0x0800efd4     0x4  startup_stm32f407xx.o [1]
  .text               ro code  0x0800efd8     0x4  startup_stm32f407xx.o [1]
  .text               ro code  0x0800efdc     0x4  startup_stm32f407xx.o [1]
  .text               ro code  0x0800efe0     0x4  startup_stm32f407xx.o [1]
  .text               ro code  0x0800efe4     0x4  startup_stm32f407xx.o [1]
  .text               ro code  0x0800efe8     0x4  startup_stm32f407xx.o [1]
  .text               ro code  0x0800efec     0x4  startup_stm32f407xx.o [1]
  .text               ro code  0x0800eff0     0x4  startup_stm32f407xx.o [1]
  .text               ro code  0x0800eff4     0x4  startup_stm32f407xx.o [1]
  .text               ro code  0x0800eff8     0x4  startup_stm32f407xx.o [1]
  .text               ro code  0x0800effc     0x4  startup_stm32f407xx.o [1]
  .text               ro code  0x0800f000     0x4  startup_stm32f407xx.o [1]
  .text               ro code  0x0800f004     0x4  startup_stm32f407xx.o [1]
  .text               ro code  0x0800f008     0x4  startup_stm32f407xx.o [1]
  .text               ro code  0x0800f00c     0x4  startup_stm32f407xx.o [1]
  .text               ro code  0x0800f010     0x4  startup_stm32f407xx.o [1]
  .text               ro code  0x0800f014     0x4  startup_stm32f407xx.o [1]
  .text               ro code  0x0800f018     0x4  startup_stm32f407xx.o [1]
  .text               ro code  0x0800f01c     0x4  startup_stm32f407xx.o [1]
  .text               ro code  0x0800f020     0x4  startup_stm32f407xx.o [1]
  .text               ro code  0x0800f024     0x4  startup_stm32f407xx.o [1]
  .text               ro code  0x0800f028     0x4  startup_stm32f407xx.o [1]
  .text               ro code  0x0800f02c     0x4  startup_stm32f407xx.o [1]
  .text               ro code  0x0800f030     0x4  startup_stm32f407xx.o [1]
  .text               ro code  0x0800f034     0x4  startup_stm32f407xx.o [1]
  .text               ro code  0x0800f038     0x4  startup_stm32f407xx.o [1]
  .text               ro code  0x0800f03c     0x4  startup_stm32f407xx.o [1]
  .text               ro code  0x0800f040     0x4  startup_stm32f407xx.o [1]
  .text               ro code  0x0800f044     0x4  startup_stm32f407xx.o [1]
  .text               ro code  0x0800f048     0x4  startup_stm32f407xx.o [1]
  .text               ro code  0x0800f04c     0x4  startup_stm32f407xx.o [1]
  .text               ro code  0x0800f050     0x4  startup_stm32f407xx.o [1]
  .text               ro code  0x0800f054     0x4  startup_stm32f407xx.o [1]
  .text               ro code  0x0800f058     0x4  startup_stm32f407xx.o [1]
  .text               ro code  0x0800f05c     0x4  startup_stm32f407xx.o [1]
  .text               ro code  0x0800f060     0x4  startup_stm32f407xx.o [1]
  .text               ro code  0x0800f064     0x4  startup_stm32f407xx.o [1]
  .text               ro code  0x0800f068     0x4  startup_stm32f407xx.o [1]
  .text               ro code  0x0800f06c     0x4  startup_stm32f407xx.o [1]
  .text               ro code  0x0800f070     0x4  startup_stm32f407xx.o [1]
  .text               ro code  0x0800f074     0x4  startup_stm32f407xx.o [1]
  .text               ro code  0x0800f078     0x4  startup_stm32f407xx.o [1]
  .text               ro code  0x0800f07c     0x4  startup_stm32f407xx.o [1]
  .text               ro code  0x0800f080     0x4  startup_stm32f407xx.o [1]
  .text               ro code  0x0800f084     0x4  startup_stm32f407xx.o [1]
  .text               ro code  0x0800f088     0x4  startup_stm32f407xx.o [1]
  .text               ro code  0x0800f08c     0x4  startup_stm32f407xx.o [1]
  .text               ro code  0x0800f090     0x4  startup_stm32f407xx.o [1]
  .text               ro code  0x0800f094     0x4  startup_stm32f407xx.o [1]
  .text               ro code  0x0800f098     0x4  startup_stm32f407xx.o [1]
  .text               ro code  0x0800f09c     0x4  startup_stm32f407xx.o [1]
  .text               ro code  0x0800f0a0     0x4  startup_stm32f407xx.o [1]
  .text               ro code  0x0800f0a4     0x4  startup_stm32f407xx.o [1]
  .text               ro code  0x0800f0a8     0x4  startup_stm32f407xx.o [1]
  .text               ro code  0x0800f0ac     0x4  startup_stm32f407xx.o [1]
  .text               ro code  0x0800f0b0     0x4  startup_stm32f407xx.o [1]
  .text               ro code  0x0800f0b4     0x4  startup_stm32f407xx.o [1]
  .text               ro code  0x0800f0b8     0x4  startup_stm32f407xx.o [1]
  .text               ro code  0x0800f0bc     0x4  startup_stm32f407xx.o [1]
  .rodata             const    0x0800f0c0     0x0  zero_init3.o [5]
  .rodata             const    0x0800f0c0     0x0  packbits_init_single.o [5]
  Initializer bytes   const    0x0800f0c0    0x17  <for P2-1>
                             - 0x0800f0d7  0xef4f

"P2", part 1 of 3:                          0x10d
  P2-1                         0x20000000   0x10d  <Init block>
    .data             inited   0x20000000     0x4  port.o [1]
    .data             inited   0x20000004     0x4  system_stm32f4xx.o [1]
    .data             inited   0x20000008     0x4  tasks.o [1]
    __DLIB_PERTHREAD  inited   0x2000000c    0x88  localeconv.o [3]
    __DLIB_PERTHREAD  inited   0x20000094     0x4  errno.o [3]
    __DLIB_PERTHREAD  inited   0x20000098    0x74  setlocale.o [3]
    .data             inited   0x2000010c     0x1  sd_diskio.o [1]
                             - 0x2000010d   0x10d

"P2", part 2 of 3:                          0x600
  CSTACK                       0x20000110   0x400  <Block>
    CSTACK            uninit   0x20000110   0x400  <Block tail>
  HEAP                         0x20000510   0x200  <Block>
    HEAP              uninit   0x20000510   0x200  <Block tail>
                             - 0x20000710   0x600

"P2", part 3 of 3:                         0x4b18
  .bss                zero     0x20000710  0x3c00  heap_4.o [1]
  .bss                zero     0x20004310   0x59c  pkt_pool.o [1]
  .bss                zero     0x200048ac   0x400  service_utilities.o [1]
  .bss                zero     0x20004cac   0x248  mass_storage_service.o [1]
  .bss                zero     0x20004ef4    0x8c  tasks.o [1]
  .bss                zero     0x20004f80    0x60  main.o [1]
  .bss                zero     0x20004fe0    0x58  main.o [1]
  .bss                zero     0x20005038    0x40  main.o [1]
  .bss                zero     0x20005078    0x3c  stm32f4xx_hal_timebase_TIM.o [1]
  .bss                zero     0x200050b4    0x20  main.o [1]
  .bss                zero     0x200050d4    0x1c  large_data_service.o [1]
  .bss                zero     0x200050f0    0x18  ff.o [1]
  .bss                zero     0x20005108    0x14  main.o [1]
  .bss                zero     0x2000511c    0x14  tasks.o [1]
  .bss                zero     0x20005130    0x14  tasks.o [1]
  .bss                zero     0x20005144    0x14  tasks.o [1]
  .bss                zero     0x20005158    0x14  tasks.o [1]
  .bss                zero     0x2000516c    0x14  tasks.o [1]
  .bss                zero     0x20005180    0x10  main.o [1]
  .bss                zero     0x20005190    0x10  service_utilities.o [1]
  .bss                zero     0x200051a0     0xc  ff_gen_drv.o [1]
  .bss                zero     0x200051ac     0x8  heap_4.o [1]
  .bss                zero     0x200051b4     0x8  housekeeping_service.o [1]
  .bss                zero     0x200051bc     0x8  xxmemxmalloc.o [3]
  .bss                zero     0x200051c4     0x4  fatfs.o [1]
  .bss                zero     0x200051c8     0x4  ff.o [1]
  .bss                zero     0x200051cc     0x4  heap_4.o [1]
  .bss                zero     0x200051d0     0x4  heap_4.o [1]
  .bss                zero     0x200051d4     0x4  heap_4.o [1]
  .bss                zero     0x200051d8     0x4  heap_4.o [1]
  .bss                zero     0x200051dc     0x4  main.o [1]
  .bss                zero     0x200051e0     0x4  port.o [1]
  .bss                zero     0x200051e4     0x4  stm32f4xx_hal.o [1]
  .bss                zero     0x200051e8     0x4  tasks.o [1]
  .bss                zero     0x200051ec     0x4  tasks.o [1]
  .bss                zero     0x200051f0     0x4  tasks.o [1]
  .bss                zero     0x200051f4     0x4  tasks.o [1]
  .bss                zero     0x200051f8     0x4  tasks.o [1]
  .bss                zero     0x200051fc     0x4  tasks.o [1]
  .bss                zero     0x20005200     0x4  tasks.o [1]
  .bss                zero     0x20005204     0x4  tasks.o [1]
  .bss                zero     0x20005208     0x4  tasks.o [1]
  .bss                zero     0x2000520c     0x4  tasks.o [1]
  .bss                zero     0x20005210     0x4  tasks.o [1]
  .bss                zero     0x20005214     0x4  tasks.o [1]
  .bss                zero     0x20005218     0x4  tasks.o [1]
  .bss                zero     0x2000521c     0x4  xgetmemchunk.o [3]
  .bss                zero     0x20005220     0x2  ff.o [1]
  .bss                zero     0x20005222     0x2  service_utilities.o [1]
  .bss                zero     0x20005224     0x1  fatfs.o [1]
  .bss                zero     0x20005225     0x1  port.o [1]
                             - 0x20005226  0x4b16


*******************************************************************************
*** INIT TABLE
***

          Address     Size
          -------     ----
Zero (__iar_zero_init3)
    1 destination range, total size 0x4b16:
          0x20000710  0x4b16

Copy/packbits (__iar_packbits_init_single3)
    1 source range, total size 0x17 (8% of destination):
          0x0800f0c0    0x17
    1 destination range, total size 0x10d:
          0x20000000   0x10d



*******************************************************************************
*** MODULE SUMMARY
***

    Module                         ro code  ro data  rw data
    ------                         -------  -------  -------
G:\Users\nanimo\Documents\GitHub\upsat-obc-software\stm_cube\test3\EWARM\test3\Obj: [1]
    bsp_driver_sd.o                    208
    cmsis_os.o                         372
    diskio.o                           248
    fatfs.o                             32                 5
    ff.o                            10 024      144       30
    ff_gen_drv.o                       112                12
    function_management_service.o      232      136
    heap_4.o                           640        4   15 384
    hldlc.o                            440      156
    housekeeping_service.o             464      212        8
    large_data_service.o             4 136      788       28
    list.o                             158
    main.o                           1 584       84      320
    mass_storage_service.o           4 500    1 076      584
    obc_hal.o                          388
    pkt_pool.o                         344       60    1 436
    port.o                             600        4        9
    portasm.o                          168
    power_ctrl.o                       152       88
    queue.o                          1 680
    sd_diskio.o                        292       21        1
    service_utilities.o              2 448      956    1 042
    services.o                         116    1 100
    startup_stm32f407xx.o              744
    stm32f4xx_hal.o                    112                 4
    stm32f4xx_hal_cortex.o             348
    stm32f4xx_hal_gpio.o               576
    stm32f4xx_hal_iwdg.o                82
    stm32f4xx_hal_msp.o                380
    stm32f4xx_hal_pwr.o                 24
    stm32f4xx_hal_rcc.o              1 612       16
    stm32f4xx_hal_rcc_ex.o             376
    stm32f4xx_hal_rtc.o                994
    stm32f4xx_hal_rtc_ex.o              84
    stm32f4xx_hal_sd.o               5 420
    stm32f4xx_hal_tim.o                744
    stm32f4xx_hal_tim_ex.o               4
    stm32f4xx_hal_timebase_TIM.o       162                60
    stm32f4xx_hal_uart.o             2 264
    stm32f4xx_hal_wwdg.o                76
    stm32f4xx_it.o                      52
    stm32f4xx_ll_sdmmc.o               208
    syscall.o                           40
    system_stm32f4xx.o                 108                 4
    tasks.o                          2 876        9      296
    test_service.o                     224      152
    verification_service.o             404      184
    --------------------------------------------------------
    Total:                          47 252    5 190   19 223

command line: [2]
    --------------------------------------------------------
    Total:

dl7M_tlf.a: [3]
    div.o                               14
    errno.o                             12                 4
    exit.o                               4
    isxxx.o                             20
    localeconv.o                       108       11      136
    low_level_init.o                     4
    setlocale.o                         36       10      116
    snprintf.o                          68
    sprintf.o                           52
    strnlen.o                           22
    strtol.o                             6
    tolower.o                           20
    xencoding_sb.o                      96
    xgetmemchunk.o                      44                 4
    xlocale_c.o                         32
    xmbcurmax.o                         10
    xmbtowc.o                           32
    xprintffull.o                    4 454
    xsnprout.o                          26
    xsprout.o                           10
    xstol.o                            136
    xstoul.o                           404
    xtls.o                               2
    xwctomb.o                           26
    xxmemxfree.o                       128
    xxmemxmalloc.o                     176                 8
    --------------------------------------------------------
    Total:                           5 942       21      268

m7M_tls.a: [4]
    DblAdd.o                           212
    DblCmpGe.o                          46
    DblCmpLe.o                          46
    DblDiv.o                           598
    DblMul.o                           418
    DblSub.o                           384
    DblToI32.o                          88
    I32ToDbl.o                          48
    fpinit_M.o                          34
    xdnorm.o                            66
    xdscale.o                          276
    --------------------------------------------------------
    Total:                           2 216

rt7M_tl.a: [5]
    ABImemcpy_unaligned.o              118
    ABImemset.o                        102
    I64DivMod.o                        238
    I64DivZer.o                          2
    cexit.o                             10
    cmain.o                             26
    cstartup_M.o                        12
    data_init.o                         40
    memchr.o                            88
    packbits_init_single.o              56
    strchr.o                            22
    strlen.o                            54
    strncpy_unaligned.o                108
    zero_init3.o                        64
    --------------------------------------------------------
    Total:                             940

shb_l.a: [6]
    exit.o                              20
    --------------------------------------------------------
    Total:                              20

    Gaps                                40        2
    Linker created                               32    1 536
------------------------------------------------------------
    Grand Total:                    56 410    5 245   21 027


*******************************************************************************
*** ENTRY LIST
***

Entry                      Address    Size  Type      Object
-----                      -------    ----  ----      ------
.iar.init_table$$Base   0x0800e8fc           --   Gb  - Linker created -
.iar.init_table$$Limit  0x0800e91c           --   Gb  - Linker created -
?main                   0x0800ea81          Code  Gb  cmain.o [5]
APBAHBPrescTable        0x0800ee04    0x10  Data  Gb  stm32f4xx_hal_rcc.o [1]
BSP_SD_GetCardInfo      0x0800dd31     0xe  Code  Gb  bsp_driver_sd.o [1]
BSP_SD_GetStatus        0x0800dd27     0xa  Code  Gb  bsp_driver_sd.o [1]
BSP_SD_Init             0x0800dc89    0x3e  Code  Gb  bsp_driver_sd.o [1]
BSP_SD_IsDetected       0x0800dd49    0x10  Code  Gb  bsp_driver_sd.o [1]
BSP_SD_ReadBlocks       0x0800dcc7    0x30  Code  Gb  bsp_driver_sd.o [1]
BSP_SD_WriteBlocks      0x0800dcf7    0x30  Code  Gb  bsp_driver_sd.o [1]
CSTACK$$Base            0x20000110           --   Gb  - Linker created -
CSTACK$$Limit           0x20000510           --   Gb  - Linker created -
ExCvt                   0x0800dde4    0x80  Data  Lc  ff.o [1]
FATFS_LinkDriver        0x08002bbd    0x12  Code  Gb  ff_gen_drv.o [1]
FATFS_LinkDriverEx      0x08002b65    0x58  Code  Gb  ff_gen_drv.o [1]
FatFs                   0x200051c8     0x4  Data  Lc  ff.o [1]
Files                   0x200050f0    0x18  Data  Lc  ff.o [1]
Fsid                    0x20005220     0x2  Data  Lc  ff.o [1]
HAL_Delay               0x08005c85    0x1a  Code  Wk  stm32f4xx_hal.o [1]
HAL_GPIO_Init           0x08005e05   0x1ee  Code  Gb  stm32f4xx_hal_gpio.o [1]
HAL_GPIO_WritePin       0x08005ff3    0x14  Code  Gb  stm32f4xx_hal_gpio.o [1]
HAL_GetTick             0x08005c7f     0x6  Code  Wk  stm32f4xx_hal.o [1]
HAL_IWDG_Init           0x0800d661    0x50  Code  Gb  stm32f4xx_hal_iwdg.o [1]
HAL_IWDG_MspInit        0x0800d6b1     0x2  Code  Wk  stm32f4xx_hal_iwdg.o [1]
HAL_IncTick             0x08005c73     0xc  Code  Wk  stm32f4xx_hal.o [1]
HAL_Init                0x08005c39    0x3a  Code  Gb  stm32f4xx_hal.o [1]
HAL_InitTick            0x08006045    0x86  Code  Gb  stm32f4xx_hal_timebase_TIM.o [1]
HAL_MspInit             0x080059ed    0x46  Code  Gb  stm32f4xx_hal_msp.o [1]
HAL_NVIC_EnableIRQ      0x08005dab     0xe  Code  Gb  stm32f4xx_hal_cortex.o [1]
HAL_NVIC_SetPriority    0x08005d85    0x26  Code  Gb  stm32f4xx_hal_cortex.o [1]
HAL_NVIC_SetPriorityGrouping
                        0x08005d79     0xc  Code  Gb  stm32f4xx_hal_cortex.o [1]
HAL_PWR_EnableBkUpAccess
                        0x0800bf51    0x12  Code  Gb  stm32f4xx_hal_pwr.o [1]
HAL_RCCEx_PeriphCLKConfig
                        0x0800d4e9   0x14e  Code  Gb  stm32f4xx_hal_rcc_ex.o [1]
HAL_RCC_ClockConfig     0x08006421   0x18a  Code  Gb  stm32f4xx_hal_rcc.o [1]
HAL_RCC_GetClockConfig  0x080066b7    0x3a  Code  Gb  stm32f4xx_hal_rcc.o [1]
HAL_RCC_GetHCLKFreq     0x0800664f    0x28  Code  Gb  stm32f4xx_hal_rcc.o [1]
HAL_RCC_GetPCLK1Freq    0x08006677    0x20  Code  Gb  stm32f4xx_hal_rcc.o [1]
HAL_RCC_GetPCLK2Freq    0x08006697    0x20  Code  Gb  stm32f4xx_hal_rcc.o [1]
HAL_RCC_GetSysClockFreq
                        0x080065ab    0xa4  Code  Wk  stm32f4xx_hal_rcc.o [1]
HAL_RCC_OscConfig       0x080060e9   0x338  Code  Wk  stm32f4xx_hal_rcc.o [1]
HAL_RTCEx_SetCalibrationOutPut
                        0x0800d6b5    0x54  Code  Gb  stm32f4xx_hal_rtc_ex.o [1]
HAL_RTC_GetTime         0x0800bd39    0x64  Code  Gb  stm32f4xx_hal_rtc.o [1]
HAL_RTC_Init            0x0800bb6d    0xac  Code  Gb  stm32f4xx_hal_rtc.o [1]
HAL_RTC_MspInit         0x08005a33    0x10  Code  Gb  stm32f4xx_hal_msp.o [1]
HAL_RTC_SetDate         0x0800bd9d   0x106  Code  Gb  stm32f4xx_hal_rtc.o [1]
HAL_RTC_SetTime         0x0800bc19   0x120  Code  Gb  stm32f4xx_hal_rtc.o [1]
HAL_RTC_WaitForSynchro  0x0800beb1    0x34  Code  Gb  stm32f4xx_hal_rtc.o [1]
HAL_SD_GetStatus        0x08004f21    0x26  Code  Gb  stm32f4xx_hal_sd.o [1]
HAL_SD_Get_CardInfo     0x08004af9   0x35e  Code  Gb  stm32f4xx_hal_sd.o [1]
HAL_SD_IRQHandler       0x08004a3f    0xb6  Code  Gb  stm32f4xx_hal_sd.o [1]
HAL_SD_Init             0x080044c1    0xb6  Code  Gb  stm32f4xx_hal_sd.o [1]
HAL_SD_MspInit          0x08005a43    0x78  Code  Gb  stm32f4xx_hal_msp.o [1]
HAL_SD_ReadBlocks       0x08004577   0x212  Code  Gb  stm32f4xx_hal_sd.o [1]
HAL_SD_StopTransfer     0x08004ee9    0x38  Code  Gb  stm32f4xx_hal_sd.o [1]
HAL_SD_WideBusOperation_Config
                        0x08004e57    0x92  Code  Gb  stm32f4xx_hal_sd.o [1]
HAL_SD_WriteBlocks      0x08004789   0x2b6  Code  Gb  stm32f4xx_hal_sd.o [1]
HAL_SD_XferCpltCallback
                        0x08004af5     0x2  Code  Wk  stm32f4xx_hal_sd.o [1]
HAL_SD_XferErrorCallback
                        0x08004af7     0x2  Code  Wk  stm32f4xx_hal_sd.o [1]
HAL_SYSTICK_CLKSourceConfig
                        0x08005dc5    0x20  Code  Gb  stm32f4xx_hal_cortex.o [1]
HAL_SYSTICK_Config      0x08005db9     0xc  Code  Gb  stm32f4xx_hal_cortex.o [1]
HAL_TIMEx_BreakCallback
                        0x08006a1f     0x2  Code  Wk  stm32f4xx_hal_tim_ex.o [1]
HAL_TIMEx_CommutationCallback
                        0x08006a1d     0x2  Code  Wk  stm32f4xx_hal_tim_ex.o [1]
HAL_TIM_Base_Init       0x08006735    0x38  Code  Gb  stm32f4xx_hal_tim.o [1]
HAL_TIM_Base_MspInit    0x0800676d     0x2  Code  Wk  stm32f4xx_hal_tim.o [1]
HAL_TIM_Base_Start_IT   0x0800676f    0x1e  Code  Gb  stm32f4xx_hal_tim.o [1]
HAL_TIM_IC_CaptureCallback
                        0x08006905     0x2  Code  Wk  stm32f4xx_hal_tim.o [1]
HAL_TIM_IRQHandler      0x0800678d   0x176  Code  Gb  stm32f4xx_hal_tim.o [1]
HAL_TIM_OC_DelayElapsedCallback
                        0x08006903     0x2  Code  Wk  stm32f4xx_hal_tim.o [1]
HAL_TIM_PWM_PulseFinishedCallback
                        0x08006907     0x2  Code  Wk  stm32f4xx_hal_tim.o [1]
HAL_TIM_PeriodElapsedCallback
                        0x080060dd     0xa  Code  Gb  stm32f4xx_hal_timebase_TIM.o [1]
HAL_TIM_TriggerCallback
                        0x08006909     0x2  Code  Wk  stm32f4xx_hal_tim.o [1]
HAL_UART_ErrorCallback  0x0800b623     0x2  Code  Wk  stm32f4xx_hal_uart.o [1]
HAL_UART_IRQHandler     0x0800b4b1   0x16e  Code  Gb  stm32f4xx_hal_uart.o [1]
HAL_UART_Init           0x0800b295    0x76  Code  Gb  stm32f4xx_hal_uart.o [1]
HAL_UART_MspInit        0x08005abb    0x5a  Code  Gb  stm32f4xx_hal_msp.o [1]
HAL_UART_Receive        0x0800b3d9    0xd8  Code  Gb  stm32f4xx_hal_uart.o [1]
HAL_UART_RxCpltCallback
                        0x0800b621     0x2  Code  Wk  stm32f4xx_hal_uart.o [1]
HAL_UART_Transmit       0x0800b30b    0xce  Code  Gb  stm32f4xx_hal_uart.o [1]
HAL_UART_TxCpltCallback
                        0x0800b61f     0x2  Code  Wk  stm32f4xx_hal_uart.o [1]
HAL_WWDG_Init           0x0800d709    0x4c  Code  Gb  stm32f4xx_hal_wwdg.o [1]
HAL_WWDG_MspInit        0x08005b15    0x2a  Code  Gb  stm32f4xx_hal_msp.o [1]
HAL_eps_uart_rx         0x08009727    0x2a  Code  Gb  obc_hal.o [1]
HAL_eps_uart_tx         0x08009711    0x16  Code  Gb  obc_hal.o [1]
HAL_obc_BKPSRAM_BASE    0x0800984d     0x4  Code  Gb  obc_hal.o [1]
HAL_obc_SD_OFF          0x08009701    0x10  Code  Gb  obc_hal.o [1]
HAL_obc_SD_ON           0x080096f1    0x10  Code  Gb  obc_hal.o [1]
HAL_obc_delay           0x080096e5     0xc  Code  Gb  obc_hal.o [1]
HAL_obc_enableBkUpAccess
                        0x08009829    0x24  Code  Gb  obc_hal.o [1]
HAL_obc_getTime         0x080097ff    0x2a  Code  Gb  obc_hal.o [1]
HAL_obc_setTime         0x080097d3    0x2c  Code  Gb  obc_hal.o [1]
HAL_reset_source        0x08009751    0x82  Code  Gb  obc_hal.o [1]
HEAP$$Base              0x20000510           --   Gb  - Linker created -
HEAP$$Limit             0x20000710           --   Gb  - Linker created -
HLDLC_deframe           0x08009eed    0xfe  Code  Gb  hldlc.o [1]
HLDLC_frame             0x08009feb    0xa2  Code  Gb  hldlc.o [1]
LD_status               0x200050d4    0x1c  Data  Gb  large_data_service.o [1]
LoadInt                 0x0800a77b    0x6e  Code  Lc  xprintffull.o [3]
MS_data                 0x20004cac   0x248  Data  Gb  mass_storage_service.o [1]
MX_FATFS_Init           0x080029d1    0x10  Code  Gb  fatfs.o [1]
MX_GPIO_Init            0x0800d145   0x24a  Code  Lc  main.o [1]
MX_IWDG_Init            0x0800cfc9    0x28  Code  Lc  main.o [1]
MX_RTC_Init             0x0800cff1    0xa0  Code  Lc  main.o [1]
MX_SDIO_SD_Init         0x0800d091    0x3c  Code  Lc  main.o [1]
MX_USART2_UART_Init     0x0800d0cd    0x50  Code  Lc  main.o [1]
MX_WWDG_Init            0x0800d11d    0x28  Code  Lc  main.o [1]
NVIC_EnableIRQ          0x08005cd1    0x14  Code  Lc  stm32f4xx_hal_cortex.o [1]
NVIC_EncodePriority     0x08005d0b    0x3e  Code  Lc  stm32f4xx_hal_cortex.o [1]
NVIC_GetPriorityGrouping
                        0x08005cc7     0xa  Code  Lc  stm32f4xx_hal_cortex.o [1]
NVIC_SetPriority        0x08005ce5    0x26  Code  Lc  stm32f4xx_hal_cortex.o [1]
NVIC_SetPriorityGrouping
                        0x08005ca9    0x1e  Code  Lc  stm32f4xx_hal_cortex.o [1]
PendSV_Handler          0x08004419          Code  Gb  portasm.o [1]
RTC_Bcd2ToByte          0x0800bf33    0x1c  Code  Gb  stm32f4xx_hal_rtc.o [1]
RTC_ByteToBcd2          0x0800bf1d    0x16  Code  Gb  stm32f4xx_hal_rtc.o [1]
RTC_EnterInitMode       0x0800bee5    0x38  Code  Gb  stm32f4xx_hal_rtc.o [1]
Region$$Table$$Base     0x0800e8fc           --   Gb  - Linker created -
Region$$Table$$Limit    0x0800e91c           --   Gb  - Linker created -
SDCardInfo              0x20004fe0    0x58  Data  Gb  main.o [1]
SDIO_DataConfig         0x08005c01    0x2e  Code  Gb  stm32f4xx_ll_sdmmc.o [1]
SDIO_GetCommandResponse
                        0x08005be5     0x6  Code  Gb  stm32f4xx_ll_sdmmc.o [1]
SDIO_GetPowerState      0x08005bb3     0x8  Code  Gb  stm32f4xx_ll_sdmmc.o [1]
SDIO_GetResponse        0x08005beb    0x16  Code  Gb  stm32f4xx_ll_sdmmc.o [1]
SDIO_IRQHandler         0x0800e27d     0xa  Code  Gb  stm32f4xx_it.o [1]
SDIO_Init               0x08005b69    0x2e  Code  Gb  stm32f4xx_ll_sdmmc.o [1]
SDIO_PowerState_ON      0x08005ba9     0xa  Code  Gb  stm32f4xx_ll_sdmmc.o [1]
SDIO_ReadFIFO           0x08005b97     0x6  Code  Gb  stm32f4xx_ll_sdmmc.o [1]
SDIO_SendCommand        0x08005bbb    0x2a  Code  Gb  stm32f4xx_ll_sdmmc.o [1]
SDIO_WriteFIFO          0x08005b9d     0xc  Code  Gb  stm32f4xx_ll_sdmmc.o [1]
SD_CmdError             0x08005293    0x4a  Code  Lc  stm32f4xx_hal_sd.o [1]
SD_CmdResp1Error        0x08005351   0x114  Code  Lc  stm32f4xx_hal_sd.o [1]
SD_CmdResp2Error        0x0800549d    0x46  Code  Lc  stm32f4xx_hal_sd.o [1]
SD_CmdResp3Error        0x0800546d    0x30  Code  Lc  stm32f4xx_hal_sd.o [1]
SD_CmdResp6Error        0x080054e3    0xa4  Code  Lc  stm32f4xx_hal_sd.o [1]
SD_CmdResp7Error        0x080052dd    0x74  Code  Lc  stm32f4xx_hal_sd.o [1]
SD_Driver               0x0800ed64    0x14  Data  Gb  sd_diskio.o [1]
SD_FindSCR              0x080056e7   0x190  Code  Lc  stm32f4xx_hal_sd.o [1]
SD_GetState             0x08004f47    0x24  Code  Lc  stm32f4xx_hal_sd.o [1]
SD_Initialize_Cards     0x08004f6b   0x118  Code  Lc  stm32f4xx_hal_sd.o [1]
SD_IsCardProgramming    0x08005877   0x16a  Code  Lc  stm32f4xx_hal_sd.o [1]
SD_Path                 0x200051c4     0x4  Data  Gb  fatfs.o [1]
SD_PowerON              0x080050bd   0x176  Code  Lc  stm32f4xx_hal_sd.o [1]
SD_Select_Deselect      0x08005083    0x3a  Code  Lc  stm32f4xx_hal_sd.o [1]
SD_SendStatus           0x08005235    0x5e  Code  Lc  stm32f4xx_hal_sd.o [1]
SD_WideBus_Disable      0x08005637    0xb0  Code  Lc  stm32f4xx_hal_sd.o [1]
SD_WideBus_Enable       0x08005587    0xb0  Code  Lc  stm32f4xx_hal_sd.o [1]
SD_initialize           0x0800db65    0x24  Code  Gb  sd_diskio.o [1]
SD_ioctl                0x0800dc19    0x6a  Code  Gb  sd_diskio.o [1]
SD_read                 0x0800dbad    0x36  Code  Gb  sd_diskio.o [1]
SD_status               0x0800db89    0x24  Code  Gb  sd_diskio.o [1]
SD_write                0x0800dbe3    0x36  Code  Gb  sd_diskio.o [1]
SVC_Handler             0x08004471          Code  Gb  portasm.o [1]
StartDefaultTask        0x0800d38f    0xe4  Code  Gb  main.o [1]
Stat                    0x2000010c     0x1  Data  Lc  sd_diskio.o [1]
SysTick_Config          0x08005d49    0x30  Code  Lc  stm32f4xx_hal_cortex.o [1]
SysTick_Handler         0x0800e261     0x8  Code  Gb  stm32f4xx_it.o [1]
SystemClock_Config      0x0800cefd    0xcc  Code  Gb  main.o [1]
SystemCoreClock         0x20000004     0x4  Data  Gb  system_stm32f4xx.o [1]
SystemInit              0x0800de65    0x4c  Code  Gb  system_stm32f4xx.o [1]
TIM1_UP_TIM10_IRQHandler
                        0x0800e269     0xa  Code  Gb  stm32f4xx_it.o [1]
TIM_Base_SetConfig      0x0800690b    0xe6  Code  Gb  stm32f4xx_hal_tim.o [1]
UART_EndTransmit_IT     0x0800b781    0x20  Code  Lc  stm32f4xx_hal_uart.o [1]
UART_Receive_IT         0x0800b7a1    0xac  Code  Lc  stm32f4xx_hal_uart.o [1]
UART_SetConfig          0x0800b84d   0x312  Code  Lc  stm32f4xx_hal_uart.o [1]
UART_Transmit_IT        0x0800b713    0x6e  Code  Lc  stm32f4xx_hal_uart.o [1]
UART_WaitOnFlagUntilTimeout
                        0x0800b625    0xee  Code  Lc  stm32f4xx_hal_uart.o [1]
USART2_IRQHandler       0x0800e273     0xa  Code  Gb  stm32f4xx_it.o [1]
_EncodingSb_Mbtowc      0x0800cd63    0x30  Code  Gb  xencoding_sb.o [3]
_EncodingSb_Wctomb      0x0800cd49    0x1a  Code  Gb  xencoding_sb.o [3]
_GenldFull              0x0800afff   0x24c  Code  Lc  xprintffull.o [3]
_IsdstStr               0x2000009c     0x4  Data  Gb  setlocale.o [3]
_LdtobFull              0x0800abfd   0x3fc  Code  Lc  xprintffull.o [3]
_LitobFull              0x0800aaf5   0x106  Code  Lc  xprintffull.o [3]
_LocaleC_isspace        0x0800cd1d    0x14  Code  Gb  xlocale_c.o [3]
_LocaleC_tolower        0x0800cead     0xc  Code  Gb  xlocale_c.o [3]
_LocaleEncoding         0x0800cd0b     0xe  Code  Gb  setlocale.o [3]
_LocaleForCat           0x0800ccf9    0x12  Code  Gb  setlocale.o [3]
_LocaleReturnString     0x200000bc    0x50  Data  Lc  setlocale.o [3]
_Locale_Profile         0x200000a0    0x1c  Data  Gb  setlocale.o [3]
_Locale_aeabi_lconv     0x2000005c    0x38  Data  Gb  localeconv.o [3]
_Locale_lconv           0x2000000c    0x50  Data  Gb  localeconv.o [3]
_Mbtowc                 0x0800c1b5    0x20  Code  Gb  xmbtowc.o [3]
_PrintfFull             0x0800a12d   0x638  Code  Gb  xprintffull.o [3]
_PutcharsFull           0x0800b24b    0x2e  Code  Lc  xprintffull.o [3]
_PutstrFull             0x0800a7e9   0x306  Code  Lc  xprintffull.o [3]
_SNProut                0x08004097    0x1a  Code  Gb  xsnprout.o [3]
_SProut                 0x08004397     0xa  Code  Gb  xsprout.o [3]
_TzoneStr               0x20000098     0x4  Data  Gb  setlocale.o [3]
_Wctomb                 0x0800c339    0x1a  Code  Gb  xwctomb.o [3]
__aeabi_cdcmple         0x0800c505          Code  Gb  DblCmpLe.o [4]
__aeabi_cdrcmple        0x0800c535          Code  Gb  DblCmpGe.o [4]
__aeabi_d2iz            0x0800c679          Code  Gb  DblToI32.o [4]
__aeabi_d2uiz           0x0800c6a5          Code  Gb  DblToI32.o [4]
__aeabi_ddiv            0x0800ca25          Code  Gb  DblDiv.o [4]
__aeabi_dmul            0x0800c881          Code  Gb  DblMul.o [4]
__aeabi_dsub            0x0800c701          Code  Gb  DblSub.o [4]
__aeabi_errno_addr      0x0800c1a9     0x6  Code  Gb  errno.o [3]
__aeabi_i2d             0x0800c6d1          Code  Gb  I32ToDbl.o [4]
__aeabi_ldiv0           0x0800cdd5          Code  Gb  I64DivZer.o [5]
__aeabi_memset          0x08004331          Code  Gb  ABImemset.o [5]
__aeabi_ui2d            0x0800c6e5          Code  Gb  I32ToDbl.o [4]
__aeabi_uldivmod        0x0800c3d5          Code  Gb  I64DivMod.o [5]
__cmain                 0x0800ea81          Code  Gb  cmain.o [5]
__data_Aldata           0x200051bc     0x8  Data  Gb  xxmemxmalloc.o [3]
__data_GetMemChunk      0x0800cda9    0x2c  Code  Gb  xgetmemchunk.o [3]
__exit                  0x0800eab1    0x14  Code  Gb  exit.o [6]
__iar_Dnorm             0x0800c4c3    0x42  Code  Gb  xdnorm.o [4]
__iar_Dscale            0x0800c565   0x114  Code  Gb  xdscale.o [4]
__iar_Errno             0x20000094     0x4  Data  Gb  errno.o [3]
__iar_Locale_lconv_init
                        0x0800cc7d    0x3a  Code  Gb  localeconv.o [3]
__iar_Mbcurmax          0x0800c27d     0xa  Code  Gb  xmbcurmax.o [3]
__iar_Memchr            0x0800c225          Code  Gb  memchr.o [5]
__iar_Memset            0x08004331          Code  Gb  ABImemset.o [5]
__iar_Memset_word       0x08004339          Code  Gb  ABImemset.o [5]
__iar_Stolx             0x0800a0a5    0x88  Code  Gb  xstol.o [3]
__iar_Stoulx            0x0800c015   0x13e  Code  Gb  xstoul.o [3]
__iar_Strchr            0x0800c1d5          Code  Gb  strchr.o [5]
__iar_d2uiz             0x0800c6b1          Code  Gb  DblToI32.o [4]
__iar_dadd              0x0800cdd9          Code  Gb  DblAdd.o [4]
__iar_data_init3        0x0800e6b9    0x28  Code  Gb  data_init.o [5]
__iar_dlib_perthread_access
                        0x0800cd45     0x2  Code  Gb  xtls.o [3]
__iar_dsub              0x0800c715          Code  Gb  DblSub.o [4]
__iar_dsubStart         0x0800c727          Code  Gb  DblSub.o [4]
__iar_init_vfp          0x0800e8d9          Code  Gb  fpinit_M.o [4]
__iar_packbits_init_single3
                        0x0800e18d    0x38  Code  Gb  packbits_init_single.o [5]
__iar_program_start     0x0800ef1d          Code  Gb  cstartup_M.o [5]
__iar_ui2d              0x0800c6e9          Code  Gb  I32ToDbl.o [4]
__iar_unaligned___aeabi_memcpy
                        0x080043a1          Code  Gb  ABImemcpy_unaligned.o [5]
__iar_unaligned___aeabi_memcpy4
                        0x080043c1          Code  Gb  ABImemcpy_unaligned.o [5]
__iar_unaligned___aeabi_memcpy8
                        0x080043c1          Code  Gb  ABImemcpy_unaligned.o [5]
__iar_unaligned_strncpy
                        0x080095e1          Code  Gb  strncpy_unaligned.o [5]
__iar_zero_init3        0x0800e061    0x40  Code  Gb  zero_init3.o [5]
__low_level_init        0x0800ea9b     0x4  Code  Gb  low_level_init.o [3]
__vector_table          0x08000000          Data  Gb  startup_stm32f407xx.o [1]
_call_main              0x0800ea8d          Code  Gb  cmain.o [5]
_exit                   0x0800eaa5          Code  Gb  cexit.o [5]
_main                   0x0800ea97          Code  Gb  cmain.o [5]
buf                     0x200048ac   0x400  Data  Gb  service_utilities.o [1]
checkSum                0x08007c99    0x72  Code  Gb  service_utilities.o [1]
check_fs                0x0800119f    0x82  Code  Lc  ff.o [1]
chk_chr                 0x080001df    0x14  Code  Lc  ff.o [1]
chk_lock                0x0800022d    0x90  Code  Lc  ff.o [1]
clear_lock              0x08000417    0x2c  Code  Lc  ff.o [1]
clmt_clust              0x08000a17    0x3e  Code  Lc  ff.o [1]
clust2sect              0x080005e1    0x20  Code  Gb  ff.o [1]
cnt                     0x20005222     0x2  Data  Gb  service_utilities.o [1]
cnv16_8                 0x08007c49    0x16  Code  Gb  service_utilities.o [1]
cnv32_8                 0x08007c29    0x20  Code  Gb  service_utilities.o [1]
cnv8_16                 0x08007c81    0x18  Code  Gb  service_utilities.o [1]
cnv8_32                 0x08007c5f    0x22  Code  Gb  service_utilities.o [1]
create_chain            0x08000919    0xfe  Code  Lc  ff.o [1]
create_name             0x08000f85   0x12e  Code  Lc  ff.o [1]
crt_pkt                 0x080083bb    0xcc  Code  Gb  service_utilities.o [1]
dec_lock                0x080003c1    0x56  Code  Lc  ff.o [1]
defaultTaskHandle       0x200051dc     0x4  Data  Gb  main.o [1]
digits                  0x0800c158    0x28  Data  Lc  xstoul.o [3]
dir_alloc               0x08000ca9    0x6e  Code  Lc  ff.o [1]
dir_find                0x08000d59    0x70  Code  Lc  ff.o [1]
dir_next                0x08000b31   0x178  Code  Lc  ff.o [1]
dir_read                0x08000dc9    0xa2  Code  Lc  ff.o [1]
dir_register            0x08000e6b    0x52  Code  Lc  ff.o [1]
dir_remove              0x08000ebd    0x4e  Code  Lc  ff.o [1]
dir_sdi                 0x08000a55    0xdc  Code  Lc  ff.o [1]
disk                    0x200051a0     0xc  Data  Gb  ff_gen_drv.o [1]
disk_initialize         0x080028fb    0x36  Code  Gb  diskio.o [1]
disk_ioctl              0x080029a1    0x2c  Code  Gb  diskio.o [1]
disk_read               0x08002931    0x38  Code  Gb  diskio.o [1]
disk_status             0x080028d9    0x22  Code  Gb  diskio.o [1]
disk_write              0x08002969    0x38  Code  Gb  diskio.o [1]
div                     0x0800cce9     0xe  Code  Gb  div.o [3]
enq_lock                0x080002bd    0x26  Code  Lc  ff.o [1]
event_log               0x080084a7    0x68  Code  Gb  service_utilities.o [1]
event_log_INIT          0x08008487    0x20  Code  Gb  service_utilities.o [1]
event_log_load          0x0800850f    0x36  Code  Gb  service_utilities.o [1]
exit                    0x0800ea9f     0x4  Code  Gb  exit.o [3]
export_eps_pkt          0x08007e7b    0x8e  Code  Gb  service_utilities.o [1]
f_close                 0x08001fb7    0x48  Code  Gb  ff.o [1]
f_closedir              0x08002521    0x42  Code  Gb  ff.o [1]
f_lseek                 0x08001fff   0x450  Code  Gb  ff.o [1]
f_open                  0x080016f1   0x206  Code  Gb  ff.o [1]
f_opendir               0x0800244f    0xd2  Code  Gb  ff.o [1]
f_read                  0x080018f7   0x2ba  Code  Gb  ff.o [1]
f_readdir               0x08002563    0x82  Code  Gb  ff.o [1]
f_rename                0x08002741   0x170  Code  Gb  ff.o [1]
f_stat                  0x080025e5    0x5a  Code  Gb  ff.o [1]
f_sync                  0x08001ec5    0xf2  Code  Gb  ff.o [1]
f_unlink                0x0800263f   0x102  Code  Gb  ff.o [1]
f_write                 0x08001bb1   0x314  Code  Gb  ff.o [1]
ff_rel_grant            0x080028cd     0xc  Code  Gb  syscall.o [1]
ff_req_grant            0x080028b1    0x1c  Code  Gb  syscall.o [1]
find_volume             0x08001221   0x45e  Code  Lc  ff.o [1]
follow_path             0x080010b3    0x9c  Code  Lc  ff.o [1]
free                    0x0800c355    0x7a  Code  Gb  xxmemxfree.o [3]
free_pkt                0x08009a8d    0x4c  Code  Gb  pkt_pool.o [1]
function_management_app
                        0x08009d25    0xd8  Code  Gb  function_management_service.o [1]
get_fat                 0x08000601   0x11c  Code  Gb  ff.o [1]
get_fattime             0x080029ed     0x4  Code  Gb  fatfs.o [1]
get_fileinfo            0x08000f0b    0x7a  Code  Lc  ff.o [1]
get_ldnumber            0x0800114f    0x50  Code  Lc  ff.o [1]
get_pkt                 0x080099fd    0x90  Code  Gb  pkt_pool.o [1]
hiwdg                   0x20005180    0x10  Data  Gb  main.o [1]
hk_app                  0x08009b55    0xe2  Code  Gb  housekeeping_service.o [1]
hk_crt_empty_pkt_TM     0x08009c37    0x46  Code  Gb  housekeeping_service.o [1]
hk_crt_pkt_TM           0x08009c7d    0x90  Code  Gb  housekeeping_service.o [1]
hrtc                    0x200050b4    0x20  Data  Gb  main.o [1]
hsd                     0x20004f80    0x60  Data  Gb  main.o [1]
htim1                   0x20005078    0x3c  Data  Gb  stm32f4xx_hal_timebase_TIM.o [1]
huart2                  0x20005038    0x40  Data  Gb  main.o [1]
hwwdg                   0x20005108    0x14  Data  Gb  main.o [1]
import_eps_pkt          0x08007f09    0x8a  Code  Gb  service_utilities.o [1]
inHandlerMode           0x08002a03    0x12  Code  Lc  cmsis_os.o [1]
inc_lock                0x080002e3    0xde  Code  Lc  ff.o [1]
isspace                 0x0800c001    0x14  Code  Gb  isxxx.o [3]
large_data_abortPkt     0x0800952f    0x5a  Code  Gb  large_data_service.o [1]
large_data_abort_api    0x08009589    0x1e  Code  Gb  large_data_service.o [1]
large_data_app          0x080085b9    0xac  Code  Gb  large_data_service.o [1]
large_data_downlinkPkt  0x08009479    0x5a  Code  Gb  large_data_service.o [1]
large_data_downlinkTx_api
                        0x08008f7b   0x1ba  Code  Gb  large_data_service.o [1]
large_data_firstRx_api  0x08008665   0x1aa  Code  Gb  large_data_service.o [1]
large_data_intRx_api    0x0800880f   0x19e  Code  Gb  large_data_service.o [1]
large_data_intTx_api    0x08009155   0x1ba  Code  Gb  large_data_service.o [1]
large_data_lastRx_api   0x080089ad   0x1aa  Code  Gb  large_data_service.o [1]
large_data_reportTx_api
                        0x08008e19   0x162  Code  Gb  large_data_service.o [1]
large_data_retryRx_api  0x08008b57   0x19e  Code  Gb  large_data_service.o [1]
large_data_retryTx_api  0x08009325   0x142  Code  Gb  large_data_service.o [1]
large_data_standaloneRx_api
                        0x08008cf5   0x124  Code  Gb  large_data_service.o [1]
large_data_updatePkt    0x0800946d     0xc  Code  Gb  large_data_service.o [1]
large_data_verifyPkt    0x080094d3    0x5c  Code  Gb  large_data_service.o [1]
ld_clust                0x08000d17    0x2a  Code  Lc  ff.o [1]
localeconv              0x0800ccb7    0x16  Code  Gb  localeconv.o [3]
lock_fs                 0x080001f3     0xe  Code  Lc  ff.o [1]
main                    0x0800ceb9    0x44  Code  Gb  main.o [1]
makeFreeRtosPriority    0x080029f1    0x12  Code  Lc  cmsis_os.o [1]
malloc                  0x0800c289    0xac  Code  Gb  xxmemxmalloc.o [3]
mass_storage_app        0x08006a21    0xdc  Code  Gb  mass_storage_service.o [1]
mass_storage_delete_api
                        0x08006afd   0x15a  Code  Gb  mass_storage_service.o [1]
mass_storage_downlinkLargeFile
                        0x08006f65   0x11e  Code  Gb  mass_storage_service.o [1]
mass_storage_downlinkLogs
                        0x08006d1b   0x24a  Code  Gb  mass_storage_service.o [1]
mass_storage_downlink_api
                        0x08006c57    0xc4  Code  Gb  mass_storage_service.o [1]
mass_storage_findLog    0x080079df   0x142  Code  Gb  mass_storage_service.o [1]
mass_storage_getFileName
                        0x08007b39    0x18  Code  Gb  mass_storage_service.o [1]
mass_storage_getLog     0x0800795d    0x82  Code  Gb  mass_storage_service.o [1]
mass_storage_report_api
                        0x08007581   0x1c0  Code  Gb  mass_storage_service.o [1]
mass_storage_storeLargeFile
                        0x08007133   0x34e  Code  Gb  mass_storage_service.o [1]
mass_storage_storeLogs  0x08007481    0xe8  Code  Gb  mass_storage_service.o [1]
mass_storage_store_api  0x08007083    0xb0  Code  Gb  mass_storage_service.o [1]
mass_storage_su_checksum_api
                        0x08007771   0x1e6  Code  Gb  mass_storage_service.o [1]
mem_cmp                 0x080001bb    0x24  Code  Lc  ff.o [1]
mem_cpy                 0x08000189    0x1c  Code  Lc  ff.o [1]
mem_set                 0x080001a5    0x16  Code  Lc  ff.o [1]
memchr                  0x0800c225          Code  Gb  memchr.o [5]
move_window             0x080004b1    0x44  Code  Lc  ff.o [1]
ndigs                   0x0800c180    0x28  Data  Lc  xstoul.o [3]
obc_data                0x20005190    0x10  Data  Gb  service_utilities.o [1]
osDelay                 0x08002a59    0x1c  Code  Gb  cmsis_os.o [1]
osKernelStart           0x08002a15     0xa  Code  Gb  cmsis_os.o [1]
osSemaphoreRelease      0x08002afb    0x54  Code  Gb  cmsis_os.o [1]
osSemaphoreWait         0x08002a75    0x86  Code  Gb  cmsis_os.o [1]
osSystickHandler        0x08002b4f    0x10  Code  Gb  cmsis_os.o [1]
osThreadCreate          0x08002a1f    0x3a  Code  Gb  cmsis_os.o [1]
pack_pkt                0x0800824f   0x16c  Code  Gb  service_utilities.o [1]
pcInterruptPriorityRegisters
                        0x0800ef6c     0x4  Data  Lc  port.o [1]
pkt_pool                0x20004310   0x59c  Data  Gb  pkt_pool.o [1]
pkt_pool_INIT           0x08009ad9    0x6a  Code  Gb  pkt_pool.o [1]
power_control_api       0x0800bf69    0x98  Code  Gb  power_ctrl.o [1]
prvAddCurrentTaskToDelayedList
                        0x08003423    0x4e  Code  Lc  tasks.o [1]
prvAllocateTCBAndStack  0x08003479    0x5a  Code  Lc  tasks.o [1]
prvCheckTasksWaitingTermination
                        0x080033bd    0x66  Code  Lc  tasks.o [1]
prvCopyDataFromQueue    0x08003cc1    0x30  Code  Lc  queue.o [1]
prvCopyDataToQueue      0x08003c29    0x98  Code  Lc  queue.o [1]
prvDeleteTCB            0x080034d3    0x12  Code  Lc  tasks.o [1]
prvHeapInit             0x08004241    0x6e  Code  Lc  heap_4.o [1]
prvIdleTask             0x080032c9    0x26  Code  Lc  tasks.o [1]
prvInitialiseTCBVariables
                        0x080032ef    0x6c  Code  Lc  tasks.o [1]
prvInitialiseTaskLists  0x0800335b    0x58  Code  Lc  tasks.o [1]
prvInsertBlockIntoFreeList
                        0x080042af    0x62  Code  Lc  heap_4.o [1]
prvIsQueueEmpty         0x08003d5b    0x20  Code  Lc  queue.o [1]
prvIsQueueFull          0x08003d7b    0x22  Code  Lc  queue.o [1]
prvResetNextTaskUnblockTime
                        0x080034e5    0x2a  Code  Lc  tasks.o [1]
prvTaskExitError        0x08003dc5    0x2a  Code  Lc  port.o [1]
prvUnlockQueue          0x08003cf1    0x6a  Code  Lc  queue.o [1]
put_fat                 0x0800071d   0x178  Code  Gb  ff.o [1]
pvPortMalloc            0x080040b1   0x118  Code  Gb  heap_4.o [1]
pvTaskIncrementMutexHeldCount
                        0x080036a5    0x1e  Code  Gb  tasks.o [1]
pxCurrentTCB            0x200051e8     0x4  Data  Gb  tasks.o [1]
pxDelayedTaskList       0x200051ec     0x4  Data  Lc  tasks.o [1]
pxEnd                   0x200051cc     0x4  Data  Lc  heap_4.o [1]
pxOverflowDelayedTaskList
                        0x200051f0     0x4  Data  Lc  tasks.o [1]
pxPortInitialiseStack   0x08003da1    0x24  Code  Gb  port.o [1]
pxReadyTasksLists       0x20004ef4    0x8c  Data  Lc  tasks.o [1]
remove_chain            0x08000895    0x84  Code  Lc  ff.o [1]
retSD                   0x20005224     0x1  Data  Gb  fatfs.o [1]
route_pkt               0x08007d0b   0x170  Code  Gb  service_utilities.o [1]
sat_status              0x200051b4     0x8  Data  Gb  housekeeping_service.o [1]
services_verification_TC_TM
                        0x0800d754   0x410  Data  Gb  services.o [1]
snprintf                0x08009655    0x44  Code  Gb  snprintf.o [3]
sprintf                 0x080096b1    0x34  Code  Gb  sprintf.o [3]
st_clust                0x08000d41    0x18  Code  Lc  ff.o [1]
strchr                  0x0800c1d5          Code  Gb  strchr.o [5]
strlen                  0x0800c1ed          Code  Gb  strlen.o [5]
strnlen                 0x08009699    0x16  Code  Gb  strnlen.o [3]
strtol                  0x0800964d     0x6  Code  Gb  strtol.o [3]
sync_fs                 0x080004f5    0xec  Code  Lc  ff.o [1]
sync_window             0x08000449    0x68  Code  Lc  ff.o [1]
test_app                0x08009e0d    0x74  Code  Gb  test_service.o [1]
test_crt_pkt            0x08009e81    0x58  Code  Gb  test_service.o [1]
time_now                0x08007bb5     0x4  Code  Gb  services.o [1]
tolower                 0x0800cd31    0x14  Code  Gb  tolower.o [3]
tst_debugging           0x08007bb9    0x66  Code  Gb  services.o [1]
ucHeap                  0x20000710  0x3c00  Data  Lc  heap_4.o [1]
ucMaxSysCallPriority    0x20005225     0x1  Data  Lc  port.o [1]
ulMaxPRIGROUPValue      0x200051e0     0x4  Data  Lc  port.o [1]
unlock_fs               0x08000201    0x2c  Code  Lc  ff.o [1]
unpack_pkt              0x08007f93   0x2bc  Code  Gb  service_utilities.o [1]
uwTick                  0x200051e4     0x4  Data  Gb  stm32f4xx_hal.o [1]
uxCriticalNesting       0x20000000     0x4  Data  Lc  port.o [1]
uxCurrentNumberOfTasks  0x200051f8     0x4  Data  Lc  tasks.o [1]
uxListRemove            0x0800406f    0x28  Code  Gb  list.o [1]
uxPendedTicks           0x20005208     0x4  Data  Lc  tasks.o [1]
uxSchedulerSuspended    0x20005218     0x4  Data  Lc  tasks.o [1]
uxTaskNumber            0x20005214     0x4  Data  Lc  tasks.o [1]
uxTasksDeleted          0x200051f4     0x4  Data  Lc  tasks.o [1]
uxTopReadyPriority      0x20005200     0x4  Data  Lc  tasks.o [1]
vListInitialise         0x08003ff9    0x1e  Code  Gb  list.o [1]
vListInitialiseItem     0x08004017     0x6  Code  Gb  list.o [1]
vListInsert             0x08004035    0x3a  Code  Gb  list.o [1]
vListInsertEnd          0x0800401d    0x18  Code  Gb  list.o [1]
vPortEnableVFP          0x080044a5          Code  Gb  portasm.o [1]
vPortEnterCritical      0x08003ebb    0x3a  Code  Gb  port.o [1]
vPortExitCritical       0x08003ef5    0x32  Code  Gb  port.o [1]
vPortFree               0x080041c9    0x78  Code  Gb  heap_4.o [1]
vPortSetupTimerInterrupt
                        0x08003f53    0x1a  Code  Wk  port.o [1]
vPortStartFirstTask     0x0800448d          Code  Gb  portasm.o [1]
vPortValidateInterruptPriority
                        0x08003f6d    0x4e  Code  Gb  port.o [1]
vTaskDelay              0x08002d59    0x84  Code  Gb  tasks.o [1]
vTaskMissedYield        0x080032b7     0xa  Code  Gb  tasks.o [1]
vTaskPlaceOnEventList   0x080030f5    0x76  Code  Gb  tasks.o [1]
vTaskPriorityInherit    0x08003535    0xac  Code  Gb  tasks.o [1]
vTaskSetTimeOutState    0x08003209    0x26  Code  Gb  tasks.o [1]
vTaskStartScheduler     0x08002ddd    0x62  Code  Gb  tasks.o [1]
vTaskSuspendAll         0x08002e3f    0x10  Code  Gb  tasks.o [1]
vTaskSwitchContext      0x08003083    0x72  Code  Gb  tasks.o [1]
validate                0x0800167f    0x56  Code  Lc  ff.o [1]
verification_app        0x08009869    0x96  Code  Gb  verification_service.o [1]
verification_crt_pkt    0x080098ff    0xe4  Code  Gb  verification_service.o [1]
xBlockAllocatedBit      0x200051d8     0x4  Data  Lc  heap_4.o [1]
xDelayedTaskList1       0x2000511c    0x14  Data  Lc  tasks.o [1]
xDelayedTaskList2       0x20005130    0x14  Data  Lc  tasks.o [1]
xFreeBytesRemaining     0x200051d0     0x4  Data  Lc  heap_4.o [1]
xHeapStructSize         0x0800ef68     0x4  Data  Lc  heap_4.o [1]
xMinimumEverFreeBytesRemaining
                        0x200051d4     0x4  Data  Lc  heap_4.o [1]
xNextTaskUnblockTime    0x20000008     0x4  Data  Lc  tasks.o [1]
xNumOfOverflows         0x20005210     0x4  Data  Lc  tasks.o [1]
xPendingReadyList       0x20005144    0x14  Data  Lc  tasks.o [1]
xPortStartScheduler     0x08003def    0xcc  Code  Gb  port.o [1]
xPortSysTickHandler     0x08003f27    0x2c  Code  Gb  port.o [1]
xQueueGenericReceive    0x0800399b   0x1cc  Code  Gb  queue.o [1]
xQueueGenericSend       0x08003711   0x1b2  Code  Gb  queue.o [1]
xQueueGiveFromISR       0x080038c3    0xd8  Code  Gb  queue.o [1]
xQueueReceiveFromISR    0x08003b67    0xc2  Code  Gb  queue.o [1]
xSchedulerRunning       0x20005204     0x4  Data  Lc  tasks.o [1]
xStart                  0x200051ac     0x8  Data  Lc  heap_4.o [1]
xSuspendedTaskList      0x2000516c    0x14  Data  Lc  tasks.o [1]
xTaskCheckForTimeOut    0x0800322f    0x88  Code  Gb  tasks.o [1]
xTaskGenericCreate      0x08002bd5   0x184  Code  Gb  tasks.o [1]
xTaskGetSchedulerState  0x0800350f    0x26  Code  Gb  tasks.o [1]
xTaskIncrementTick      0x08002f4f   0x134  Code  Gb  tasks.o [1]
xTaskPriorityDisinherit
                        0x080035e5    0xba  Code  Gb  tasks.o [1]
xTaskRemoveFromEventList
                        0x0800316b    0x84  Code  Gb  tasks.o [1]
xTaskResumeAll          0x08002e4f   0x100  Code  Gb  tasks.o [1]
xTasksWaitingTermination
                        0x20005158    0x14  Data  Lc  tasks.o [1]
xTickCount              0x200051fc     0x4  Data  Lc  tasks.o [1]
xYieldPending           0x2000520c     0x4  Data  Lc  tasks.o [1]


[1] = G:\Users\nanimo\Documents\GitHub\upsat-obc-software\stm_cube\test3\EWARM\test3\Obj
[2] = command line
[3] = dl7M_tlf.a
[4] = m7M_tls.a
[5] = rt7M_tl.a
[6] = shb_l.a

  56 410 bytes of readonly  code memory
   5 245 bytes of readonly  data memory
  21 027 bytes of readwrite data memory

Errors: none
Warnings: none
