###############################################################################
#
# IAR ELF Linker V7.50.2.10312/W32 for ARM                08/Apr/2016  22:44:55
# Copyright 2007-2015 IAR Systems AB.
#
#    Output file  =  
#        G:\Users\nanimo\Documents\GitHub\upsat-obc-software\stm_cube\test3\EWARM\test3\Exe\test3.out
#    Map file     =  
#        G:\Users\nanimo\Documents\GitHub\upsat-obc-software\stm_cube\test3\EWARM\test3\List\test3.map
#    Command line =  
#        G:\Users\nanimo\Documents\GitHub\upsat-obc-software\stm_cube\test3\EWARM\test3\Obj\bsp_driver_sd.o
#        G:\Users\nanimo\Documents\GitHub\upsat-obc-software\stm_cube\test3\EWARM\test3\Obj\cmsis_os.o
#        G:\Users\nanimo\Documents\GitHub\upsat-obc-software\stm_cube\test3\EWARM\test3\Obj\croutine.o
#        G:\Users\nanimo\Documents\GitHub\upsat-obc-software\stm_cube\test3\EWARM\test3\Obj\diskio.o
#        G:\Users\nanimo\Documents\GitHub\upsat-obc-software\stm_cube\test3\EWARM\test3\Obj\event_groups.o
#        G:\Users\nanimo\Documents\GitHub\upsat-obc-software\stm_cube\test3\EWARM\test3\Obj\fatfs.o
#        G:\Users\nanimo\Documents\GitHub\upsat-obc-software\stm_cube\test3\EWARM\test3\Obj\ff.o
#        G:\Users\nanimo\Documents\GitHub\upsat-obc-software\stm_cube\test3\EWARM\test3\Obj\ff_gen_drv.o
#        G:\Users\nanimo\Documents\GitHub\upsat-obc-software\stm_cube\test3\EWARM\test3\Obj\freertos.o
#        G:\Users\nanimo\Documents\GitHub\upsat-obc-software\stm_cube\test3\EWARM\test3\Obj\function_management_service.o
#        G:\Users\nanimo\Documents\GitHub\upsat-obc-software\stm_cube\test3\EWARM\test3\Obj\heap_4.o
#        G:\Users\nanimo\Documents\GitHub\upsat-obc-software\stm_cube\test3\EWARM\test3\Obj\hldlc.o
#        G:\Users\nanimo\Documents\GitHub\upsat-obc-software\stm_cube\test3\EWARM\test3\Obj\housekeeping_service.o
#        G:\Users\nanimo\Documents\GitHub\upsat-obc-software\stm_cube\test3\EWARM\test3\Obj\large_data_service.o
#        G:\Users\nanimo\Documents\GitHub\upsat-obc-software\stm_cube\test3\EWARM\test3\Obj\list.o
#        G:\Users\nanimo\Documents\GitHub\upsat-obc-software\stm_cube\test3\EWARM\test3\Obj\main.o
#        G:\Users\nanimo\Documents\GitHub\upsat-obc-software\stm_cube\test3\EWARM\test3\Obj\mass_storage_service.o
#        G:\Users\nanimo\Documents\GitHub\upsat-obc-software\stm_cube\test3\EWARM\test3\Obj\obc_hal.o
#        G:\Users\nanimo\Documents\GitHub\upsat-obc-software\stm_cube\test3\EWARM\test3\Obj\pkt_pool.o
#        G:\Users\nanimo\Documents\GitHub\upsat-obc-software\stm_cube\test3\EWARM\test3\Obj\port.o
#        G:\Users\nanimo\Documents\GitHub\upsat-obc-software\stm_cube\test3\EWARM\test3\Obj\portasm.o
#        G:\Users\nanimo\Documents\GitHub\upsat-obc-software\stm_cube\test3\EWARM\test3\Obj\power_ctrl.o
#        G:\Users\nanimo\Documents\GitHub\upsat-obc-software\stm_cube\test3\EWARM\test3\Obj\queue.o
#        G:\Users\nanimo\Documents\GitHub\upsat-obc-software\stm_cube\test3\EWARM\test3\Obj\sd_diskio.o
#        G:\Users\nanimo\Documents\GitHub\upsat-obc-software\stm_cube\test3\EWARM\test3\Obj\service_utilities.o
#        G:\Users\nanimo\Documents\GitHub\upsat-obc-software\stm_cube\test3\EWARM\test3\Obj\services.o
#        G:\Users\nanimo\Documents\GitHub\upsat-obc-software\stm_cube\test3\EWARM\test3\Obj\startup_stm32f407xx.o
#        G:\Users\nanimo\Documents\GitHub\upsat-obc-software\stm_cube\test3\EWARM\test3\Obj\stm32f4xx_hal.o
#        G:\Users\nanimo\Documents\GitHub\upsat-obc-software\stm_cube\test3\EWARM\test3\Obj\stm32f4xx_hal_cortex.o
#        G:\Users\nanimo\Documents\GitHub\upsat-obc-software\stm_cube\test3\EWARM\test3\Obj\stm32f4xx_hal_dma.o
#        G:\Users\nanimo\Documents\GitHub\upsat-obc-software\stm_cube\test3\EWARM\test3\Obj\stm32f4xx_hal_dma_ex.o
#        G:\Users\nanimo\Documents\GitHub\upsat-obc-software\stm_cube\test3\EWARM\test3\Obj\stm32f4xx_hal_flash.o
#        G:\Users\nanimo\Documents\GitHub\upsat-obc-software\stm_cube\test3\EWARM\test3\Obj\stm32f4xx_hal_flash_ex.o
#        G:\Users\nanimo\Documents\GitHub\upsat-obc-software\stm_cube\test3\EWARM\test3\Obj\stm32f4xx_hal_flash_ramfunc.o
#        G:\Users\nanimo\Documents\GitHub\upsat-obc-software\stm_cube\test3\EWARM\test3\Obj\stm32f4xx_hal_gpio.o
#        G:\Users\nanimo\Documents\GitHub\upsat-obc-software\stm_cube\test3\EWARM\test3\Obj\stm32f4xx_hal_iwdg.o
#        G:\Users\nanimo\Documents\GitHub\upsat-obc-software\stm_cube\test3\EWARM\test3\Obj\stm32f4xx_hal_msp.o
#        G:\Users\nanimo\Documents\GitHub\upsat-obc-software\stm_cube\test3\EWARM\test3\Obj\stm32f4xx_hal_pwr.o
#        G:\Users\nanimo\Documents\GitHub\upsat-obc-software\stm_cube\test3\EWARM\test3\Obj\stm32f4xx_hal_pwr_ex.o
#        G:\Users\nanimo\Documents\GitHub\upsat-obc-software\stm_cube\test3\EWARM\test3\Obj\stm32f4xx_hal_rcc.o
#        G:\Users\nanimo\Documents\GitHub\upsat-obc-software\stm_cube\test3\EWARM\test3\Obj\stm32f4xx_hal_rcc_ex.o
#        G:\Users\nanimo\Documents\GitHub\upsat-obc-software\stm_cube\test3\EWARM\test3\Obj\stm32f4xx_hal_rtc.o
#        G:\Users\nanimo\Documents\GitHub\upsat-obc-software\stm_cube\test3\EWARM\test3\Obj\stm32f4xx_hal_rtc_ex.o
#        G:\Users\nanimo\Documents\GitHub\upsat-obc-software\stm_cube\test3\EWARM\test3\Obj\stm32f4xx_hal_sd.o
#        G:\Users\nanimo\Documents\GitHub\upsat-obc-software\stm_cube\test3\EWARM\test3\Obj\stm32f4xx_hal_tim.o
#        G:\Users\nanimo\Documents\GitHub\upsat-obc-software\stm_cube\test3\EWARM\test3\Obj\stm32f4xx_hal_tim_ex.o
#        G:\Users\nanimo\Documents\GitHub\upsat-obc-software\stm_cube\test3\EWARM\test3\Obj\stm32f4xx_hal_timebase_TIM.o
#        G:\Users\nanimo\Documents\GitHub\upsat-obc-software\stm_cube\test3\EWARM\test3\Obj\stm32f4xx_hal_uart.o
#        G:\Users\nanimo\Documents\GitHub\upsat-obc-software\stm_cube\test3\EWARM\test3\Obj\stm32f4xx_hal_wwdg.o
#        G:\Users\nanimo\Documents\GitHub\upsat-obc-software\stm_cube\test3\EWARM\test3\Obj\stm32f4xx_it.o
#        G:\Users\nanimo\Documents\GitHub\upsat-obc-software\stm_cube\test3\EWARM\test3\Obj\stm32f4xx_ll_sdmmc.o
#        G:\Users\nanimo\Documents\GitHub\upsat-obc-software\stm_cube\test3\EWARM\test3\Obj\su_mnlp.o
#        G:\Users\nanimo\Documents\GitHub\upsat-obc-software\stm_cube\test3\EWARM\test3\Obj\syscall.o
#        G:\Users\nanimo\Documents\GitHub\upsat-obc-software\stm_cube\test3\EWARM\test3\Obj\system_stm32f4xx.o
#        G:\Users\nanimo\Documents\GitHub\upsat-obc-software\stm_cube\test3\EWARM\test3\Obj\tasks.o
#        G:\Users\nanimo\Documents\GitHub\upsat-obc-software\stm_cube\test3\EWARM\test3\Obj\test_service.o
#        G:\Users\nanimo\Documents\GitHub\upsat-obc-software\stm_cube\test3\EWARM\test3\Obj\time_management.o
#        G:\Users\nanimo\Documents\GitHub\upsat-obc-software\stm_cube\test3\EWARM\test3\Obj\timers.o
#        G:\Users\nanimo\Documents\GitHub\upsat-obc-software\stm_cube\test3\EWARM\test3\Obj\verification_service.o
#        --redirect _Printf=_PrintfFull --redirect _Scanf=_ScanfFull -o
#        G:\Users\nanimo\Documents\GitHub\upsat-obc-software\stm_cube\test3\EWARM\test3\Exe\test3.out
#        --map
#        G:\Users\nanimo\Documents\GitHub\upsat-obc-software\stm_cube\test3\EWARM\test3\List\test3.map
#        --log
#        libraries,initialization,modules,redirects,sections,veneers,unused_fragments
#        --log_file
#        G:\Users\nanimo\Documents\GitHub\upsat-obc-software\stm_cube\test3\EWARM\test3\List\test3.log
#        --config
#        G:\Users\nanimo\Documents\GitHub\upsat-obc-software\stm_cube\test3\EWARM/stm32f407xx_flash.icf
#        --semihosting --entry __iar_program_start --vfe
#
###############################################################################

*******************************************************************************
*** RUNTIME MODEL ATTRIBUTES
***

CppFlavor                     = *
__Heap_Handler                = Basic
__SystemLibrary               = DLib
__dlib_dynamic_initialization = normal


*******************************************************************************
*** PLACEMENT SUMMARY
***

"A1":  place at 0x08000000 { ro section .intvec };
"P1":  place in [from 0x08000000 to 0x080fffff] { ro };
"P2":  place in [from 0x20000000 to 0x2001ffff] { rw, block CSTACK, block HEAP };

  Section             Kind        Address    Size  Object
  -------             ----        -------    ----  ------
"A1":                                       0x188
  .intvec             ro code  0x08000000   0x188  startup_stm32f407xx.o [1]
                             - 0x08000188   0x188

"P1":                                      0xf7eb
  .text               ro code  0x08000188  0x24e6  ff.o [1]
  .text               ro code  0x0800266e    0x1a  xsnprout.o [3]
  .text               ro code  0x08002688    0x62  syscall.o [1]
  .text               ro code  0x080026ea     0xa  xsprout.o [3]
  .text               ro code  0x080026f4    0xf8  diskio.o [1]
  .text               ro code  0x080027ec    0x20  fatfs.o [1]
  .text               ro code  0x0800280c   0x1bc  cmsis_os.o [1]
  .text               ro code  0x080029c8    0x70  ff_gen_drv.o [1]
  .text               ro code  0x08002a38   0xb3c  tasks.o [1]
  .text               ro code  0x08003574   0x7f4  queue.o [1]
  .text               ro code  0x08003d68   0x258  port.o [1]
  .text               ro code  0x08003fc0    0x9e  list.o [1]
  .text               ro code  0x08004060   0x280  heap_4.o [1]
  .text               ro code  0x080042e0    0x66  ABImemset.o [5]
  .text               ro code  0x08004348    0x76  ABImemcpy_unaligned.o [5]
  CODE                ro code  0x080043c0    0xa8  portasm.o [1]
  .text               ro code  0x08004468  0x152c  stm32f4xx_hal_sd.o [1]
  .text               ro code  0x08005994   0x1d0  stm32f4xx_hal_msp.o [1]
  .text               ro code  0x08005b64    0xd0  stm32f4xx_ll_sdmmc.o [1]
  .text               ro code  0x08005c34    0x70  stm32f4xx_hal.o [1]
  .text               ro code  0x08005ca4   0x15c  stm32f4xx_hal_cortex.o [1]
  .text               ro code  0x08005e00   0x240  stm32f4xx_hal_gpio.o [1]
  .text               ro code  0x08006040   0x334  stm32f4xx_hal_dma.o [1]
  .text               ro code  0x08006374    0xa2  stm32f4xx_hal_timebase_TIM.o [1]
  .text               ro code  0x08006418   0x64c  stm32f4xx_hal_rcc.o [1]
  .text               ro code  0x08006a64   0x2e8  stm32f4xx_hal_tim.o [1]
  .text               ro code  0x08006d4c     0x4  stm32f4xx_hal_tim_ex.o [1]
  .text               ro code  0x08006d50  0x1308  mass_storage_service.o [1]
  .text               ro code  0x08008058    0xa0  services.o [1]
  .text               ro code  0x080080f8   0xaa4  service_utilities.o [1]
  .text               ro code  0x08008b9c  0x1098  large_data_service.o [1]
  .text               ro code  0x08009c34    0x6c  strncpy_unaligned.o [5]
  .text               ro code  0x08009ca0     0x6  strtol.o [3]
  .text               ro code  0x08009ca8    0x44  snprintf.o [3]
  .text               ro code  0x08009cec    0x16  strnlen.o [3]
  .text               ro code  0x08009d04    0x34  sprintf.o [3]
  .text               ro code  0x08009d38   0x244  obc_hal.o [1]
  .text               ro code  0x08009f7c   0x194  verification_service.o [1]
  .text               ro code  0x0800a110    0xe8  pkt_pool.o [1]
  .text               ro code  0x0800a1f8   0x294  housekeeping_service.o [1]
  .text               ro code  0x0800a48c    0xf0  function_management_service.o [1]
  .text               ro code  0x0800a57c    0xe0  test_service.o [1]
  .text               ro code  0x0800a65c   0x1c4  hldlc.o [1]
  .text               ro code  0x0800a820    0x88  xstol.o [3]
  .text               ro code  0x0800a8a8  0x1166  xprintffull.o [3]
  .text               ro code  0x0800ba10   0x970  stm32f4xx_hal_uart.o [1]
  .text               ro code  0x0800c380   0x3e2  stm32f4xx_hal_rtc.o [1]
  .text               ro code  0x0800c764    0x18  stm32f4xx_hal_pwr.o [1]
  .text               ro code  0x0800c77c    0x9c  power_ctrl.o [1]
  .text               ro code  0x0800c818    0x14  isxxx.o [3]
  .text               ro code  0x0800c82c   0x194  xstoul.o [3]
  .text               ro code  0x0800c9c0     0xc  errno.o [3]
  .text               ro code  0x0800c9cc    0x20  xmbtowc.o [3]
  .text               ro code  0x0800c9ec    0x16  strchr.o [5]
  .text               ro code  0x0800ca04    0x36  strlen.o [5]
  .text               ro code  0x0800ca3c    0x58  memchr.o [5]
  .text               ro code  0x0800ca94     0xa  xmbcurmax.o [3]
  .text               ro code  0x0800caa0    0xb0  xxmemxmalloc.o [3]
  .text               ro code  0x0800cb50    0x1a  xwctomb.o [3]
  .text               ro code  0x0800cb6c    0x80  xxmemxfree.o [3]
  .text               ro code  0x0800cbec    0xee  I64DivMod.o [5]
  .text               ro code  0x0800ccda    0x42  xdnorm.o [4]
  .text               ro code  0x0800cd1c    0x2e  DblCmpLe.o [4]
  .text               ro code  0x0800cd4c    0x2e  DblCmpGe.o [4]
  .text               ro code  0x0800cd7c   0x114  xdscale.o [4]
  .text               ro code  0x0800ce90    0x58  DblToI32.o [4]
  .text               ro code  0x0800cee8    0x30  I32ToDbl.o [4]
  .text               ro code  0x0800cf18   0x180  DblSub.o [4]
  .text               ro code  0x0800d098   0x1a2  DblMul.o [4]
  .text               ro code  0x0800d23c   0x256  DblDiv.o [4]
  .text               ro code  0x0800d494    0x6c  localeconv.o [3]
  .text               ro code  0x0800d500     0xe  div.o [3]
  .text               ro code  0x0800d510    0x24  setlocale.o [3]
  .text               ro code  0x0800d534    0x14  xlocale_c.o [3]
  .text               ro code  0x0800d548    0x14  tolower.o [3]
  .text               ro code  0x0800d55c     0x2  xtls.o [3]
  .text               ro code  0x0800d560    0x60  xencoding_sb.o [3]
  .text               ro code  0x0800d5c0    0x2c  xgetmemchunk.o [3]
  .text               ro code  0x0800d5ec     0x2  I64DivZer.o [5]
  .text               ro code  0x0800d5f0    0xd4  DblAdd.o [4]
  .text               ro code  0x0800d6c4     0xc  xlocale_c.o [3]
  .text               ro code  0x0800d6d0   0x6c6  main.o [1]
  .text               ro code  0x0800dd98   0x178  stm32f4xx_hal_rcc_ex.o [1]
  .text               ro code  0x0800df10    0x52  stm32f4xx_hal_iwdg.o [1]
  .text               ro code  0x0800df64    0x54  stm32f4xx_hal_rtc_ex.o [1]
  .text               ro code  0x0800dfb8    0x4c  stm32f4xx_hal_wwdg.o [1]
  .rodata             const    0x0800e004   0x410  services.o [1]
  .text               ro code  0x0800e414   0x124  sd_diskio.o [1]
  .text               ro code  0x0800e538    0xd0  bsp_driver_sd.o [1]
  .rodata             const    0x0800e608    0x8c  mass_storage_service.o [1]
  .rodata             const    0x0800e694    0x80  ff.o [1]
  .text               ro code  0x0800e714    0x6c  system_stm32f4xx.o [1]
  .rodata             const    0x0800e780    0x5c  housekeeping_service.o [1]
  .rodata             const    0x0800e7dc    0x58  large_data_service.o [1]
  .rodata             const    0x0800e834    0x50  service_utilities.o [1]
  .rodata             const    0x0800e884    0x4c  large_data_service.o [1]
  .text               ro code  0x0800e8d0    0x48  stm32f4xx_it.o [1]
  .rodata             const    0x0800e918    0x40  service_utilities.o [1]
  .text               ro code  0x0800e958    0x40  zero_init3.o [5]
  .rodata             const    0x0800e998    0x3c  large_data_service.o [1]
  .rodata             const    0x0800e9d4    0x3c  large_data_service.o [1]
  .rodata             const    0x0800ea10    0x3c  mass_storage_service.o [1]
  .rodata             const    0x0800ea4c    0x38  service_utilities.o [1]
  .text               ro code  0x0800ea84    0x38  packbits_init_single.o [5]
  .rodata             const    0x0800eabc    0x34  hldlc.o [1]
  .rodata             const    0x0800eaf0    0x34  large_data_service.o [1]
  .rodata             const    0x0800eb24    0x34  mass_storage_service.o [1]
  .rodata             const    0x0800eb58    0x30  large_data_service.o [1]
  .rodata             const    0x0800eb88    0x30  large_data_service.o [1]
  .rodata             const    0x0800ebb8    0x30  power_ctrl.o [1]
  .rodata             const    0x0800ebe8    0x30  service_utilities.o [1]
  .rodata             const    0x0800ec18    0x30  service_utilities.o [1]
  .rodata             const    0x0800ec48    0x30  service_utilities.o [1]
  .rodata             const    0x0800ec78    0x30  service_utilities.o [1]
  .rodata             const    0x0800eca8    0x30  service_utilities.o [1]
  .rodata             const    0x0800ecd8    0x30  verification_service.o [1]
  .rodata             const    0x0800ed08    0x2c  function_management_service.o [1]
  .rodata             const    0x0800ed34    0x2c  mass_storage_service.o [1]
  .rodata             const    0x0800ed60    0x2c  mass_storage_service.o [1]
  .rodata             const    0x0800ed8c    0x2c  mass_storage_service.o [1]
  .rodata             const    0x0800edb8    0x2c  service_utilities.o [1]
  .rodata             const    0x0800ede4    0x28  large_data_service.o [1]
  .rodata             const    0x0800ee0c    0x28  service_utilities.o [1]
  .rodata             const    0x0800ee34    0x28  service_utilities.o [1]
  .rodata             const    0x0800ee5c    0x28  service_utilities.o [1]
  .rodata             const    0x0800ee84    0x28  service_utilities.o [1]
  .rodata             const    0x0800eeac    0x28  test_service.o [1]
  .text               ro code  0x0800eed4    0x28  data_init.o [5]
  .rodata             const    0x0800eefc    0x24  function_management_service.o [1]
  .rodata             const    0x0800ef20    0x24  housekeeping_service.o [1]
  .rodata             const    0x0800ef44    0x24  large_data_service.o [1]
  .rodata             const    0x0800ef68    0x24  large_data_service.o [1]
  .rodata             const    0x0800ef8c    0x24  large_data_service.o [1]
  .rodata             const    0x0800efb0    0x24  mass_storage_service.o [1]
  .rodata             const    0x0800efd4    0x24  mass_storage_service.o [1]
  .rodata             const    0x0800eff8    0x24  mass_storage_service.o [1]
  .rodata             const    0x0800f01c    0x24  service_utilities.o [1]
  .rodata             const    0x0800f040    0x24  service_utilities.o [1]
  .rodata             const    0x0800f064    0x24  service_utilities.o [1]
  .rodata             const    0x0800f088    0x24  test_service.o [1]
  .rodata             const    0x0800f0ac    0x24  verification_service.o [1]
  .text               ro code  0x0800f0d0    0x22  fpinit_M.o [4]
  .iar.init_table     const    0x0800f0f4    0x20  - Linker created -
  .rodata             const    0x0800f114    0x20  function_management_service.o [1]
  .rodata             const    0x0800f134    0x20  hldlc.o [1]
  .rodata             const    0x0800f154    0x20  large_data_service.o [1]
  .rodata             const    0x0800f174    0x20  mass_storage_service.o [1]
  .rodata             const    0x0800f194    0x20  mass_storage_service.o [1]
  .rodata             const    0x0800f1b4    0x20  services.o [1]
  .rodata             const    0x0800f1d4    0x20  services.o [1]
  .rodata             const    0x0800f1f4    0x1c  hldlc.o [1]
  .rodata             const    0x0800f210    0x1c  hldlc.o [1]
  .rodata             const    0x0800f22c    0x1c  large_data_service.o [1]
  .rodata             const    0x0800f248    0x1c  mass_storage_service.o [1]
  .rodata             const    0x0800f264    0x1c  service_utilities.o [1]
  .rodata             const    0x0800f280    0x1c  service_utilities.o [1]
  .rodata             const    0x0800f29c    0x1c  service_utilities.o [1]
  .rodata             const    0x0800f2b8    0x1c  service_utilities.o [1]
  .text               ro code  0x0800f2d4    0x1a  cmain.o [5]
  .text               ro code  0x0800f2ee     0x4  low_level_init.o [3]
  .text               ro code  0x0800f2f2     0x4  exit.o [3]
  .text               ro code  0x0800f2f8     0xa  cexit.o [5]
  .text               ro code  0x0800f304    0x14  exit.o [6]
  .rodata             const    0x0800f318    0x18  function_management_service.o [1]
  .rodata             const    0x0800f330    0x18  housekeeping_service.o [1]
  .rodata             const    0x0800f348    0x18  housekeeping_service.o [1]
  .rodata             const    0x0800f360    0x18  large_data_service.o [1]
  .rodata             const    0x0800f378    0x18  large_data_service.o [1]
  .rodata             const    0x0800f390    0x18  large_data_service.o [1]
  .rodata             const    0x0800f3a8    0x18  mass_storage_service.o [1]
  .rodata             const    0x0800f3c0    0x18  mass_storage_service.o [1]
  .rodata             const    0x0800f3d8    0x18  mass_storage_service.o [1]
  .rodata             const    0x0800f3f0    0x18  mass_storage_service.o [1]
  .rodata             const    0x0800f408    0x18  mass_storage_service.o [1]
  .rodata             const    0x0800f420    0x18  mass_storage_service.o [1]
  .rodata             const    0x0800f438    0x18  mass_storage_service.o [1]
  .rodata             const    0x0800f450    0x18  mass_storage_service.o [1]
  .rodata             const    0x0800f468    0x18  power_ctrl.o [1]
  .rodata             const    0x0800f480    0x18  service_utilities.o [1]
  .rodata             const    0x0800f498    0x18  service_utilities.o [1]
  .rodata             const    0x0800f4b0    0x18  verification_service.o [1]
  .rodata             const    0x0800f4c8    0x14  housekeeping_service.o [1]
  .rodata             const    0x0800f4dc    0x14  large_data_service.o [1]
  .rodata             const    0x0800f4f0    0x14  large_data_service.o [1]
  .rodata             const    0x0800f504    0x14  main.o [1]
  .rodata             const    0x0800f518    0x14  main.o [1]
  .rodata             const    0x0800f52c    0x14  mass_storage_service.o [1]
  .rodata             const    0x0800f540    0x14  mass_storage_service.o [1]
  .rodata             const    0x0800f554    0x14  mass_storage_service.o [1]
  .rodata             const    0x0800f568    0x14  mass_storage_service.o [1]
  .rodata             const    0x0800f57c    0x14  mass_storage_service.o [1]
  .rodata             const    0x0800f590    0x14  mass_storage_service.o [1]
  .rodata             const    0x0800f5a4    0x14  mass_storage_service.o [1]
  .rodata             const    0x0800f5b8    0x14  mass_storage_service.o [1]
  .rodata             const    0x0800f5cc    0x14  sd_diskio.o [1]
  .rodata             const    0x0800f5e0    0x14  service_utilities.o [1]
  .rodata             const    0x0800f5f4    0x14  test_service.o [1]
  .rodata             const    0x0800f608    0x14  verification_service.o [1]
  .rodata             const    0x0800f61c    0x10  ff.o [1]
  .rodata             const    0x0800f62c    0x10  hldlc.o [1]
  .rodata             const    0x0800f63c    0x10  housekeeping_service.o [1]
  .rodata             const    0x0800f64c    0x10  main.o [1]
  .rodata             const    0x0800f65c    0x10  mass_storage_service.o [1]
  .rodata             const    0x0800f66c    0x10  mass_storage_service.o [1]
  .rodata             const    0x0800f67c    0x10  power_ctrl.o [1]
  .rodata             const    0x0800f68c    0x10  stm32f4xx_hal_rcc.o [1]
  .rodata             const    0x0800f69c    0x10  test_service.o [1]
  .rodata             const    0x0800f6ac    0x10  test_service.o [1]
  .rodata             const    0x0800f6bc    0x10  verification_service.o [1]
  .rodata             const    0x0800f6cc    0x10  verification_service.o [1]
  .text               ro code  0x0800f6dc    0x10  startup_stm32f407xx.o [1]
  .rodata             const    0x0800f6ec     0xc  large_data_service.o [1]
  .rodata             const    0x0800f6f8     0xc  large_data_service.o [1]
  .rodata             const    0x0800f704     0xc  large_data_service.o [1]
  .rodata             const    0x0800f710     0xc  main.o [1]
  .rodata             const    0x0800f71c     0xc  main.o [1]
  .rodata             const    0x0800f728     0xc  mass_storage_service.o [1]
  .rodata             const    0x0800f734     0xc  mass_storage_service.o [1]
  .rodata             const    0x0800f740     0xc  mass_storage_service.o [1]
  .rodata             const    0x0800f74c     0xc  mass_storage_service.o [1]
  .rodata             const    0x0800f758     0xc  mass_storage_service.o [1]
  .rodata             const    0x0800f764     0xc  mass_storage_service.o [1]
  .rodata             const    0x0800f770     0xc  mass_storage_service.o [1]
  .rodata             const    0x0800f77c     0xc  pkt_pool.o [1]
  .rodata             const    0x0800f788     0xc  pkt_pool.o [1]
  .rodata             const    0x0800f794     0xc  service_utilities.o [1]
  .rodata             const    0x0800f7a0     0xc  service_utilities.o [1]
  .text               ro code  0x0800f7ac     0xc  cstartup_M.o [5]
  .rodata             const    0x0800f7b8     0x8  hldlc.o [1]
  .rodata             const    0x0800f7c0     0x8  main.o [1]
  .rodata             const    0x0800f7c8     0x8  main.o [1]
  .rodata             const    0x0800f7d0     0x8  main.o [1]
  .rodata             const    0x0800f7d8     0x8  mass_storage_service.o [1]
  .rodata             const    0x0800f7e0     0x8  mass_storage_service.o [1]
  .rodata             const    0x0800f7e8     0x8  mass_storage_service.o [1]
  .rodata             const    0x0800f7f0     0x8  stm32f4xx_hal_dma.o [1]
  .rodata             const    0x0800f7f8     0x8  tasks.o [1]
  .rodata             const    0x0800f800     0x4  heap_4.o [1]
  .rodata             const    0x0800f804     0x4  main.o [1]
  .rodata             const    0x0800f808     0x4  port.o [1]
  .rodata             const    0x0800f80c     0x4  syscall.o [1]
  .text               ro code  0x0800f810     0x4  startup_stm32f407xx.o [1]
  .text               ro code  0x0800f814     0x4  startup_stm32f407xx.o [1]
  .text               ro code  0x0800f818     0x4  startup_stm32f407xx.o [1]
  .text               ro code  0x0800f81c     0x4  startup_stm32f407xx.o [1]
  .text               ro code  0x0800f820     0x4  startup_stm32f407xx.o [1]
  .text               ro code  0x0800f824     0x4  startup_stm32f407xx.o [1]
  .text               ro code  0x0800f828     0x4  startup_stm32f407xx.o [1]
  .text               ro code  0x0800f82c     0x4  startup_stm32f407xx.o [1]
  .text               ro code  0x0800f830     0x4  startup_stm32f407xx.o [1]
  .text               ro code  0x0800f834     0x4  startup_stm32f407xx.o [1]
  .text               ro code  0x0800f838     0x4  startup_stm32f407xx.o [1]
  .text               ro code  0x0800f83c     0x4  startup_stm32f407xx.o [1]
  .text               ro code  0x0800f840     0x4  startup_stm32f407xx.o [1]
  .text               ro code  0x0800f844     0x4  startup_stm32f407xx.o [1]
  .text               ro code  0x0800f848     0x4  startup_stm32f407xx.o [1]
  .text               ro code  0x0800f84c     0x4  startup_stm32f407xx.o [1]
  .text               ro code  0x0800f850     0x4  startup_stm32f407xx.o [1]
  .text               ro code  0x0800f854     0x4  startup_stm32f407xx.o [1]
  .text               ro code  0x0800f858     0x4  startup_stm32f407xx.o [1]
  .text               ro code  0x0800f85c     0x4  startup_stm32f407xx.o [1]
  .text               ro code  0x0800f860     0x4  startup_stm32f407xx.o [1]
  .text               ro code  0x0800f864     0x4  startup_stm32f407xx.o [1]
  .text               ro code  0x0800f868     0x4  startup_stm32f407xx.o [1]
  .text               ro code  0x0800f86c     0x4  startup_stm32f407xx.o [1]
  .text               ro code  0x0800f870     0x4  startup_stm32f407xx.o [1]
  .text               ro code  0x0800f874     0x4  startup_stm32f407xx.o [1]
  .text               ro code  0x0800f878     0x4  startup_stm32f407xx.o [1]
  .text               ro code  0x0800f87c     0x4  startup_stm32f407xx.o [1]
  .text               ro code  0x0800f880     0x4  startup_stm32f407xx.o [1]
  .text               ro code  0x0800f884     0x4  startup_stm32f407xx.o [1]
  .text               ro code  0x0800f888     0x4  startup_stm32f407xx.o [1]
  .text               ro code  0x0800f88c     0x4  startup_stm32f407xx.o [1]
  .text               ro code  0x0800f890     0x4  startup_stm32f407xx.o [1]
  .text               ro code  0x0800f894     0x4  startup_stm32f407xx.o [1]
  .text               ro code  0x0800f898     0x4  startup_stm32f407xx.o [1]
  .text               ro code  0x0800f89c     0x4  startup_stm32f407xx.o [1]
  .text               ro code  0x0800f8a0     0x4  startup_stm32f407xx.o [1]
  .text               ro code  0x0800f8a4     0x4  startup_stm32f407xx.o [1]
  .text               ro code  0x0800f8a8     0x4  startup_stm32f407xx.o [1]
  .text               ro code  0x0800f8ac     0x4  startup_stm32f407xx.o [1]
  .text               ro code  0x0800f8b0     0x4  startup_stm32f407xx.o [1]
  .text               ro code  0x0800f8b4     0x4  startup_stm32f407xx.o [1]
  .text               ro code  0x0800f8b8     0x4  startup_stm32f407xx.o [1]
  .text               ro code  0x0800f8bc     0x4  startup_stm32f407xx.o [1]
  .text               ro code  0x0800f8c0     0x4  startup_stm32f407xx.o [1]
  .text               ro code  0x0800f8c4     0x4  startup_stm32f407xx.o [1]
  .text               ro code  0x0800f8c8     0x4  startup_stm32f407xx.o [1]
  .text               ro code  0x0800f8cc     0x4  startup_stm32f407xx.o [1]
  .text               ro code  0x0800f8d0     0x4  startup_stm32f407xx.o [1]
  .text               ro code  0x0800f8d4     0x4  startup_stm32f407xx.o [1]
  .text               ro code  0x0800f8d8     0x4  startup_stm32f407xx.o [1]
  .text               ro code  0x0800f8dc     0x4  startup_stm32f407xx.o [1]
  .text               ro code  0x0800f8e0     0x4  startup_stm32f407xx.o [1]
  .text               ro code  0x0800f8e4     0x4  startup_stm32f407xx.o [1]
  .text               ro code  0x0800f8e8     0x4  startup_stm32f407xx.o [1]
  .text               ro code  0x0800f8ec     0x4  startup_stm32f407xx.o [1]
  .text               ro code  0x0800f8f0     0x4  startup_stm32f407xx.o [1]
  .text               ro code  0x0800f8f4     0x4  startup_stm32f407xx.o [1]
  .text               ro code  0x0800f8f8     0x4  startup_stm32f407xx.o [1]
  .text               ro code  0x0800f8fc     0x4  startup_stm32f407xx.o [1]
  .text               ro code  0x0800f900     0x4  startup_stm32f407xx.o [1]
  .text               ro code  0x0800f904     0x4  startup_stm32f407xx.o [1]
  .text               ro code  0x0800f908     0x4  startup_stm32f407xx.o [1]
  .text               ro code  0x0800f90c     0x4  startup_stm32f407xx.o [1]
  .text               ro code  0x0800f910     0x4  startup_stm32f407xx.o [1]
  .text               ro code  0x0800f914     0x4  startup_stm32f407xx.o [1]
  .text               ro code  0x0800f918     0x4  startup_stm32f407xx.o [1]
  .text               ro code  0x0800f91c     0x4  startup_stm32f407xx.o [1]
  .text               ro code  0x0800f920     0x4  startup_stm32f407xx.o [1]
  .text               ro code  0x0800f924     0x4  startup_stm32f407xx.o [1]
  .text               ro code  0x0800f928     0x4  startup_stm32f407xx.o [1]
  .text               ro code  0x0800f92c     0x4  startup_stm32f407xx.o [1]
  .text               ro code  0x0800f930     0x4  startup_stm32f407xx.o [1]
  .text               ro code  0x0800f934     0x4  startup_stm32f407xx.o [1]
  .text               ro code  0x0800f938     0x4  startup_stm32f407xx.o [1]
  .text               ro code  0x0800f93c     0x4  startup_stm32f407xx.o [1]
  .text               ro code  0x0800f940     0x4  startup_stm32f407xx.o [1]
  .text               ro code  0x0800f944     0x4  startup_stm32f407xx.o [1]
  .text               ro code  0x0800f948     0x4  startup_stm32f407xx.o [1]
  .text               ro code  0x0800f94c     0x4  startup_stm32f407xx.o [1]
  .text               ro code  0x0800f950     0x4  startup_stm32f407xx.o [1]
  .text               ro code  0x0800f954     0x4  startup_stm32f407xx.o [1]
  .text               ro code  0x0800f958     0x4  startup_stm32f407xx.o [1]
  .rodata             const    0x0800f95c     0x0  zero_init3.o [5]
  .rodata             const    0x0800f95c     0x0  packbits_init_single.o [5]
  Initializer bytes   const    0x0800f95c    0x17  <for P2-1>
                             - 0x0800f973  0xf7eb

"P2", part 1 of 3:                          0x10d
  P2-1                         0x20000000   0x10d  <Init block>
    .data             inited   0x20000000     0x4  port.o [1]
    .data             inited   0x20000004     0x4  system_stm32f4xx.o [1]
    .data             inited   0x20000008     0x4  tasks.o [1]
    __DLIB_PERTHREAD  inited   0x2000000c    0x88  localeconv.o [3]
    __DLIB_PERTHREAD  inited   0x20000094     0x4  errno.o [3]
    __DLIB_PERTHREAD  inited   0x20000098    0x74  setlocale.o [3]
    .data             inited   0x2000010c     0x1  sd_diskio.o [1]
                             - 0x2000010d   0x10d

"P2", part 2 of 3:                          0x600
  CSTACK                       0x20000110   0x400  <Block>
    CSTACK            uninit   0x20000110   0x400  <Block tail>
  HEAP                         0x20000510   0x200  <Block>
    HEAP              uninit   0x20000510   0x200  <Block tail>
                             - 0x20000710   0x600

"P2", part 3 of 3:                         0x73e0
  .bss                zero     0x20000710  0x3c00  heap_4.o [1]
  .bss                zero     0x20004310  0x2af8  pkt_pool.o [1]
  .bss                zero     0x20006e08   0x620  services.o [1]
  .bss                zero     0x20007428   0x248  mass_storage_service.o [1]
  .bss                zero     0x20007670    0xc8  services.o [1]
  .bss                zero     0x20007738    0x8c  tasks.o [1]
  .bss                zero     0x200077c4    0x60  main.o [1]
  .bss                zero     0x20007824    0x3c  stm32f4xx_hal_timebase_TIM.o [1]
  .bss                zero     0x20007860    0x58  main.o [1]
  .bss                zero     0x200078b8    0x58  main.o [1]
  .bss                zero     0x20007910    0x40  main.o [1]
  .bss                zero     0x20007950    0x40  queue.o [1]
  .bss                zero     0x20007990    0x20  main.o [1]
  .bss                zero     0x200079b0    0x1c  large_data_service.o [1]
  .bss                zero     0x200079cc    0x14  housekeeping_service.o [1]
  .bss                zero     0x200079e0    0x14  main.o [1]
  .bss                zero     0x200079f4    0x14  tasks.o [1]
  .bss                zero     0x20007a08    0x14  tasks.o [1]
  .bss                zero     0x20007a1c    0x14  tasks.o [1]
  .bss                zero     0x20007a30    0x14  tasks.o [1]
  .bss                zero     0x20007a44    0x14  tasks.o [1]
  .bss                zero     0x20007a58    0x10  main.o [1]
  .bss                zero     0x20007a68     0xc  ff_gen_drv.o [1]
  .bss                zero     0x20007a74     0x8  heap_4.o [1]
  .bss                zero     0x20007a7c     0x8  housekeeping_service.o [1]
  .bss                zero     0x20007a84     0x8  xxmemxmalloc.o [3]
  .bss                zero     0x20007a8c     0x4  fatfs.o [1]
  .bss                zero     0x20007a90     0x4  ff.o [1]
  .bss                zero     0x20007a94     0x4  heap_4.o [1]
  .bss                zero     0x20007a98     0x4  heap_4.o [1]
  .bss                zero     0x20007a9c     0x4  heap_4.o [1]
  .bss                zero     0x20007aa0     0x4  heap_4.o [1]
  .bss                zero     0x20007aa4     0x4  main.o [1]
  .bss                zero     0x20007aa8     0x4  main.o [1]
  .bss                zero     0x20007aac     0x4  port.o [1]
  .bss                zero     0x20007ab0     0x4  stm32f4xx_hal.o [1]
  .bss                zero     0x20007ab4     0x4  tasks.o [1]
  .bss                zero     0x20007ab8     0x4  tasks.o [1]
  .bss                zero     0x20007abc     0x4  tasks.o [1]
  .bss                zero     0x20007ac0     0x4  tasks.o [1]
  .bss                zero     0x20007ac4     0x4  tasks.o [1]
  .bss                zero     0x20007ac8     0x4  tasks.o [1]
  .bss                zero     0x20007acc     0x4  tasks.o [1]
  .bss                zero     0x20007ad0     0x4  tasks.o [1]
  .bss                zero     0x20007ad4     0x4  tasks.o [1]
  .bss                zero     0x20007ad8     0x4  tasks.o [1]
  .bss                zero     0x20007adc     0x4  tasks.o [1]
  .bss                zero     0x20007ae0     0x4  tasks.o [1]
  .bss                zero     0x20007ae4     0x4  tasks.o [1]
  .bss                zero     0x20007ae8     0x4  xgetmemchunk.o [3]
  .bss                zero     0x20007aec     0x2  ff.o [1]
  .bss                zero     0x20007aee     0x1  fatfs.o [1]
  .bss                zero     0x20007aef     0x1  port.o [1]
                             - 0x20007af0  0x73e0


*******************************************************************************
*** INIT TABLE
***

          Address     Size
          -------     ----
Zero (__iar_zero_init3)
    1 destination range, total size 0x73e0:
          0x20000710  0x73e0

Copy/packbits (__iar_packbits_init_single3)
    1 source range, total size 0x17 (8% of destination):
          0x0800f95c    0x17
    1 destination range, total size 0x10d:
          0x20000000   0x10d



*******************************************************************************
*** MODULE SUMMARY
***

    Module                         ro code  ro data  rw data
    ------                         -------  -------  -------
G:\Users\nanimo\Documents\GitHub\upsat-obc-software\stm_cube\test3\EWARM\test3\Obj: [1]
    bsp_driver_sd.o                    208
    cmsis_os.o                         444
    diskio.o                           248
    fatfs.o                             32                 5
    ff.o                             9 446      144        6
    ff_gen_drv.o                       112                12
    function_management_service.o      240      136
    heap_4.o                           640        4   15 384
    hldlc.o                            452      164
    housekeeping_service.o             660      212       28
    large_data_service.o             4 248      788       28
    list.o                             158
    main.o                           1 734      108      412
    mass_storage_service.o           4 872    1 076      584
    obc_hal.o                          580
    pkt_pool.o                         232       24   11 000
    port.o                             600        4        9
    portasm.o                          168
    power_ctrl.o                       156       88
    queue.o                          2 036                64
    sd_diskio.o                        292       21        1
    service_utilities.o              2 724      956
    services.o                         160    1 104    1 768
    startup_stm32f407xx.o              740
    stm32f4xx_hal.o                    112                 4
    stm32f4xx_hal_cortex.o             348
    stm32f4xx_hal_dma.o                820        8
    stm32f4xx_hal_gpio.o               576
    stm32f4xx_hal_iwdg.o                82
    stm32f4xx_hal_msp.o                464
    stm32f4xx_hal_pwr.o                 24
    stm32f4xx_hal_rcc.o              1 612       16
    stm32f4xx_hal_rcc_ex.o             376
    stm32f4xx_hal_rtc.o                994
    stm32f4xx_hal_rtc_ex.o              84
    stm32f4xx_hal_sd.o               5 420
    stm32f4xx_hal_tim.o                744
    stm32f4xx_hal_tim_ex.o               4
    stm32f4xx_hal_timebase_TIM.o       162                60
    stm32f4xx_hal_uart.o             2 416
    stm32f4xx_hal_wwdg.o                76
    stm32f4xx_it.o                      72
    stm32f4xx_ll_sdmmc.o               208
    syscall.o                           98        4
    system_stm32f4xx.o                 108                 4
    tasks.o                          2 876        9      296
    test_service.o                     224      128
    verification_service.o             404      160
    --------------------------------------------------------
    Total:                          49 486    5 154   29 665

command line: [2]
    --------------------------------------------------------
    Total:

dl7M_tlf.a: [3]
    div.o                               14
    errno.o                             12                 4
    exit.o                               4
    isxxx.o                             20
    localeconv.o                       108       11      136
    low_level_init.o                     4
    setlocale.o                         36       10      116
    snprintf.o                          68
    sprintf.o                           52
    strnlen.o                           22
    strtol.o                             6
    tolower.o                           20
    xencoding_sb.o                      96
    xgetmemchunk.o                      44                 4
    xlocale_c.o                         32
    xmbcurmax.o                         10
    xmbtowc.o                           32
    xprintffull.o                    4 454
    xsnprout.o                          26
    xsprout.o                           10
    xstol.o                            136
    xstoul.o                           404
    xtls.o                               2
    xwctomb.o                           26
    xxmemxfree.o                       128
    xxmemxmalloc.o                     176                 8
    --------------------------------------------------------
    Total:                           5 942       21      268

m7M_tls.a: [4]
    DblAdd.o                           212
    DblCmpGe.o                          46
    DblCmpLe.o                          46
    DblDiv.o                           598
    DblMul.o                           418
    DblSub.o                           384
    DblToI32.o                          88
    I32ToDbl.o                          48
    fpinit_M.o                          34
    xdnorm.o                            66
    xdscale.o                          276
    --------------------------------------------------------
    Total:                           2 216

rt7M_tl.a: [5]
    ABImemcpy_unaligned.o              118
    ABImemset.o                        102
    I64DivMod.o                        238
    I64DivZer.o                          2
    cexit.o                             10
    cmain.o                             26
    cstartup_M.o                        12
    data_init.o                         40
    memchr.o                            88
    packbits_init_single.o              56
    strchr.o                            22
    strlen.o                            54
    strncpy_unaligned.o                108
    zero_init3.o                        64
    --------------------------------------------------------
    Total:                             940

shb_l.a: [6]
    exit.o                              20
    --------------------------------------------------------
    Total:                              20

    Gaps                                46        2
    Linker created                               32    1 536
------------------------------------------------------------
    Grand Total:                    58 650    5 209   31 469


*******************************************************************************
*** ENTRY LIST
***

Entry                      Address    Size  Type      Object
-----                      -------    ----  ----      ------
.iar.init_table$$Base   0x0800f0f4           --   Gb  - Linker created -
.iar.init_table$$Limit  0x0800f114           --   Gb  - Linker created -
?main                   0x0800f2d5          Code  Gb  cmain.o [5]
APBAHBPrescTable        0x0800f68c    0x10  Data  Gb  stm32f4xx_hal_rcc.o [1]
BSP_SD_GetCardInfo      0x0800e5e1     0xe  Code  Gb  bsp_driver_sd.o [1]
BSP_SD_GetStatus        0x0800e5d7     0xa  Code  Gb  bsp_driver_sd.o [1]
BSP_SD_Init             0x0800e539    0x3e  Code  Gb  bsp_driver_sd.o [1]
BSP_SD_IsDetected       0x0800e5f9    0x10  Code  Gb  bsp_driver_sd.o [1]
BSP_SD_ReadBlocks       0x0800e577    0x30  Code  Gb  bsp_driver_sd.o [1]
BSP_SD_WriteBlocks      0x0800e5a7    0x30  Code  Gb  bsp_driver_sd.o [1]
CSTACK$$Base            0x20000110           --   Gb  - Linker created -
CSTACK$$Limit           0x20000510           --   Gb  - Linker created -
DMA1_Stream6_IRQHandler
                        0x0800e8d9     0xa  Code  Gb  stm32f4xx_it.o [1]
DMA_CalcBaseAndBitshift
                        0x08006333    0x2e  Code  Lc  stm32f4xx_hal_dma.o [1]
DMA_SetConfig           0x08006305    0x2e  Code  Lc  stm32f4xx_hal_dma.o [1]
ExCvt                   0x0800e694    0x80  Data  Lc  ff.o [1]
FATFS_LinkDriver        0x08002a21    0x12  Code  Gb  ff_gen_drv.o [1]
FATFS_LinkDriverEx      0x080029c9    0x58  Code  Gb  ff_gen_drv.o [1]
FatFs                   0x20007a90     0x4  Data  Lc  ff.o [1]
Fsid                    0x20007aec     0x2  Data  Lc  ff.o [1]
HAL_DMA_IRQHandler      0x08006129   0x1dc  Code  Gb  stm32f4xx_hal_dma.o [1]
HAL_DMA_Init            0x08006041    0x86  Code  Gb  stm32f4xx_hal_dma.o [1]
HAL_DMA_Start_IT        0x080060c7    0x62  Code  Gb  stm32f4xx_hal_dma.o [1]
HAL_Delay               0x08005c81    0x1a  Code  Wk  stm32f4xx_hal.o [1]
HAL_GPIO_Init           0x08005e01   0x1ee  Code  Gb  stm32f4xx_hal_gpio.o [1]
HAL_GPIO_WritePin       0x08005fef    0x14  Code  Gb  stm32f4xx_hal_gpio.o [1]
HAL_GetTick             0x08005c7b     0x6  Code  Wk  stm32f4xx_hal.o [1]
HAL_IWDG_Init           0x0800df11    0x50  Code  Gb  stm32f4xx_hal_iwdg.o [1]
HAL_IWDG_MspInit        0x0800df61     0x2  Code  Wk  stm32f4xx_hal_iwdg.o [1]
HAL_IncTick             0x08005c6f     0xc  Code  Wk  stm32f4xx_hal.o [1]
HAL_Init                0x08005c35    0x3a  Code  Gb  stm32f4xx_hal.o [1]
HAL_InitTick            0x08006375    0x86  Code  Gb  stm32f4xx_hal_timebase_TIM.o [1]
HAL_MspInit             0x08005995    0x46  Code  Gb  stm32f4xx_hal_msp.o [1]
HAL_NVIC_EnableIRQ      0x08005da7     0xe  Code  Gb  stm32f4xx_hal_cortex.o [1]
HAL_NVIC_SetPriority    0x08005d81    0x26  Code  Gb  stm32f4xx_hal_cortex.o [1]
HAL_NVIC_SetPriorityGrouping
                        0x08005d75     0xc  Code  Gb  stm32f4xx_hal_cortex.o [1]
HAL_OBC_UART_IRQHandler
                        0x08009db9    0x2e  Code  Gb  obc_hal.o [1]
HAL_PWR_EnableBkUpAccess
                        0x0800c765    0x12  Code  Gb  stm32f4xx_hal_pwr.o [1]
HAL_RCCEx_PeriphCLKConfig
                        0x0800dd99   0x14e  Code  Gb  stm32f4xx_hal_rcc_ex.o [1]
HAL_RCC_ClockConfig     0x08006751   0x18a  Code  Gb  stm32f4xx_hal_rcc.o [1]
HAL_RCC_GetClockConfig  0x080069e7    0x3a  Code  Gb  stm32f4xx_hal_rcc.o [1]
HAL_RCC_GetHCLKFreq     0x0800697f    0x28  Code  Gb  stm32f4xx_hal_rcc.o [1]
HAL_RCC_GetPCLK1Freq    0x080069a7    0x20  Code  Gb  stm32f4xx_hal_rcc.o [1]
HAL_RCC_GetPCLK2Freq    0x080069c7    0x20  Code  Gb  stm32f4xx_hal_rcc.o [1]
HAL_RCC_GetSysClockFreq
                        0x080068db    0xa4  Code  Wk  stm32f4xx_hal_rcc.o [1]
HAL_RCC_OscConfig       0x08006419   0x338  Code  Wk  stm32f4xx_hal_rcc.o [1]
HAL_RTCEx_SetCalibrationOutPut
                        0x0800df65    0x54  Code  Gb  stm32f4xx_hal_rtc_ex.o [1]
HAL_RTC_GetTime         0x0800c54d    0x64  Code  Gb  stm32f4xx_hal_rtc.o [1]
HAL_RTC_Init            0x0800c381    0xac  Code  Gb  stm32f4xx_hal_rtc.o [1]
HAL_RTC_MspInit         0x080059db    0x10  Code  Gb  stm32f4xx_hal_msp.o [1]
HAL_RTC_SetDate         0x0800c5b1   0x106  Code  Gb  stm32f4xx_hal_rtc.o [1]
HAL_RTC_SetTime         0x0800c42d   0x120  Code  Gb  stm32f4xx_hal_rtc.o [1]
HAL_RTC_WaitForSynchro  0x0800c6c5    0x34  Code  Gb  stm32f4xx_hal_rtc.o [1]
HAL_SD_GetStatus        0x08004ec9    0x26  Code  Gb  stm32f4xx_hal_sd.o [1]
HAL_SD_Get_CardInfo     0x08004aa1   0x35e  Code  Gb  stm32f4xx_hal_sd.o [1]
HAL_SD_IRQHandler       0x080049e7    0xb6  Code  Gb  stm32f4xx_hal_sd.o [1]
HAL_SD_Init             0x08004469    0xb6  Code  Gb  stm32f4xx_hal_sd.o [1]
HAL_SD_MspInit          0x080059eb    0x78  Code  Gb  stm32f4xx_hal_msp.o [1]
HAL_SD_ReadBlocks       0x0800451f   0x212  Code  Gb  stm32f4xx_hal_sd.o [1]
HAL_SD_StopTransfer     0x08004e91    0x38  Code  Gb  stm32f4xx_hal_sd.o [1]
HAL_SD_WideBusOperation_Config
                        0x08004dff    0x92  Code  Gb  stm32f4xx_hal_sd.o [1]
HAL_SD_WriteBlocks      0x08004731   0x2b6  Code  Gb  stm32f4xx_hal_sd.o [1]
HAL_SD_XferCpltCallback
                        0x08004a9d     0x2  Code  Wk  stm32f4xx_hal_sd.o [1]
HAL_SD_XferErrorCallback
                        0x08004a9f     0x2  Code  Wk  stm32f4xx_hal_sd.o [1]
HAL_SYSTICK_CLKSourceConfig
                        0x08005dc1    0x20  Code  Gb  stm32f4xx_hal_cortex.o [1]
HAL_SYSTICK_Config      0x08005db5     0xc  Code  Gb  stm32f4xx_hal_cortex.o [1]
HAL_TIMEx_BreakCallback
                        0x08006d4f     0x2  Code  Wk  stm32f4xx_hal_tim_ex.o [1]
HAL_TIMEx_CommutationCallback
                        0x08006d4d     0x2  Code  Wk  stm32f4xx_hal_tim_ex.o [1]
HAL_TIM_Base_Init       0x08006a65    0x38  Code  Gb  stm32f4xx_hal_tim.o [1]
HAL_TIM_Base_MspInit    0x08006a9d     0x2  Code  Wk  stm32f4xx_hal_tim.o [1]
HAL_TIM_Base_Start_IT   0x08006a9f    0x1e  Code  Gb  stm32f4xx_hal_tim.o [1]
HAL_TIM_IC_CaptureCallback
                        0x08006c35     0x2  Code  Wk  stm32f4xx_hal_tim.o [1]
HAL_TIM_IRQHandler      0x08006abd   0x176  Code  Gb  stm32f4xx_hal_tim.o [1]
HAL_TIM_OC_DelayElapsedCallback
                        0x08006c33     0x2  Code  Wk  stm32f4xx_hal_tim.o [1]
HAL_TIM_PWM_PulseFinishedCallback
                        0x08006c37     0x2  Code  Wk  stm32f4xx_hal_tim.o [1]
HAL_TIM_PeriodElapsedCallback
                        0x0800640d     0xa  Code  Gb  stm32f4xx_hal_timebase_TIM.o [1]
HAL_TIM_TriggerCallback
                        0x08006c39     0x2  Code  Wk  stm32f4xx_hal_tim.o [1]
HAL_UART_ErrorCallback  0x0800bdc9     0x2  Code  Wk  stm32f4xx_hal_uart.o [1]
HAL_UART_IRQHandler     0x0800bc55   0x16e  Code  Gb  stm32f4xx_hal_uart.o [1]
HAL_UART_Init           0x0800ba11    0x76  Code  Gb  stm32f4xx_hal_uart.o [1]
HAL_UART_MspInit        0x08005a63    0xa8  Code  Gb  stm32f4xx_hal_msp.o [1]
HAL_UART_Receive_IT     0x0800bb55    0x70  Code  Gb  stm32f4xx_hal_uart.o [1]
HAL_UART_RxCpltCallback
                        0x0800bdc7     0x2  Code  Wk  stm32f4xx_hal_uart.o [1]
HAL_UART_Transmit       0x0800ba87    0xce  Code  Gb  stm32f4xx_hal_uart.o [1]
HAL_UART_Transmit_DMA   0x0800bbc5    0x90  Code  Gb  stm32f4xx_hal_uart.o [1]
HAL_UART_TxCpltCallback
                        0x0800bdc3     0x2  Code  Wk  stm32f4xx_hal_uart.o [1]
HAL_UART_TxHalfCpltCallback
                        0x0800bdc5     0x2  Code  Wk  stm32f4xx_hal_uart.o [1]
HAL_WWDG_Init           0x0800dfb9    0x4c  Code  Gb  stm32f4xx_hal_wwdg.o [1]
HAL_WWDG_MspInit        0x08005b0b    0x2a  Code  Gb  stm32f4xx_hal_msp.o [1]
HAL_eps_uart_rx         0x08009d89    0x30  Code  Gb  obc_hal.o [1]
HAL_eps_uart_tx         0x08009d65    0x24  Code  Gb  obc_hal.o [1]
HAL_obc_BKPSRAM_BASE    0x08009f57     0x4  Code  Gb  obc_hal.o [1]
HAL_obc_SD_OFF          0x08009d55    0x10  Code  Gb  obc_hal.o [1]
HAL_obc_SD_ON           0x08009d45    0x10  Code  Gb  obc_hal.o [1]
HAL_obc_delay           0x08009d39     0xc  Code  Gb  obc_hal.o [1]
HAL_obc_enableBkUpAccess
                        0x08009f33    0x24  Code  Gb  obc_hal.o [1]
HAL_obc_getTime         0x08009f09    0x2a  Code  Gb  obc_hal.o [1]
HAL_obc_setTime         0x08009edd    0x2c  Code  Gb  obc_hal.o [1]
HAL_reset_source        0x08009e5b    0x82  Code  Gb  obc_hal.o [1]
HEAP$$Base              0x20000510           --   Gb  - Linker created -
HEAP$$Limit             0x20000710           --   Gb  - Linker created -
HLDLC_deframe           0x0800a65d   0x108  Code  Gb  hldlc.o [1]
HLDLC_frame             0x0800a765    0xa4  Code  Gb  hldlc.o [1]
LD_status               0x200079b0    0x1c  Data  Gb  large_data_service.o [1]
LoadInt                 0x0800aef7    0x6e  Code  Lc  xprintffull.o [3]
MS_data                 0x20007428   0x248  Data  Gb  mass_storage_service.o [1]
MX_DMA_Init             0x0800d981    0x36  Code  Lc  main.o [1]
MX_FATFS_Init           0x080027ed    0x10  Code  Gb  fatfs.o [1]
MX_GPIO_Init            0x0800d9b7   0x250  Code  Lc  main.o [1]
MX_IWDG_Init            0x0800d7ff    0x28  Code  Lc  main.o [1]
MX_RTC_Init             0x0800d827    0xa0  Code  Lc  main.o [1]
MX_SDIO_SD_Init         0x0800d8c7    0x3c  Code  Lc  main.o [1]
MX_USART2_UART_Init     0x0800d903    0x50  Code  Lc  main.o [1]
MX_WWDG_Init            0x0800d953    0x2e  Code  Lc  main.o [1]
NVIC_EnableIRQ          0x08005ccd    0x14  Code  Lc  stm32f4xx_hal_cortex.o [1]
NVIC_EncodePriority     0x08005d07    0x3e  Code  Lc  stm32f4xx_hal_cortex.o [1]
NVIC_GetPriorityGrouping
                        0x08005cc3     0xa  Code  Lc  stm32f4xx_hal_cortex.o [1]
NVIC_SetPriority        0x08005ce1    0x26  Code  Lc  stm32f4xx_hal_cortex.o [1]
NVIC_SetPriorityGrouping
                        0x08005ca5    0x1e  Code  Lc  stm32f4xx_hal_cortex.o [1]
PendSV_Handler          0x080043c1          Code  Gb  portasm.o [1]
RTC_Bcd2ToByte          0x0800c747    0x1c  Code  Gb  stm32f4xx_hal_rtc.o [1]
RTC_ByteToBcd2          0x0800c731    0x16  Code  Gb  stm32f4xx_hal_rtc.o [1]
RTC_EnterInitMode       0x0800c6f9    0x38  Code  Gb  stm32f4xx_hal_rtc.o [1]
Region$$Table$$Base     0x0800f0f4           --   Gb  - Linker created -
Region$$Table$$Limit    0x0800f114           --   Gb  - Linker created -
SDCardInfo              0x20007860    0x58  Data  Gb  main.o [1]
SDIO_DataConfig         0x08005bfd    0x2e  Code  Gb  stm32f4xx_ll_sdmmc.o [1]
SDIO_GetCommandResponse
                        0x08005be1     0x6  Code  Gb  stm32f4xx_ll_sdmmc.o [1]
SDIO_GetPowerState      0x08005baf     0x8  Code  Gb  stm32f4xx_ll_sdmmc.o [1]
SDIO_GetResponse        0x08005be7    0x16  Code  Gb  stm32f4xx_ll_sdmmc.o [1]
SDIO_IRQHandler         0x0800e8fd     0xa  Code  Gb  stm32f4xx_it.o [1]
SDIO_Init               0x08005b65    0x2e  Code  Gb  stm32f4xx_ll_sdmmc.o [1]
SDIO_PowerState_ON      0x08005ba5     0xa  Code  Gb  stm32f4xx_ll_sdmmc.o [1]
SDIO_ReadFIFO           0x08005b93     0x6  Code  Gb  stm32f4xx_ll_sdmmc.o [1]
SDIO_SendCommand        0x08005bb7    0x2a  Code  Gb  stm32f4xx_ll_sdmmc.o [1]
SDIO_WriteFIFO          0x08005b99     0xc  Code  Gb  stm32f4xx_ll_sdmmc.o [1]
SD_CmdError             0x0800523b    0x4a  Code  Lc  stm32f4xx_hal_sd.o [1]
SD_CmdResp1Error        0x080052f9   0x114  Code  Lc  stm32f4xx_hal_sd.o [1]
SD_CmdResp2Error        0x08005445    0x46  Code  Lc  stm32f4xx_hal_sd.o [1]
SD_CmdResp3Error        0x08005415    0x30  Code  Lc  stm32f4xx_hal_sd.o [1]
SD_CmdResp6Error        0x0800548b    0xa4  Code  Lc  stm32f4xx_hal_sd.o [1]
SD_CmdResp7Error        0x08005285    0x74  Code  Lc  stm32f4xx_hal_sd.o [1]
SD_Driver               0x0800f5cc    0x14  Data  Gb  sd_diskio.o [1]
SD_FindSCR              0x0800568f   0x190  Code  Lc  stm32f4xx_hal_sd.o [1]
SD_GetState             0x08004eef    0x24  Code  Lc  stm32f4xx_hal_sd.o [1]
SD_Initialize_Cards     0x08004f13   0x118  Code  Lc  stm32f4xx_hal_sd.o [1]
SD_IsCardProgramming    0x0800581f   0x16a  Code  Lc  stm32f4xx_hal_sd.o [1]
SD_Path                 0x20007a8c     0x4  Data  Gb  fatfs.o [1]
SD_PowerON              0x08005065   0x176  Code  Lc  stm32f4xx_hal_sd.o [1]
SD_Select_Deselect      0x0800502b    0x3a  Code  Lc  stm32f4xx_hal_sd.o [1]
SD_SendStatus           0x080051dd    0x5e  Code  Lc  stm32f4xx_hal_sd.o [1]
SD_WideBus_Disable      0x080055df    0xb0  Code  Lc  stm32f4xx_hal_sd.o [1]
SD_WideBus_Enable       0x0800552f    0xb0  Code  Lc  stm32f4xx_hal_sd.o [1]
SD_initialize           0x0800e415    0x24  Code  Gb  sd_diskio.o [1]
SD_ioctl                0x0800e4c9    0x6a  Code  Gb  sd_diskio.o [1]
SD_read                 0x0800e45d    0x36  Code  Gb  sd_diskio.o [1]
SD_status               0x0800e439    0x24  Code  Gb  sd_diskio.o [1]
SD_write                0x0800e493    0x36  Code  Gb  sd_diskio.o [1]
SVC_Handler             0x08004419          Code  Gb  portasm.o [1]
StartDefaultTask        0x0800dc07   0x106  Code  Gb  main.o [1]
StartTask02             0x0800dd8d     0xa  Code  Gb  main.o [1]
Stat                    0x2000010c     0x1  Data  Lc  sd_diskio.o [1]
SysTick_Config          0x08005d45    0x30  Code  Lc  stm32f4xx_hal_cortex.o [1]
SysTick_Handler         0x0800e8d1     0x8  Code  Gb  stm32f4xx_it.o [1]
SystemClock_Config      0x0800d733    0xcc  Code  Gb  main.o [1]
SystemCoreClock         0x20000004     0x4  Data  Gb  system_stm32f4xx.o [1]
SystemInit              0x0800e715    0x4c  Code  Gb  system_stm32f4xx.o [1]
TIM1_UP_TIM10_IRQHandler
                        0x0800e8e3     0xa  Code  Gb  stm32f4xx_it.o [1]
TIM_Base_SetConfig      0x08006c3b    0xe6  Code  Gb  stm32f4xx_hal_tim.o [1]
UART_DMAError           0x0800be11    0x2a  Code  Lc  stm32f4xx_hal_uart.o [1]
UART_DMATransmitCplt    0x0800bdcd    0x34  Code  Lc  stm32f4xx_hal_uart.o [1]
UART_DMATxHalfCplt      0x0800be01     0xe  Code  Lc  stm32f4xx_hal_uart.o [1]
UART_EndTransmit_IT     0x0800bf97    0x20  Code  Lc  stm32f4xx_hal_uart.o [1]
UART_OBC_Receive_IT     0x08009de7    0x74  Code  Gb  obc_hal.o [1]
UART_Receive_IT         0x0800bfb7    0xac  Code  Lc  stm32f4xx_hal_uart.o [1]
UART_SetConfig          0x0800c063   0x312  Code  Lc  stm32f4xx_hal_uart.o [1]
UART_Transmit_IT        0x0800bf29    0x6e  Code  Lc  stm32f4xx_hal_uart.o [1]
UART_WaitOnFlagUntilTimeout
                        0x0800be3b    0xee  Code  Lc  stm32f4xx_hal_uart.o [1]
USART2_IRQHandler       0x0800e8ed    0x10  Code  Gb  stm32f4xx_it.o [1]
_EncodingSb_Mbtowc      0x0800d57b    0x30  Code  Gb  xencoding_sb.o [3]
_EncodingSb_Wctomb      0x0800d561    0x1a  Code  Gb  xencoding_sb.o [3]
_GenldFull              0x0800b77b   0x24c  Code  Lc  xprintffull.o [3]
_IsdstStr               0x2000009c     0x4  Data  Gb  setlocale.o [3]
_LdtobFull              0x0800b379   0x3fc  Code  Lc  xprintffull.o [3]
_LitobFull              0x0800b271   0x106  Code  Lc  xprintffull.o [3]
_LocaleC_isspace        0x0800d535    0x14  Code  Gb  xlocale_c.o [3]
_LocaleC_tolower        0x0800d6c5     0xc  Code  Gb  xlocale_c.o [3]
_LocaleEncoding         0x0800d523     0xe  Code  Gb  setlocale.o [3]
_LocaleForCat           0x0800d511    0x12  Code  Gb  setlocale.o [3]
_LocaleReturnString     0x200000bc    0x50  Data  Lc  setlocale.o [3]
_Locale_Profile         0x200000a0    0x1c  Data  Gb  setlocale.o [3]
_Locale_aeabi_lconv     0x2000005c    0x38  Data  Gb  localeconv.o [3]
_Locale_lconv           0x2000000c    0x50  Data  Gb  localeconv.o [3]
_Mbtowc                 0x0800c9cd    0x20  Code  Gb  xmbtowc.o [3]
_PrintfFull             0x0800a8a9   0x638  Code  Gb  xprintffull.o [3]
_PutcharsFull           0x0800b9c7    0x2e  Code  Lc  xprintffull.o [3]
_PutstrFull             0x0800af65   0x306  Code  Lc  xprintffull.o [3]
_SNProut                0x0800266f    0x1a  Code  Gb  xsnprout.o [3]
_SProut                 0x080026eb     0xa  Code  Gb  xsprout.o [3]
_TzoneStr               0x20000098     0x4  Data  Gb  setlocale.o [3]
_Wctomb                 0x0800cb51    0x1a  Code  Gb  xwctomb.o [3]
__aeabi_cdcmple         0x0800cd1d          Code  Gb  DblCmpLe.o [4]
__aeabi_cdrcmple        0x0800cd4d          Code  Gb  DblCmpGe.o [4]
__aeabi_d2iz            0x0800ce91          Code  Gb  DblToI32.o [4]
__aeabi_d2uiz           0x0800cebd          Code  Gb  DblToI32.o [4]
__aeabi_ddiv            0x0800d23d          Code  Gb  DblDiv.o [4]
__aeabi_dmul            0x0800d099          Code  Gb  DblMul.o [4]
__aeabi_dsub            0x0800cf19          Code  Gb  DblSub.o [4]
__aeabi_errno_addr      0x0800c9c1     0x6  Code  Gb  errno.o [3]
__aeabi_i2d             0x0800cee9          Code  Gb  I32ToDbl.o [4]
__aeabi_ldiv0           0x0800d5ed          Code  Gb  I64DivZer.o [5]
__aeabi_memset          0x080042e1          Code  Gb  ABImemset.o [5]
__aeabi_ui2d            0x0800cefd          Code  Gb  I32ToDbl.o [4]
__aeabi_uldivmod        0x0800cbed          Code  Gb  I64DivMod.o [5]
__cmain                 0x0800f2d5          Code  Gb  cmain.o [5]
__data_Aldata           0x20007a84     0x8  Data  Gb  xxmemxmalloc.o [3]
__data_GetMemChunk      0x0800d5c1    0x2c  Code  Gb  xgetmemchunk.o [3]
__exit                  0x0800f305    0x14  Code  Gb  exit.o [6]
__iar_Dnorm             0x0800ccdb    0x42  Code  Gb  xdnorm.o [4]
__iar_Dscale            0x0800cd7d   0x114  Code  Gb  xdscale.o [4]
__iar_Errno             0x20000094     0x4  Data  Gb  errno.o [3]
__iar_Locale_lconv_init
                        0x0800d495    0x3a  Code  Gb  localeconv.o [3]
__iar_Mbcurmax          0x0800ca95     0xa  Code  Gb  xmbcurmax.o [3]
__iar_Memchr            0x0800ca3d          Code  Gb  memchr.o [5]
__iar_Memset            0x080042e1          Code  Gb  ABImemset.o [5]
__iar_Memset_word       0x080042e9          Code  Gb  ABImemset.o [5]
__iar_Stolx             0x0800a821    0x88  Code  Gb  xstol.o [3]
__iar_Stoulx            0x0800c82d   0x13e  Code  Gb  xstoul.o [3]
__iar_Strchr            0x0800c9ed          Code  Gb  strchr.o [5]
__iar_d2uiz             0x0800cec9          Code  Gb  DblToI32.o [4]
__iar_dadd              0x0800d5f1          Code  Gb  DblAdd.o [4]
__iar_data_init3        0x0800eed5    0x28  Code  Gb  data_init.o [5]
__iar_dlib_perthread_access
                        0x0800d55d     0x2  Code  Gb  xtls.o [3]
__iar_dsub              0x0800cf2d          Code  Gb  DblSub.o [4]
__iar_dsubStart         0x0800cf3f          Code  Gb  DblSub.o [4]
__iar_init_vfp          0x0800f0d1          Code  Gb  fpinit_M.o [4]
__iar_packbits_init_single3
                        0x0800ea85    0x38  Code  Gb  packbits_init_single.o [5]
__iar_program_start     0x0800f7ad          Code  Gb  cstartup_M.o [5]
__iar_ui2d              0x0800cf01          Code  Gb  I32ToDbl.o [4]
__iar_unaligned___aeabi_memcpy
                        0x08004349          Code  Gb  ABImemcpy_unaligned.o [5]
__iar_unaligned___aeabi_memcpy4
                        0x08004369          Code  Gb  ABImemcpy_unaligned.o [5]
__iar_unaligned___aeabi_memcpy8
                        0x08004369          Code  Gb  ABImemcpy_unaligned.o [5]
__iar_unaligned_strncpy
                        0x08009c35          Code  Gb  strncpy_unaligned.o [5]
__iar_zero_init3        0x0800e959    0x40  Code  Gb  zero_init3.o [5]
__low_level_init        0x0800f2ef     0x4  Code  Gb  low_level_init.o [3]
__vector_table          0x08000000          Data  Gb  startup_stm32f407xx.o [1]
_call_main              0x0800f2e1          Code  Gb  cmain.o [5]
_exit                   0x0800f2f9          Code  Gb  cexit.o [5]
_main                   0x0800f2eb          Code  Gb  cmain.o [5]
bkup_sram_INIT          0x08008999    0x34  Code  Gb  service_utilities.o [1]
checkSum                0x08008169    0x76  Code  Gb  service_utilities.o [1]
check_fs                0x08000f83    0x82  Code  Lc  ff.o [1]
chk_chr                 0x080001df    0x14  Code  Lc  ff.o [1]
clear_wod               0x0800a239    0x2c  Code  Gb  housekeeping_service.o [1]
clmt_clust              0x080007fb    0x3e  Code  Lc  ff.o [1]
clust2sect              0x080003c5    0x20  Code  Gb  ff.o [1]
cnv16_8                 0x08008119    0x16  Code  Gb  service_utilities.o [1]
cnv32_8                 0x080080f9    0x20  Code  Gb  service_utilities.o [1]
cnv8_16                 0x08008151    0x18  Code  Gb  service_utilities.o [1]
cnv8_32                 0x0800812f    0x22  Code  Gb  service_utilities.o [1]
create_chain            0x080006fd    0xfe  Code  Lc  ff.o [1]
create_name             0x08000d69   0x12e  Code  Lc  ff.o [1]
crt_pkt                 0x080088c3    0xd6  Code  Gb  service_utilities.o [1]
defaultTaskHandle       0x20007aa4     0x4  Data  Gb  main.o [1]
digits                  0x0800c970    0x28  Data  Lc  xstoul.o [3]
dir_alloc               0x08000a8d    0x6e  Code  Lc  ff.o [1]
dir_find                0x08000b3d    0x70  Code  Lc  ff.o [1]
dir_next                0x08000915   0x178  Code  Lc  ff.o [1]
dir_read                0x08000bad    0xa2  Code  Lc  ff.o [1]
dir_register            0x08000c4f    0x52  Code  Lc  ff.o [1]
dir_remove              0x08000ca1    0x4e  Code  Lc  ff.o [1]
dir_sdi                 0x08000839    0xdc  Code  Lc  ff.o [1]
disk                    0x20007a68     0xc  Data  Gb  ff_gen_drv.o [1]
disk_initialize         0x08002717    0x36  Code  Gb  diskio.o [1]
disk_ioctl              0x080027bd    0x2c  Code  Gb  diskio.o [1]
disk_read               0x0800274d    0x38  Code  Gb  diskio.o [1]
disk_status             0x080026f5    0x22  Code  Gb  diskio.o [1]
disk_write              0x08002785    0x38  Code  Gb  diskio.o [1]
div                     0x0800d501     0xe  Code  Gb  div.o [3]
event_log               0x08008a09    0xe6  Code  Gb  service_utilities.o [1]
event_log_load          0x08008aef    0x36  Code  Gb  service_utilities.o [1]
exit                    0x0800f2f3     0x4  Code  Gb  exit.o [3]
export_eps_pkt          0x08008355    0x92  Code  Gb  service_utilities.o [1]
f_close                 0x08001deb    0x38  Code  Gb  ff.o [1]
f_closedir              0x08002317    0x2a  Code  Gb  ff.o [1]
f_lseek                 0x08001e23   0x450  Code  Gb  ff.o [1]
f_mount                 0x080014b3    0x94  Code  Gb  ff.o [1]
f_open                  0x08001565   0x1c6  Code  Gb  ff.o [1]
f_opendir               0x08002273    0xa4  Code  Gb  ff.o [1]
f_read                  0x0800172b   0x2ba  Code  Gb  ff.o [1]
f_readdir               0x08002341    0x82  Code  Gb  ff.o [1]
f_rename                0x0800250f   0x160  Code  Gb  ff.o [1]
f_stat                  0x080023c3    0x5a  Code  Gb  ff.o [1]
f_sync                  0x08001cf9    0xf2  Code  Gb  ff.o [1]
f_unlink                0x0800241d    0xf2  Code  Gb  ff.o [1]
f_write                 0x080019e5   0x314  Code  Gb  ff.o [1]
ff_cre_syncobj          0x08002689    0x28  Code  Gb  syscall.o [1]
ff_del_syncobj          0x080026b5     0xe  Code  Gb  syscall.o [1]
ff_rel_grant            0x080026df     0xc  Code  Gb  syscall.o [1]
ff_req_grant            0x080026c3    0x1c  Code  Gb  syscall.o [1]
find_volume             0x08001005   0x458  Code  Lc  ff.o [1]
follow_path             0x08000e97    0x9c  Code  Lc  ff.o [1]
free                    0x0800cb6d    0x7a  Code  Gb  xxmemxfree.o [3]
free_pkt                0x0800a167    0x4e  Code  Gb  pkt_pool.o [1]
function_management_app
                        0x0800a48d    0xe0  Code  Gb  function_management_service.o [1]
get_fat                 0x080003e5   0x11c  Code  Gb  ff.o [1]
get_fattime             0x08002809     0x4  Code  Gb  fatfs.o [1]
get_fileinfo            0x08000cef    0x7a  Code  Lc  ff.o [1]
get_ldnumber            0x08000f33    0x50  Code  Lc  ff.o [1]
get_new_fileId          0x080089cd    0x2a  Code  Gb  service_utilities.o [1]
get_pkt                 0x0800a111    0x56  Code  Gb  pkt_pool.o [1]
hdma_usart2_tx          0x200078b8    0x58  Data  Gb  main.o [1]
hiwdg                   0x20007a58    0x10  Data  Gb  main.o [1]
hkHandle                0x20007aa8     0x4  Data  Gb  main.o [1]
hk_SCH                  0x0800a1f9    0x40  Code  Gb  housekeeping_service.o [1]
hk_app                  0x0800a265    0xe8  Code  Gb  housekeeping_service.o [1]
hk_crt_empty_pkt_TM     0x0800a34d    0x3e  Code  Gb  housekeeping_service.o [1]
hk_crt_pkt_TC           0x0800a38b    0x50  Code  Gb  housekeeping_service.o [1]
hk_crt_pkt_TM           0x0800a3db    0x90  Code  Gb  housekeeping_service.o [1]
hk_pkt                  0x200079cc    0x14  Data  Gb  housekeeping_service.o [1]
hrtc                    0x20007990    0x20  Data  Gb  main.o [1]
hsd                     0x200077c4    0x60  Data  Gb  main.o [1]
htim1                   0x20007824    0x3c  Data  Gb  stm32f4xx_hal_timebase_TIM.o [1]
huart2                  0x20007910    0x40  Data  Gb  main.o [1]
hwwdg                   0x200079e0    0x14  Data  Gb  main.o [1]
import_eps_pkt          0x080083e7    0x88  Code  Gb  service_utilities.o [1]
inHandlerMode           0x0800281f    0x12  Code  Lc  cmsis_os.o [1]
isspace                 0x0800c819    0x14  Code  Gb  isxxx.o [3]
large_data_abortPkt     0x08009b83    0x5a  Code  Gb  large_data_service.o [1]
large_data_abort_api    0x08009bdd    0x1e  Code  Gb  large_data_service.o [1]
large_data_app          0x08008b9d    0xac  Code  Gb  large_data_service.o [1]
large_data_downlinkPkt  0x08009acd    0x5a  Code  Gb  large_data_service.o [1]
large_data_downlinkTx_api
                        0x080095b3   0x1c4  Code  Gb  large_data_service.o [1]
large_data_firstRx_api  0x08008c49   0x1b8  Code  Gb  large_data_service.o [1]
large_data_intRx_api    0x08008e01   0x1ae  Code  Gb  large_data_service.o [1]
large_data_intTx_api    0x08009799   0x1c4  Code  Gb  large_data_service.o [1]
large_data_lastRx_api   0x08008faf   0x1ba  Code  Gb  large_data_service.o [1]
large_data_reportTx_api
                        0x08009449   0x16a  Code  Gb  large_data_service.o [1]
large_data_retryRx_api  0x08009169   0x1ae  Code  Gb  large_data_service.o [1]
large_data_retryTx_api  0x08009975   0x14c  Code  Gb  large_data_service.o [1]
large_data_standaloneRx_api
                        0x08009317   0x132  Code  Gb  large_data_service.o [1]
large_data_updatePkt    0x08009ac1     0xc  Code  Gb  large_data_service.o [1]
large_data_verifyPkt    0x08009b27    0x5c  Code  Gb  large_data_service.o [1]
ld_clust                0x08000afb    0x2a  Code  Lc  ff.o [1]
localeconv              0x0800d4cf    0x16  Code  Gb  localeconv.o [3]
lock_fs                 0x080001f3     0xe  Code  Lc  ff.o [1]
main                    0x0800d6d1    0x62  Code  Gb  main.o [1]
makeFreeRtosPriority    0x0800280d    0x12  Code  Lc  cmsis_os.o [1]
malloc                  0x0800caa1    0xac  Code  Gb  xxmemxmalloc.o [3]
mass_storage_app        0x08006d51    0xe4  Code  Gb  mass_storage_service.o [1]
mass_storage_delete_api
                        0x08006e35   0x15c  Code  Gb  mass_storage_service.o [1]
mass_storage_downlinkLargeFile
                        0x080072af   0x124  Code  Gb  mass_storage_service.o [1]
mass_storage_downlinkLogs
                        0x08007059   0x256  Code  Gb  mass_storage_service.o [1]
mass_storage_downlink_api
                        0x08006f91    0xc8  Code  Gb  mass_storage_service.o [1]
mass_storage_findLog    0x08007d4f   0x146  Code  Gb  mass_storage_service.o [1]
mass_storage_getFileName
                        0x08007fd9    0x18  Code  Gb  mass_storage_service.o [1]
mass_storage_getFileSizeCount
                        0x08007ea1    0xfe  Code  Gb  mass_storage_service.o [1]
mass_storage_getLog     0x08007cc9    0x86  Code  Gb  mass_storage_service.o [1]
mass_storage_init       0x08007f9f    0x2a  Code  Gb  mass_storage_service.o [1]
mass_storage_report_api
                        0x080078e9   0x1cc  Code  Gb  mass_storage_service.o [1]
mass_storage_storeLargeFile
                        0x08007487   0x356  Code  Gb  mass_storage_service.o [1]
mass_storage_storeLogs  0x080077dd    0xec  Code  Gb  mass_storage_service.o [1]
mass_storage_store_api  0x080073d3    0xb4  Code  Gb  mass_storage_service.o [1]
mass_storage_su_checksum_api
                        0x08007add   0x1e8  Code  Gb  mass_storage_service.o [1]
mem_cmp                 0x080001bb    0x24  Code  Lc  ff.o [1]
mem_cpy                 0x08000189    0x1c  Code  Lc  ff.o [1]
mem_set                 0x080001a5    0x16  Code  Lc  ff.o [1]
memchr                  0x0800ca3d          Code  Gb  memchr.o [5]
move_window             0x08000295    0x44  Code  Lc  ff.o [1]
ndigs                   0x0800c998    0x28  Data  Lc  xstoul.o [3]
obc_data                0x20006e08   0x620  Data  Gb  services.o [1]
osDelay                 0x08002875    0x1c  Code  Gb  cmsis_os.o [1]
osKernelStart           0x08002831     0xa  Code  Gb  cmsis_os.o [1]
osSemaphoreCreate       0x08002891    0x2e  Code  Gb  cmsis_os.o [1]
osSemaphoreDelete       0x08002999    0x1a  Code  Gb  cmsis_os.o [1]
osSemaphoreRelease      0x08002945    0x54  Code  Gb  cmsis_os.o [1]
osSemaphoreWait         0x080028bf    0x86  Code  Gb  cmsis_os.o [1]
osSystickHandler        0x080029b3    0x10  Code  Gb  cmsis_os.o [1]
osThreadCreate          0x0800283b    0x3a  Code  Gb  cmsis_os.o [1]
pack_pkt                0x08008745   0x17e  Code  Gb  service_utilities.o [1]
pcInterruptPriorityRegisters
                        0x0800f808     0x4  Data  Lc  port.o [1]
pkt_pool                0x20004310  0x2af8  Data  Gb  pkt_pool.o [1]
pkt_pool_INIT           0x0800a1b5    0x38  Code  Gb  pkt_pool.o [1]
power_control_api       0x0800c77d    0x9c  Code  Gb  power_ctrl.o [1]
prvAddCurrentTaskToDelayedList
                        0x08003287    0x4e  Code  Lc  tasks.o [1]
prvAllocateTCBAndStack  0x080032dd    0x5a  Code  Lc  tasks.o [1]
prvCheckTasksWaitingTermination
                        0x08003221    0x66  Code  Lc  tasks.o [1]
prvCopyDataFromQueue    0x08003c5f    0x30  Code  Lc  queue.o [1]
prvCopyDataToQueue      0x08003bc7    0x98  Code  Lc  queue.o [1]
prvDeleteTCB            0x08003337    0x12  Code  Lc  tasks.o [1]
prvHeapInit             0x080041f1    0x6e  Code  Lc  heap_4.o [1]
prvIdleTask             0x0800312d    0x26  Code  Lc  tasks.o [1]
prvInitialiseTCBVariables
                        0x08003153    0x6c  Code  Lc  tasks.o [1]
prvInitialiseTaskLists  0x080031bf    0x58  Code  Lc  tasks.o [1]
prvInsertBlockIntoFreeList
                        0x0800425f    0x62  Code  Lc  heap_4.o [1]
prvIsQueueEmpty         0x08003cf9    0x20  Code  Lc  queue.o [1]
prvIsQueueFull          0x08003d19    0x22  Code  Lc  queue.o [1]
prvResetNextTaskUnblockTime
                        0x08003349    0x2a  Code  Lc  tasks.o [1]
prvTaskExitError        0x08003d8d    0x2a  Code  Lc  port.o [1]
prvUnlockQueue          0x08003c8f    0x6a  Code  Lc  queue.o [1]
put_fat                 0x08000501   0x178  Code  Gb  ff.o [1]
pvPortMalloc            0x08004061   0x118  Code  Gb  heap_4.o [1]
pvTaskIncrementMutexHeldCount
                        0x08003509    0x1e  Code  Gb  tasks.o [1]
pxCurrentTCB            0x20007ab4     0x4  Data  Gb  tasks.o [1]
pxDelayedTaskList       0x20007ab8     0x4  Data  Lc  tasks.o [1]
pxEnd                   0x20007a94     0x4  Data  Lc  heap_4.o [1]
pxOverflowDelayedTaskList
                        0x20007abc     0x4  Data  Lc  tasks.o [1]
pxPortInitialiseStack   0x08003d69    0x24  Code  Gb  port.o [1]
pxReadyTasksLists       0x20007738    0x8c  Data  Lc  tasks.o [1]
remove_chain            0x08000679    0x84  Code  Lc  ff.o [1]
retSD                   0x20007aee     0x1  Data  Gb  fatfs.o [1]
route_pkt               0x080081df   0x176  Code  Gb  service_utilities.o [1]
sat_status              0x20007a7c     0x8  Data  Gb  housekeeping_service.o [1]
services_verification_TC_TM
                        0x0800e004   0x410  Data  Gb  services.o [1]
snprintf                0x08009ca9    0x44  Code  Gb  snprintf.o [3]
sprintf                 0x08009d05    0x34  Code  Gb  sprintf.o [3]
st_clust                0x08000b25    0x18  Code  Lc  ff.o [1]
strchr                  0x0800c9ed          Code  Gb  strchr.o [5]
strlen                  0x0800ca05          Code  Gb  strlen.o [5]
strnlen                 0x08009ced    0x16  Code  Gb  strnlen.o [3]
strtol                  0x08009ca1     0x6  Code  Gb  strtol.o [3]
sync_fs                 0x080002d9    0xec  Code  Lc  ff.o [1]
sync_window             0x0800022d    0x68  Code  Lc  ff.o [1]
test_app                0x0800a57d    0x7a  Code  Gb  test_service.o [1]
test_crt_pkt            0x0800a5f7    0x50  Code  Gb  test_service.o [1]
time_now                0x08008059     0x4  Code  Gb  services.o [1]
tolower                 0x0800d549    0x14  Code  Gb  tolower.o [3]
tst_debugging           0x0800805d    0x8c  Code  Gb  services.o [1]
uart_temp               0x20007670    0xc8  Data  Gb  services.o [1]
ucHeap                  0x20000710  0x3c00  Data  Lc  heap_4.o [1]
ucMaxSysCallPriority    0x20007aef     0x1  Data  Lc  port.o [1]
ulMaxPRIGROUPValue      0x20007aac     0x4  Data  Lc  port.o [1]
unlock_fs               0x08000201    0x2c  Code  Lc  ff.o [1]
unpack_pkt              0x0800846f   0x2d6  Code  Gb  service_utilities.o [1]
update_boot_counter     0x080089f7    0x12  Code  Gb  service_utilities.o [1]
uwTick                  0x20007ab0     0x4  Data  Gb  stm32f4xx_hal.o [1]
uxCriticalNesting       0x20000000     0x4  Data  Lc  port.o [1]
uxCurrentNumberOfTasks  0x20007ac4     0x4  Data  Lc  tasks.o [1]
uxListRemove            0x08004037    0x28  Code  Gb  list.o [1]
uxPendedTicks           0x20007ad4     0x4  Data  Lc  tasks.o [1]
uxSchedulerSuspended    0x20007ae4     0x4  Data  Lc  tasks.o [1]
uxTaskNumber            0x20007ae0     0x4  Data  Lc  tasks.o [1]
uxTasksDeleted          0x20007ac0     0x4  Data  Lc  tasks.o [1]
uxTopReadyPriority      0x20007acc     0x4  Data  Lc  tasks.o [1]
vListInitialise         0x08003fc1    0x1e  Code  Gb  list.o [1]
vListInitialiseItem     0x08003fdf     0x6  Code  Gb  list.o [1]
vListInsert             0x08003ffd    0x3a  Code  Gb  list.o [1]
vListInsertEnd          0x08003fe5    0x18  Code  Gb  list.o [1]
vPortEnableVFP          0x0800444d          Code  Gb  portasm.o [1]
vPortEnterCritical      0x08003e83    0x3a  Code  Gb  port.o [1]
vPortExitCritical       0x08003ebd    0x32  Code  Gb  port.o [1]
vPortFree               0x08004179    0x78  Code  Gb  heap_4.o [1]
vPortSetupTimerInterrupt
                        0x08003f1b    0x1a  Code  Wk  port.o [1]
vPortStartFirstTask     0x08004435          Code  Gb  portasm.o [1]
vPortValidateInterruptPriority
                        0x08003f35    0x4e  Code  Gb  port.o [1]
vQueueDelete            0x08003b9f    0x28  Code  Gb  queue.o [1]
vQueueUnregisterQueue   0x08003d3b    0x24  Code  Gb  queue.o [1]
vTaskDelay              0x08002bbd    0x84  Code  Gb  tasks.o [1]
vTaskMissedYield        0x0800311b     0xa  Code  Gb  tasks.o [1]
vTaskPlaceOnEventList   0x08002f59    0x76  Code  Gb  tasks.o [1]
vTaskPriorityInherit    0x08003399    0xac  Code  Gb  tasks.o [1]
vTaskSetTimeOutState    0x0800306d    0x26  Code  Gb  tasks.o [1]
vTaskStartScheduler     0x08002c41    0x62  Code  Gb  tasks.o [1]
vTaskSuspendAll         0x08002ca3    0x10  Code  Gb  tasks.o [1]
vTaskSwitchContext      0x08002ee7    0x72  Code  Gb  tasks.o [1]
validate                0x0800145d    0x56  Code  Lc  ff.o [1]
verification_app        0x08009f7d    0x9c  Code  Gb  verification_service.o [1]
verification_crt_pkt    0x0800a019    0xe0  Code  Gb  verification_service.o [1]
xBlockAllocatedBit      0x20007aa0     0x4  Data  Lc  heap_4.o [1]
xDelayedTaskList1       0x200079f4    0x14  Data  Lc  tasks.o [1]
xDelayedTaskList2       0x20007a08    0x14  Data  Lc  tasks.o [1]
xFreeBytesRemaining     0x20007a98     0x4  Data  Lc  heap_4.o [1]
xHeapStructSize         0x0800f800     0x4  Data  Lc  heap_4.o [1]
xMinimumEverFreeBytesRemaining
                        0x20007a9c     0x4  Data  Lc  heap_4.o [1]
xNextTaskUnblockTime    0x20000008     0x4  Data  Lc  tasks.o [1]
xNumOfOverflows         0x20007adc     0x4  Data  Lc  tasks.o [1]
xPendingReadyList       0x20007a1c    0x14  Data  Lc  tasks.o [1]
xPortStartScheduler     0x08003db7    0xcc  Code  Gb  port.o [1]
xPortSysTickHandler     0x08003eef    0x2c  Code  Gb  port.o [1]
xQueueGenericCreate     0x08003605    0x82  Code  Gb  queue.o [1]
xQueueGenericReceive    0x08003911   0x1cc  Code  Gb  queue.o [1]
xQueueGenericReset      0x08003575    0x90  Code  Gb  queue.o [1]
xQueueGenericSend       0x08003687   0x1b2  Code  Gb  queue.o [1]
xQueueGiveFromISR       0x08003839    0xd8  Code  Gb  queue.o [1]
xQueueReceiveFromISR    0x08003add    0xc2  Code  Gb  queue.o [1]
xQueueRegistry          0x20007950    0x40  Data  Gb  queue.o [1]
xSchedulerRunning       0x20007ad0     0x4  Data  Lc  tasks.o [1]
xStart                  0x20007a74     0x8  Data  Lc  heap_4.o [1]
xSuspendedTaskList      0x20007a44    0x14  Data  Lc  tasks.o [1]
xTaskCheckForTimeOut    0x08003093    0x88  Code  Gb  tasks.o [1]
xTaskGenericCreate      0x08002a39   0x184  Code  Gb  tasks.o [1]
xTaskGetSchedulerState  0x08003373    0x26  Code  Gb  tasks.o [1]
xTaskIncrementTick      0x08002db3   0x134  Code  Gb  tasks.o [1]
xTaskPriorityDisinherit
                        0x08003449    0xba  Code  Gb  tasks.o [1]
xTaskRemoveFromEventList
                        0x08002fcf    0x84  Code  Gb  tasks.o [1]
xTaskResumeAll          0x08002cb3   0x100  Code  Gb  tasks.o [1]
xTasksWaitingTermination
                        0x20007a30    0x14  Data  Lc  tasks.o [1]
xTickCount              0x20007ac8     0x4  Data  Lc  tasks.o [1]
xYieldPending           0x20007ad8     0x4  Data  Lc  tasks.o [1]


[1] = G:\Users\nanimo\Documents\GitHub\upsat-obc-software\stm_cube\test3\EWARM\test3\Obj
[2] = command line
[3] = dl7M_tlf.a
[4] = m7M_tls.a
[5] = rt7M_tl.a
[6] = shb_l.a

  58 650 bytes of readonly  code memory
   5 209 bytes of readonly  data memory
  31 469 bytes of readwrite data memory

Errors: none
Warnings: none
