Archive member included because of file (symbol)

g:/program files (x86)/atolic/truestudio for arm 5.4.0/armtools/bin/../lib/gcc/arm-atollic-eabi/4.8.3/../../../../arm-atollic-eabi/lib/armv7e-m/fpu\libc.a(lib_a-init.o)
                              Application\TrueSTUDIO\startup_stm32f407xx.o (__libc_init_array)
g:/program files (x86)/atolic/truestudio for arm 5.4.0/armtools/bin/../lib/gcc/arm-atollic-eabi/4.8.3/../../../../arm-atollic-eabi/lib/armv7e-m/fpu\libc.a(lib_a-memcpy-stub.o)
                              Middlewares\FreeRTOS\queue.o (memcpy)
g:/program files (x86)/atolic/truestudio for arm 5.4.0/armtools/bin/../lib/gcc/arm-atollic-eabi/4.8.3/../../../../arm-atollic-eabi/lib/armv7e-m/fpu\libc.a(lib_a-memset.o)
                              Middlewares\FreeRTOS\tasks.o (memset)

Allocating common symbols
Common symbol       size              file

hdma_sdio_rx        0x58              Application\User\main.o
retSD               0x1               Application\User\fatfs.o
defaultTaskHandle   0x4               Application\User\main.o
xQueueRegistry      0x40              Middlewares\FreeRTOS\queue.o
pFlash              0x20              Drivers\STM32F4xx_HAL_Driver\stm32f4xx_hal_flash.o
SDCardInfo          0x58              Application\User\main.o
SD_Path             0x4               Application\User\fatfs.o
hdma_sdio_tx        0x58              Application\User\main.o
hsd                 0x60              Application\User\main.o
huart2              0x40              Application\User\main.o

Discarded input sections

 .text          0x00000000        0x0 g:/program files (x86)/atolic/truestudio for arm 5.4.0/armtools/bin/../lib/gcc/arm-atollic-eabi/4.8.3/armv7e-m/fpu/crti.o
 .data          0x00000000        0x0 g:/program files (x86)/atolic/truestudio for arm 5.4.0/armtools/bin/../lib/gcc/arm-atollic-eabi/4.8.3/armv7e-m/fpu/crti.o
 .bss           0x00000000        0x0 g:/program files (x86)/atolic/truestudio for arm 5.4.0/armtools/bin/../lib/gcc/arm-atollic-eabi/4.8.3/armv7e-m/fpu/crti.o
 .data          0x00000000        0x4 g:/program files (x86)/atolic/truestudio for arm 5.4.0/armtools/bin/../lib/gcc/arm-atollic-eabi/4.8.3/armv7e-m/fpu/crtbegin.o
 .text          0x00000000        0x0 Middlewares\FreeRTOS\timers.o
 .data          0x00000000        0x0 Middlewares\FreeRTOS\timers.o
 .bss           0x00000000        0x0 Middlewares\FreeRTOS\timers.o
 .debug_info    0x00000000       0x72 Middlewares\FreeRTOS\timers.o
 .debug_abbrev  0x00000000       0x26 Middlewares\FreeRTOS\timers.o
 .debug_aranges
                0x00000000       0x18 Middlewares\FreeRTOS\timers.o
 .debug_line    0x00000000       0x1d Middlewares\FreeRTOS\timers.o
 .debug_str     0x00000000      0x1fe Middlewares\FreeRTOS\timers.o
 .comment       0x00000000       0x83 Middlewares\FreeRTOS\timers.o
 .ARM.attributes
                0x00000000       0x39 Middlewares\FreeRTOS\timers.o
 .text          0x00000000        0x0 Middlewares\FreeRTOS\tasks.o
 .data          0x00000000        0x0 Middlewares\FreeRTOS\tasks.o
 .bss           0x00000000        0x0 Middlewares\FreeRTOS\tasks.o
 .text.prvTaskIsTaskSuspended
                0x00000000       0x3c Middlewares\FreeRTOS\tasks.o
 .text.prvListTaskWithinSingleList
                0x00000000       0x88 Middlewares\FreeRTOS\tasks.o
 .text.vTaskDelete
                0x00000000       0xcc Middlewares\FreeRTOS\tasks.o
 .text.uxTaskPriorityGet
                0x00000000       0x1c Middlewares\FreeRTOS\tasks.o
 .text.uxTaskPriorityGetFromISR
                0x00000000       0x30 Middlewares\FreeRTOS\tasks.o
 .text.vTaskPrioritySet
                0x00000000       0xdc Middlewares\FreeRTOS\tasks.o
 .text.vTaskResume
                0x00000000       0x88 Middlewares\FreeRTOS\tasks.o
 .text.xTaskResumeFromISR
                0x00000000       0xa4 Middlewares\FreeRTOS\tasks.o
 .text.vTaskEndScheduler
                0x00000000       0x20 Middlewares\FreeRTOS\tasks.o
 .text.xTaskGetTickCount
                0x00000000        0xc Middlewares\FreeRTOS\tasks.o
 .text.xTaskGetTickCountFromISR
                0x00000000       0x10 Middlewares\FreeRTOS\tasks.o
 .text.uxTaskGetNumberOfTasks
                0x00000000        0xc Middlewares\FreeRTOS\tasks.o
 .text.vTaskDelayUntil
                0x00000000       0xc8 Middlewares\FreeRTOS\tasks.o
 .text.uxTaskGetSystemState
                0x00000000       0x9c Middlewares\FreeRTOS\tasks.o
 .text.vTaskSuspend
                0x00000000       0xd0 Middlewares\FreeRTOS\tasks.o
 .text.vTaskPlaceOnUnorderedEventList
                0x00000000       0x94 Middlewares\FreeRTOS\tasks.o
 .text.xTaskRemoveFromUnorderedEventList
                0x00000000       0x8c Middlewares\FreeRTOS\tasks.o
 .text.uxTaskGetTaskNumber
                0x00000000        0x6 Middlewares\FreeRTOS\tasks.o
 .text.vTaskSetTaskNumber
                0x00000000        0x6 Middlewares\FreeRTOS\tasks.o
 .text.xTaskGetCurrentTaskHandle
[...]
Memory Configuration

Name             Origin             Length             Attributes
FLASH            0x08000000         0x00100000         xr
RAM              0x20000000         0x00020000         xrw
CCMRAM           0x10000000         0x00010000         rw
*default*        0x00000000         0xffffffff

Linker script and memory map

LOAD g:/program files (x86)/atolic/truestudio for arm 5.4.0/armtools/bin/../lib/gcc/arm-atollic-eabi/4.8.3/armv7e-m/fpu/crti.o
LOAD g:/program files (x86)/atolic/truestudio for arm 5.4.0/armtools/bin/../lib/gcc/arm-atollic-eabi/4.8.3/armv7e-m/fpu/crtbegin.o
LOAD Middlewares\FreeRTOS\timers.o
LOAD Middlewares\FreeRTOS\tasks.o
LOAD Middlewares\FreeRTOS\queue.o
LOAD Middlewares\FreeRTOS\port.o
LOAD Middlewares\FreeRTOS\list.o
LOAD Middlewares\FreeRTOS\heap_4.o
LOAD Middlewares\FreeRTOS\event_groups.o
LOAD Middlewares\FreeRTOS\croutine.o
LOAD Middlewares\FreeRTOS\cmsis_os.o
LOAD Middlewares\FatFs\syscall.o
LOAD Middlewares\FatFs\sd_diskio.o
LOAD Middlewares\FatFs\ff_gen_drv.o
LOAD Middlewares\FatFs\ff.o
LOAD Middlewares\FatFs\diskio.o
LOAD Drivers\STM32F4xx_HAL_Driver\stm32f4xx_ll_sdmmc.o
LOAD Drivers\STM32F4xx_HAL_Driver\stm32f4xx_hal_uart.o
LOAD Drivers\STM32F4xx_HAL_Driver\stm32f4xx_hal_sd.o
LOAD Drivers\STM32F4xx_HAL_Driver\stm32f4xx_hal_rcc_ex.o
LOAD Drivers\STM32F4xx_HAL_Driver\stm32f4xx_hal_rcc.o
LOAD Drivers\STM32F4xx_HAL_Driver\stm32f4xx_hal_pwr_ex.o
LOAD Drivers\STM32F4xx_HAL_Driver\stm32f4xx_hal_pwr.o
LOAD Drivers\STM32F4xx_HAL_Driver\stm32f4xx_hal_gpio.o
LOAD Drivers\STM32F4xx_HAL_Driver\stm32f4xx_hal_flash_ramfunc.o
LOAD Drivers\STM32F4xx_HAL_Driver\stm32f4xx_hal_flash_ex.o
LOAD Drivers\STM32F4xx_HAL_Driver\stm32f4xx_hal_flash.o
LOAD Drivers\STM32F4xx_HAL_Driver\stm32f4xx_hal_dma_ex.o
LOAD Drivers\STM32F4xx_HAL_Driver\stm32f4xx_hal_dma.o
LOAD Drivers\STM32F4xx_HAL_Driver\stm32f4xx_hal_cortex.o
LOAD Drivers\STM32F4xx_HAL_Driver\stm32f4xx_hal.o
LOAD Drivers\CMSIS\system_stm32f4xx.o
LOAD Application\User\stm32f4xx_it.o
LOAD Application\User\stm32f4xx_hal_msp.o
LOAD Application\User\main.o
LOAD Application\User\freertos.o
LOAD Application\User\fatfs.o
LOAD Application\User\bsp_driver_sd.o
LOAD Application\TrueSTUDIO\startup_stm32f407xx.o
START GROUP
LOAD g:/program files (x86)/atolic/truestudio for arm 5.4.0/armtools/bin/../lib/gcc/arm-atollic-eabi/4.8.3/../../../../arm-atollic-eabi/lib/armv7e-m/fpu\libc.a
LOAD g:/program files (x86)/atolic/truestudio for arm 5.4.0/armtools/bin/../lib/gcc/arm-atollic-eabi/4.8.3/../../../../arm-atollic-eabi/lib/armv7e-m/fpu\libm.a
END GROUP
                0x00001000                malloc_getpagesize_P = 0x1000
START GROUP
LOAD g:/program files (x86)/atolic/truestudio for arm 5.4.0/armtools/bin/../lib/gcc/arm-atollic-eabi/4.8.3/armv7e-m/fpu\libgcc.a
LOAD g:/program files (x86)/atolic/truestudio for arm 5.4.0/armtools/bin/../lib/gcc/arm-atollic-eabi/4.8.3/../../../../arm-atollic-eabi/lib/armv7e-m/fpu\libc.a
END GROUP
LOAD g:/program files (x86)/atolic/truestudio for arm 5.4.0/armtools/bin/../lib/gcc/arm-atollic-eabi/4.8.3/armv7e-m/fpu/crtend.o
LOAD g:/program files (x86)/atolic/truestudio for arm 5.4.0/armtools/bin/../lib/gcc/arm-atollic-eabi/4.8.3/armv7e-m/fpu/crtn.o
                0x20020000                _estack = 0x20020000
                0x00000000                _Min_Heap_Size = 0x0
                0x00000400                _Min_Stack_Size = 0x400

.isr_vector     0x08000000      0x188
                0x08000000                . = ALIGN (0x4)
 *(.isr_vector)
 .isr_vector    0x08000000      0x188 Application\TrueSTUDIO\startup_stm32f407xx.o
                0x08000000                g_pfnVectors
                0x08000188                . = ALIGN (0x4)

.text           0x08000188     0x528c
                0x08000188                . = ALIGN (0x4)
 *(.text)
 .text          0x08000188       0x40 g:/program files (x86)/atolic/truestudio for arm 5.4.0/armtools/bin/../lib/gcc/arm-atollic-eabi/4.8.3/armv7e-m/fpu/crtbegin.o
 *(.text*)
 .text.prvResetNextTaskUnblockTime
                0x080001c8       0x24 Middlewares\FreeRTOS\tasks.o
 .text.prvAddCurrentTaskToDelayedList
                0x080001ec       0x50 Middlewares\FreeRTOS\tasks.o
 .text.xTaskGenericCreate
                0x0800023c      0x1d0 Middlewares\FreeRTOS\tasks.o
                0x0800023c                xTaskGenericCreate
 .text.vTaskStartScheduler
                0x0800040c       0x6c Middlewares\FreeRTOS\tasks.o
                0x0800040c                vTaskStartScheduler
 .text.vTaskSuspendAll
                0x08000478       0x10 Middlewares\FreeRTOS\tasks.o
                0x08000478                vTaskSuspendAll
 .text.xTaskIncrementTick
                0x08000488      0x118 Middlewares\FreeRTOS\tasks.o
                0x08000488                xTaskIncrementTick
 .text.xTaskResumeAll
                0x080005a0       0xe8 Middlewares\FreeRTOS\tasks.o
                0x080005a0                xTaskResumeAll
 .text.vTaskDelay
                0x08000688       0x80 Middlewares\FreeRTOS\tasks.o
                0x08000688                vTaskDelay
 .text.prvIdleTask
                0x08000708       0x74 Middlewares\FreeRTOS\tasks.o
 .text.vTaskSwitchContext
                0x0800077c       0x6c Middlewares\FreeRTOS\tasks.o
                0x0800077c                vTaskSwitchContext
 .text.vTaskPlaceOnEventList
                0x080007e8       0x70 Middlewares\FreeRTOS\tasks.o
                0x080007e8                vTaskPlaceOnEventList
 .text.xTaskRemoveFromEventList
                0x08000858       0x80 Middlewares\FreeRTOS\tasks.o
                0x08000858                xTaskRemoveFromEventList
 .text.vTaskSetTimeOutState
                0x080008d8       0x2c Middlewares\FreeRTOS\tasks.o
                0x080008d8                vTaskSetTimeOutState
 .text.xTaskCheckForTimeOut
                0x08000904       0x74 Middlewares\FreeRTOS\tasks.o
                0x08000904                xTaskCheckForTimeOut
 .text.vTaskMissedYield
                0x08000978        0xc Middlewares\FreeRTOS\tasks.o
                0x08000978                vTaskMissedYield
 .text.xTaskGetSchedulerState
                0x08000984       0x20 Middlewares\FreeRTOS\tasks.o
                0x08000984                xTaskGetSchedulerState
 .text.vTaskPriorityInherit
                0x080009a4       0x94 Middlewares\FreeRTOS\tasks.o
                0x080009a4                vTaskPriorityInherit
 .text.xTaskPriorityDisinherit
                0x08000a38       0xa4 Middlewares\FreeRTOS\tasks.o
                0x08000a38                xTaskPriorityDisinherit
 .text.pvTaskIncrementMutexHeldCount
                0x08000adc       0x18 Middlewares\FreeRTOS\tasks.o
                0x08000adc                pvTaskIncrementMutexHeldCount
 .text.unlikely.prvCopyDataToQueue
                0x08000af4       0x6a Middlewares\FreeRTOS\queue.o
 .text.unlikely.prvCopyDataFromQueue
                0x08000b5e       0x26 Middlewares\FreeRTOS\queue.o
 .text.prvUnlockQueue
                0x08000b84       0x64 Middlewares\FreeRTOS\queue.o
 .text.xQueueGenericReset
                0x08000be8       0x80 Middlewares\FreeRTOS\queue.o
                0x08000be8                xQueueGenericReset
 .text.xQueueGenericCreate
                0x08000c68       0x64 Middlewares\FreeRTOS\queue.o
                0x08000c68                xQueueGenericCreate
 .text.xQueueCreateCountingSemaphore
                0x08000ccc       0x4e Middlewares\FreeRTOS\queue.o
                0x08000ccc                xQueueCreateCountingSemaphore
 *fill*         0x08000d1a        0x2 
 .text.xQueueGenericSend
                0x08000d1c      0x164 Middlewares\FreeRTOS\queue.o
                0x08000d1c                xQueueGenericSend
 .text.xQueueGiveFromISR
                0x08000e80       0x9e Middlewares\FreeRTOS\queue.o
                0x08000e80                xQueueGiveFromISR
 *fill*         0x08000f1e        0x2 
 .text.xQueueGenericReceive
                0x08000f20      0x16c Middlewares\FreeRTOS\queue.o
                0x08000f20                xQueueGenericReceive
 .text.xQueueReceiveFromISR
                0x0800108c       0x88 Middlewares\FreeRTOS\queue.o
                0x0800108c                xQueueReceiveFromISR
 .text.vQueueUnregisterQueue
                0x08001114       0x24 Middlewares\FreeRTOS\queue.o
                0x08001114                vQueueUnregisterQueue
 .text.vQueueDelete
                0x08001138       0x26 Middlewares\FreeRTOS\queue.o
                0x08001138                vQueueDelete
 *fill*         0x0800115e        0x2 
 .text.prvTaskExitError
                0x08001160       0x30 Middlewares\FreeRTOS\port.o
 .text.prvPortStartFirstTask
                0x08001190       0x20 Middlewares\FreeRTOS\port.o
 .text.vPortEnableVFP
                0x080011b0       0x14 Middlewares\FreeRTOS\port.o
 .text.pxPortInitialiseStack
                0x080011c4       0x24 Middlewares\FreeRTOS\port.o
                0x080011c4                pxPortInitialiseStack
 .text.SVC_Handler
                0x080011e8       0x20 Middlewares\FreeRTOS\port.o
                0x080011e8                SVC_Handler
 .text.vPortEnterCritical
                0x08001208       0x44 Middlewares\FreeRTOS\port.o
                0x08001208                vPortEnterCritical
 .text.vPortExitCritical
                0x0800124c       0x28 Middlewares\FreeRTOS\port.o
                0x0800124c                vPortExitCritical
 .text.PendSV_Handler
                0x08001274       0x60 Middlewares\FreeRTOS\port.o
                0x08001274                PendSV_Handler
 .text.xPortSysTickHandler
                0x080012d4       0x30 Middlewares\FreeRTOS\port.o
                0x080012d4                xPortSysTickHandler
 .text.vPortSetupTimerInterrupt
                0x08001304       0x24 Middlewares\FreeRTOS\port.o
                0x08001304                vPortSetupTimerInterrupt
 .text.xPortStartScheduler
                0x08001328       0xe4 Middlewares\FreeRTOS\port.o
                0x08001328                xPortStartScheduler
 .text.vPortValidateInterruptPriority
                0x0800140c       0x5c Middlewares\FreeRTOS\port.o
                0x0800140c                vPortValidateInterruptPriority
 .text.vListInitialise
                0x08001468       0x16 Middlewares\FreeRTOS\list.o
                0x08001468                vListInitialise
 .text.vListInitialiseItem
                0x0800147e        0x6 Middlewares\FreeRTOS\list.o
                0x0800147e                vListInitialiseItem
 .text.vListInsertEnd
                0x08001484       0x18 Middlewares\FreeRTOS\list.o
                0x08001484                vListInsertEnd
 .text.vListInsert
                0x0800149c       0x30 Middlewares\FreeRTOS\list.o
                0x0800149c                vListInsert
 .text.uxListRemove
                0x080014cc       0x20 Middlewares\FreeRTOS\list.o
                0x080014cc                uxListRemove
 .text.unlikely.prvInsertBlockIntoFreeList
                0x080014ec       0x48 Middlewares\FreeRTOS\heap_4.o
 .text.pvPortMalloc
                0x08001534      0x12c Middlewares\FreeRTOS\heap_4.o
                0x08001534                pvPortMalloc
 .text.vPortFree
                0x08001660       0x70 Middlewares\FreeRTOS\heap_4.o
                0x08001660                vPortFree
 .text.osKernelStart
                0x080016d0        0xa Middlewares\FreeRTOS\cmsis_os.o
                0x080016d0                osKernelStart
 .text.osThreadCreate
                0x080016da       0x36 Middlewares\FreeRTOS\cmsis_os.o
                0x080016da                osThreadCreate
 .text.osDelay  0x08001710       0x10 Middlewares\FreeRTOS\cmsis_os.o
                0x08001710                osDelay
 .text.osSemaphoreCreate
                0x08001720       0x2e Middlewares\FreeRTOS\cmsis_os.o
                0x08001720                osSemaphoreCreate
 *fill*         0x0800174e        0x2 
 .text.osSemaphoreWait
                0x08001750       0x50 Middlewares\FreeRTOS\cmsis_os.o
                0x08001750                osSemaphoreWait
 .text.osSemaphoreRelease
                0x080017a0       0x48 Middlewares\FreeRTOS\cmsis_os.o
                0x080017a0                osSemaphoreRelease
 .text.osSemaphoreDelete
                0x080017e8       0x14 Middlewares\FreeRTOS\cmsis_os.o
                0x080017e8                osSemaphoreDelete
 .text.osSystickHandler
                0x080017fc       0x14 Middlewares\FreeRTOS\cmsis_os.o
                0x080017fc                osSystickHandler
 .text.ff_cre_syncobj
                0x08001810       0x1e Middlewares\FatFs\syscall.o
                0x08001810                ff_cre_syncobj
 .text.ff_del_syncobj
                0x0800182e        0xa Middlewares\FatFs\syscall.o
                0x0800182e                ff_del_syncobj
 .text.ff_req_grant
                0x08001838       0x14 Middlewares\FatFs\syscall.o
                0x08001838                ff_req_grant
 .text.ff_rel_grant
                0x0800184c        0x4 Middlewares\FatFs\syscall.o
                0x0800184c                ff_rel_grant
 .text.SD_initialize
                0x08001850       0x20 Middlewares\FatFs\sd_diskio.o
                0x08001850                SD_initialize
 .text.SD_status
                0x08001870       0x20 Middlewares\FatFs\sd_diskio.o
                0x08001870                SD_status
 .text.SD_read  0x08001890       0x20 Middlewares\FatFs\sd_diskio.o
                0x08001890                SD_read
 .text.SD_write
                0x080018b0       0x20 Middlewares\FatFs\sd_diskio.o
                0x080018b0                SD_write
 .text.SD_ioctl
                0x080018d0       0x50 Middlewares\FatFs\sd_diskio.o
                0x080018d0                SD_ioctl
 .text.FATFS_LinkDriverEx
                0x08001920       0x44 Middlewares\FatFs\ff_gen_drv.o
                0x08001920                FATFS_LinkDriverEx
 .text.FATFS_LinkDriver
                0x08001964        0x6 Middlewares\FatFs\ff_gen_drv.o
                0x08001964                FATFS_LinkDriver
 .text.mem_cpy  0x0800196a       0x12 Middlewares\FatFs\ff.o
 .text.mem_set  0x0800197c        0xe Middlewares\FatFs\ff.o
 .text.clmt_clust
                0x0800198a       0x28 Middlewares\FatFs\ff.o
 .text.get_ldnumber
                0x080019b2       0x32 Middlewares\FatFs\ff.o
 .text.ld_clust.isra.0
                0x080019e4       0x1c Middlewares\FatFs\ff.o
 .text.sync_window.part.2
                0x08001a00       0x52 Middlewares\FatFs\ff.o
 .text.sync_window
                0x08001a52        0xe Middlewares\FatFs\ff.o
 .text.sync_fs  0x08001a60       0xbc Middlewares\FatFs\ff.o
 .text.move_window
                0x08001b1c       0x3c Middlewares\FatFs\ff.o
 .text.check_fs
                0x08001b58       0x8c Middlewares\FatFs\ff.o
 .text.find_volume
                0x08001be4      0x328 Middlewares\FatFs\ff.o
 .text.validate
                0x08001f0c       0x48 Middlewares\FatFs\ff.o
 .text.unlock_fs
                0x08001f54       0x1c Middlewares\FatFs\ff.o
 .text.clust2sect
                0x08001f70       0x1c Middlewares\FatFs\ff.o
                0x08001f70                clust2sect
 .text.get_fat  0x08001f8c       0xc2 Middlewares\FatFs\ff.o
                0x08001f8c                get_fat
 .text.dir_sdi  0x0800204e       0x9c Middlewares\FatFs\ff.o
 .text.put_fat  0x080020ea       0xee Middlewares\FatFs\ff.o
                0x080020ea                put_fat
 .text.create_chain
                0x080021d8       0xb4 Middlewares\FatFs\ff.o
 .text.dir_next
                0x0800228c      0x120 Middlewares\FatFs\ff.o
 .text.follow_path
                0x080023ac      0x1a4 Middlewares\FatFs\ff.o
 .text.dir_register
                0x08002550       0x74 Middlewares\FatFs\ff.o
 .text.remove_chain
                0x080025c4       0x64 Middlewares\FatFs\ff.o
 .text.f_mount  0x08002628       0x84 Middlewares\FatFs\ff.o
                0x08002628                f_mount
 .text.f_open   0x080026ac      0x16c Middlewares\FatFs\ff.o
                0x080026ac                f_open
 .text.f_write  0x08002818      0x210 Middlewares\FatFs\ff.o
                0x08002818                f_write
 .text.f_sync   0x08002a28       0xda Middlewares\FatFs\ff.o
                0x08002a28                f_sync
 .text.f_close  0x08002b02       0x28 Middlewares\FatFs\ff.o
                0x08002b02                f_close
 *fill*         0x08002b2a        0x2 
 .text.f_mkfs   0x08002b2c      0x580 Middlewares\FatFs\ff.o
                0x08002b2c                f_mkfs
 .text.disk_status
                0x080030ac       0x18 Middlewares\FatFs\diskio.o
                0x080030ac                disk_status
 .text.disk_initialize
                0x080030c4       0x24 Middlewares\FatFs\diskio.o
                0x080030c4                disk_initialize
 .text.disk_read
                0x080030e8       0x18 Middlewares\FatFs\diskio.o
                0x080030e8                disk_read
 .text.disk_write
                0x08003100       0x18 Middlewares\FatFs\diskio.o
                0x08003100                disk_write
 .text.disk_ioctl
                0x08003118       0x18 Middlewares\FatFs\diskio.o
                0x08003118                disk_ioctl
 .text.SDIO_Init
                0x08003130       0x38 Drivers\STM32F4xx_HAL_Driver\stm32f4xx_ll_sdmmc.o
                0x08003130                SDIO_Init
 .text.SDIO_PowerState_ON
                0x08003168        0x8 Drivers\STM32F4xx_HAL_Driver\stm32f4xx_ll_sdmmc.o
                0x08003168                SDIO_PowerState_ON
 .text.SDIO_GetPowerState
                0x08003170        0x8 Drivers\STM32F4xx_HAL_Driver\stm32f4xx_ll_sdmmc.o
                0x08003170                SDIO_GetPowerState
 .text.SDIO_SendCommand
                0x08003178       0x26 Drivers\STM32F4xx_HAL_Driver\stm32f4xx_ll_sdmmc.o
                0x08003178                SDIO_SendCommand
 .text.SDIO_GetCommandResponse
                0x0800319e        0x6 Drivers\STM32F4xx_HAL_Driver\stm32f4xx_ll_sdmmc.o
                0x0800319e                SDIO_GetCommandResponse
 .text.SDIO_GetResponse
                0x080031a4       0x18 Drivers\STM32F4xx_HAL_Driver\stm32f4xx_ll_sdmmc.o
                0x080031a4                SDIO_GetResponse
 .text.SDIO_DataConfig
                0x080031bc       0x26 Drivers\STM32F4xx_HAL_Driver\stm32f4xx_ll_sdmmc.o
                0x080031bc                SDIO_DataConfig
 *fill*         0x080031e2        0x2 
 .text.UART_SetConfig
                0x080031e4      0x14c Drivers\STM32F4xx_HAL_Driver\stm32f4xx_hal_uart.o
 .text.HAL_UART_Init
                0x08003330       0x58 Drivers\STM32F4xx_HAL_Driver\stm32f4xx_hal_uart.o
                0x08003330                HAL_UART_Init
 .text.HAL_UART_TxCpltCallback
                0x08003388        0x2 Drivers\STM32F4xx_HAL_Driver\stm32f4xx_hal_uart.o
                0x08003388                HAL_UART_TxCpltCallback
 .text.HAL_UART_RxCpltCallback
                0x0800338a        0x2 Drivers\STM32F4xx_HAL_Driver\stm32f4xx_hal_uart.o
                0x0800338a                HAL_UART_RxCpltCallback
 .text.HAL_UART_ErrorCallback
                0x0800338c        0x2 Drivers\STM32F4xx_HAL_Driver\stm32f4xx_hal_uart.o
                0x0800338c                HAL_UART_ErrorCallback
 .text.HAL_UART_IRQHandler
                0x0800338e      0x1b6 Drivers\STM32F4xx_HAL_Driver\stm32f4xx_hal_uart.o
                0x0800338e                HAL_UART_IRQHandler
 .text.SD_CmdResp2Error
                0x08003544       0x2c Drivers\STM32F4xx_HAL_Driver\stm32f4xx_hal_sd.o
 .text.SD_CmdResp1Error
                0x08003570       0xf0 Drivers\STM32F4xx_HAL_Driver\stm32f4xx_hal_sd.o
 .text.HAL_SD_ReadBlocks_DMA
                0x08003660       0xec Drivers\STM32F4xx_HAL_Driver\stm32f4xx_hal_sd.o
                0x08003660                HAL_SD_ReadBlocks_DMA
 .text.HAL_SD_WriteBlocks_DMA
                0x0800374c       0xec Drivers\STM32F4xx_HAL_Driver\stm32f4xx_hal_sd.o
                0x0800374c                HAL_SD_WriteBlocks_DMA
 .text.HAL_SD_XferCpltCallback
                0x08003838        0x2 Drivers\STM32F4xx_HAL_Driver\stm32f4xx_hal_sd.o
                0x08003838                HAL_SD_XferCpltCallback
 .text.HAL_SD_XferErrorCallback
                0x0800383a        0x2 Drivers\STM32F4xx_HAL_Driver\stm32f4xx_hal_sd.o
                0x0800383a                HAL_SD_XferErrorCallback
 .text.HAL_SD_IRQHandler
                0x0800383c       0x7c Drivers\STM32F4xx_HAL_Driver\stm32f4xx_hal_sd.o
                0x0800383c                HAL_SD_IRQHandler
 .text.HAL_SD_DMA_RxCpltCallback
                0x080038b8        0x2 Drivers\STM32F4xx_HAL_Driver\stm32f4xx_hal_sd.o
                0x080038b8                HAL_SD_DMA_RxCpltCallback
 .text.SD_DMA_RxCplt
                0x080038ba       0x1a Drivers\STM32F4xx_HAL_Driver\stm32f4xx_hal_sd.o
 .text.HAL_SD_DMA_RxErrorCallback
                0x080038d4        0x2 Drivers\STM32F4xx_HAL_Driver\stm32f4xx_hal_sd.o
                0x080038d4                HAL_SD_DMA_RxErrorCallback
 .text.SD_DMA_RxError
                0x080038d6        0xc Drivers\STM32F4xx_HAL_Driver\stm32f4xx_hal_sd.o
 .text.HAL_SD_DMA_TxCpltCallback
                0x080038e2        0x2 Drivers\STM32F4xx_HAL_Driver\stm32f4xx_hal_sd.o
                0x080038e2                HAL_SD_DMA_TxCpltCallback
 .text.SD_DMA_TxCplt
                0x080038e4       0x1a Drivers\STM32F4xx_HAL_Driver\stm32f4xx_hal_sd.o
 .text.HAL_SD_DMA_TxErrorCallback
                0x080038fe        0x2 Drivers\STM32F4xx_HAL_Driver\stm32f4xx_hal_sd.o
                0x080038fe                HAL_SD_DMA_TxErrorCallback
 .text.SD_DMA_TxError
                0x08003900        0xc Drivers\STM32F4xx_HAL_Driver\stm32f4xx_hal_sd.o
 .text.HAL_SD_Get_CardInfo
                0x0800390c      0x296 Drivers\STM32F4xx_HAL_Driver\stm32f4xx_hal_sd.o
                0x0800390c                HAL_SD_Get_CardInfo
 *fill*         0x08003ba2        0x2 
 .text.HAL_SD_Init
                0x08003ba4      0x394 Drivers\STM32F4xx_HAL_Driver\stm32f4xx_hal_sd.o
                0x08003ba4                HAL_SD_Init
 .text.HAL_SD_StopTransfer
                0x08003f38       0x2e Drivers\STM32F4xx_HAL_Driver\stm32f4xx_hal_sd.o
                0x08003f38                HAL_SD_StopTransfer
 .text.HAL_SD_CheckReadOperation
                0x08003f66       0x64 Drivers\STM32F4xx_HAL_Driver\stm32f4xx_hal_sd.o
                0x08003f66                HAL_SD_CheckReadOperation
 .text.HAL_SD_GetStatus
                0x08003fca       0x46 Drivers\STM32F4xx_HAL_Driver\stm32f4xx_hal_sd.o
                0x08003fca                HAL_SD_GetStatus
 .text.HAL_SD_CheckWriteOperation
                0x08004010       0x72 Drivers\STM32F4xx_HAL_Driver\stm32f4xx_hal_sd.o
                0x08004010                HAL_SD_CheckWriteOperation
 *fill*         0x08004082        0x2 
 .text.HAL_RCC_OscConfig
                0x08004084      0x2f8 Drivers\STM32F4xx_HAL_Driver\stm32f4xx_hal_rcc.o
                0x08004084                HAL_RCC_OscConfig
 .text.HAL_RCC_ClockConfig
                0x0800437c      0x204 Drivers\STM32F4xx_HAL_Driver\stm32f4xx_hal_rcc.o
                0x0800437c                HAL_RCC_ClockConfig
 .text.HAL_RCC_GetSysClockFreq
                0x08004580       0x8c Drivers\STM32F4xx_HAL_Driver\stm32f4xx_hal_rcc.o
                0x08004580                HAL_RCC_GetSysClockFreq
 .text.HAL_RCC_GetHCLKFreq
                0x0800460c       0x34 Drivers\STM32F4xx_HAL_Driver\stm32f4xx_hal_rcc.o
                0x0800460c                HAL_RCC_GetHCLKFreq
 .text.HAL_RCC_GetPCLK1Freq
                0x08004640       0x2c Drivers\STM32F4xx_HAL_Driver\stm32f4xx_hal_rcc.o
                0x08004640                HAL_RCC_GetPCLK1Freq
 .text.HAL_RCC_GetPCLK2Freq
                0x0800466c       0x2c Drivers\STM32F4xx_HAL_Driver\stm32f4xx_hal_rcc.o
                0x0800466c                HAL_RCC_GetPCLK2Freq
 .text.HAL_GPIO_Init
                0x08004698      0x1dc Drivers\STM32F4xx_HAL_Driver\stm32f4xx_hal_gpio.o
                0x08004698                HAL_GPIO_Init
 .text.DMA_CalcBaseAndBitshift
                0x08004874       0x2c Drivers\STM32F4xx_HAL_Driver\stm32f4xx_hal_dma.o
 .text.HAL_DMA_Init
                0x080048a0       0x74 Drivers\STM32F4xx_HAL_Driver\stm32f4xx_hal_dma.o
                0x080048a0                HAL_DMA_Init
 .text.HAL_DMA_Start_IT
                0x08004914       0x5a Drivers\STM32F4xx_HAL_Driver\stm32f4xx_hal_dma.o
                0x08004914                HAL_DMA_Start_IT
 .text.HAL_DMA_Abort
                0x0800496e       0x4e Drivers\STM32F4xx_HAL_Driver\stm32f4xx_hal_dma.o
                0x0800496e                HAL_DMA_Abort
 .text.HAL_DMA_IRQHandler
                0x080049bc      0x15c Drivers\STM32F4xx_HAL_Driver\stm32f4xx_hal_dma.o
                0x080049bc                HAL_DMA_IRQHandler
 .text.HAL_NVIC_SetPriorityGrouping
                0x08004b18       0x24 Drivers\STM32F4xx_HAL_Driver\stm32f4xx_hal_cortex.o
                0x08004b18                HAL_NVIC_SetPriorityGrouping
 .text.HAL_NVIC_SetPriority
                0x08004b3c       0x64 Drivers\STM32F4xx_HAL_Driver\stm32f4xx_hal_cortex.o
                0x08004b3c                HAL_NVIC_SetPriority
 .text.HAL_NVIC_EnableIRQ
                0x08004ba0       0x18 Drivers\STM32F4xx_HAL_Driver\stm32f4xx_hal_cortex.o
                0x08004ba0                HAL_NVIC_EnableIRQ
 .text.HAL_SYSTICK_Config
                0x08004bb8       0x2c Drivers\STM32F4xx_HAL_Driver\stm32f4xx_hal_cortex.o
                0x08004bb8                HAL_SYSTICK_Config
 .text.HAL_SYSTICK_CLKSourceConfig
                0x08004be4       0x18 Drivers\STM32F4xx_HAL_Driver\stm32f4xx_hal_cortex.o
                0x08004be4                HAL_SYSTICK_CLKSourceConfig
 .text.HAL_InitTick
                0x08004bfc       0x24 Drivers\STM32F4xx_HAL_Driver\stm32f4xx_hal.o
                0x08004bfc                HAL_InitTick
 .text.HAL_Init
                0x08004c20       0x34 Drivers\STM32F4xx_HAL_Driver\stm32f4xx_hal.o
                0x08004c20                HAL_Init
 .text.HAL_GetTick
                0x08004c54        0xc Drivers\STM32F4xx_HAL_Driver\stm32f4xx_hal.o
                0x08004c54                HAL_GetTick
 .text.HAL_Delay
                0x08004c60       0x1a Drivers\STM32F4xx_HAL_Driver\stm32f4xx_hal.o
                0x08004c60                HAL_Delay
 *fill*         0x08004c7a        0x2 
 .text.SystemInit
                0x08004c7c       0x4c Drivers\CMSIS\system_stm32f4xx.o
                0x08004c7c                SystemInit
 .text.SysTick_Handler
                0x08004cc8        0x4 Application\User\stm32f4xx_it.o
                0x08004cc8                SysTick_Handler
 .text.USART2_IRQHandler
                0x08004ccc        0xc Application\User\stm32f4xx_it.o
                0x08004ccc                USART2_IRQHandler
 .text.SDIO_IRQHandler
                0x08004cd8        0xc Application\User\stm32f4xx_it.o
                0x08004cd8                SDIO_IRQHandler
 .text.DMA2_Stream3_IRQHandler
                0x08004ce4        0xc Application\User\stm32f4xx_it.o
                0x08004ce4                DMA2_Stream3_IRQHandler
 .text.DMA2_Stream6_IRQHandler
                0x08004cf0        0xc Application\User\stm32f4xx_it.o
                0x08004cf0                DMA2_Stream6_IRQHandler
 .text.HAL_MspInit
                0x08004cfc       0x18 Application\User\stm32f4xx_hal_msp.o
                0x08004cfc                HAL_MspInit
 .text.HAL_SD_MspInit
                0x08004d14      0x16c Application\User\stm32f4xx_hal_msp.o
                0x08004d14                HAL_SD_MspInit
 .text.HAL_UART_MspInit
                0x08004e80       0x60 Application\User\stm32f4xx_hal_msp.o
                0x08004e80                HAL_UART_MspInit
 .text.StartDefaultTask
                0x08004ee0       0x7c Application\User\main.o
                0x08004ee0                StartDefaultTask
 .text.SystemClock_Config
                0x08004f5c       0xa4 Application\User\main.o
                0x08004f5c                SystemClock_Config
 .text.startup.main
                0x08005000      0x268 Application\User\main.o
                0x08005000                main
 .text.MX_FATFS_Init
                0x08005268       0x1c Application\User\fatfs.o
                0x08005268                MX_FATFS_Init
 .text.get_fattime
                0x08005284        0x4 Application\User\fatfs.o
                0x08005284                get_fattime
 .text.BSP_SD_Init
                0x08005288       0x28 Application\User\bsp_driver_sd.o
                0x08005288                BSP_SD_Init
 .text.BSP_SD_ReadBlocks_DMA
                0x080052b0       0x34 Application\User\bsp_driver_sd.o
                0x080052b0                BSP_SD_ReadBlocks_DMA
 .text.BSP_SD_WriteBlocks_DMA
                0x080052e4       0x34 Application\User\bsp_driver_sd.o
                0x080052e4                BSP_SD_WriteBlocks_DMA
 .text.BSP_SD_GetStatus
                0x08005318        0xc Application\User\bsp_driver_sd.o
                0x08005318                BSP_SD_GetStatus
 .text.BSP_SD_GetCardInfo
                0x08005324        0xc Application\User\bsp_driver_sd.o
                0x08005324                BSP_SD_GetCardInfo
 .text.Reset_Handler
                0x08005330       0x58 Application\TrueSTUDIO\startup_stm32f407xx.o
                0x08005330                Reset_Handler
 .text.Default_Handler
                0x08005388        0x4 Application\TrueSTUDIO\startup_stm32f407xx.o
                0x08005388                RTC_Alarm_IRQHandler
                0x08005388                HASH_RNG_IRQHandler
                0x08005388                EXTI2_IRQHandler
                0x08005388                TIM8_CC_IRQHandler
                0x08005388                DebugMon_Handler
                0x08005388                TIM1_CC_IRQHandler
                0x08005388                DMA2_Stream5_IRQHandler
                0x08005388                HardFault_Handler
                0x08005388                DMA1_Stream5_IRQHandler
                0x08005388                PVD_IRQHandler
                0x08005388                TAMP_STAMP_IRQHandler
                0x08005388                NMI_Handler
                0x08005388                CAN2_RX1_IRQHandler
                0x08005388                EXTI3_IRQHandler
                0x08005388                TIM8_TRG_COM_TIM14_IRQHandler
                0x08005388                TIM1_UP_TIM10_IRQHandler
                0x08005388                TIM8_UP_TIM13_IRQHandler
                0x08005388                I2C3_ER_IRQHandler
                0x08005388                EXTI0_IRQHandler
                0x08005388                I2C2_EV_IRQHandler
                0x08005388                DMA1_Stream2_IRQHandler
                0x08005388                CAN1_RX0_IRQHandler
                0x08005388                FPU_IRQHandler
                0x08005388                OTG_HS_WKUP_IRQHandler
                0x08005388                UsageFault_Handler
                0x08005388                CAN2_SCE_IRQHandler
                0x08005388                DMA2_Stream2_IRQHandler
                0x08005388                SPI1_IRQHandler
                0x08005388                TIM6_DAC_IRQHandler
                0x08005388                TIM1_BRK_TIM9_IRQHandler
                0x08005388                DCMI_IRQHandler
                0x08005388                CAN2_RX0_IRQHandler
                0x08005388                USART6_IRQHandler
                0x08005388                USART3_IRQHandler
                0x08005388                CAN1_RX1_IRQHandler
                0x08005388                UART5_IRQHandler
                0x08005388                DMA2_Stream0_IRQHandler
                0x08005388                TIM4_IRQHandler
                0x08005388                I2C1_EV_IRQHandler
                0x08005388                DMA1_Stream6_IRQHandler
                0x08005388                DMA1_Stream1_IRQHandler
                0x08005388                UART4_IRQHandler
                0x08005388                TIM3_IRQHandler
                0x08005388                RCC_IRQHandler
                0x08005388                TIM8_BRK_TIM12_IRQHandler
                0x08005388                Default_Handler
                0x08005388                EXTI15_10_IRQHandler
                0x08005388                ADC_IRQHandler
                0x08005388                DMA1_Stream7_IRQHandler
                0x08005388                TIM7_IRQHandler
                0x08005388                CAN2_TX_IRQHandler
                0x08005388                TIM5_IRQHandler
                0x08005388                DMA2_Stream7_IRQHandler
                0x08005388                I2C3_EV_IRQHandler
                0x08005388                EXTI9_5_IRQHandler
                0x08005388                RTC_WKUP_IRQHandler
                0x08005388                ETH_WKUP_IRQHandler
                0x08005388                SPI2_IRQHandler
                0x08005388                OTG_HS_EP1_IN_IRQHandler
                0x08005388                MemManage_Handler
                0x08005388                DMA1_Stream0_IRQHandler
                0x08005388                CAN1_TX_IRQHandler
                0x08005388                EXTI4_IRQHandler
                0x08005388                FSMC_IRQHandler
                0x08005388                ETH_IRQHandler
                0x08005388                OTG_HS_EP1_OUT_IRQHandler
                0x08005388                WWDG_IRQHandler
                0x08005388                TIM2_IRQHandler
                0x08005388                OTG_FS_WKUP_IRQHandler
                0x08005388                TIM1_TRG_COM_TIM11_IRQHandler
                0x08005388                OTG_HS_IRQHandler
                0x08005388                EXTI1_IRQHandler
                0x08005388                I2C2_ER_IRQHandler
                0x08005388                DMA2_Stream1_IRQHandler
                0x08005388                CAN1_SCE_IRQHandler
                0x08005388                FLASH_IRQHandler
                0x08005388                DMA2_Stream4_IRQHandler
                0x08005388                BusFault_Handler
                0x08005388                USART1_IRQHandler
                0x08005388                OTG_FS_IRQHandler
                0x08005388                SPI3_IRQHandler
                0x08005388                DMA1_Stream4_IRQHandler
                0x08005388                I2C1_ER_IRQHandler
                0x08005388                DMA1_Stream3_IRQHandler
 .text.__libc_init_array
                0x0800538c       0x4c g:/program files (x86)/atolic/truestudio for arm 5.4.0/armtools/bin/../lib/gcc/arm-atollic-eabi/4.8.3/../../../../arm-atollic-eabi/lib/armv7e-m/fpu\libc.a(lib_a-init.o)
                0x0800538c                __libc_init_array
 .text.memcpy   0x080053d8       0x12 g:/program files (x86)/atolic/truestudio for arm 5.4.0/armtools/bin/../lib/gcc/arm-atollic-eabi/4.8.3/../../../../arm-atollic-eabi/lib/armv7e-m/fpu\libc.a(lib_a-memcpy-stub.o)
                0x080053d8                memcpy
 .text.memset   0x080053ea       0x10 g:/program files (x86)/atolic/truestudio for arm 5.4.0/armtools/bin/../lib/gcc/arm-atollic-eabi/4.8.3/../../../../arm-atollic-eabi/lib/armv7e-m/fpu\libc.a(lib_a-memset.o)
                0x080053ea                memset
 *(.glue_7)
 .glue_7        0x00000000        0x0 linker stubs
 *(.glue_7t)
 .glue_7t       0x00000000        0x0 linker stubs
 *(.eh_frame)
 *fill*         0x080053fa        0x2 
 .eh_frame      0x080053fc        0x0 g:/program files (x86)/atolic/truestudio for arm 5.4.0/armtools/bin/../lib/gcc/arm-atollic-eabi/4.8.3/armv7e-m/fpu/crtbegin.o
 *(.init)
 .init          0x080053fc        0x4 g:/program files (x86)/atolic/truestudio for arm 5.4.0/armtools/bin/../lib/gcc/arm-atollic-eabi/4.8.3/armv7e-m/fpu/crti.o
                0x080053fc                _init
 .init          0x08005400        0x8 g:/program files (x86)/atolic/truestudio for arm 5.4.0/armtools/bin/../lib/gcc/arm-atollic-eabi/4.8.3/armv7e-m/fpu/crtn.o
 *(.fini)
 .fini          0x08005408        0x4 g:/program files (x86)/atolic/truestudio for arm 5.4.0/armtools/bin/../lib/gcc/arm-atollic-eabi/4.8.3/armv7e-m/fpu/crti.o
                0x08005408                _fini
 .fini          0x0800540c        0x8 g:/program files (x86)/atolic/truestudio for arm 5.4.0/armtools/bin/../lib/gcc/arm-atollic-eabi/4.8.3/armv7e-m/fpu/crtn.o
                0x08005414                . = ALIGN (0x4)
                0x08005414                _etext = .

.vfp11_veneer   0x08005414        0x0
 .vfp11_veneer  0x00000000        0x0 linker stubs

.v4_bx          0x08005414        0x0
 .v4_bx         0x00000000        0x0 linker stubs

.iplt           0x08005414        0x0
 .iplt          0x00000000        0x0 g:/program files (x86)/atolic/truestudio for arm 5.4.0/armtools/bin/../lib/gcc/arm-atollic-eabi/4.8.3/armv7e-m/fpu/crtbegin.o

.rodata         0x08005414      0x170
                0x08005414                . = ALIGN (0x4)
 *(.rodata)
 .rodata        0x08005414       0x14 Application\User\main.o
 *(.rodata*)
 .rodata.str1.1
                0x08005428        0x5 Middlewares\FreeRTOS\tasks.o
 *fill*         0x0800542d        0x3 
 .rodata.SD_Driver
                0x08005430       0x14 Middlewares\FatFs\sd_diskio.o
                0x08005430                SD_Driver
 .rodata.vst.8617
                0x08005444       0x16 Middlewares\FatFs\ff.o
 .rodata.str1.1
                0x0800545a       0x43 Middlewares\FatFs\ff.o
 .rodata.ExCvt  0x0800549d       0x80 Middlewares\FatFs\ff.o
 *fill*         0x0800551d        0x1 
 .rodata.cst.8618
                0x0800551e       0x16 Middlewares\FatFs\ff.o
 .rodata.APBAHBPrescTable
                0x08005534       0x10 Drivers\STM32F4xx_HAL_Driver\stm32f4xx_hal_rcc.o
                0x08005534                APBAHBPrescTable
 .rodata.flagBitshiftOffset.7263
                0x08005544        0x8 Drivers\STM32F4xx_HAL_Driver\stm32f4xx_hal_dma.o
 .rodata.str1.1
                0x0800554c       0x37 Application\User\main.o
                0x08005584                . = ALIGN (0x4)
 *fill*         0x08005583        0x1 

.rel.dyn        0x08005584        0x0
 .rel.iplt      0x00000000        0x0 g:/program files (x86)/atolic/truestudio for arm 5.4.0/armtools/bin/../lib/gcc/arm-atollic-eabi/4.8.3/armv7e-m/fpu/crtbegin.o

.ARM.extab
 *(.ARM.extab* .gnu.linkonce.armextab.*)

.ARM            0x08005584        0x0
                0x08005584                __exidx_start = .
 *(.ARM.exidx*)
                0x08005584                __exidx_end = .

.preinit_array  0x08005584        0x0
                0x08005584                PROVIDE (__preinit_array_start, .)
 *(.preinit_array*)
                0x08005584                PROVIDE (__preinit_array_end, .)

.init_array     0x08005584        0x4
                0x08005584                PROVIDE (__init_array_start, .)
 *(SORT(.init_array.*))
 *(.init_array*)
 .init_array    0x08005584        0x4 g:/program files (x86)/atolic/truestudio for arm 5.4.0/armtools/bin/../lib/gcc/arm-atollic-eabi/4.8.3/armv7e-m/fpu/crtbegin.o
                0x08005588                PROVIDE (__init_array_end, .)

.fini_array     0x08005588        0x4
                0x08005588                PROVIDE (__fini_array_start, .)
 *(SORT(.fini_array.*))
 *(.fini_array*)
 .fini_array    0x08005588        0x4 g:/program files (x86)/atolic/truestudio for arm 5.4.0/armtools/bin/../lib/gcc/arm-atollic-eabi/4.8.3/armv7e-m/fpu/crtbegin.o
                0x0800558c                PROVIDE (__fini_array_end, .)
                0x0800558c                _sidata = LOADADDR (.data)

.data           0x20000000       0x10 load address 0x0800558c
                0x20000000                . = ALIGN (0x4)
                0x20000000                _sdata = .
 *(.data)
 *(.data*)
 .data.xNextTaskUnblockTime
                0x20000000        0x4 Middlewares\FreeRTOS\tasks.o
 .data.uxCriticalNesting
                0x20000004        0x4 Middlewares\FreeRTOS\port.o
 .data.Stat     0x20000008        0x1 Middlewares\FatFs\sd_diskio.o
 *fill*         0x20000009        0x3 
 .data.SystemCoreClock
                0x2000000c        0x4 Drivers\CMSIS\system_stm32f4xx.o
                0x2000000c                SystemCoreClock
                0x20000010                . = ALIGN (0x4)
                0x20000010                _edata = .
                0x0800559c                _siccmram = LOADADDR (.ccmram)

.igot.plt       0x20000010        0x0 load address 0x0800559c
 .igot.plt      0x00000000        0x0 g:/program files (x86)/atolic/truestudio for arm 5.4.0/armtools/bin/../lib/gcc/arm-atollic-eabi/4.8.3/armv7e-m/fpu/crtbegin.o

.ccmram         0x10000000        0x0 load address 0x0800559c
                0x10000000                . = ALIGN (0x4)
                0x10000000                _sccmram = .
 *(.ccmram)
 *(.ccmram*)
                0x10000000                . = ALIGN (0x4)
                0x10000000                _eccmram = .
                0x10000000                . = ALIGN (0x4)

.bss            0x20000010     0x3f70
                0x20000010                _sbss = .
                0x20000010                __bss_start__ = _sbss
 *(.bss)
 .bss           0x20000010       0x1c g:/program files (x86)/atolic/truestudio for arm 5.4.0/armtools/bin/../lib/gcc/arm-atollic-eabi/4.8.3/armv7e-m/fpu/crtbegin.o
 *(.bss*)
 .bss.xNumOfOverflows
                0x2000002c        0x4 Middlewares\FreeRTOS\tasks.o
 .bss.pxDelayedTaskList
                0x20000030        0x4 Middlewares\FreeRTOS\tasks.o
 .bss.xSchedulerRunning
                0x20000034        0x4 Middlewares\FreeRTOS\tasks.o
 .bss.uxTasksDeleted
                0x20000038        0x4 Middlewares\FreeRTOS\tasks.o
 .bss.xDelayedTaskList1
                0x2000003c       0x14 Middlewares\FreeRTOS\tasks.o
 .bss.xDelayedTaskList2
                0x20000050       0x14 Middlewares\FreeRTOS\tasks.o
 .bss.uxPendedTicks
                0x20000064        0x4 Middlewares\FreeRTOS\tasks.o
 .bss.pxReadyTasksLists
                0x20000068       0x8c Middlewares\FreeRTOS\tasks.o
 .bss.xTasksWaitingTermination
                0x200000f4       0x14 Middlewares\FreeRTOS\tasks.o
 .bss.pxCurrentTCB
                0x20000108        0x4 Middlewares\FreeRTOS\tasks.o
                0x20000108                pxCurrentTCB
 .bss.xPendingReadyList
                0x2000010c       0x14 Middlewares\FreeRTOS\tasks.o
 .bss.uxSchedulerSuspended
                0x20000120        0x4 Middlewares\FreeRTOS\tasks.o
 .bss.xTickCount
                0x20000124        0x4 Middlewares\FreeRTOS\tasks.o
 .bss.pxOverflowDelayedTaskList
                0x20000128        0x4 Middlewares\FreeRTOS\tasks.o
 .bss.uxTaskNumber
                0x2000012c        0x4 Middlewares\FreeRTOS\tasks.o
 .bss.uxCurrentNumberOfTasks
                0x20000130        0x4 Middlewares\FreeRTOS\tasks.o
 .bss.xSuspendedTaskList
                0x20000134       0x14 Middlewares\FreeRTOS\tasks.o
 .bss.uxTopReadyPriority
                0x20000148        0x4 Middlewares\FreeRTOS\tasks.o
 .bss.xYieldPending
                0x2000014c        0x4 Middlewares\FreeRTOS\tasks.o
 .bss.ucMaxSysCallPriority
                0x20000150        0x1 Middlewares\FreeRTOS\port.o
 *fill*         0x20000151        0x3 
 .bss.ulMaxPRIGROUPValue
                0x20000154        0x4 Middlewares\FreeRTOS\port.o
 .bss.xFreeBytesRemaining
                0x20000158        0x4 Middlewares\FreeRTOS\heap_4.o
 .bss.pxEnd     0x2000015c        0x4 Middlewares\FreeRTOS\heap_4.o
 .bss.xStart    0x20000160        0x8 Middlewares\FreeRTOS\heap_4.o
 .bss.ucHeap    0x20000168     0x3c00 Middlewares\FreeRTOS\heap_4.o
 .bss.xBlockAllocatedBit
                0x20003d68        0x4 Middlewares\FreeRTOS\heap_4.o
 .bss.xMinimumEverFreeBytesRemaining
                0x20003d6c        0x4 Middlewares\FreeRTOS\heap_4.o
 .bss.disk      0x20003d70        0xc Middlewares\FatFs\ff_gen_drv.o
                0x20003d70                disk
 .bss.Fsid      0x20003d7c        0x2 Middlewares\FatFs\ff.o
 *fill*         0x20003d7e        0x2 
 .bss.FatFs     0x20003d80        0x4 Middlewares\FatFs\ff.o
 .bss.uwTick    0x20003d84        0x4 Drivers\STM32F4xx_HAL_Driver\stm32f4xx_hal.o
 *(COMMON)
 COMMON         0x20003d88       0x40 Middlewares\FreeRTOS\queue.o
                0x20003d88                xQueueRegistry
 COMMON         0x20003dc8      0x1b0 Application\User\main.o
                0x20003dc8                hdma_sdio_rx
                0x20003e20                defaultTaskHandle
                0x20003e28                SDCardInfo
                0x20003e80                hdma_sdio_tx
                0x20003ed8                hsd
                0x20003f38                huart2
 COMMON         0x20003f78        0x5 Application\User\fatfs.o
                0x20003f78                retSD
                0x20003f79                SD_Path
                0x20003f80                . = ALIGN (0x4)
 *fill*         0x20003f7d        0x3 
                0x20003f80                _ebss = .
                0x20003f80                __bss_end__ = _ebss

._user_heap_stack
                0x20003f80      0x400
                0x20003f80                . = ALIGN (0x4)
                0x20003f80                PROVIDE (end, .)
                0x20003f80                PROVIDE (_end, .)
                0x20003f80                . = (. + _Min_Heap_Size)
                0x20004380                . = (. + _Min_Stack_Size)
 *fill*         0x20003f80      0x400 
                0x20004380                . = ALIGN (0x4)

/DISCARD/
 libc.a(*)
 libm.a(*)
 libgcc.a(*)

.ARM.attributes
                0x00000000       0x30
 *(.ARM.attributes)
 .ARM.attributes
                0x00000000       0x22 g:/program files (x86)/atolic/truestudio for arm 5.4.0/armtools/bin/../lib/gcc/arm-atollic-eabi/4.8.3/armv7e-m/fpu/crti.o
 .ARM.attributes
                0x00000022       0x34 g:/program files (x86)/atolic/truestudio for arm 5.4.0/armtools/bin/../lib/gcc/arm-atollic-eabi/4.8.3/armv7e-m/fpu/crtbegin.o
 .ARM.attributes
                0x00000056       0x39 Middlewares\FreeRTOS\tasks.o
 .ARM.attributes
                0x0000008f       0x39 Middlewares\FreeRTOS\queue.o
 .ARM.attributes
                0x000000c8       0x39 Middlewares\FreeRTOS\port.o
 .ARM.attributes
                0x00000101       0x39 Middlewares\FreeRTOS\list.o
 .ARM.attributes
                0x0000013a       0x39 Middlewares\FreeRTOS\heap_4.o
 .ARM.attributes
                0x00000173       0x39 Middlewares\FreeRTOS\cmsis_os.o
 .ARM.attributes
                0x000001ac       0x39 Middlewares\FatFs\syscall.o
 .ARM.attributes
                0x000001e5       0x39 Middlewares\FatFs\sd_diskio.o
 .ARM.attributes
                0x0000021e       0x39 Middlewares\FatFs\ff_gen_drv.o
 .ARM.attributes
                0x00000257       0x39 Middlewares\FatFs\ff.o
 .ARM.attributes
                0x00000290       0x39 Middlewares\FatFs\diskio.o
 .ARM.attributes
                0x000002c9       0x39 Drivers\STM32F4xx_HAL_Driver\stm32f4xx_ll_sdmmc.o
 .ARM.attributes
                0x00000302       0x39 Drivers\STM32F4xx_HAL_Driver\stm32f4xx_hal_uart.o
 .ARM.attributes
                0x0000033b       0x39 Drivers\STM32F4xx_HAL_Driver\stm32f4xx_hal_sd.o
 .ARM.attributes
                0x00000374       0x39 Drivers\STM32F4xx_HAL_Driver\stm32f4xx_hal_rcc.o
 .ARM.attributes
                0x000003ad       0x39 Drivers\STM32F4xx_HAL_Driver\stm32f4xx_hal_gpio.o
 .ARM.attributes
                0x000003e6       0x39 Drivers\STM32F4xx_HAL_Driver\stm32f4xx_hal_dma.o
 .ARM.attributes
                0x0000041f       0x39 Drivers\STM32F4xx_HAL_Driver\stm32f4xx_hal_cortex.o
 .ARM.attributes
                0x00000458       0x39 Drivers\STM32F4xx_HAL_Driver\stm32f4xx_hal.o
 .ARM.attributes
                0x00000491       0x39 Drivers\CMSIS\system_stm32f4xx.o
 .ARM.attributes
                0x000004ca       0x39 Application\User\stm32f4xx_it.o
 .ARM.attributes
                0x00000503       0x39 Application\User\stm32f4xx_hal_msp.o
 .ARM.attributes
                0x0000053c       0x39 Application\User\main.o
 .ARM.attributes
                0x00000575       0x39 Application\User\fatfs.o
 .ARM.attributes
                0x000005ae       0x39 Application\User\bsp_driver_sd.o
 .ARM.attributes
                0x000005e7       0x21 Application\TrueSTUDIO\startup_stm32f407xx.o
 .ARM.attributes
                0x00000608       0x34 g:/program files (x86)/atolic/truestudio for arm 5.4.0/armtools/bin/../lib/gcc/arm-atollic-eabi/4.8.3/../../../../arm-atollic-eabi/lib/armv7e-m/fpu\libc.a(lib_a-init.o)
 .ARM.attributes
                0x0000063c       0x34 g:/program files (x86)/atolic/truestudio for arm 5.4.0/armtools/bin/../lib/gcc/arm-atollic-eabi/4.8.3/../../../../arm-atollic-eabi/lib/armv7e-m/fpu\libc.a(lib_a-memcpy-stub.o)
 .ARM.attributes
                0x00000670       0x34 g:/program files (x86)/atolic/truestudio for arm 5.4.0/armtools/bin/../lib/gcc/arm-atollic-eabi/4.8.3/../../../../arm-atollic-eabi/lib/armv7e-m/fpu\libc.a(lib_a-memset.o)
 .ARM.attributes
                0x000006a4       0x22 g:/program files (x86)/atolic/truestudio for arm 5.4.0/armtools/bin/../lib/gcc/arm-atollic-eabi/4.8.3/armv7e-m/fpu/crtn.o
OUTPUT(su_sd_fr_test Configuration.elf elf32-littlearm)

.debug_info     0x00000000    0x17dcb
 .debug_info    0x00000000     0x26b3 Middlewares\FreeRTOS\tasks.o
 .debug_info    0x000026b3     0x194c Middlewares\FreeRTOS\queue.o
 .debug_info    0x00003fff      0x54d Middlewares\FreeRTOS\port.o
 .debug_info    0x0000454c      0x298 Middlewares\FreeRTOS\list.o
 .debug_info    0x000047e4      0x486 Middlewares\FreeRTOS\heap_4.o
 .debug_info    0x00004c6a     0x1f84 Middlewares\FreeRTOS\cmsis_os.o
 .debug_info    0x00006bee      0x322 Middlewares\FatFs\syscall.o
 .debug_info    0x00006f10      0x81a Middlewares\FatFs\sd_diskio.o
 .debug_info    0x0000772a      0x3f2 Middlewares\FatFs\ff_gen_drv.o
 .debug_info    0x00007b1c     0x3ab6 Middlewares\FatFs\ff.o
 .debug_info    0x0000b5d2      0x457 Middlewares\FatFs\diskio.o
 .debug_info    0x0000ba29      0x604 Drivers\STM32F4xx_HAL_Driver\stm32f4xx_ll_sdmmc.o
 .debug_info    0x0000c02d     0x1221 Drivers\STM32F4xx_HAL_Driver\stm32f4xx_hal_uart.o
 .debug_info    0x0000d24e     0x2953 Drivers\STM32F4xx_HAL_Driver\stm32f4xx_hal_sd.o
 .debug_info    0x0000fba1      0xced Drivers\STM32F4xx_HAL_Driver\stm32f4xx_hal_rcc.o
 .debug_info    0x0001088e      0x70e Drivers\STM32F4xx_HAL_Driver\stm32f4xx_hal_gpio.o
 .debug_info    0x00010f9c      0x7ed Drivers\STM32F4xx_HAL_Driver\stm32f4xx_hal_dma.o
 .debug_info    0x00011789      0xe76 Drivers\STM32F4xx_HAL_Driver\stm32f4xx_hal_cortex.o
 .debug_info    0x000125ff      0x91c Drivers\STM32F4xx_HAL_Driver\stm32f4xx_hal.o
 .debug_info    0x00012f1b      0x4a5 Drivers\CMSIS\system_stm32f4xx.o
 .debug_info    0x000133c0      0x882 Application\User\stm32f4xx_it.o
 .debug_info    0x00013c42     0x100b Application\User\stm32f4xx_hal_msp.o
 .debug_info    0x00014c4d     0x1e7e Application\User\main.o
 .debug_info    0x00016acb      0x2a7 Application\User\fatfs.o
 .debug_info    0x00016d72      0xf67 Application\User\bsp_driver_sd.o
 .debug_info    0x00017cd9       0xf2 Application\TrueSTUDIO\startup_stm32f407xx.o

.debug_abbrev   0x00000000     0x3a99
 .debug_abbrev  0x00000000      0x39b Middlewares\FreeRTOS\tasks.o
 .debug_abbrev  0x0000039b      0x31e Middlewares\FreeRTOS\queue.o
 .debug_abbrev  0x000006b9      0x220 Middlewares\FreeRTOS\port.o
 .debug_abbrev  0x000008d9       0xdc Middlewares\FreeRTOS\list.o
 .debug_abbrev  0x000009b5      0x243 Middlewares\FreeRTOS\heap_4.o
 .debug_abbrev  0x00000bf8      0x3d1 Middlewares\FreeRTOS\cmsis_os.o
 .debug_abbrev  0x00000fc9      0x16d Middlewares\FatFs\syscall.o
 .debug_abbrev  0x00001136      0x228 Middlewares\FatFs\sd_diskio.o
 .debug_abbrev  0x0000135e      0x177 Middlewares\FatFs\ff_gen_drv.o
 .debug_abbrev  0x000014d5      0x3dd Middlewares\FatFs\ff.o
 .debug_abbrev  0x000018b2      0x191 Middlewares\FatFs\diskio.o
 .debug_abbrev  0x00001a43      0x17c Drivers\STM32F4xx_HAL_Driver\stm32f4xx_ll_sdmmc.o
 .debug_abbrev  0x00001bbf      0x2be Drivers\STM32F4xx_HAL_Driver\stm32f4xx_hal_uart.o
 .debug_abbrev  0x00001e7d      0x347 Drivers\STM32F4xx_HAL_Driver\stm32f4xx_hal_sd.o
 .debug_abbrev  0x000021c4      0x320 Drivers\STM32F4xx_HAL_Driver\stm32f4xx_hal_rcc.o
 .debug_abbrev  0x000024e4      0x1c8 Drivers\STM32F4xx_HAL_Driver\stm32f4xx_hal_gpio.o
 .debug_abbrev  0x000026ac      0x26d Drivers\STM32F4xx_HAL_Driver\stm32f4xx_hal_dma.o
 .debug_abbrev  0x00002919      0x2e0 Drivers\STM32F4xx_HAL_Driver\stm32f4xx_hal_cortex.o
 .debug_abbrev  0x00002bf9      0x258 Drivers\STM32F4xx_HAL_Driver\stm32f4xx_hal.o
 .debug_abbrev  0x00002e51      0x101 Drivers\CMSIS\system_stm32f4xx.o
 .debug_abbrev  0x00002f52      0x18f Application\User\stm32f4xx_it.o
 .debug_abbrev  0x000030e1      0x1fa Application\User\stm32f4xx_hal_msp.o
 .debug_abbrev  0x000032db      0x389 Application\User\main.o
 .debug_abbrev  0x00003664      0x13c Application\User\fatfs.o
 .debug_abbrev  0x000037a0      0x2e7 Application\User\bsp_driver_sd.o
 .debug_abbrev  0x00003a87       0x12 Application\TrueSTUDIO\startup_stm32f407xx.o

.debug_loc      0x00000000     0xc950
 .debug_loc     0x00000000     0x15bd Middlewares\FreeRTOS\tasks.o
 .debug_loc     0x000015bd      0xb30 Middlewares\FreeRTOS\queue.o
 .debug_loc     0x000020ed       0x9a Middlewares\FreeRTOS\port.o
 .debug_loc     0x00002187       0x75 Middlewares\FreeRTOS\list.o
 .debug_loc     0x000021fc      0x3cc Middlewares\FreeRTOS\heap_4.o
 .debug_loc     0x000025c8     0x1171 Middlewares\FreeRTOS\cmsis_os.o
 .debug_loc     0x00003739       0xf5 Middlewares\FatFs\syscall.o
 .debug_loc     0x0000382e      0x31c Middlewares\FatFs\sd_diskio.o
 .debug_loc     0x00003b4a      0x235 Middlewares\FatFs\ff_gen_drv.o
 .debug_loc     0x00003d7f     0x41d8 Middlewares\FatFs\ff.o
 .debug_loc     0x00007f57      0x1fc Middlewares\FatFs\diskio.o
 .debug_loc     0x00008153      0x33b Drivers\STM32F4xx_HAL_Driver\stm32f4xx_ll_sdmmc.o
 .debug_loc     0x0000848e      0xe52 Drivers\STM32F4xx_HAL_Driver\stm32f4xx_hal_uart.o
 .debug_loc     0x000092e0     0x1d93 Drivers\STM32F4xx_HAL_Driver\stm32f4xx_hal_sd.o
 .debug_loc     0x0000b073      0x6b7 Drivers\STM32F4xx_HAL_Driver\stm32f4xx_hal_rcc.o
 .debug_loc     0x0000b72a      0x402 Drivers\STM32F4xx_HAL_Driver\stm32f4xx_hal_gpio.o
 .debug_loc     0x0000bb2c      0x4b8 Drivers\STM32F4xx_HAL_Driver\stm32f4xx_hal_dma.o
 .debug_loc     0x0000bfe4      0x422 Drivers\STM32F4xx_HAL_Driver\stm32f4xx_hal_cortex.o
 .debug_loc     0x0000c406       0x8e Drivers\STM32F4xx_HAL_Driver\stm32f4xx_hal.o
 .debug_loc     0x0000c494       0xc4 Drivers\CMSIS\system_stm32f4xx.o
 .debug_loc     0x0000c558       0xb0 Application\User\stm32f4xx_hal_msp.o
 .debug_loc     0x0000c608       0x34 Application\User\main.o
 .debug_loc     0x0000c63c      0x314 Application\User\bsp_driver_sd.o

.debug_aranges  0x00000000      0xee0
 .debug_aranges
                0x00000000      0x180 Middlewares\FreeRTOS\tasks.o
 .debug_aranges
                0x00000180       0xf0 Middlewares\FreeRTOS\queue.o
 .debug_aranges
                0x00000270       0x80 Middlewares\FreeRTOS\port.o
 .debug_aranges
                0x000002f0       0x40 Middlewares\FreeRTOS\list.o
 .debug_aranges
                0x00000330       0x48 Middlewares\FreeRTOS\heap_4.o
 .debug_aranges
                0x00000378      0x198 Middlewares\FreeRTOS\cmsis_os.o
 .debug_aranges
                0x00000510       0x38 Middlewares\FatFs\syscall.o
 .debug_aranges
                0x00000548       0x40 Middlewares\FatFs\sd_diskio.o
 .debug_aranges
                0x00000588       0x40 Middlewares\FatFs\ff_gen_drv.o
 .debug_aranges
                0x000005c8      0x1a0 Middlewares\FatFs\ff.o
 .debug_aranges
                0x00000768       0x48 Middlewares\FatFs\diskio.o
 .debug_aranges
                0x000007b0       0x80 Drivers\STM32F4xx_HAL_Driver\stm32f4xx_ll_sdmmc.o
 .debug_aranges
                0x00000830      0x138 Drivers\STM32F4xx_HAL_Driver\stm32f4xx_hal_uart.o
 .debug_aranges
                0x00000968      0x120 Drivers\STM32F4xx_HAL_Driver\stm32f4xx_hal_sd.o
 .debug_aranges
                0x00000a88       0x88 Drivers\STM32F4xx_HAL_Driver\stm32f4xx_hal_rcc.o
 .debug_aranges
                0x00000b10       0x58 Drivers\STM32F4xx_HAL_Driver\stm32f4xx_hal_gpio.o
 .debug_aranges
                0x00000b68       0x68 Drivers\STM32F4xx_HAL_Driver\stm32f4xx_hal_dma.o
 .debug_aranges
                0x00000bd0       0x98 Drivers\STM32F4xx_HAL_Driver\stm32f4xx_hal_cortex.o
 .debug_aranges
                0x00000c68       0xc0 Drivers\STM32F4xx_HAL_Driver\stm32f4xx_hal.o
 .debug_aranges
                0x00000d28       0x28 Drivers\CMSIS\system_stm32f4xx.o
 .debug_aranges
                0x00000d50       0x40 Application\User\stm32f4xx_it.o
 .debug_aranges
                0x00000d90       0x40 Application\User\stm32f4xx_hal_msp.o
 .debug_aranges
                0x00000dd0       0x30 Application\User\main.o
 .debug_aranges
                0x00000e00       0x28 Application\User\fatfs.o
 .debug_aranges
                0x00000e28       0x90 Application\User\bsp_driver_sd.o
 .debug_aranges
                0x00000eb8       0x28 Application\TrueSTUDIO\startup_stm32f407xx.o

.debug_ranges   0x00000000     0x11e0
 .debug_ranges  0x00000000      0x220 Middlewares\FreeRTOS\tasks.o
 .debug_ranges  0x00000220       0xe0 Middlewares\FreeRTOS\queue.o
 .debug_ranges  0x00000300       0x70 Middlewares\FreeRTOS\port.o
 .debug_ranges  0x00000370       0x30 Middlewares\FreeRTOS\list.o
 .debug_ranges  0x000003a0       0x38 Middlewares\FreeRTOS\heap_4.o
 .debug_ranges  0x000003d8      0x1a8 Middlewares\FreeRTOS\cmsis_os.o
 .debug_ranges  0x00000580       0x28 Middlewares\FatFs\syscall.o
 .debug_ranges  0x000005a8       0x30 Middlewares\FatFs\sd_diskio.o
 .debug_ranges  0x000005d8       0x30 Middlewares\FatFs\ff_gen_drv.o
 .debug_ranges  0x00000608      0x240 Middlewares\FatFs\ff.o
 .debug_ranges  0x00000848       0x38 Middlewares\FatFs\diskio.o
 .debug_ranges  0x00000880       0x70 Drivers\STM32F4xx_HAL_Driver\stm32f4xx_ll_sdmmc.o
 .debug_ranges  0x000008f0      0x128 Drivers\STM32F4xx_HAL_Driver\stm32f4xx_hal_uart.o
 .debug_ranges  0x00000a18      0x1c8 Drivers\STM32F4xx_HAL_Driver\stm32f4xx_hal_sd.o
 .debug_ranges  0x00000be0      0x170 Drivers\STM32F4xx_HAL_Driver\stm32f4xx_hal_rcc.o
 .debug_ranges  0x00000d50       0x48 Drivers\STM32F4xx_HAL_Driver\stm32f4xx_hal_gpio.o
 .debug_ranges  0x00000d98       0x58 Drivers\STM32F4xx_HAL_Driver\stm32f4xx_hal_dma.o
 .debug_ranges  0x00000df0       0xd8 Drivers\STM32F4xx_HAL_Driver\stm32f4xx_hal_cortex.o
 .debug_ranges  0x00000ec8       0xb0 Drivers\STM32F4xx_HAL_Driver\stm32f4xx_hal.o
 .debug_ranges  0x00000f78       0x18 Drivers\CMSIS\system_stm32f4xx.o
 .debug_ranges  0x00000f90       0x30 Application\User\stm32f4xx_it.o
 .debug_ranges  0x00000fc0       0x70 Application\User\stm32f4xx_hal_msp.o
 .debug_ranges  0x00001030       0xf8 Application\User\main.o
 .debug_ranges  0x00001128       0x18 Application\User\fatfs.o
 .debug_ranges  0x00001140       0x80 Application\User\bsp_driver_sd.o
 .debug_ranges  0x000011c0       0x20 Application\TrueSTUDIO\startup_stm32f407xx.o

.debug_line     0x00000000     0x7ff6
 .debug_line    0x00000000      0xbc0 Middlewares\FreeRTOS\tasks.o
 .debug_line    0x00000bc0      0x7e3 Middlewares\FreeRTOS\queue.o
 .debug_line    0x000013a3      0x34d Middlewares\FreeRTOS\port.o
 .debug_line    0x000016f0      0x24f Middlewares\FreeRTOS\list.o
 .debug_line    0x0000193f      0x380 Middlewares\FreeRTOS\heap_4.o
 .debug_line    0x00001cbf      0x89f Middlewares\FreeRTOS\cmsis_os.o
 .debug_line    0x0000255e      0x286 Middlewares\FatFs\syscall.o
 .debug_line    0x000027e4      0x296 Middlewares\FatFs\sd_diskio.o
 .debug_line    0x00002a7a      0x1fd Middlewares\FatFs\ff_gen_drv.o
 .debug_line    0x00002c77      0xfdc Middlewares\FatFs\ff.o
 .debug_line    0x00003c53      0x1f3 Middlewares\FatFs\diskio.o
 .debug_line    0x00003e46      0x32c Drivers\STM32F4xx_HAL_Driver\stm32f4xx_ll_sdmmc.o
 .debug_line    0x00004172      0x9c9 Drivers\STM32F4xx_HAL_Driver\stm32f4xx_hal_uart.o
 .debug_line    0x00004b3b      0xba1 Drivers\STM32F4xx_HAL_Driver\stm32f4xx_hal_sd.o
 .debug_line    0x000056dc      0x5f4 Drivers\STM32F4xx_HAL_Driver\stm32f4xx_hal_rcc.o
 .debug_line    0x00005cd0      0x3d2 Drivers\STM32F4xx_HAL_Driver\stm32f4xx_hal_gpio.o
 .debug_line    0x000060a2      0x47c Drivers\STM32F4xx_HAL_Driver\stm32f4xx_hal_dma.o
 .debug_line    0x0000651e      0x3f6 Drivers\STM32F4xx_HAL_Driver\stm32f4xx_hal_cortex.o
 .debug_line    0x00006914      0x3cc Drivers\STM32F4xx_HAL_Driver\stm32f4xx_hal.o
 .debug_line    0x00006ce0      0x200 Drivers\CMSIS\system_stm32f4xx.o
 .debug_line    0x00006ee0      0x2c3 Application\User\stm32f4xx_it.o
 .debug_line    0x000071a3      0x362 Application\User\stm32f4xx_hal_msp.o
 .debug_line    0x00007505      0x51b Application\User\main.o
 .debug_line    0x00007a20      0x1f2 Application\User\fatfs.o
 .debug_line    0x00007c12      0x330 Application\User\bsp_driver_sd.o
 .debug_line    0x00007f42       0xb4 Application\TrueSTUDIO\startup_stm32f407xx.o

.debug_str      0x00000000     0x553b
 .debug_str     0x00000000      0xf5c Middlewares\FreeRTOS\tasks.o
                               0x100e (size before relaxing)
 .debug_str     0x00000f5c      0x4bd Middlewares\FreeRTOS\queue.o
                                0xa05 (size before relaxing)
 .debug_str     0x00001419      0x1a2 Middlewares\FreeRTOS\port.o
                                0x4d9 (size before relaxing)
 .debug_str     0x000015bb       0x79 Middlewares\FreeRTOS\list.o
                                0x34f (size before relaxing)
 .debug_str     0x00001634      0x1e7 Middlewares\FreeRTOS\heap_4.o
                                0x443 (size before relaxing)
 .debug_str     0x0000181b      0x78c Middlewares\FreeRTOS\cmsis_os.o
                                0xe2f (size before relaxing)
 .debug_str     0x00001fa7       0xa0 Middlewares\FatFs\syscall.o
                                0x40e (size before relaxing)
 .debug_str     0x00002047      0x475 Middlewares\FatFs\sd_diskio.o
                                0x6b9 (size before relaxing)
 .debug_str     0x000024bc       0xcc Middlewares\FatFs\ff_gen_drv.o
                                0x379 (size before relaxing)
 .debug_str     0x00002588      0x53d Middlewares\FatFs\ff.o
                                0x88b (size before relaxing)
 .debug_str     0x00002ac5       0x34 Middlewares\FatFs\diskio.o
                                0x314 (size before relaxing)
 .debug_str     0x00002af9      0x31e Drivers\STM32F4xx_HAL_Driver\stm32f4xx_ll_sdmmc.o
                                0x53a (size before relaxing)
 .debug_str     0x00002e17      0x7d6 Drivers\STM32F4xx_HAL_Driver\stm32f4xx_hal_uart.o
                                0xacd (size before relaxing)
 .debug_str     0x000035ed      0xa56 Drivers\STM32F4xx_HAL_Driver\stm32f4xx_hal_sd.o
                               0x14e5 (size before relaxing)
 .debug_str     0x00004043      0x42c Drivers\STM32F4xx_HAL_Driver\stm32f4xx_hal_rcc.o
                                0x72c (size before relaxing)
 .debug_str     0x0000446f      0x16c Drivers\STM32F4xx_HAL_Driver\stm32f4xx_hal_gpio.o
                                0x551 (size before relaxing)
 .debug_str     0x000045db      0x173 Drivers\STM32F4xx_HAL_Driver\stm32f4xx_hal_dma.o
                                0x6c3 (size before relaxing)
 .debug_str     0x0000474e      0x8ce Drivers\STM32F4xx_HAL_Driver\stm32f4xx_hal_cortex.o
                                0xc49 (size before relaxing)
 .debug_str     0x0000501c      0x1e7 Drivers\STM32F4xx_HAL_Driver\stm32f4xx_hal.o
                                0xb03 (size before relaxing)
 .debug_str     0x00005203       0x7a Drivers\CMSIS\system_stm32f4xx.o
                                0x402 (size before relaxing)
 .debug_str     0x0000527d       0x9f Application\User\stm32f4xx_it.o
                                0x865 (size before relaxing)
 .debug_str     0x0000531c       0x21 Application\User\stm32f4xx_hal_msp.o
                                0xf2c (size before relaxing)
 .debug_str     0x0000533d       0xe1 Application\User\main.o
                               0x1891 (size before relaxing)
 .debug_str     0x0000541e       0x1b Application\User\fatfs.o
                                0x300 (size before relaxing)
 .debug_str     0x00005439      0x102 Application\User\bsp_driver_sd.o
                                0xea0 (size before relaxing)

.comment        0x00000000       0x82
 .comment       0x00000000       0x82 Middlewares\FreeRTOS\tasks.o
                                 0x83 (size before relaxing)
 .comment       0x00000000       0x83 Middlewares\FreeRTOS\queue.o
 .comment       0x00000000       0x83 Middlewares\FreeRTOS\port.o
 .comment       0x00000000       0x83 Middlewares\FreeRTOS\list.o
 .comment       0x00000000       0x83 Middlewares\FreeRTOS\heap_4.o
 .comment       0x00000000       0x83 Middlewares\FreeRTOS\cmsis_os.o
 .comment       0x00000000       0x83 Middlewares\FatFs\syscall.o
 .comment       0x00000000       0x83 Middlewares\FatFs\sd_diskio.o
 .comment       0x00000000       0x83 Middlewares\FatFs\ff_gen_drv.o
 .comment       0x00000000       0x83 Middlewares\FatFs\ff.o
 .comment       0x00000000       0x83 Middlewares\FatFs\diskio.o
 .comment       0x00000000       0x83 Drivers\STM32F4xx_HAL_Driver\stm32f4xx_ll_sdmmc.o
 .comment       0x00000000       0x83 Drivers\STM32F4xx_HAL_Driver\stm32f4xx_hal_uart.o
 .comment       0x00000000       0x83 Drivers\STM32F4xx_HAL_Driver\stm32f4xx_hal_sd.o
 .comment       0x00000000       0x83 Drivers\STM32F4xx_HAL_Driver\stm32f4xx_hal_rcc.o
 .comment       0x00000000       0x83 Drivers\STM32F4xx_HAL_Driver\stm32f4xx_hal_gpio.o
 .comment       0x00000000       0x83 Drivers\STM32F4xx_HAL_Driver\stm32f4xx_hal_dma.o
 .comment       0x00000000       0x83 Drivers\STM32F4xx_HAL_Driver\stm32f4xx_hal_cortex.o
 .comment       0x00000000       0x83 Drivers\STM32F4xx_HAL_Driver\stm32f4xx_hal.o
 .comment       0x00000000       0x83 Drivers\CMSIS\system_stm32f4xx.o
 .comment       0x00000000       0x83 Application\User\stm32f4xx_it.o
 .comment       0x00000000       0x83 Application\User\stm32f4xx_hal_msp.o
 .comment       0x00000000       0x83 Application\User\main.o
 .comment       0x00000000       0x83 Application\User\fatfs.o
 .comment       0x00000000       0x83 Application\User\bsp_driver_sd.o

.debug_frame    0x00000000     0x2694
 .debug_frame   0x00000000      0x480 Middlewares\FreeRTOS\tasks.o
 .debug_frame   0x00000480      0x2c0 Middlewares\FreeRTOS\queue.o
 .debug_frame   0x00000740       0xf4 Middlewares\FreeRTOS\port.o
 .debug_frame   0x00000834       0x6c Middlewares\FreeRTOS\list.o
 .debug_frame   0x000008a0       0x90 Middlewares\FreeRTOS\heap_4.o
 .debug_frame   0x00000930      0x488 Middlewares\FreeRTOS\cmsis_os.o
 .debug_frame   0x00000db8       0x6c Middlewares\FatFs\syscall.o
 .debug_frame   0x00000e24       0x94 Middlewares\FatFs\sd_diskio.o
 .debug_frame   0x00000eb8       0x6c Middlewares\FatFs\ff_gen_drv.o
 .debug_frame   0x00000f24      0x5d0 Middlewares\FatFs\ff.o
 .debug_frame   0x000014f4       0xa0 Middlewares\FatFs\diskio.o
 .debug_frame   0x00001594      0x100 Drivers\STM32F4xx_HAL_Driver\stm32f4xx_ll_sdmmc.o
 .debug_frame   0x00001694      0x314 Drivers\STM32F4xx_HAL_Driver\stm32f4xx_hal_uart.o
 .debug_frame   0x000019a8      0x37c Drivers\STM32F4xx_HAL_Driver\stm32f4xx_hal_sd.o
 .debug_frame   0x00001d24      0x148 Drivers\STM32F4xx_HAL_Driver\stm32f4xx_hal_rcc.o
 .debug_frame   0x00001e6c       0xc8 Drivers\STM32F4xx_HAL_Driver\stm32f4xx_hal_gpio.o
 .debug_frame   0x00001f34      0x110 Drivers\STM32F4xx_HAL_Driver\stm32f4xx_hal_dma.o
 .debug_frame   0x00002044      0x130 Drivers\STM32F4xx_HAL_Driver\stm32f4xx_hal_cortex.o
 .debug_frame   0x00002174      0x184 Drivers\STM32F4xx_HAL_Driver\stm32f4xx_hal.o
 .debug_frame   0x000022f8       0x30 Drivers\CMSIS\system_stm32f4xx.o
 .debug_frame   0x00002328       0x60 Application\User\stm32f4xx_it.o
 .debug_frame   0x00002388       0x9c Application\User\stm32f4xx_hal_msp.o
 .debug_frame   0x00002424       0x74 Application\User\main.o
 .debug_frame   0x00002498       0x38 Application\User\fatfs.o
 .debug_frame   0x000024d0      0x150 Application\User\bsp_driver_sd.o
 .debug_frame   0x00002620       0x2c g:/program files (x86)/atolic/truestudio for arm 5.4.0/armtools/bin/../lib/gcc/arm-atollic-eabi/4.8.3/../../../../arm-atollic-eabi/lib/armv7e-m/fpu\libc.a(lib_a-init.o)
 .debug_frame   0x0000264c       0x28 g:/program files (x86)/atolic/truestudio for arm 5.4.0/armtools/bin/../lib/gcc/arm-atollic-eabi/4.8.3/../../../../arm-atollic-eabi/lib/armv7e-m/fpu\libc.a(lib_a-memcpy-stub.o)
 .debug_frame   0x00002674       0x20 g:/program files (x86)/atolic/truestudio for arm 5.4.0/armtools/bin/../lib/gcc/arm-atollic-eabi/4.8.3/../../../../arm-atollic-eabi/lib/armv7e-m/fpu\libc.a(lib_a-memset.o)

Cross Reference Table

Symbol                                            File
ADC_IRQHandler                                    Application\TrueSTUDIO\startup_stm32f407xx.o
AHBPrescTable                                     Drivers\CMSIS\system_stm32f4xx.o
APBAHBPrescTable                                  Drivers\STM32F4xx_HAL_Driver\stm32f4xx_hal_rcc.o
BSP_SD_DMA_Rx_IRQHandler                          Application\User\bsp_driver_sd.o
BSP_SD_DMA_Tx_IRQHandler                          Application\User\bsp_driver_sd.o
BSP_SD_DetectCallback                             Application\User\bsp_driver_sd.o
BSP_SD_DetectIT                                   Application\User\bsp_driver_sd.o
BSP_SD_Erase                                      Application\User\bsp_driver_sd.o
BSP_SD_GetCardInfo                                Application\User\bsp_driver_sd.o
                                                  Middlewares\FatFs\sd_diskio.o
BSP_SD_GetStatus                                  Application\User\bsp_driver_sd.o
                                                  Middlewares\FatFs\sd_diskio.o
BSP_SD_IRQHandler                                 Application\User\bsp_driver_sd.o
BSP_SD_ITConfig                                   Application\User\bsp_driver_sd.o
BSP_SD_Init                                       Application\User\bsp_driver_sd.o
                                                  Middlewares\FatFs\sd_diskio.o
BSP_SD_IsDetected                                 Application\User\bsp_driver_sd.o
BSP_SD_ReadBlocks                                 Application\User\bsp_driver_sd.o
BSP_SD_ReadBlocks_DMA                             Application\User\bsp_driver_sd.o
                                                  Middlewares\FatFs\sd_diskio.o
BSP_SD_WriteBlocks                                Application\User\bsp_driver_sd.o
BSP_SD_WriteBlocks_DMA                            Application\User\bsp_driver_sd.o
                                                  Middlewares\FatFs\sd_diskio.o
BusFault_Handler                                  Application\TrueSTUDIO\startup_stm32f407xx.o
CAN1_RX0_IRQHandler                               Application\TrueSTUDIO\startup_stm32f407xx.o
CAN1_RX1_IRQHandler                               Application\TrueSTUDIO\startup_stm32f407xx.o
CAN1_SCE_IRQHandler                               Application\TrueSTUDIO\startup_stm32f407xx.o
CAN1_TX_IRQHandler                                Application\TrueSTUDIO\startup_stm32f407xx.o
CAN2_RX0_IRQHandler                               Application\TrueSTUDIO\startup_stm32f407xx.o
CAN2_RX1_IRQHandler                               Application\TrueSTUDIO\startup_stm32f407xx.o
CAN2_SCE_IRQHandler                               Application\TrueSTUDIO\startup_stm32f407xx.o
CAN2_TX_IRQHandler                                Application\TrueSTUDIO\startup_stm32f407xx.o
DCMI_IRQHandler                                   Application\TrueSTUDIO\startup_stm32f407xx.o
DMA1_Stream0_IRQHandler                           Application\TrueSTUDIO\startup_stm32f407xx.o
DMA1_Stream1_IRQHandler                           Application\TrueSTUDIO\startup_stm32f407xx.o
DMA1_Stream2_IRQHandler                           Application\TrueSTUDIO\startup_stm32f407xx.o
DMA1_Stream3_IRQHandler                           Application\TrueSTUDIO\startup_stm32f407xx.o
DMA1_Stream4_IRQHandler                           Application\TrueSTUDIO\startup_stm32f407xx.o
DMA1_Stream5_IRQHandler                           Application\TrueSTUDIO\startup_stm32f407xx.o
DMA1_Stream6_IRQHandler                           Application\TrueSTUDIO\startup_stm32f407xx.o
DMA1_Stream7_IRQHandler                           Application\TrueSTUDIO\startup_stm32f407xx.o
DMA2_Stream0_IRQHandler                           Application\TrueSTUDIO\startup_stm32f407xx.o
DMA2_Stream1_IRQHandler                           Application\TrueSTUDIO\startup_stm32f407xx.o
DMA2_Stream2_IRQHandler                           Application\TrueSTUDIO\startup_stm32f407xx.o
DMA2_Stream3_IRQHandler                           Application\User\stm32f4xx_it.o
DMA2_Stream4_IRQHandler                           Application\TrueSTUDIO\startup_stm32f407xx.o
DMA2_Stream5_IRQHandler                           Application\TrueSTUDIO\startup_stm32f407xx.o
DMA2_Stream6_IRQHandler                           Application\User\stm32f4xx_it.o
DMA2_Stream7_IRQHandler                           Application\TrueSTUDIO\startup_stm32f407xx.o
DebugMon_Handler                                  Application\TrueSTUDIO\startup_stm32f407xx.o
Default_Handler                                   Application\TrueSTUDIO\startup_stm32f407xx.o
ETH_IRQHandler                                    Application\TrueSTUDIO\startup_stm32f407xx.o
ETH_WKUP_IRQHandler                               Application\TrueSTUDIO\startup_stm32f407xx.o
EXTI0_IRQHandler                                  Application\TrueSTUDIO\startup_stm32f407xx.o
EXTI15_10_IRQHandler                              Application\TrueSTUDIO\startup_stm32f407xx.o
EXTI1_IRQHandler                                  Application\TrueSTUDIO\startup_stm32f407xx.o
EXTI2_IRQHandler                                  Application\TrueSTUDIO\startup_stm32f407xx.o
EXTI3_IRQHandler                                  Application\TrueSTUDIO\startup_stm32f407xx.o
EXTI4_IRQHandler                                  Application\TrueSTUDIO\startup_stm32f407xx.o
EXTI9_5_IRQHandler                                Application\TrueSTUDIO\startup_stm32f407xx.o
FATFS_GetAttachedDriversNbr                       Middlewares\FatFs\ff_gen_drv.o
FATFS_LinkDriver                                  Middlewares\FatFs\ff_gen_drv.o
                                                  Application\User\fatfs.o
FATFS_LinkDriverEx                                Middlewares\FatFs\ff_gen_drv.o
FATFS_UnLinkDriver                                Middlewares\FatFs\ff_gen_drv.o
FATFS_UnLinkDriverEx                              Middlewares\FatFs\ff_gen_drv.o
FLASH_Erase_Sector                                Drivers\STM32F4xx_HAL_Driver\stm32f4xx_hal_flash_ex.o
                                                  Drivers\STM32F4xx_HAL_Driver\stm32f4xx_hal_flash.o
FLASH_FlushCaches                                 Drivers\STM32F4xx_HAL_Driver\stm32f4xx_hal_flash_ex.o
                                                  Drivers\STM32F4xx_HAL_Driver\stm32f4xx_hal_flash.o
FLASH_IRQHandler                                  Application\TrueSTUDIO\startup_stm32f407xx.o
FLASH_WaitForLastOperation                        Drivers\STM32F4xx_HAL_Driver\stm32f4xx_hal_flash.o
                                                  Drivers\STM32F4xx_HAL_Driver\stm32f4xx_hal_flash_ex.o
FPU_IRQHandler                                    Application\TrueSTUDIO\startup_stm32f407xx.o
FSMC_IRQHandler                                   Application\TrueSTUDIO\startup_stm32f407xx.o
HAL_DBGMCU_DisableDBGSleepMode                    Drivers\STM32F4xx_HAL_Driver\stm32f4xx_hal.o
HAL_DBGMCU_DisableDBGStandbyMode                  Drivers\STM32F4xx_HAL_Driver\stm32f4xx_hal.o
HAL_DBGMCU_DisableDBGStopMode                     Drivers\STM32F4xx_HAL_Driver\stm32f4xx_hal.o
HAL_DBGMCU_EnableDBGSleepMode                     Drivers\STM32F4xx_HAL_Driver\stm32f4xx_hal.o
HAL_DBGMCU_EnableDBGStandbyMode                   Drivers\STM32F4xx_HAL_Driver\stm32f4xx_hal.o
HAL_DBGMCU_EnableDBGStopMode                      Drivers\STM32F4xx_HAL_Driver\stm32f4xx_hal.o
HAL_DMAEx_ChangeMemory                            Drivers\STM32F4xx_HAL_Driver\stm32f4xx_hal_dma_ex.o
HAL_DMAEx_MultiBufferStart                        Drivers\STM32F4xx_HAL_Driver\stm32f4xx_hal_dma_ex.o
HAL_DMAEx_MultiBufferStart_IT                     Drivers\STM32F4xx_HAL_Driver\stm32f4xx_hal_dma_ex.o
HAL_DMA_Abort                                     Drivers\STM32F4xx_HAL_Driver\stm32f4xx_hal_dma.o
                                                  Drivers\STM32F4xx_HAL_Driver\stm32f4xx_hal_sd.o
                                                  Drivers\STM32F4xx_HAL_Driver\stm32f4xx_hal_uart.o
HAL_DMA_DeInit                                    Drivers\STM32F4xx_HAL_Driver\stm32f4xx_hal_dma.o
                                                  Application\User\stm32f4xx_hal_msp.o
HAL_DMA_GetError                                  Drivers\STM32F4xx_HAL_Driver\stm32f4xx_hal_dma.o
HAL_DMA_GetState                                  Drivers\STM32F4xx_HAL_Driver\stm32f4xx_hal_dma.o
HAL_DMA_IRQHandler                                Drivers\STM32F4xx_HAL_Driver\stm32f4xx_hal_dma.o
                                                  Application\User\bsp_driver_sd.o
                                                  Application\User\stm32f4xx_it.o
HAL_DMA_Init                                      Drivers\STM32F4xx_HAL_Driver\stm32f4xx_hal_dma.o
                                                  Application\User\stm32f4xx_hal_msp.o
HAL_DMA_PollForTransfer                           Drivers\STM32F4xx_HAL_Driver\stm32f4xx_hal_dma.o
HAL_DMA_Start                                     Drivers\STM32F4xx_HAL_Driver\stm32f4xx_hal_dma.o
HAL_DMA_Start_IT                                  Drivers\STM32F4xx_HAL_Driver\stm32f4xx_hal_dma.o
                                                  Drivers\STM32F4xx_HAL_Driver\stm32f4xx_hal_sd.o
                                                  Drivers\STM32F4xx_HAL_Driver\stm32f4xx_hal_uart.o
HAL_DeInit                                        Drivers\STM32F4xx_HAL_Driver\stm32f4xx_hal.o
HAL_Delay                                         Drivers\STM32F4xx_HAL_Driver\stm32f4xx_hal.o
                                                  Drivers\STM32F4xx_HAL_Driver\stm32f4xx_hal_sd.o
HAL_DisableCompensationCell                       Drivers\STM32F4xx_HAL_Driver\stm32f4xx_hal.o
HAL_EnableCompensationCell                        Drivers\STM32F4xx_HAL_Driver\stm32f4xx_hal.o
HAL_FLASHEx_Erase                                 Drivers\STM32F4xx_HAL_Driver\stm32f4xx_hal_flash_ex.o
HAL_FLASHEx_Erase_IT                              Drivers\STM32F4xx_HAL_Driver\stm32f4xx_hal_flash_ex.o
HAL_FLASHEx_OBGetConfig                           Drivers\STM32F4xx_HAL_Driver\stm32f4xx_hal_flash_ex.o
HAL_FLASHEx_OBProgram                             Drivers\STM32F4xx_HAL_Driver\stm32f4xx_hal_flash_ex.o
HAL_FLASH_EndOfOperationCallback                  Drivers\STM32F4xx_HAL_Driver\stm32f4xx_hal_flash.o
HAL_FLASH_GetError                                Drivers\STM32F4xx_HAL_Driver\stm32f4xx_hal_flash.o
HAL_FLASH_IRQHandler                              Drivers\STM32F4xx_HAL_Driver\stm32f4xx_hal_flash.o
HAL_FLASH_Lock                                    Drivers\STM32F4xx_HAL_Driver\stm32f4xx_hal_flash.o
HAL_FLASH_OB_Launch                               Drivers\STM32F4xx_HAL_Driver\stm32f4xx_hal_flash.o
HAL_FLASH_OB_Lock                                 Drivers\STM32F4xx_HAL_Driver\stm32f4xx_hal_flash.o
HAL_FLASH_OB_Unlock                               Drivers\STM32F4xx_HAL_Driver\stm32f4xx_hal_flash.o
HAL_FLASH_OperationErrorCallback                  Drivers\STM32F4xx_HAL_Driver\stm32f4xx_hal_flash.o
HAL_FLASH_Program                                 Drivers\STM32F4xx_HAL_Driver\stm32f4xx_hal_flash.o
HAL_FLASH_Program_IT                              Drivers\STM32F4xx_HAL_Driver\stm32f4xx_hal_flash.o
HAL_FLASH_Unlock                                  Drivers\STM32F4xx_HAL_Driver\stm32f4xx_hal_flash.o
HAL_GPIO_DeInit                                   Drivers\STM32F4xx_HAL_Driver\stm32f4xx_hal_gpio.o
                                                  Application\User\stm32f4xx_hal_msp.o
HAL_GPIO_EXTI_Callback                            Drivers\STM32F4xx_HAL_Driver\stm32f4xx_hal_gpio.o
HAL_GPIO_EXTI_IRQHandler                          Drivers\STM32F4xx_HAL_Driver\stm32f4xx_hal_gpio.o
HAL_GPIO_Init                                     Drivers\STM32F4xx_HAL_Driver\stm32f4xx_hal_gpio.o
                                                  Application\User\main.o
                                                  Application\User\stm32f4xx_hal_msp.o
                                                  Drivers\STM32F4xx_HAL_Driver\stm32f4xx_hal_rcc.o
HAL_GPIO_LockPin                                  Drivers\STM32F4xx_HAL_Driver\stm32f4xx_hal_gpio.o
HAL_GPIO_ReadPin                                  Drivers\STM32F4xx_HAL_Driver\stm32f4xx_hal_gpio.o
HAL_GPIO_TogglePin                                Drivers\STM32F4xx_HAL_Driver\stm32f4xx_hal_gpio.o
HAL_GPIO_WritePin                                 Drivers\STM32F4xx_HAL_Driver\stm32f4xx_hal_gpio.o
HAL_GetDEVID                                      Drivers\STM32F4xx_HAL_Driver\stm32f4xx_hal.o
HAL_GetHalVersion                                 Drivers\STM32F4xx_HAL_Driver\stm32f4xx_hal.o
HAL_GetREVID                                      Drivers\STM32F4xx_HAL_Driver\stm32f4xx_hal.o
HAL_GetTick                                       Drivers\STM32F4xx_HAL_Driver\stm32f4xx_hal.o
                                                  Drivers\STM32F4xx_HAL_Driver\stm32f4xx_hal_dma.o
                                                  Drivers\STM32F4xx_HAL_Driver\stm32f4xx_hal_flash.o
                                                  Drivers\STM32F4xx_HAL_Driver\stm32f4xx_hal_pwr_ex.o
                                                  Drivers\STM32F4xx_HAL_Driver\stm32f4xx_hal_rcc.o
                                                  Drivers\STM32F4xx_HAL_Driver\stm32f4xx_hal_rcc_ex.o
                                                  Drivers\STM32F4xx_HAL_Driver\stm32f4xx_hal_uart.o
HAL_HalfDuplex_EnableReceiver                     Drivers\STM32F4xx_HAL_Driver\stm32f4xx_hal_uart.o
HAL_HalfDuplex_EnableTransmitter                  Drivers\STM32F4xx_HAL_Driver\stm32f4xx_hal_uart.o
HAL_HalfDuplex_Init                               Drivers\STM32F4xx_HAL_Driver\stm32f4xx_hal_uart.o
HAL_IncTick                                       Drivers\STM32F4xx_HAL_Driver\stm32f4xx_hal.o
HAL_Init                                          Drivers\STM32F4xx_HAL_Driver\stm32f4xx_hal.o
                                                  Application\User\main.o
HAL_InitTick                                      Drivers\STM32F4xx_HAL_Driver\stm32f4xx_hal.o
                                                  Drivers\STM32F4xx_HAL_Driver\stm32f4xx_hal_rcc.o
HAL_LIN_Init                                      Drivers\STM32F4xx_HAL_Driver\stm32f4xx_hal_uart.o
HAL_LIN_SendBreak                                 Drivers\STM32F4xx_HAL_Driver\stm32f4xx_hal_uart.o
HAL_MPU_ConfigRegion                              Drivers\STM32F4xx_HAL_Driver\stm32f4xx_hal_cortex.o
HAL_MspDeInit                                     Drivers\STM32F4xx_HAL_Driver\stm32f4xx_hal.o
HAL_MspInit                                       Application\User\stm32f4xx_hal_msp.o
                                                  Drivers\STM32F4xx_HAL_Driver\stm32f4xx_hal.o
HAL_MultiProcessor_EnterMuteMode                  Drivers\STM32F4xx_HAL_Driver\stm32f4xx_hal_uart.o
HAL_MultiProcessor_ExitMuteMode                   Drivers\STM32F4xx_HAL_Driver\stm32f4xx_hal_uart.o
HAL_MultiProcessor_Init                           Drivers\STM32F4xx_HAL_Driver\stm32f4xx_hal_uart.o
HAL_NVIC_ClearPendingIRQ                          Drivers\STM32F4xx_HAL_Driver\stm32f4xx_hal_cortex.o
HAL_NVIC_DisableIRQ                               Drivers\STM32F4xx_HAL_Driver\stm32f4xx_hal_cortex.o
                                                  Application\User\stm32f4xx_hal_msp.o
HAL_NVIC_EnableIRQ                                Drivers\STM32F4xx_HAL_Driver\stm32f4xx_hal_cortex.o
                                                  Application\User\main.o
                                                  Application\User\stm32f4xx_hal_msp.o
HAL_NVIC_GetActive                                Drivers\STM32F4xx_HAL_Driver\stm32f4xx_hal_cortex.o
HAL_NVIC_GetPendingIRQ                            Drivers\STM32F4xx_HAL_Driver\stm32f4xx_hal_cortex.o
HAL_NVIC_GetPriority                              Drivers\STM32F4xx_HAL_Driver\stm32f4xx_hal_cortex.o
HAL_NVIC_GetPriorityGrouping                      Drivers\STM32F4xx_HAL_Driver\stm32f4xx_hal_cortex.o
HAL_NVIC_SetPendingIRQ                            Drivers\STM32F4xx_HAL_Driver\stm32f4xx_hal_cortex.o
HAL_NVIC_SetPriority                              Drivers\STM32F4xx_HAL_Driver\stm32f4xx_hal_cortex.o
                                                  Application\User\main.o
                                                  Application\User\stm32f4xx_hal_msp.o
                                                  Drivers\STM32F4xx_HAL_Driver\stm32f4xx_hal.o
HAL_NVIC_SetPriorityGrouping                      Drivers\STM32F4xx_HAL_Driver\stm32f4xx_hal_cortex.o
                                                  Application\User\stm32f4xx_hal_msp.o
                                                  Drivers\STM32F4xx_HAL_Driver\stm32f4xx_hal.o
HAL_NVIC_SystemReset                              Drivers\STM32F4xx_HAL_Driver\stm32f4xx_hal_cortex.o
HAL_PWREx_ControlVoltageScaling                   Drivers\STM32F4xx_HAL_Driver\stm32f4xx_hal_pwr_ex.o
HAL_PWREx_DisableBkUpReg                          Drivers\STM32F4xx_HAL_Driver\stm32f4xx_hal_pwr_ex.o
HAL_PWREx_DisableFlashPowerDown                   Drivers\STM32F4xx_HAL_Driver\stm32f4xx_hal_pwr_ex.o
HAL_PWREx_EnableBkUpReg                           Drivers\STM32F4xx_HAL_Driver\stm32f4xx_hal_pwr_ex.o
HAL_PWREx_EnableFlashPowerDown                    Drivers\STM32F4xx_HAL_Driver\stm32f4xx_hal_pwr_ex.o
HAL_PWREx_GetVoltageRange                         Drivers\STM32F4xx_HAL_Driver\stm32f4xx_hal_pwr_ex.o
HAL_PWR_ConfigPVD                                 Drivers\STM32F4xx_HAL_Driver\stm32f4xx_hal_pwr.o
HAL_PWR_DeInit                                    Drivers\STM32F4xx_HAL_Driver\stm32f4xx_hal_pwr.o
HAL_PWR_DisableBkUpAccess                         Drivers\STM32F4xx_HAL_Driver\stm32f4xx_hal_pwr.o
HAL_PWR_DisablePVD                                Drivers\STM32F4xx_HAL_Driver\stm32f4xx_hal_pwr.o
HAL_PWR_DisableSEVOnPend                          Drivers\STM32F4xx_HAL_Driver\stm32f4xx_hal_pwr.o
HAL_PWR_DisableSleepOnExit                        Drivers\STM32F4xx_HAL_Driver\stm32f4xx_hal_pwr.o
HAL_PWR_DisableWakeUpPin                          Drivers\STM32F4xx_HAL_Driver\stm32f4xx_hal_pwr.o
HAL_PWR_EnableBkUpAccess                          Drivers\STM32F4xx_HAL_Driver\stm32f4xx_hal_pwr.o
HAL_PWR_EnablePVD                                 Drivers\STM32F4xx_HAL_Driver\stm32f4xx_hal_pwr.o
HAL_PWR_EnableSEVOnPend                           Drivers\STM32F4xx_HAL_Driver\stm32f4xx_hal_pwr.o
HAL_PWR_EnableSleepOnExit                         Drivers\STM32F4xx_HAL_Driver\stm32f4xx_hal_pwr.o
HAL_PWR_EnableWakeUpPin                           Drivers\STM32F4xx_HAL_Driver\stm32f4xx_hal_pwr.o
HAL_PWR_EnterSLEEPMode                            Drivers\STM32F4xx_HAL_Driver\stm32f4xx_hal_pwr.o
HAL_PWR_EnterSTANDBYMode                          Drivers\STM32F4xx_HAL_Driver\stm32f4xx_hal_pwr.o
HAL_PWR_EnterSTOPMode                             Drivers\STM32F4xx_HAL_Driver\stm32f4xx_hal_pwr.o
HAL_PWR_PVDCallback                               Drivers\STM32F4xx_HAL_Driver\stm32f4xx_hal_pwr.o
HAL_PWR_PVD_IRQHandler                            Drivers\STM32F4xx_HAL_Driver\stm32f4xx_hal_pwr.o
HAL_RCCEx_GetPeriphCLKConfig                      Drivers\STM32F4xx_HAL_Driver\stm32f4xx_hal_rcc_ex.o
HAL_RCCEx_PeriphCLKConfig                         Drivers\STM32F4xx_HAL_Driver\stm32f4xx_hal_rcc_ex.o
HAL_RCC_CSSCallback                               Drivers\STM32F4xx_HAL_Driver\stm32f4xx_hal_rcc.o
HAL_RCC_ClockConfig                               Drivers\STM32F4xx_HAL_Driver\stm32f4xx_hal_rcc.o
                                                  Application\User\main.o
HAL_RCC_DeInit                                    Drivers\STM32F4xx_HAL_Driver\stm32f4xx_hal_rcc_ex.o
HAL_RCC_DisableCSS                                Drivers\STM32F4xx_HAL_Driver\stm32f4xx_hal_rcc.o
HAL_RCC_EnableCSS                                 Drivers\STM32F4xx_HAL_Driver\stm32f4xx_hal_rcc.o
HAL_RCC_GetClockConfig                            Drivers\STM32F4xx_HAL_Driver\stm32f4xx_hal_rcc.o
HAL_RCC_GetHCLKFreq                               Drivers\STM32F4xx_HAL_Driver\stm32f4xx_hal_rcc.o
                                                  Application\User\main.o
                                                  Drivers\STM32F4xx_HAL_Driver\stm32f4xx_hal.o
HAL_RCC_GetOscConfig                              Drivers\STM32F4xx_HAL_Driver\stm32f4xx_hal_rcc.o
HAL_RCC_GetPCLK1Freq                              Drivers\STM32F4xx_HAL_Driver\stm32f4xx_hal_rcc.o
                                                  Drivers\STM32F4xx_HAL_Driver\stm32f4xx_hal_uart.o
HAL_RCC_GetPCLK2Freq                              Drivers\STM32F4xx_HAL_Driver\stm32f4xx_hal_rcc.o
                                                  Drivers\STM32F4xx_HAL_Driver\stm32f4xx_hal_uart.o
HAL_RCC_GetSysClockFreq                           Drivers\STM32F4xx_HAL_Driver\stm32f4xx_hal_rcc.o
HAL_RCC_MCOConfig                                 Drivers\STM32F4xx_HAL_Driver\stm32f4xx_hal_rcc.o
HAL_RCC_NMI_IRQHandler                            Drivers\STM32F4xx_HAL_Driver\stm32f4xx_hal_rcc.o
HAL_RCC_OscConfig                                 Drivers\STM32F4xx_HAL_Driver\stm32f4xx_hal_rcc.o
                                                  Application\User\main.o
HAL_ResumeTick                                    Drivers\STM32F4xx_HAL_Driver\stm32f4xx_hal.o
HAL_SD_CheckReadOperation                         Drivers\STM32F4xx_HAL_Driver\stm32f4xx_hal_sd.o
                                                  Application\User\bsp_driver_sd.o
HAL_SD_CheckWriteOperation                        Drivers\STM32F4xx_HAL_Driver\stm32f4xx_hal_sd.o
                                                  Application\User\bsp_driver_sd.o
HAL_SD_DMA_RxCpltCallback                         Drivers\STM32F4xx_HAL_Driver\stm32f4xx_hal_sd.o
HAL_SD_DMA_RxErrorCallback                        Drivers\STM32F4xx_HAL_Driver\stm32f4xx_hal_sd.o
HAL_SD_DMA_TxCpltCallback                         Drivers\STM32F4xx_HAL_Driver\stm32f4xx_hal_sd.o
HAL_SD_DMA_TxErrorCallback                        Drivers\STM32F4xx_HAL_Driver\stm32f4xx_hal_sd.o
HAL_SD_DeInit                                     Drivers\STM32F4xx_HAL_Driver\stm32f4xx_hal_sd.o
HAL_SD_Erase                                      Drivers\STM32F4xx_HAL_Driver\stm32f4xx_hal_sd.o
                                                  Application\User\bsp_driver_sd.o
HAL_SD_GetCardStatus                              Drivers\STM32F4xx_HAL_Driver\stm32f4xx_hal_sd.o
HAL_SD_GetStatus                                  Drivers\STM32F4xx_HAL_Driver\stm32f4xx_hal_sd.o
                                                  Application\User\bsp_driver_sd.o
HAL_SD_Get_CardInfo                               Drivers\STM32F4xx_HAL_Driver\stm32f4xx_hal_sd.o
                                                  Application\User\bsp_driver_sd.o
HAL_SD_HighSpeed                                  Drivers\STM32F4xx_HAL_Driver\stm32f4xx_hal_sd.o
HAL_SD_IRQHandler                                 Drivers\STM32F4xx_HAL_Driver\stm32f4xx_hal_sd.o
                                                  Application\User\bsp_driver_sd.o
                                                  Application\User\stm32f4xx_it.o
HAL_SD_Init                                       Drivers\STM32F4xx_HAL_Driver\stm32f4xx_hal_sd.o
                                                  Application\User\bsp_driver_sd.o
HAL_SD_MspDeInit                                  Application\User\stm32f4xx_hal_msp.o
                                                  Drivers\STM32F4xx_HAL_Driver\stm32f4xx_hal_sd.o
HAL_SD_MspInit                                    Application\User\stm32f4xx_hal_msp.o
                                                  Drivers\STM32F4xx_HAL_Driver\stm32f4xx_hal_sd.o
HAL_SD_ReadBlocks                                 Drivers\STM32F4xx_HAL_Driver\stm32f4xx_hal_sd.o
                                                  Application\User\bsp_driver_sd.o
HAL_SD_ReadBlocks_DMA                             Drivers\STM32F4xx_HAL_Driver\stm32f4xx_hal_sd.o
                                                  Application\User\bsp_driver_sd.o
HAL_SD_SendSDStatus                               Drivers\STM32F4xx_HAL_Driver\stm32f4xx_hal_sd.o
HAL_SD_StopTransfer                               Drivers\STM32F4xx_HAL_Driver\stm32f4xx_hal_sd.o
HAL_SD_WideBusOperation_Config                    Drivers\STM32F4xx_HAL_Driver\stm32f4xx_hal_sd.o
HAL_SD_WriteBlocks                                Drivers\STM32F4xx_HAL_Driver\stm32f4xx_hal_sd.o
                                                  Application\User\bsp_driver_sd.o
HAL_SD_WriteBlocks_DMA                            Drivers\STM32F4xx_HAL_Driver\stm32f4xx_hal_sd.o
                                                  Application\User\bsp_driver_sd.o
HAL_SD_XferCpltCallback                           Drivers\STM32F4xx_HAL_Driver\stm32f4xx_hal_sd.o
HAL_SD_XferErrorCallback                          Drivers\STM32F4xx_HAL_Driver\stm32f4xx_hal_sd.o
HAL_SYSTICK_CLKSourceConfig                       Drivers\STM32F4xx_HAL_Driver\stm32f4xx_hal_cortex.o
                                                  Application\User\main.o