###############################################################################
#
# IAR ELF Linker V7.50.2.10312/W32 for ARM                10/Feb/2016  19:34:38
# Copyright 2007-2015 IAR Systems AB.
#
#    Output file  =  
#        G:\Users\nanimo\Documents\GitHub\upsat-obc-software\stm_cube\su_sd_fr_test\EWARM\su_sd_fr_test
#        Configuration\Exe\su_sd_fr_test Configuration.out
#    Map file     =  
#        G:\Users\nanimo\Documents\GitHub\upsat-obc-software\stm_cube\su_sd_fr_test\EWARM\su_sd_fr_test
#        Configuration\List\su_sd_fr_test Configuration.map
#    Command line =  
#        "G:\Users\nanimo\Documents\GitHub\upsat-obc-software\stm_cube\su_sd_fr_test\EWARM\su_sd_fr_test
#        Configuration\Obj\bsp_driver_sd.o"
#        "G:\Users\nanimo\Documents\GitHub\upsat-obc-software\stm_cube\su_sd_fr_test\EWARM\su_sd_fr_test
#        Configuration\Obj\cmsis_os.o"
#        "G:\Users\nanimo\Documents\GitHub\upsat-obc-software\stm_cube\su_sd_fr_test\EWARM\su_sd_fr_test
#        Configuration\Obj\croutine.o"
#        "G:\Users\nanimo\Documents\GitHub\upsat-obc-software\stm_cube\su_sd_fr_test\EWARM\su_sd_fr_test
#        Configuration\Obj\diskio.o"
#        "G:\Users\nanimo\Documents\GitHub\upsat-obc-software\stm_cube\su_sd_fr_test\EWARM\su_sd_fr_test
#        Configuration\Obj\event_groups.o"
#        "G:\Users\nanimo\Documents\GitHub\upsat-obc-software\stm_cube\su_sd_fr_test\EWARM\su_sd_fr_test
#        Configuration\Obj\fatfs.o"
#        "G:\Users\nanimo\Documents\GitHub\upsat-obc-software\stm_cube\su_sd_fr_test\EWARM\su_sd_fr_test
#        Configuration\Obj\ff.o"
#        "G:\Users\nanimo\Documents\GitHub\upsat-obc-software\stm_cube\su_sd_fr_test\EWARM\su_sd_fr_test
#        Configuration\Obj\ff_gen_drv.o"
#        "G:\Users\nanimo\Documents\GitHub\upsat-obc-software\stm_cube\su_sd_fr_test\EWARM\su_sd_fr_test
#        Configuration\Obj\freertos.o"
#        "G:\Users\nanimo\Documents\GitHub\upsat-obc-software\stm_cube\su_sd_fr_test\EWARM\su_sd_fr_test
#        Configuration\Obj\heap_4.o"
#        "G:\Users\nanimo\Documents\GitHub\upsat-obc-software\stm_cube\su_sd_fr_test\EWARM\su_sd_fr_test
#        Configuration\Obj\list.o"
#        "G:\Users\nanimo\Documents\GitHub\upsat-obc-software\stm_cube\su_sd_fr_test\EWARM\su_sd_fr_test
#        Configuration\Obj\main.o"
#        "G:\Users\nanimo\Documents\GitHub\upsat-obc-software\stm_cube\su_sd_fr_test\EWARM\su_sd_fr_test
#        Configuration\Obj\port.o"
#        "G:\Users\nanimo\Documents\GitHub\upsat-obc-software\stm_cube\su_sd_fr_test\EWARM\su_sd_fr_test
#        Configuration\Obj\portasm.o"
#        "G:\Users\nanimo\Documents\GitHub\upsat-obc-software\stm_cube\su_sd_fr_test\EWARM\su_sd_fr_test
#        Configuration\Obj\queue.o"
#        "G:\Users\nanimo\Documents\GitHub\upsat-obc-software\stm_cube\su_sd_fr_test\EWARM\su_sd_fr_test
#        Configuration\Obj\sd_diskio.o"
#        "G:\Users\nanimo\Documents\GitHub\upsat-obc-software\stm_cube\su_sd_fr_test\EWARM\su_sd_fr_test
#        Configuration\Obj\startup_stm32f407xx.o"
#        "G:\Users\nanimo\Documents\GitHub\upsat-obc-software\stm_cube\su_sd_fr_test\EWARM\su_sd_fr_test
#        Configuration\Obj\stm32f4xx_hal.o"
#        "G:\Users\nanimo\Documents\GitHub\upsat-obc-software\stm_cube\su_sd_fr_test\EWARM\su_sd_fr_test
#        Configuration\Obj\stm32f4xx_hal_cortex.o"
#        "G:\Users\nanimo\Documents\GitHub\upsat-obc-software\stm_cube\su_sd_fr_test\EWARM\su_sd_fr_test
#        Configuration\Obj\stm32f4xx_hal_dma.o"
#        "G:\Users\nanimo\Documents\GitHub\upsat-obc-software\stm_cube\su_sd_fr_test\EWARM\su_sd_fr_test
#        Configuration\Obj\stm32f4xx_hal_dma_ex.o"
#        "G:\Users\nanimo\Documents\GitHub\upsat-obc-software\stm_cube\su_sd_fr_test\EWARM\su_sd_fr_test
#        Configuration\Obj\stm32f4xx_hal_flash.o"
#        "G:\Users\nanimo\Documents\GitHub\upsat-obc-software\stm_cube\su_sd_fr_test\EWARM\su_sd_fr_test
#        Configuration\Obj\stm32f4xx_hal_flash_ex.o"
#        "G:\Users\nanimo\Documents\GitHub\upsat-obc-software\stm_cube\su_sd_fr_test\EWARM\su_sd_fr_test
#        Configuration\Obj\stm32f4xx_hal_flash_ramfunc.o"
#        "G:\Users\nanimo\Documents\GitHub\upsat-obc-software\stm_cube\su_sd_fr_test\EWARM\su_sd_fr_test
#        Configuration\Obj\stm32f4xx_hal_gpio.o"
#        "G:\Users\nanimo\Documents\GitHub\upsat-obc-software\stm_cube\su_sd_fr_test\EWARM\su_sd_fr_test
#        Configuration\Obj\stm32f4xx_hal_msp.o"
#        "G:\Users\nanimo\Documents\GitHub\upsat-obc-software\stm_cube\su_sd_fr_test\EWARM\su_sd_fr_test
#        Configuration\Obj\stm32f4xx_hal_pwr.o"
#        "G:\Users\nanimo\Documents\GitHub\upsat-obc-software\stm_cube\su_sd_fr_test\EWARM\su_sd_fr_test
#        Configuration\Obj\stm32f4xx_hal_pwr_ex.o"
#        "G:\Users\nanimo\Documents\GitHub\upsat-obc-software\stm_cube\su_sd_fr_test\EWARM\su_sd_fr_test
#        Configuration\Obj\stm32f4xx_hal_rcc.o"
#        "G:\Users\nanimo\Documents\GitHub\upsat-obc-software\stm_cube\su_sd_fr_test\EWARM\su_sd_fr_test
#        Configuration\Obj\stm32f4xx_hal_rcc_ex.o"
#        "G:\Users\nanimo\Documents\GitHub\upsat-obc-software\stm_cube\su_sd_fr_test\EWARM\su_sd_fr_test
#        Configuration\Obj\stm32f4xx_hal_sd.o"
#        "G:\Users\nanimo\Documents\GitHub\upsat-obc-software\stm_cube\su_sd_fr_test\EWARM\su_sd_fr_test
#        Configuration\Obj\stm32f4xx_hal_uart.o"
#        "G:\Users\nanimo\Documents\GitHub\upsat-obc-software\stm_cube\su_sd_fr_test\EWARM\su_sd_fr_test
#        Configuration\Obj\stm32f4xx_it.o"
#        "G:\Users\nanimo\Documents\GitHub\upsat-obc-software\stm_cube\su_sd_fr_test\EWARM\su_sd_fr_test
#        Configuration\Obj\stm32f4xx_ll_sdmmc.o"
#        "G:\Users\nanimo\Documents\GitHub\upsat-obc-software\stm_cube\su_sd_fr_test\EWARM\su_sd_fr_test
#        Configuration\Obj\syscall.o"
#        "G:\Users\nanimo\Documents\GitHub\upsat-obc-software\stm_cube\su_sd_fr_test\EWARM\su_sd_fr_test
#        Configuration\Obj\system_stm32f4xx.o"
#        "G:\Users\nanimo\Documents\GitHub\upsat-obc-software\stm_cube\su_sd_fr_test\EWARM\su_sd_fr_test
#        Configuration\Obj\tasks.o"
#        "G:\Users\nanimo\Documents\GitHub\upsat-obc-software\stm_cube\su_sd_fr_test\EWARM\su_sd_fr_test
#        Configuration\Obj\timers.o" --redirect _Printf=_PrintfFull --redirect
#        _Scanf=_ScanfFull -o
#        "G:\Users\nanimo\Documents\GitHub\upsat-obc-software\stm_cube\su_sd_fr_test\EWARM\su_sd_fr_test
#        Configuration\Exe\su_sd_fr_test Configuration.out" --map
#        "G:\Users\nanimo\Documents\GitHub\upsat-obc-software\stm_cube\su_sd_fr_test\EWARM\su_sd_fr_test
#        Configuration\List\su_sd_fr_test Configuration.map" --config
#        G:\Users\nanimo\Documents\GitHub\upsat-obc-software\stm_cube\su_sd_fr_test\EWARM/stm32f407xx_flash.icf
#        --semihosting --entry __iar_program_start --vfe
#
###############################################################################

*******************************************************************************
*** RUNTIME MODEL ATTRIBUTES
***

CppFlavor       = *
__SystemLibrary = DLib


*******************************************************************************
*** PLACEMENT SUMMARY
***

"A1":  place at 0x08000000 { ro section .intvec };
"P1":  place in [from 0x08000000 to 0x080fffff] { ro };
"P2":  place in [from 0x20000000 to 0x2001ffff] { rw, block CSTACK, block HEAP };

  Section            Kind        Address    Size  Object
  -------            ----        -------    ----  ------
"A1":                                      0x188
  .intvec            ro code  0x08000000   0x188  startup_stm32f407xx.o [1]
                            - 0x08000188   0x188

"P1":                                     0x4bbd
  .text              ro code  0x08000188  0x1112  ff.o [1]
  .text              ro code  0x0800129c    0x66  ABImemset.o [5]
  .text              ro code  0x08001304    0x44  syscall.o [1]
  .text              ro code  0x08001348    0x74  diskio.o [1]
  .text              ro code  0x080013bc    0x1c  fatfs.o [1]
  .text              ro code  0x080013d8   0x17c  cmsis_os.o [1]
  .text              ro code  0x08001554    0x44  ff_gen_drv.o [1]
  .text              ro code  0x08001598   0x76c  tasks.o [1]
  .text              ro code  0x08001d04   0x5d4  queue.o [1]
  .text              ro code  0x080022d8   0x1e8  port.o [1]
  .text              ro code  0x080024c0    0x8e  list.o [1]
  .text              ro code  0x08002550   0x1ac  heap_4.o [1]
  .text              ro code  0x080026fc    0x3a  ABImemset48.o [5]
  .text              ro code  0x08002738    0x76  ABImemcpy_unaligned.o [5]
  CODE               ro code  0x080027b0    0xa8  portasm.o [1]
  .text              ro code  0x08002858   0xcc4  stm32f4xx_hal_sd.o [1]
  .text              ro code  0x0800351c   0x1b4  stm32f4xx_hal_msp.o [1]
  .text              ro code  0x080036d0    0xb4  stm32f4xx_ll_sdmmc.o [1]
  .text              ro code  0x08003784    0x7c  stm32f4xx_hal.o [1]
  .text              ro code  0x08003800    0xd8  stm32f4xx_hal_cortex.o [1]
  .text              ro code  0x080038d8   0x1f0  stm32f4xx_hal_gpio.o [1]
  .text              ro code  0x08003ac8   0x230  stm32f4xx_hal_dma.o [1]
  .text              ro code  0x08003cf8   0x4e4  stm32f4xx_hal_rcc.o [1]
  .text              ro code  0x080041dc   0x3d0  main.o [1]
  .text              ro code  0x080045ac   0x350  stm32f4xx_hal_uart.o [1]
  .text              ro code  0x080048fc    0xa4  sd_diskio.o [1]
  .text              ro code  0x080049a0    0x68  bsp_driver_sd.o [1]
  .text              ro code  0x08004a08    0x50  system_stm32f4xx.o [1]
  .text              ro code  0x08004a58    0x40  zero_init3.o [5]
  .text              ro code  0x08004a98    0x38  packbits_init_single.o [5]
  .text              ro code  0x08004ad0    0x2c  stm32f4xx_it.o [1]
  .text              ro code  0x08004afc    0x28  data_init.o [5]
  .text              ro code  0x08004b24    0x22  fpinit_M.o [4]
  .iar.init_table    const    0x08004b48    0x20  - Linker created -
  .text              ro code  0x08004b68    0x1a  cmain.o [5]
  .text              ro code  0x08004b82     0x4  low_level_init.o [3]
  .text              ro code  0x08004b86     0x4  exit.o [3]
  .text              ro code  0x08004b8c     0xa  cexit.o [5]
  .text              ro code  0x08004b98    0x14  exit.o [6]
  .rodata            const    0x08004bac    0x14  sd_diskio.o [1]
  .text              ro code  0x08004bc0    0x10  startup_stm32f407xx.o [1]
  .rodata            const    0x08004bd0     0xc  main.o [1]
  .text              ro code  0x08004bdc     0xc  cstartup_M.o [5]
  .text              ro code  0x08004be8     0x4  startup_stm32f407xx.o [1]
  .text              ro code  0x08004bec     0x4  startup_stm32f407xx.o [1]
  .text              ro code  0x08004bf0     0x4  startup_stm32f407xx.o [1]
  .text              ro code  0x08004bf4     0x4  startup_stm32f407xx.o [1]
  .text              ro code  0x08004bf8     0x4  startup_stm32f407xx.o [1]
  .text              ro code  0x08004bfc     0x4  startup_stm32f407xx.o [1]
  .text              ro code  0x08004c00     0x4  startup_stm32f407xx.o [1]
  .text              ro code  0x08004c04     0x4  startup_stm32f407xx.o [1]
  .text              ro code  0x08004c08     0x4  startup_stm32f407xx.o [1]
  .text              ro code  0x08004c0c     0x4  startup_stm32f407xx.o [1]
  .text              ro code  0x08004c10     0x4  startup_stm32f407xx.o [1]
  .text              ro code  0x08004c14     0x4  startup_stm32f407xx.o [1]
  .text              ro code  0x08004c18     0x4  startup_stm32f407xx.o [1]
  .text              ro code  0x08004c1c     0x4  startup_stm32f407xx.o [1]
  .text              ro code  0x08004c20     0x4  startup_stm32f407xx.o [1]
  .text              ro code  0x08004c24     0x4  startup_stm32f407xx.o [1]
  .text              ro code  0x08004c28     0x4  startup_stm32f407xx.o [1]
  .text              ro code  0x08004c2c     0x4  startup_stm32f407xx.o [1]
  .text              ro code  0x08004c30     0x4  startup_stm32f407xx.o [1]
  .text              ro code  0x08004c34     0x4  startup_stm32f407xx.o [1]
  .text              ro code  0x08004c38     0x4  startup_stm32f407xx.o [1]
  .text              ro code  0x08004c3c     0x4  startup_stm32f407xx.o [1]
  .text              ro code  0x08004c40     0x4  startup_stm32f407xx.o [1]
  .text              ro code  0x08004c44     0x4  startup_stm32f407xx.o [1]
  .text              ro code  0x08004c48     0x4  startup_stm32f407xx.o [1]
  .text              ro code  0x08004c4c     0x4  startup_stm32f407xx.o [1]
  .text              ro code  0x08004c50     0x4  startup_stm32f407xx.o [1]
  .text              ro code  0x08004c54     0x4  startup_stm32f407xx.o [1]
  .text              ro code  0x08004c58     0x4  startup_stm32f407xx.o [1]
  .text              ro code  0x08004c5c     0x4  startup_stm32f407xx.o [1]
  .text              ro code  0x08004c60     0x4  startup_stm32f407xx.o [1]
  .text              ro code  0x08004c64     0x4  startup_stm32f407xx.o [1]
  .text              ro code  0x08004c68     0x4  startup_stm32f407xx.o [1]
  .text              ro code  0x08004c6c     0x4  startup_stm32f407xx.o [1]
  .text              ro code  0x08004c70     0x4  startup_stm32f407xx.o [1]
  .text              ro code  0x08004c74     0x4  startup_stm32f407xx.o [1]
  .text              ro code  0x08004c78     0x4  startup_stm32f407xx.o [1]
  .text              ro code  0x08004c7c     0x4  startup_stm32f407xx.o [1]
  .text              ro code  0x08004c80     0x4  startup_stm32f407xx.o [1]
  .text              ro code  0x08004c84     0x4  startup_stm32f407xx.o [1]
  .text              ro code  0x08004c88     0x4  startup_stm32f407xx.o [1]
  .text              ro code  0x08004c8c     0x4  startup_stm32f407xx.o [1]
  .text              ro code  0x08004c90     0x4  startup_stm32f407xx.o [1]
  .text              ro code  0x08004c94     0x4  startup_stm32f407xx.o [1]
  .text              ro code  0x08004c98     0x4  startup_stm32f407xx.o [1]
  .text              ro code  0x08004c9c     0x4  startup_stm32f407xx.o [1]
  .text              ro code  0x08004ca0     0x4  startup_stm32f407xx.o [1]
  .text              ro code  0x08004ca4     0x4  startup_stm32f407xx.o [1]
  .text              ro code  0x08004ca8     0x4  startup_stm32f407xx.o [1]
  .text              ro code  0x08004cac     0x4  startup_stm32f407xx.o [1]
  .text              ro code  0x08004cb0     0x4  startup_stm32f407xx.o [1]
  .text              ro code  0x08004cb4     0x4  startup_stm32f407xx.o [1]
  .text              ro code  0x08004cb8     0x4  startup_stm32f407xx.o [1]
  .text              ro code  0x08004cbc     0x4  startup_stm32f407xx.o [1]
  .text              ro code  0x08004cc0     0x4  startup_stm32f407xx.o [1]
  .text              ro code  0x08004cc4     0x4  startup_stm32f407xx.o [1]
  .text              ro code  0x08004cc8     0x4  startup_stm32f407xx.o [1]
  .text              ro code  0x08004ccc     0x4  startup_stm32f407xx.o [1]
  .text              ro code  0x08004cd0     0x4  startup_stm32f407xx.o [1]
  .text              ro code  0x08004cd4     0x4  startup_stm32f407xx.o [1]
  .text              ro code  0x08004cd8     0x4  startup_stm32f407xx.o [1]
  .text              ro code  0x08004cdc     0x4  startup_stm32f407xx.o [1]
  .text              ro code  0x08004ce0     0x4  startup_stm32f407xx.o [1]
  .text              ro code  0x08004ce4     0x4  startup_stm32f407xx.o [1]
  .text              ro code  0x08004ce8     0x4  startup_stm32f407xx.o [1]
  .text              ro code  0x08004cec     0x4  startup_stm32f407xx.o [1]
  .text              ro code  0x08004cf0     0x4  startup_stm32f407xx.o [1]
  .text              ro code  0x08004cf4     0x4  startup_stm32f407xx.o [1]
  .text              ro code  0x08004cf8     0x4  startup_stm32f407xx.o [1]
  .text              ro code  0x08004cfc     0x4  startup_stm32f407xx.o [1]
  .text              ro code  0x08004d00     0x4  startup_stm32f407xx.o [1]
  .text              ro code  0x08004d04     0x4  startup_stm32f407xx.o [1]
  .text              ro code  0x08004d08     0x4  startup_stm32f407xx.o [1]
  .text              ro code  0x08004d0c     0x4  startup_stm32f407xx.o [1]
  .text              ro code  0x08004d10     0x4  startup_stm32f407xx.o [1]
  .text              ro code  0x08004d14     0x4  startup_stm32f407xx.o [1]
  .text              ro code  0x08004d18     0x4  startup_stm32f407xx.o [1]
  .text              ro code  0x08004d1c     0x4  startup_stm32f407xx.o [1]
  .text              ro code  0x08004d20     0x4  startup_stm32f407xx.o [1]
  .text              ro code  0x08004d24     0x4  startup_stm32f407xx.o [1]
  .text              ro code  0x08004d28     0x4  startup_stm32f407xx.o [1]
  .text              ro code  0x08004d2c     0x4  startup_stm32f407xx.o [1]
  .text              ro code  0x08004d30     0x4  startup_stm32f407xx.o [1]
  .rodata            const    0x08004d34     0x0  zero_init3.o [5]
  .rodata            const    0x08004d34     0x0  packbits_init_single.o [5]
  Initializer bytes  const    0x08004d34    0x11  <for P2-1>
                            - 0x08004d45  0x4bbd

"P2", part 1 of 3:                          0xad
  P2-1                        0x20000000    0xad  <Init block>
    .data            inited   0x20000000     0xc  port.o [1]
    .data            inited   0x2000000c     0x4  system_stm32f4xx.o [1]
    .data            inited   0x20000010    0x9c  tasks.o [1]
    .data            inited   0x200000ac     0x1  sd_diskio.o [1]
                            - 0x200000ad    0xad

"P2", part 2 of 3:                         0x400
  CSTACK                      0x200000b0   0x400  <Block>
    CSTACK           uninit   0x200000b0   0x400  <Block tail>
                            - 0x200004b0   0x400

"P2", part 3 of 3:                        0x3eb0
  .bss               zero     0x200004b0  0x3c18  heap_4.o [1]
  .bss               zero     0x200040c8    0xa4  main.o [1]
  .bss               zero     0x2000416c    0x8c  tasks.o [1]
  .bss               zero     0x200041f8    0x58  main.o [1]
  .bss               zero     0x20004250    0x58  main.o [1]
  .bss               zero     0x200042a8    0x58  main.o [1]
  .bss               zero     0x20004300    0x40  queue.o [1]
  .bss               zero     0x20004340     0xc  ff_gen_drv.o [1]
  .bss               zero     0x2000434c     0x8  fatfs.o [1]
  .bss               zero     0x20004354     0x8  ff.o [1]
  .bss               zero     0x2000435c     0x4  stm32f4xx_hal.o [1]
                            - 0x20004360  0x3eb0


*******************************************************************************
*** INIT TABLE
***

          Address     Size
          -------     ----
Zero (__iar_zero_init3)
    1 destination range, total size 0x3eb0:
          0x200004b0  0x3eb0

Copy/packbits (__iar_packbits_init_single3)
    1 source range, total size 0x11 (9% of destination):
          0x08004d34    0x11
    1 destination range, total size 0xad:
          0x20000000    0xad



*******************************************************************************
*** MODULE SUMMARY
***

    Module                  ro code  ro data  rw data
    ------                  -------  -------  -------
G:\Users\nanimo\Documents\GitHub\upsat-obc-software\stm_cube\su_sd_fr_test\EWARM\su_sd_fr_test Configuration\Obj: [1]
    bsp_driver_sd.o             104
    cmsis_os.o                  380
    diskio.o                    116
    fatfs.o                      28                 8
    ff.o                      4 370                 8
    ff_gen_drv.o                 68                12
    heap_4.o                    428            15 384
    list.o                      142
    main.o                      976       12      428
    port.o                      488        1       12
    portasm.o                   168
    queue.o                   1 492                64
    sd_diskio.o                 164       21        1
    startup_stm32f407xx.o       740
    stm32f4xx_hal.o             124                 4
    stm32f4xx_hal_cortex.o      216
    stm32f4xx_hal_dma.o         560
    stm32f4xx_hal_gpio.o        496
    stm32f4xx_hal_msp.o         436
    stm32f4xx_hal_rcc.o       1 252
    stm32f4xx_hal_sd.o        3 268
    stm32f4xx_hal_uart.o        848
    stm32f4xx_it.o               44
    stm32f4xx_ll_sdmmc.o        180
    syscall.o                    68
    system_stm32f4xx.o           80                 4
    tasks.o                   1 900       15      296
    -------------------------------------------------
    Total:                   19 136       49   16 221

command line: [2]
    -------------------------------------------------
    Total:

dl7M_tlf.a: [3]
    exit.o                        4
    low_level_init.o              4
    -------------------------------------------------
    Total:                        8

m7M_tls.a: [4]
    fpinit_M.o                   34
    -------------------------------------------------
    Total:                       34

rt7M_tl.a: [5]
    ABImemcpy_unaligned.o       118
    ABImemset.o                 102
    ABImemset48.o                58
    cexit.o                      10
    cmain.o                      26
    cstartup_M.o                 12
    data_init.o                  40
    packbits_init_single.o       56
    zero_init3.o                 64
    -------------------------------------------------
    Total:                      486

shb_l.a: [6]
    exit.o                       20
    -------------------------------------------------
    Total:                       20

    Gaps                         14        2
    Linker created                        32    1 024
-----------------------------------------------------
    Grand Total:             19 698       83   17 245


*******************************************************************************
*** ENTRY LIST
***

Entry                      Address    Size  Type      Object
-----                      -------    ----  ----      ------
.iar.init_table$$Base   0x08004b48           --   Gb  - Linker created -
.iar.init_table$$Limit  0x08004b68           --   Gb  - Linker created -
?main                   0x08004b69          Code  Gb  cmain.o [5]
APBAHBPrescTable        0x080041cc    0x10  Data  Gb  stm32f4xx_hal_rcc.o [1]
BSP_SD_GetCardInfo      0x080049f7     0x8  Code  Gb  bsp_driver_sd.o [1]
BSP_SD_GetStatus        0x080049f1     0x6  Code  Gb  bsp_driver_sd.o [1]
BSP_SD_Init             0x080049a1    0x22  Code  Gb  bsp_driver_sd.o [1]
BSP_SD_ReadBlocks       0x080049c3     0xe  Code  Gb  bsp_driver_sd.o [1]
BSP_SD_WriteBlocks      0x080049d1     0xc  Code  Gb  bsp_driver_sd.o [1]
CSTACK$$Base            0x200000b0           --   Gb  - Linker created -
CSTACK$$Limit           0x200004b0           --   Gb  - Linker created -
DMA2_Stream3_IRQHandler
                        0x08004ae1     0x6  Code  Gb  stm32f4xx_it.o [1]
DMA2_Stream6_IRQHandler
                        0x08004ae7     0x6  Code  Gb  stm32f4xx_it.o [1]
DMA_CalcBaseAndBitshift
                        0x08003ccd    0x24  Code  Lc  stm32f4xx_hal_dma.o [1]
ExCvt                   0x08000914    0x80  Data  Lc  ff.o [1]
FATFS_LinkDriver        0x0800158f     0x4  Code  Gb  ff_gen_drv.o [1]
FATFS_LinkDriverEx      0x08001555    0x3a  Code  Gb  ff_gen_drv.o [1]
FatFs                   0x20004358     0x4  Data  Lc  ff.o [1]
Fsid                    0x20004354     0x2  Data  Lc  ff.o [1]
HAL_DMA_IRQHandler      0x08003b3d   0x182  Code  Gb  stm32f4xx_hal_dma.o [1]
HAL_DMA_Init            0x08003ac9    0x74  Code  Gb  stm32f4xx_hal_dma.o [1]
HAL_Delay               0x080037df    0x18  Code  Wk  stm32f4xx_hal.o [1]
HAL_GPIO_Init           0x080038d9   0x1c0  Code  Gb  stm32f4xx_hal_gpio.o [1]
HAL_GetTick             0x080037d9     0x6  Code  Wk  stm32f4xx_hal.o [1]
HAL_Init                0x08003785    0x30  Code  Gb  stm32f4xx_hal.o [1]
HAL_InitTick            0x080037b5    0x24  Code  Wk  stm32f4xx_hal.o [1]
HAL_MspInit             0x0800351d    0x18  Code  Gb  stm32f4xx_hal_msp.o [1]
HAL_NVIC_EnableIRQ      0x0800386f     0xc  Code  Gb  stm32f4xx_hal_cortex.o [1]
HAL_NVIC_SetPriority    0x08003835    0x3a  Code  Gb  stm32f4xx_hal_cortex.o [1]
HAL_NVIC_SetPriorityGrouping
                        0x0800381b    0x1a  Code  Gb  stm32f4xx_hal_cortex.o [1]
HAL_RCC_ClockConfig     0x08003f6f   0x158  Code  Gb  stm32f4xx_hal_rcc.o [1]
HAL_RCC_GetHCLKFreq     0x08004155    0x1e  Code  Gb  stm32f4xx_hal_rcc.o [1]
HAL_RCC_GetPCLK1Freq    0x08004173    0x10  Code  Gb  stm32f4xx_hal_rcc.o [1]
HAL_RCC_GetPCLK2Freq    0x08004183     0xe  Code  Gb  stm32f4xx_hal_rcc.o [1]
HAL_RCC_GetSysClockFreq
                        0x0800410f    0x46  Code  Wk  stm32f4xx_hal_rcc.o [1]
HAL_RCC_OscConfig       0x08003cf9   0x26c  Code  Wk  stm32f4xx_hal_rcc.o [1]
HAL_SD_GetStatus        0x08002fd9    0x36  Code  Gb  stm32f4xx_hal_sd.o [1]
HAL_SD_Get_CardInfo     0x08002cb5   0x2d8  Code  Gb  stm32f4xx_hal_sd.o [1]
HAL_SD_IRQHandler       0x08002c3b    0x76  Code  Gb  stm32f4xx_hal_sd.o [1]
HAL_SD_Init             0x08002859    0x96  Code  Gb  stm32f4xx_hal_sd.o [1]
HAL_SD_MspInit          0x08003535    0xd8  Code  Gb  stm32f4xx_hal_msp.o [1]
HAL_SD_ReadBlocks       0x080028f9   0x160  Code  Gb  stm32f4xx_hal_sd.o [1]
HAL_SD_StopTransfer     0x08002f8d    0x1c  Code  Gb  stm32f4xx_hal_sd.o [1]
HAL_SD_WriteBlocks      0x08002a6b   0x1b6  Code  Gb  stm32f4xx_hal_sd.o [1]
HAL_SD_XferCpltCallback
                        0x08002cb1     0x2  Code  Wk  stm32f4xx_hal_sd.o [1]
HAL_SD_XferErrorCallback
                        0x08002cb3     0x2  Code  Wk  stm32f4xx_hal_sd.o [1]
HAL_SYSTICK_CLKSourceConfig
                        0x080038ab    0x14  Code  Gb  stm32f4xx_hal_cortex.o [1]
HAL_SYSTICK_Config      0x08003883    0x28  Code  Gb  stm32f4xx_hal_cortex.o [1]
HAL_UART_ErrorCallback  0x0800475d     0x2  Code  Wk  stm32f4xx_hal_uart.o [1]
HAL_UART_IRQHandler     0x08004621   0x138  Code  Gb  stm32f4xx_hal_uart.o [1]
HAL_UART_Init           0x080045ad    0x26  Code  Gb  stm32f4xx_hal_uart.o [1]
HAL_UART_MspInit        0x0800364f    0x56  Code  Gb  stm32f4xx_hal_msp.o [1]
HAL_UART_RxCpltCallback
                        0x0800475b     0x2  Code  Wk  stm32f4xx_hal_uart.o [1]
HAL_UART_TxCpltCallback
                        0x08004759     0x2  Code  Wk  stm32f4xx_hal_uart.o [1]
MX_FATFS_Init           0x080013bd    0x10  Code  Gb  fatfs.o [1]
MX_GPIO_Init            0x0800431b   0x178  Code  Lc  main.o [1]
NVIC_SetPriority        0x08003801    0x1a  Code  Lc  stm32f4xx_hal_cortex.o [1]
PendSV_Handler          0x080027b1          Code  Gb  portasm.o [1]
Region$$Table$$Base     0x08004b48           --   Gb  - Linker created -
Region$$Table$$Limit    0x08004b68           --   Gb  - Linker created -
SDCardInfo              0x200041f8    0x58  Data  Gb  main.o [1]
SDIO_DataConfig         0x08003751    0x24  Code  Gb  stm32f4xx_ll_sdmmc.o [1]
SDIO_GetCommandResponse
                        0x08003737     0x6  Code  Gb  stm32f4xx_ll_sdmmc.o [1]
SDIO_GetPowerState      0x0800370d     0x8  Code  Gb  stm32f4xx_ll_sdmmc.o [1]
SDIO_GetResponse        0x0800373d    0x14  Code  Gb  stm32f4xx_ll_sdmmc.o [1]
SDIO_IRQHandler         0x08004adb     0x6  Code  Gb  stm32f4xx_it.o [1]
SDIO_Init               0x080036d1    0x26  Code  Gb  stm32f4xx_ll_sdmmc.o [1]
SDIO_PowerState_ON      0x08003703     0x4  Code  Gb  stm32f4xx_ll_sdmmc.o [1]
SDIO_ReadFIFO           0x080036f7     0x2  Code  Gb  stm32f4xx_ll_sdmmc.o [1]
SDIO_SendCommand        0x08003715    0x22  Code  Gb  stm32f4xx_ll_sdmmc.o [1]
SDIO_WriteFIFO          0x080036f9     0xa  Code  Gb  stm32f4xx_ll_sdmmc.o [1]
SD_CmdResp1Error        0x080032cf    0xce  Code  Lc  stm32f4xx_hal_sd.o [1]
SD_CmdResp2Error        0x0800339d    0x30  Code  Lc  stm32f4xx_hal_sd.o [1]
SD_Driver               0x08004bac    0x14  Data  Gb  sd_diskio.o [1]
SD_Initialize_Cards     0x08003025   0x10a  Code  Lc  stm32f4xx_hal_sd.o [1]
SD_IsCardProgramming    0x080033d5   0x136  Code  Lc  stm32f4xx_hal_sd.o [1]
SD_Path                 0x20004350     0x4  Data  Gb  fatfs.o [1]
SD_PowerON              0x0800313d   0x168  Code  Lc  stm32f4xx_hal_sd.o [1]
SD_initialize           0x080048fd     0xe  Code  Gb  sd_diskio.o [1]
SD_ioctl                0x08004955    0x48  Code  Gb  sd_diskio.o [1]
SD_read                 0x08004925     0xc  Code  Gb  sd_diskio.o [1]
SD_status               0x0800490b     0xc  Code  Gb  sd_diskio.o [1]
SD_write                0x08004931     0xa  Code  Gb  sd_diskio.o [1]
SVC_Handler             0x08002809          Code  Gb  portasm.o [1]
StartDefaultTask        0x080044cb    0x6a  Code  Gb  main.o [1]
Stat                    0x200000ac     0x1  Data  Lc  sd_diskio.o [1]
SysTick_Handler         0x08004ad1     0x4  Code  Gb  stm32f4xx_it.o [1]
SystemClock_Config      0x08004279    0xa2  Code  Gb  main.o [1]
SystemCoreClock         0x2000000c     0x4  Data  Gb  system_stm32f4xx.o [1]
SystemInit              0x08004a09    0x3a  Code  Gb  system_stm32f4xx.o [1]
UART_Receive_IT         0x0800476f    0xa0  Code  Lc  stm32f4xx_hal_uart.o [1]
UART_SetConfig          0x0800480f    0xe0  Code  Lc  stm32f4xx_hal_uart.o [1]
USART2_IRQHandler       0x08004ad5     0x6  Code  Gb  stm32f4xx_it.o [1]
__aeabi_memset          0x0800129d          Code  Gb  ABImemset.o [5]
__aeabi_memset4         0x080026fd          Code  Gb  ABImemset48.o [5]
__aeabi_memset8         0x080026fd          Code  Gb  ABImemset48.o [5]
__cmain                 0x08004b69          Code  Gb  cmain.o [5]
__exit                  0x08004b99    0x14  Code  Gb  exit.o [6]
__iar_Memset            0x0800129d          Code  Gb  ABImemset.o [5]
__iar_Memset4_word      0x08002705          Code  Gb  ABImemset48.o [5]
__iar_Memset8_word      0x08002705          Code  Gb  ABImemset48.o [5]
__iar_Memset_word       0x080012a5          Code  Gb  ABImemset.o [5]
__iar_data_init3        0x08004afd    0x28  Code  Gb  data_init.o [5]
__iar_init_vfp          0x08004b25          Code  Gb  fpinit_M.o [4]
__iar_packbits_init_single3
                        0x08004a99    0x38  Code  Gb  packbits_init_single.o [5]
__iar_program_start     0x08004bdd          Code  Gb  cstartup_M.o [5]
__iar_unaligned___aeabi_memcpy
                        0x08002739          Code  Gb  ABImemcpy_unaligned.o [5]
__iar_unaligned___aeabi_memcpy4
                        0x08002759          Code  Gb  ABImemcpy_unaligned.o [5]
__iar_unaligned___aeabi_memcpy8
                        0x08002759          Code  Gb  ABImemcpy_unaligned.o [5]
__iar_zero_init3        0x08004a59    0x40  Code  Gb  zero_init3.o [5]
__low_level_init        0x08004b83     0x4  Code  Gb  low_level_init.o [3]
__vector_table          0x08000000          Data  Gb  startup_stm32f407xx.o [1]
_call_main              0x08004b75          Code  Gb  cmain.o [5]
_exit                   0x08004b8d          Code  Gb  cexit.o [5]
_main                   0x08004b7f          Code  Gb  cmain.o [5]
check_fs                0x08000a81    0x62  Code  Lc  ff.o [1]
clmt_clust              0x080005d3    0x2c  Code  Lc  ff.o [1]
clust2sect              0x08000309    0x1c  Code  Gb  ff.o [1]
create_chain            0x08000525    0xa0  Code  Lc  ff.o [1]
create_name             0x08000815    0xf0  Code  Lc  ff.o [1]
defaultTaskHandle       0x20004168     0x4  Data  Gb  main.o [1]
dir_next                0x08000683    0xee  Code  Lc  ff.o [1]
dir_register            0x080007a3    0x6c  Code  Lc  ff.o [1]
dir_sdi                 0x080005ff    0x84  Code  Lc  ff.o [1]
disk                    0x20004340     0xc  Data  Gb  ff_gen_drv.o [1]
disk_initialize         0x0800135b    0x1e  Code  Gb  diskio.o [1]
disk_ioctl              0x080013a1    0x18  Code  Gb  diskio.o [1]
disk_read               0x08001379     0xc  Code  Gb  diskio.o [1]
disk_status             0x08001349    0x12  Code  Gb  diskio.o [1]
disk_write              0x08001385     0xc  Code  Gb  diskio.o [1]
exit                    0x08004b87     0x4  Code  Gb  exit.o [3]
f_close                 0x08001255    0x1e  Code  Gb  ff.o [1]
f_mount                 0x08000deb    0x7a  Code  Gb  ff.o [1]
f_open                  0x08000e75   0x14e  Code  Gb  ff.o [1]
f_sync                  0x080011a3    0xa8  Code  Gb  ff.o [1]
f_write                 0x08000fe5   0x17c  Code  Gb  ff.o [1]
ff_cre_syncobj          0x08001305    0x1e  Code  Gb  syscall.o [1]
ff_del_syncobj          0x08001323     0xa  Code  Gb  syscall.o [1]
ff_rel_grant            0x08001341     0x4  Code  Gb  syscall.o [1]
ff_req_grant            0x0800132d    0x14  Code  Gb  syscall.o [1]
find_volume             0x08000ae3   0x2be  Code  Lc  ff.o [1]
follow_path             0x08000995    0xa2  Code  Lc  ff.o [1]
get_fat                 0x08000325    0xb6  Code  Gb  ff.o [1]
get_fattime             0x080013d5     0x4  Code  Gb  fatfs.o [1]
get_ldnumber            0x08000a43    0x3e  Code  Lc  ff.o [1]
hdma_sdio_rx            0x20004250    0x58  Data  Gb  main.o [1]
hdma_sdio_tx            0x200042a8    0x58  Data  Gb  main.o [1]
hsd                     0x20004108    0x60  Data  Gb  main.o [1]
huart2                  0x200040c8    0x40  Data  Gb  main.o [1]
inHandlerMode           0x080013e5     0xc  Code  Lc  cmsis_os.o [1]
ld_clust                0x08000771    0x20  Code  Lc  ff.o [1]
lock_fs                 0x080001ab     0x8  Code  Lc  ff.o [1]
main                    0x080041dd    0x9c  Code  Gb  main.o [1]
makeFreeRtosPriority    0x080013d9     0xc  Code  Lc  cmsis_os.o [1]
mem_cpy                 0x08000189    0x14  Code  Lc  ff.o [1]
mem_set                 0x0800019d     0xe  Code  Lc  ff.o [1]
move_window             0x08000225    0x38  Code  Lc  ff.o [1]
osDelay                 0x08001431     0xe  Code  Gb  cmsis_os.o [1]
osKernelStart           0x080013f1     0xa  Code  Gb  cmsis_os.o [1]
osSemaphoreCreate       0x0800143f    0x2c  Code  Gb  cmsis_os.o [1]
osSemaphoreDelete       0x0800150d     0xc  Code  Gb  cmsis_os.o [1]
osSemaphoreRelease      0x080014c9    0x30  Code  Gb  cmsis_os.o [1]
osSemaphoreWait         0x0800146b    0x40  Code  Gb  cmsis_os.o [1]
osSystickHandler        0x08001541    0x14  Code  Gb  cmsis_os.o [1]
osThreadCreate          0x080013fb    0x36  Code  Gb  cmsis_os.o [1]
prvAddCurrentTaskToDelayedList
                        0x08001b3b    0x30  Code  Lc  tasks.o [1]
prvAllocateTCBAndStack  0x08001b6b    0x38  Code  Lc  tasks.o [1]
prvCopyDataFromQueue    0x0800222d    0x26  Code  Lc  queue.o [1]
prvCopyDataToQueue      0x080021bf    0x6e  Code  Lc  queue.o [1]
prvIdleTask             0x08001a91    0x56  Code  Lc  tasks.o [1]
prvInitialiseTCBVariables
                        0x08001ae7    0x54  Code  Lc  tasks.o [1]
prvInsertBlockIntoFreeList
                        0x080026af    0x46  Code  Lc  heap_4.o [1]
prvResetNextTaskUnblockTime
                        0x08001ba3    0x1a  Code  Lc  tasks.o [1]
prvTaskExitError        0x080022fd    0x28  Code  Lc  port.o [1]
prvUnlockQueue          0x08002253    0x5c  Code  Lc  queue.o [1]
put_fat                 0x080003db    0xde  Code  Gb  ff.o [1]
pvPortMalloc            0x08002551    0xfa  Code  Gb  heap_4.o [1]
pvTaskIncrementMutexHeldCount
                        0x08001cdb    0x12  Code  Gb  tasks.o [1]
pxCurrentTCB            0x20000038     0x4  Data  Gb  tasks.o [1]
pxDelayedTaskList       0x2000003c     0x4  Data  Lc  tasks.o [1]
pxEnd                   0x200004b8     0x4  Data  Lc  heap_4.o [1]
pxOverflowDelayedTaskList
                        0x20000040     0x4  Data  Lc  tasks.o [1]
pxPortInitialiseStack   0x080022d9    0x22  Code  Gb  port.o [1]
pxReadyTasksLists       0x2000416c    0x8c  Data  Lc  tasks.o [1]
remove_chain            0x080004c1    0x5e  Code  Lc  ff.o [1]
retSD                   0x2000434c     0x1  Data  Gb  fatfs.o [1]
st_clust                0x08000791    0x12  Code  Lc  ff.o [1]
sync_fs                 0x0800025d    0xa2  Code  Lc  ff.o [1]
sync_window             0x080001d1    0x48  Code  Lc  ff.o [1]
ucHeap                  0x200004c8  0x3c00  Data  Lc  heap_4.o [1]
ucMaxSysCallPriority    0x20000000     0x1  Data  Lc  port.o [1]
ulMaxPRIGROUPValue      0x20000008     0x4  Data  Lc  port.o [1]
unlock_fs               0x080001b3    0x1e  Code  Lc  ff.o [1]
uwTick                  0x2000435c     0x4  Data  Lc  stm32f4xx_hal.o [1]
uxCriticalNesting       0x20000004     0x4  Data  Lc  port.o [1]
uxCurrentNumberOfTasks  0x2000005c     0x4  Data  Lc  tasks.o [1]
uxListRemove            0x0800252b    0x24  Code  Gb  list.o [1]
uxPendedTicks           0x2000006c     0x4  Data  Lc  tasks.o [1]
uxSchedulerSuspended    0x20000080     0x4  Data  Lc  tasks.o [1]
uxTaskNumber            0x20000078     0x4  Data  Lc  tasks.o [1]
uxTasksDeleted          0x20000044     0x4  Data  Lc  tasks.o [1]
uxTopReadyPriority      0x20000064     0x4  Data  Lc  tasks.o [1]
vListInitialise         0x080024c1    0x1a  Code  Gb  list.o [1]
vListInitialiseItem     0x080024db     0x6  Code  Gb  list.o [1]
vListInsert             0x080024f9    0x32  Code  Gb  list.o [1]
vListInsertEnd          0x080024e1    0x18  Code  Gb  list.o [1]
vPortEnableVFP          0x0800283d          Code  Gb  portasm.o [1]
vPortEnterCritical      0x080023bd    0x32  Code  Gb  port.o [1]
vPortExitCritical       0x080023ef    0x24  Code  Gb  port.o [1]
vPortFree               0x0800265d    0x44  Code  Gb  heap_4.o [1]
vPortSetupTimerInterrupt
                        0x08002439    0x18  Code  Wk  port.o [1]
vPortStartFirstTask     0x08002825          Code  Gb  portasm.o [1]
vPortValidateInterruptPriority
                        0x08002451    0x42  Code  Gb  port.o [1]
vQueueDelete            0x080021a5    0x1a  Code  Gb  queue.o [1]
vQueueUnregisterQueue   0x080022af    0x1e  Code  Gb  queue.o [1]
vTaskDelay              0x080016b3    0x34  Code  Gb  tasks.o [1]
vTaskMissedYield        0x08001a89     0x8  Code  Gb  tasks.o [1]
vTaskPlaceOnEventList   0x08001949    0x24  Code  Gb  tasks.o [1]
vTaskPriorityInherit    0x08001bd3    0x6c  Code  Gb  tasks.o [1]
vTaskSetTimeOutState    0x08001a0b    0x20  Code  Gb  tasks.o [1]
vTaskStartScheduler     0x08001735    0x56  Code  Gb  tasks.o [1]
vTaskSuspendAll         0x0800178b     0xc  Code  Gb  tasks.o [1]
vTaskSwitchContext      0x080018f7    0x52  Code  Gb  tasks.o [1]
validate                0x08000dad    0x3e  Code  Lc  ff.o [1]
xBlockAllocatedBit      0x200004c4     0x4  Data  Lc  heap_4.o [1]
xDelayedTaskList1       0x20000084    0x14  Data  Lc  tasks.o [1]
xDelayedTaskList2       0x20000098    0x14  Data  Lc  tasks.o [1]
xFreeBytesRemaining     0x200004bc     0x4  Data  Lc  heap_4.o [1]
xMinimumEverFreeBytesRemaining
                        0x200004c0     0x4  Data  Lc  heap_4.o [1]
xNextTaskUnblockTime    0x2000007c     0x4  Data  Lc  tasks.o [1]
xNumOfOverflows         0x20000074     0x4  Data  Lc  tasks.o [1]
xPendingReadyList       0x20000010    0x14  Data  Lc  tasks.o [1]
xPortStartScheduler     0x08002325    0x84  Code  Gb  port.o [1]
xPortSysTickHandler     0x08002413    0x26  Code  Gb  port.o [1]
xQueueCreateCountingSemaphore
                        0x08001de3    0x38  Code  Gb  queue.o [1]
xQueueGenericCreate     0x08001d77    0x5c  Code  Gb  queue.o [1]
xQueueGenericReceive    0x08001fed   0x126  Code  Gb  queue.o [1]
xQueueGenericReset      0x08001d05    0x72  Code  Gb  queue.o [1]
xQueueGenericSend       0x08001e1b   0x12a  Code  Gb  queue.o [1]
xQueueGiveFromISR       0x08001f53    0x7a  Code  Gb  queue.o [1]
xQueueReceiveFromISR    0x08002123    0x6a  Code  Gb  queue.o [1]
xQueueRegistry          0x20004300    0x40  Data  Gb  queue.o [1]
xSchedulerRunning       0x20000068     0x4  Data  Lc  tasks.o [1]
xStart                  0x200004b0     0x8  Data  Lc  heap_4.o [1]
xSuspendedTaskList      0x20000048    0x14  Data  Lc  tasks.o [1]
xTaskCheckForTimeOut    0x08001a2b    0x56  Code  Gb  tasks.o [1]
xTaskGenericCreate      0x08001599   0x112  Code  Gb  tasks.o [1]
xTaskGetSchedulerState  0x08001bbd    0x16  Code  Gb  tasks.o [1]
xTaskIncrementTick      0x0800183b    0xbc  Code  Gb  tasks.o [1]
xTaskPriorityDisinherit
                        0x08001c3f    0x7a  Code  Gb  tasks.o [1]
xTaskRemoveFromEventList
                        0x080019a1    0x56  Code  Gb  tasks.o [1]
xTaskResumeAll          0x08001797    0x90  Code  Gb  tasks.o [1]
xTasksWaitingTermination
                        0x20000024    0x14  Data  Lc  tasks.o [1]
xTickCount              0x20000060     0x4  Data  Lc  tasks.o [1]
xYieldPending           0x20000070     0x4  Data  Lc  tasks.o [1]


[1] = G:\Users\nanimo\Documents\GitHub\upsat-obc-software\stm_cube\su_sd_fr_test\EWARM\su_sd_fr_test Configuration\Obj
[2] = command line
[3] = dl7M_tlf.a
[4] = m7M_tls.a
[5] = rt7M_tl.a
[6] = shb_l.a

  19 698 bytes of readonly  code memory
      83 bytes of readonly  data memory
  17 245 bytes of readwrite data memory

Errors: none
Warnings: none
