###############################################################################
#
# IAR ELF Linker V7.50.2.10312/W32 for ARM                11/Jun/2016  02:06:46
# Copyright 2007-2015 IAR Systems AB.
#
#    Output file  =  
#        F:\nik\UPSAT-OBC-SOFTWARE\cubeMX\disco\EWARM\disco\Exe\disco.out
#    Map file     =  
#        F:\nik\UPSAT-OBC-SOFTWARE\cubeMX\disco\EWARM\disco\List\disco.map
#    Command line =  
#        F:\nik\UPSAT-OBC-SOFTWARE\cubeMX\disco\EWARM\disco\Obj\bsp_driver_sd.o
#        F:\nik\UPSAT-OBC-SOFTWARE\cubeMX\disco\EWARM\disco\Obj\cmsis_os.o
#        F:\nik\UPSAT-OBC-SOFTWARE\cubeMX\disco\EWARM\disco\Obj\croutine.o
#        F:\nik\UPSAT-OBC-SOFTWARE\cubeMX\disco\EWARM\disco\Obj\diskio.o
#        F:\nik\UPSAT-OBC-SOFTWARE\cubeMX\disco\EWARM\disco\Obj\event_groups.o
#        F:\nik\UPSAT-OBC-SOFTWARE\cubeMX\disco\EWARM\disco\Obj\fatfs.o
#        F:\nik\UPSAT-OBC-SOFTWARE\cubeMX\disco\EWARM\disco\Obj\ff.o
#        F:\nik\UPSAT-OBC-SOFTWARE\cubeMX\disco\EWARM\disco\Obj\ff_gen_drv.o
#        F:\nik\UPSAT-OBC-SOFTWARE\cubeMX\disco\EWARM\disco\Obj\freertos.o
#        F:\nik\UPSAT-OBC-SOFTWARE\cubeMX\disco\EWARM\disco\Obj\heap_4.o
#        F:\nik\UPSAT-OBC-SOFTWARE\cubeMX\disco\EWARM\disco\Obj\list.o
#        F:\nik\UPSAT-OBC-SOFTWARE\cubeMX\disco\EWARM\disco\Obj\main.o
#        F:\nik\UPSAT-OBC-SOFTWARE\cubeMX\disco\EWARM\disco\Obj\port.o
#        F:\nik\UPSAT-OBC-SOFTWARE\cubeMX\disco\EWARM\disco\Obj\portasm.o
#        F:\nik\UPSAT-OBC-SOFTWARE\cubeMX\disco\EWARM\disco\Obj\queue.o
#        F:\nik\UPSAT-OBC-SOFTWARE\cubeMX\disco\EWARM\disco\Obj\sd_diskio.o
#        F:\nik\UPSAT-OBC-SOFTWARE\cubeMX\disco\EWARM\disco\Obj\startup_stm32f405xx.o
#        F:\nik\UPSAT-OBC-SOFTWARE\cubeMX\disco\EWARM\disco\Obj\stm32f4xx_hal.o
#        F:\nik\UPSAT-OBC-SOFTWARE\cubeMX\disco\EWARM\disco\Obj\stm32f4xx_hal_adc.o
#        F:\nik\UPSAT-OBC-SOFTWARE\cubeMX\disco\EWARM\disco\Obj\stm32f4xx_hal_adc_ex.o
#        F:\nik\UPSAT-OBC-SOFTWARE\cubeMX\disco\EWARM\disco\Obj\stm32f4xx_hal_cortex.o
#        F:\nik\UPSAT-OBC-SOFTWARE\cubeMX\disco\EWARM\disco\Obj\stm32f4xx_hal_dma.o
#        F:\nik\UPSAT-OBC-SOFTWARE\cubeMX\disco\EWARM\disco\Obj\stm32f4xx_hal_dma_ex.o
#        F:\nik\UPSAT-OBC-SOFTWARE\cubeMX\disco\EWARM\disco\Obj\stm32f4xx_hal_flash.o
#        F:\nik\UPSAT-OBC-SOFTWARE\cubeMX\disco\EWARM\disco\Obj\stm32f4xx_hal_flash_ex.o
#        F:\nik\UPSAT-OBC-SOFTWARE\cubeMX\disco\EWARM\disco\Obj\stm32f4xx_hal_flash_ramfunc.o
#        F:\nik\UPSAT-OBC-SOFTWARE\cubeMX\disco\EWARM\disco\Obj\stm32f4xx_hal_gpio.o
#        F:\nik\UPSAT-OBC-SOFTWARE\cubeMX\disco\EWARM\disco\Obj\stm32f4xx_hal_msp.o
#        F:\nik\UPSAT-OBC-SOFTWARE\cubeMX\disco\EWARM\disco\Obj\stm32f4xx_hal_pwr.o
#        F:\nik\UPSAT-OBC-SOFTWARE\cubeMX\disco\EWARM\disco\Obj\stm32f4xx_hal_pwr_ex.o
#        F:\nik\UPSAT-OBC-SOFTWARE\cubeMX\disco\EWARM\disco\Obj\stm32f4xx_hal_rcc.o
#        F:\nik\UPSAT-OBC-SOFTWARE\cubeMX\disco\EWARM\disco\Obj\stm32f4xx_hal_rcc_ex.o
#        F:\nik\UPSAT-OBC-SOFTWARE\cubeMX\disco\EWARM\disco\Obj\stm32f4xx_hal_rtc.o
#        F:\nik\UPSAT-OBC-SOFTWARE\cubeMX\disco\EWARM\disco\Obj\stm32f4xx_hal_rtc_ex.o
#        F:\nik\UPSAT-OBC-SOFTWARE\cubeMX\disco\EWARM\disco\Obj\stm32f4xx_hal_sd.o
#        F:\nik\UPSAT-OBC-SOFTWARE\cubeMX\disco\EWARM\disco\Obj\stm32f4xx_hal_spi.o
#        F:\nik\UPSAT-OBC-SOFTWARE\cubeMX\disco\EWARM\disco\Obj\stm32f4xx_hal_tim.o
#        F:\nik\UPSAT-OBC-SOFTWARE\cubeMX\disco\EWARM\disco\Obj\stm32f4xx_hal_tim_ex.o
#        F:\nik\UPSAT-OBC-SOFTWARE\cubeMX\disco\EWARM\disco\Obj\stm32f4xx_hal_timebase_TIM.o
#        F:\nik\UPSAT-OBC-SOFTWARE\cubeMX\disco\EWARM\disco\Obj\stm32f4xx_hal_uart.o
#        F:\nik\UPSAT-OBC-SOFTWARE\cubeMX\disco\EWARM\disco\Obj\stm32f4xx_it.o
#        F:\nik\UPSAT-OBC-SOFTWARE\cubeMX\disco\EWARM\disco\Obj\stm32f4xx_ll_sdmmc.o
#        F:\nik\UPSAT-OBC-SOFTWARE\cubeMX\disco\EWARM\disco\Obj\syscall.o
#        F:\nik\UPSAT-OBC-SOFTWARE\cubeMX\disco\EWARM\disco\Obj\system_stm32f4xx.o
#        F:\nik\UPSAT-OBC-SOFTWARE\cubeMX\disco\EWARM\disco\Obj\tasks.o
#        F:\nik\UPSAT-OBC-SOFTWARE\cubeMX\disco\EWARM\disco\Obj\timers.o
#        --redirect _Printf=_PrintfFull --redirect _Scanf=_ScanfFull -o
#        F:\nik\UPSAT-OBC-SOFTWARE\cubeMX\disco\EWARM\disco\Exe\disco.out --map
#        F:\nik\UPSAT-OBC-SOFTWARE\cubeMX\disco\EWARM\disco\List\disco.map
#        --config
#        F:\nik\UPSAT-OBC-SOFTWARE\cubeMX\disco\EWARM/stm32f405xx_flash.icf
#        --semihosting --entry __iar_program_start --vfe
#
###############################################################################

*******************************************************************************
*** RUNTIME MODEL ATTRIBUTES
***

CppFlavor                     = *
__Heap_Handler                = Basic
__SystemLibrary               = DLib
__dlib_dynamic_initialization = normal


*******************************************************************************
*** PLACEMENT SUMMARY
***

"A1":  place at 0x08000000 { ro section .intvec };
"P1":  place in [from 0x08000000 to 0x080fffff] { ro };
"P2":  place in [from 0x20000000 to 0x2001ffff] { rw, block CSTACK, block HEAP };

  Section             Kind        Address    Size  Object
  -------             ----        -------    ----  ------
"A1":                                       0x188
  .intvec             ro code  0x08000000   0x188  startup_stm32f405xx.o [1]
                             - 0x08000188   0x188

"P1":                                      0x6027
  .text               ro code  0x08000188  0x1166  xprintffull.o [3]
  .text               ro code  0x080012ee    0x20  xmbtowc.o [3]
  .text               ro code  0x0800130e     0xa  xsprout.o [3]
  .text               ro code  0x08001318    0x16  strchr.o [5]
  .text               ro code  0x08001330    0x36  strlen.o [5]
  .text               ro code  0x08001368    0x58  memchr.o [5]
  .text               ro code  0x080013c0     0xa  xmbcurmax.o [3]
  .text               ro code  0x080013cc    0xb0  xxmemxmalloc.o [3]
  .text               ro code  0x0800147c    0x1a  xwctomb.o [3]
  .text               ro code  0x08001498    0x76  ABImemcpy_unaligned.o [5]
  .text               ro code  0x08001510    0x80  xxmemxfree.o [3]
  .text               ro code  0x08001590    0xee  I64DivMod.o [5]
  .text               ro code  0x0800167e    0x42  xdnorm.o [4]
  .text               ro code  0x080016c0    0x2e  DblCmpLe.o [4]
  .text               ro code  0x080016f0    0x2e  DblCmpGe.o [4]
  .text               ro code  0x08001720   0x114  xdscale.o [4]
  .text               ro code  0x08001834    0x58  DblToI32.o [4]
  .text               ro code  0x0800188c    0x30  I32ToDbl.o [4]
  .text               ro code  0x080018bc   0x180  DblSub.o [4]
  .text               ro code  0x08001a3c   0x1a2  DblMul.o [4]
  .text               ro code  0x08001be0   0x256  DblDiv.o [4]
  .text               ro code  0x08001e38    0x6c  localeconv.o [3]
  .text               ro code  0x08001ea4     0xe  div.o [3]
  .text               ro code  0x08001eb4    0x14  setlocale.o [3]
  .text               ro code  0x08001ec8    0x60  xencoding_sb.o [3]
  .text               ro code  0x08001f28    0x2c  xgetmemchunk.o [3]
  .text               ro code  0x08001f54     0x2  I64DivZer.o [5]
  .text               ro code  0x08001f58    0xd4  DblAdd.o [4]
  .text               ro code  0x0800202c     0x2  xtls.o [3]
  .text               ro code  0x08002030   0xefc  stm32f4xx_hal_sd.o [1]
  .text               ro code  0x08002f2c   0x3e4  stm32f4xx_hal_msp.o [1]
  .text               ro code  0x08003310    0xb4  stm32f4xx_ll_sdmmc.o [1]
  .text               ro code  0x080033c4    0x60  stm32f4xx_hal.o [1]
  .text               ro code  0x08003424    0xd8  stm32f4xx_hal_cortex.o [1]
  .text               ro code  0x080034fc   0x1f8  stm32f4xx_hal_gpio.o [1]
  .text               ro code  0x080036f4   0x230  stm32f4xx_hal_dma.o [1]
  .text               ro code  0x08003924    0x80  stm32f4xx_hal_timebase_TIM.o [1]
  .text               ro code  0x080039a4   0x468  stm32f4xx_hal_rcc.o [1]
  .text               ro code  0x08003e0c   0x260  stm32f4xx_hal_tim.o [1]
  .text               ro code  0x0800406c     0x4  stm32f4xx_hal_tim_ex.o [1]
  .text               ro code  0x08004070   0x57e  stm32f4xx_hal_uart.o [1]
  .text               ro code  0x080045f0   0x530  tasks.o [1]
  .text               ro code  0x08004b20   0x19c  port.o [1]
  .text               ro code  0x08004cbc    0x8e  list.o [1]
  .text               ro code  0x08004d4c   0x1ac  heap_4.o [1]
  .text               ro code  0x08004ef8    0x3a  ABImemset48.o [5]
  CODE                ro code  0x08004f34    0xa8  portasm.o [1]
  .text               ro code  0x08004fdc   0x52c  main.o [1]
  .text               ro code  0x08005508    0x86  stm32f4xx_hal_spi.o [1]
  .text               ro code  0x08005590   0x278  stm32f4xx_hal_adc.o [1]
  .text               ro code  0x08005808   0x2ae  stm32f4xx_hal_rtc.o [1]
  .text               ro code  0x08005ab8    0x4c  stm32f4xx_hal_rtc_ex.o [1]
  .text               ro code  0x08005b04    0x6e  cmsis_os.o [1]
  .text               ro code  0x08005b74    0x34  sprintf.o [3]
  .text               ro code  0x08005ba8   0x120  stm32f4xx_hal_rcc_ex.o [1]
  .text               ro code  0x08005cc8    0x18  fatfs.o [1]
  .text               ro code  0x08005ce0    0x44  ff_gen_drv.o [1]
  .text               ro code  0x08005d24    0xa4  sd_diskio.o [1]
  .text               ro code  0x08005dc8    0x78  bsp_driver_sd.o [1]
  .text               ro code  0x08005e40    0x7c  stm32f4xx_it.o [1]
  .text               ro code  0x08005ebc    0x50  system_stm32f4xx.o [1]
  .text               ro code  0x08005f0c    0x40  zero_init3.o [5]
  .text               ro code  0x08005f4c    0x38  packbits_init_single.o [5]
  .text               ro code  0x08005f84    0x28  data_init.o [5]
  .text               ro code  0x08005fac    0x22  fpinit_M.o [4]
  .iar.init_table     const    0x08005fd0    0x20  - Linker created -
  .text               ro code  0x08005ff0    0x1a  cmain.o [5]
  .text               ro code  0x0800600a     0x4  low_level_init.o [3]
  .text               ro code  0x0800600e     0x4  exit.o [3]
  .text               ro code  0x08006014     0xa  cexit.o [5]
  .text               ro code  0x08006020    0x14  exit.o [6]
  .rodata             const    0x08006034    0x14  sd_diskio.o [1]
  .rodata             const    0x08006048    0x10  main.o [1]
  .text               ro code  0x08006058    0x10  startup_stm32f405xx.o [1]
  .text               ro code  0x08006068     0xc  cstartup_M.o [5]
  .text               ro code  0x08006074     0x4  startup_stm32f405xx.o [1]
  .text               ro code  0x08006078     0x4  startup_stm32f405xx.o [1]
  .text               ro code  0x0800607c     0x4  startup_stm32f405xx.o [1]
  .text               ro code  0x08006080     0x4  startup_stm32f405xx.o [1]
  .text               ro code  0x08006084     0x4  startup_stm32f405xx.o [1]
  .text               ro code  0x08006088     0x4  startup_stm32f405xx.o [1]
  .text               ro code  0x0800608c     0x4  startup_stm32f405xx.o [1]
  .text               ro code  0x08006090     0x4  startup_stm32f405xx.o [1]
  .text               ro code  0x08006094     0x4  startup_stm32f405xx.o [1]
  .text               ro code  0x08006098     0x4  startup_stm32f405xx.o [1]
  .text               ro code  0x0800609c     0x4  startup_stm32f405xx.o [1]
  .text               ro code  0x080060a0     0x4  startup_stm32f405xx.o [1]
  .text               ro code  0x080060a4     0x4  startup_stm32f405xx.o [1]
  .text               ro code  0x080060a8     0x4  startup_stm32f405xx.o [1]
  .text               ro code  0x080060ac     0x4  startup_stm32f405xx.o [1]
  .text               ro code  0x080060b0     0x4  startup_stm32f405xx.o [1]
  .text               ro code  0x080060b4     0x4  startup_stm32f405xx.o [1]
  .text               ro code  0x080060b8     0x4  startup_stm32f405xx.o [1]
  .text               ro code  0x080060bc     0x4  startup_stm32f405xx.o [1]
  .text               ro code  0x080060c0     0x4  startup_stm32f405xx.o [1]
  .text               ro code  0x080060c4     0x4  startup_stm32f405xx.o [1]
  .text               ro code  0x080060c8     0x4  startup_stm32f405xx.o [1]
  .text               ro code  0x080060cc     0x4  startup_stm32f405xx.o [1]
  .text               ro code  0x080060d0     0x4  startup_stm32f405xx.o [1]
  .text               ro code  0x080060d4     0x4  startup_stm32f405xx.o [1]
  .text               ro code  0x080060d8     0x4  startup_stm32f405xx.o [1]
  .text               ro code  0x080060dc     0x4  startup_stm32f405xx.o [1]
  .text               ro code  0x080060e0     0x4  startup_stm32f405xx.o [1]
  .text               ro code  0x080060e4     0x4  startup_stm32f405xx.o [1]
  .text               ro code  0x080060e8     0x4  startup_stm32f405xx.o [1]
  .text               ro code  0x080060ec     0x4  startup_stm32f405xx.o [1]
  .text               ro code  0x080060f0     0x4  startup_stm32f405xx.o [1]
  .text               ro code  0x080060f4     0x4  startup_stm32f405xx.o [1]
  .text               ro code  0x080060f8     0x4  startup_stm32f405xx.o [1]
  .text               ro code  0x080060fc     0x4  startup_stm32f405xx.o [1]
  .text               ro code  0x08006100     0x4  startup_stm32f405xx.o [1]
  .text               ro code  0x08006104     0x4  startup_stm32f405xx.o [1]
  .text               ro code  0x08006108     0x4  startup_stm32f405xx.o [1]
  .text               ro code  0x0800610c     0x4  startup_stm32f405xx.o [1]
  .text               ro code  0x08006110     0x4  startup_stm32f405xx.o [1]
  .text               ro code  0x08006114     0x4  startup_stm32f405xx.o [1]
  .text               ro code  0x08006118     0x4  startup_stm32f405xx.o [1]
  .text               ro code  0x0800611c     0x4  startup_stm32f405xx.o [1]
  .text               ro code  0x08006120     0x4  startup_stm32f405xx.o [1]
  .text               ro code  0x08006124     0x4  startup_stm32f405xx.o [1]
  .text               ro code  0x08006128     0x4  startup_stm32f405xx.o [1]
  .text               ro code  0x0800612c     0x4  startup_stm32f405xx.o [1]
  .text               ro code  0x08006130     0x4  startup_stm32f405xx.o [1]
  .text               ro code  0x08006134     0x4  startup_stm32f405xx.o [1]
  .text               ro code  0x08006138     0x4  startup_stm32f405xx.o [1]
  .text               ro code  0x0800613c     0x4  startup_stm32f405xx.o [1]
  .text               ro code  0x08006140     0x4  startup_stm32f405xx.o [1]
  .text               ro code  0x08006144     0x4  startup_stm32f405xx.o [1]
  .text               ro code  0x08006148     0x4  startup_stm32f405xx.o [1]
  .text               ro code  0x0800614c     0x4  startup_stm32f405xx.o [1]
  .text               ro code  0x08006150     0x4  startup_stm32f405xx.o [1]
  .text               ro code  0x08006154     0x4  startup_stm32f405xx.o [1]
  .text               ro code  0x08006158     0x4  startup_stm32f405xx.o [1]
  .text               ro code  0x0800615c     0x4  startup_stm32f405xx.o [1]
  .text               ro code  0x08006160     0x4  startup_stm32f405xx.o [1]
  .text               ro code  0x08006164     0x4  startup_stm32f405xx.o [1]
  .text               ro code  0x08006168     0x4  startup_stm32f405xx.o [1]
  .text               ro code  0x0800616c     0x4  startup_stm32f405xx.o [1]
  .text               ro code  0x08006170     0x4  startup_stm32f405xx.o [1]
  .text               ro code  0x08006174     0x4  startup_stm32f405xx.o [1]
  .text               ro code  0x08006178     0x4  startup_stm32f405xx.o [1]
  .text               ro code  0x0800617c     0x4  startup_stm32f405xx.o [1]
  .text               ro code  0x08006180     0x4  startup_stm32f405xx.o [1]
  .text               ro code  0x08006184     0x4  startup_stm32f405xx.o [1]
  .text               ro code  0x08006188     0x4  startup_stm32f405xx.o [1]
  .text               ro code  0x0800618c     0x4  startup_stm32f405xx.o [1]
  .text               ro code  0x08006190     0x4  startup_stm32f405xx.o [1]
  .rodata             const    0x08006194     0x0  zero_init3.o [5]
  .rodata             const    0x08006194     0x0  packbits_init_single.o [5]
  Initializer bytes   const    0x08006194    0x1b  <for P2-1>
                             - 0x080061af  0x6027

Absolute sections:                         0x3ffc
  .rodata             const    0x0800c000  0x3ffc  main.o [1]
                             - 0x0800fffc  0x3ffc

"P2", part 1 of 3:                          0x1a9
  P2-1                         0x20000000   0x1a9  <Init block>
    .data             inited   0x20000000     0xc  port.o [1]
    .data             inited   0x2000000c     0x4  system_stm32f4xx.o [1]
    .data             inited   0x20000010    0x9c  tasks.o [1]
    __DLIB_PERTHREAD  inited   0x200000ac    0x88  localeconv.o [3]
    __DLIB_PERTHREAD  inited   0x20000134    0x74  setlocale.o [3]
    .data             inited   0x200001a8     0x1  sd_diskio.o [1]
                             - 0x200001a9   0x1a9

"P2", part 2 of 3:                          0x600
  CSTACK                       0x200001b0   0x400  <Block>
    CSTACK            uninit   0x200001b0   0x400  <Block tail>
  HEAP                         0x200005b0   0x200  <Block>
    HEAP              uninit   0x200005b0   0x200  <Block tail>
                             - 0x200007b0   0x600

"P2", part 3 of 3:                         0x41d8
  .bss                zero     0x200007b0  0x3c18  heap_4.o [1]
  .bss                zero     0x200043c8   0x280  main.o [1]
  .bss                zero     0x20004648    0x8c  tasks.o [1]
  .bss                zero     0x200046d4    0x3c  stm32f4xx_hal_timebase_TIM.o [1]
  .bss                zero     0x20004710    0x58  main.o [1]
  .bss                zero     0x20004768    0x58  main.o [1]
  .bss                zero     0x200047c0    0x58  main.o [1]
  .bss                zero     0x20004818    0x58  main.o [1]
  .bss                zero     0x20004870    0x58  main.o [1]
  .bss                zero     0x200048c8    0x58  main.o [1]
  .bss                zero     0x20004920    0x41  main.o [1]
  .bss                zero     0x20004964     0xc  ff_gen_drv.o [1]
  .bss                zero     0x20004970     0x8  fatfs.o [1]
  .bss                zero     0x20004978     0x8  xxmemxmalloc.o [3]
  .bss                zero     0x20004980     0x4  stm32f4xx_hal.o [1]
  .bss                zero     0x20004984     0x4  xgetmemchunk.o [3]
                             - 0x20004988  0x41d8


*******************************************************************************
*** INIT TABLE
***

          Address     Size
          -------     ----
Zero (__iar_zero_init3)
    1 destination range, total size 0x41d8:
          0x200007b0  0x41d8

Copy/packbits (__iar_packbits_init_single3)
    1 source range, total size 0x1b (6% of destination):
          0x08006194    0x1b
    1 destination range, total size 0x1a9:
          0x20000000   0x1a9



*******************************************************************************
*** MODULE SUMMARY
***

    Module                        ro code  ro data  rw data  ro data
                                                              (abs)
    ------                        -------  -------  -------  -------
F:\nik\UPSAT-OBC-SOFTWARE\cubeMX\disco\EWARM\disco\Obj: [1]
    bsp_driver_sd.o                   120
    cmsis_os.o                        110
    fatfs.o                            24                 8
    ff_gen_drv.o                       68                12
    heap_4.o                          428            15 384
    list.o                            142
    main.o                          1 324       16    1 233   16 380
    port.o                            412                12
    portasm.o                         168
    sd_diskio.o                       164       20        1
    startup_stm32f405xx.o             696
    stm32f4xx_hal.o                    96                 4
    stm32f4xx_hal_adc.o               632
    stm32f4xx_hal_cortex.o            216
    stm32f4xx_hal_dma.o               560
    stm32f4xx_hal_gpio.o              504
    stm32f4xx_hal_msp.o               996
    stm32f4xx_hal_rcc.o             1 128
    stm32f4xx_hal_rcc_ex.o            288
    stm32f4xx_hal_rtc.o               686
    stm32f4xx_hal_rtc_ex.o             76
    stm32f4xx_hal_sd.o              3 836
    stm32f4xx_hal_spi.o               134
    stm32f4xx_hal_tim.o               608
    stm32f4xx_hal_tim_ex.o              4
    stm32f4xx_hal_timebase_TIM.o      128                60
    stm32f4xx_hal_uart.o            1 406
    stm32f4xx_it.o                    124
    stm32f4xx_ll_sdmmc.o              180
    system_stm32f4xx.o                 80        1        4
    tasks.o                         1 328        9      296
    ----------------------------------------------------------------
    Total:                         16 666       46   17 014   16 380

command line: [2]
    ----------------------------------------------------------------
    Total:

dl7M_tlf.a: [3]
    div.o                              14
    exit.o                              4
    localeconv.o                      108        9      136
    low_level_init.o                    4
    setlocale.o                        20        7      116
    sprintf.o                          52
    xencoding_sb.o                     96
    xgetmemchunk.o                     44                 4
    xmbcurmax.o                        10
    xmbtowc.o                          32
    xprintffull.o                   4 454
    xsprout.o                          10
    xtls.o                              2
    xwctomb.o                          26
    xxmemxfree.o                      128
    xxmemxmalloc.o                    176                 8
    ----------------------------------------------------------------
    Total:                          5 180       16      264

m7M_tls.a: [4]
    DblAdd.o                          212
    DblCmpGe.o                         46
    DblCmpLe.o                         46
    DblDiv.o                          598
    DblMul.o                          418
    DblSub.o                          384
    DblToI32.o                         88
    I32ToDbl.o                         48
    fpinit_M.o                         34
    xdnorm.o                           66
    xdscale.o                         276
    ----------------------------------------------------------------
    Total:                          2 216

rt7M_tl.a: [5]
    ABImemcpy_unaligned.o             118
    ABImemset48.o                      58
    I64DivMod.o                       238
    I64DivZer.o                         2
    cexit.o                            10
    cmain.o                            26
    cstartup_M.o                       12
    data_init.o                        40
    memchr.o                           88
    packbits_init_single.o             56
    strchr.o                           22
    strlen.o                           54
    zero_init3.o                       64
    ----------------------------------------------------------------
    Total:                            788

shb_l.a: [6]
    exit.o                             20
    ----------------------------------------------------------------
    Total:                             20

    Gaps                               40        2        3
    Linker created                              33    1 536
--------------------------------------------------------------------
    Grand Total:                   24 910       97   18 817   16 380


*******************************************************************************
*** ENTRY LIST
***

Entry                      Address    Size  Type      Object
-----                      -------    ----  ----      ------
.iar.init_table$$Base   0x08005fd0           --   Gb  - Linker created -
.iar.init_table$$Limit  0x08005ff0           --   Gb  - Linker created -
?main                   0x08005ff1          Code  Gb  cmain.o [5]
ADC_Init                0x0800570b    0xe8  Code  Lc  stm32f4xx_hal_adc.o [1]
APBAHBPrescTable        0x08003dfc    0x10  Data  Gb  stm32f4xx_hal_rcc.o [1]
BSP_SD_GetCardInfo      0x08005e31     0x8  Code  Gb  bsp_driver_sd.o [1]
BSP_SD_GetStatus        0x08005e2b     0x6  Code  Gb  bsp_driver_sd.o [1]
BSP_SD_Init             0x08005dc9    0x34  Code  Gb  bsp_driver_sd.o [1]
BSP_SD_ReadBlocks       0x08005dfd     0xe  Code  Gb  bsp_driver_sd.o [1]
BSP_SD_WriteBlocks      0x08005e0b     0xc  Code  Gb  bsp_driver_sd.o [1]
CSTACK$$Base            0x200001b0           --   Gb  - Linker created -
CSTACK$$Limit           0x200005b0           --   Gb  - Linker created -
DMA1_Stream3_IRQHandler
                        0x08005e45     0x6  Code  Gb  stm32f4xx_it.o [1]
DMA1_Stream4_IRQHandler
                        0x08005e4b     0x6  Code  Gb  stm32f4xx_it.o [1]
DMA1_Stream6_IRQHandler
                        0x08005e51     0x6  Code  Gb  stm32f4xx_it.o [1]
DMA2_Stream6_IRQHandler
                        0x08005e7b     0x6  Code  Gb  stm32f4xx_it.o [1]
DMA2_Stream7_IRQHandler
                        0x08005e81     0x6  Code  Gb  stm32f4xx_it.o [1]
DMA_CalcBaseAndBitshift
                        0x080038f9    0x24  Code  Lc  stm32f4xx_hal_dma.o [1]
FATFS_LinkDriver        0x08005d1b     0x4  Code  Gb  ff_gen_drv.o [1]
FATFS_LinkDriverEx      0x08005ce1    0x3a  Code  Gb  ff_gen_drv.o [1]
HAL_ADC_ConfigChannel   0x080055e1   0x104  Code  Gb  stm32f4xx_hal_adc.o [1]
HAL_ADC_Init            0x08005591    0x50  Code  Gb  stm32f4xx_hal_adc.o [1]
HAL_ADC_MspInit         0x08002f75    0x3e  Code  Gb  stm32f4xx_hal_msp.o [1]
HAL_DMA_IRQHandler      0x08003769   0x182  Code  Gb  stm32f4xx_hal_dma.o [1]
HAL_DMA_Init            0x080036f5    0x74  Code  Gb  stm32f4xx_hal_dma.o [1]
HAL_Delay               0x08003405    0x18  Code  Wk  stm32f4xx_hal.o [1]
HAL_GPIO_Init           0x080034fd   0x1c0  Code  Gb  stm32f4xx_hal_gpio.o [1]
HAL_GPIO_WritePin       0x080036bd     0x8  Code  Gb  stm32f4xx_hal_gpio.o [1]
HAL_GetTick             0x080033ff     0x6  Code  Wk  stm32f4xx_hal.o [1]
HAL_IncTick             0x080033f5     0xa  Code  Wk  stm32f4xx_hal.o [1]
HAL_Init                0x080033c5    0x30  Code  Gb  stm32f4xx_hal.o [1]
HAL_InitTick            0x08003925    0x6c  Code  Gb  stm32f4xx_hal_timebase_TIM.o [1]
HAL_MspInit             0x08002f2d    0x48  Code  Gb  stm32f4xx_hal_msp.o [1]
HAL_NVIC_EnableIRQ      0x08003493     0xc  Code  Gb  stm32f4xx_hal_cortex.o [1]
HAL_NVIC_SetPriority    0x08003459    0x3a  Code  Gb  stm32f4xx_hal_cortex.o [1]
HAL_NVIC_SetPriorityGrouping
                        0x0800343f    0x1a  Code  Gb  stm32f4xx_hal_cortex.o [1]
HAL_RCCEx_PeriphCLKConfig
                        0x08005ba9   0x108  Code  Gb  stm32f4xx_hal_rcc_ex.o [1]
HAL_RCC_ClockConfig     0x08003bef   0x10e  Code  Gb  stm32f4xx_hal_rcc.o [1]
HAL_RCC_GetClockConfig  0x08003d9d    0x34  Code  Gb  stm32f4xx_hal_rcc.o [1]
HAL_RCC_GetHCLKFreq     0x08003d51    0x1e  Code  Gb  stm32f4xx_hal_rcc.o [1]
HAL_RCC_GetPCLK1Freq    0x08003d6f    0x10  Code  Gb  stm32f4xx_hal_rcc.o [1]
HAL_RCC_GetPCLK2Freq    0x08003d7f     0xe  Code  Gb  stm32f4xx_hal_rcc.o [1]
HAL_RCC_GetSysClockFreq
                        0x08003d0b    0x46  Code  Wk  stm32f4xx_hal_rcc.o [1]
HAL_RCC_OscConfig       0x080039a5   0x242  Code  Wk  stm32f4xx_hal_rcc.o [1]
HAL_RTCEx_SetCalibrationOutPut
                        0x08005ab9    0x38  Code  Gb  stm32f4xx_hal_rtc_ex.o [1]
HAL_RTC_Init            0x08005809    0x7e  Code  Gb  stm32f4xx_hal_rtc.o [1]
HAL_RTC_MspInit         0x08002fb3    0x14  Code  Gb  stm32f4xx_hal_msp.o [1]
HAL_RTC_SetDate         0x0800593b    0x7e  Code  Gb  stm32f4xx_hal_rtc.o [1]
HAL_RTC_SetTime         0x0800589b    0x92  Code  Gb  stm32f4xx_hal_rtc.o [1]
HAL_RTC_WaitForSynchro  0x08005a2d    0x30  Code  Gb  stm32f4xx_hal_rtc.o [1]
HAL_SD_GetStatus        0x080028cb    0x36  Code  Gb  stm32f4xx_hal_sd.o [1]
HAL_SD_Get_CardInfo     0x0800248d   0x2d0  Code  Gb  stm32f4xx_hal_sd.o [1]
HAL_SD_IRQHandler       0x08002413    0x76  Code  Gb  stm32f4xx_hal_sd.o [1]
HAL_SD_Init             0x08002031    0x96  Code  Gb  stm32f4xx_hal_sd.o [1]
HAL_SD_MspInit          0x08002fc7    0x5e  Code  Gb  stm32f4xx_hal_msp.o [1]
HAL_SD_ReadBlocks       0x080020d1   0x160  Code  Gb  stm32f4xx_hal_sd.o [1]
HAL_SD_StopTransfer     0x08002873    0x1c  Code  Gb  stm32f4xx_hal_sd.o [1]
HAL_SD_WideBusOperation_Config
                        0x0800275d    0xe8  Code  Gb  stm32f4xx_hal_sd.o [1]
HAL_SD_WriteBlocks      0x08002243   0x1b6  Code  Gb  stm32f4xx_hal_sd.o [1]
HAL_SD_XferCpltCallback
                        0x08002489     0x2  Code  Wk  stm32f4xx_hal_sd.o [1]
HAL_SD_XferErrorCallback
                        0x0800248b     0x2  Code  Wk  stm32f4xx_hal_sd.o [1]
HAL_SPI_Init            0x08005509    0x86  Code  Gb  stm32f4xx_hal_spi.o [1]
HAL_SPI_MspInit         0x08003043    0x5c  Code  Gb  stm32f4xx_hal_msp.o [1]
HAL_SYSTICK_CLKSourceConfig
                        0x080034cf    0x14  Code  Gb  stm32f4xx_hal_cortex.o [1]
HAL_SYSTICK_Config      0x080034a7    0x28  Code  Gb  stm32f4xx_hal_cortex.o [1]
HAL_TIMEx_BreakCallback
                        0x0800406f     0x2  Code  Wk  stm32f4xx_hal_tim_ex.o [1]
HAL_TIMEx_CommutationCallback
                        0x0800406d     0x2  Code  Wk  stm32f4xx_hal_tim_ex.o [1]
HAL_TIM_Base_Init       0x08003e0d    0x1a  Code  Gb  stm32f4xx_hal_tim.o [1]
HAL_TIM_Base_MspInit    0x08003e27     0x2  Code  Wk  stm32f4xx_hal_tim.o [1]
HAL_TIM_Base_Start_IT   0x08003e29    0x16  Code  Gb  stm32f4xx_hal_tim.o [1]
HAL_TIM_IC_CaptureCallback
                        0x08003fa7     0x2  Code  Wk  stm32f4xx_hal_tim.o [1]
HAL_TIM_IRQHandler      0x08003e5b   0x14a  Code  Gb  stm32f4xx_hal_tim.o [1]
HAL_TIM_OC_DelayElapsedCallback
                        0x08003fa5     0x2  Code  Wk  stm32f4xx_hal_tim.o [1]
HAL_TIM_PWM_PulseFinishedCallback
                        0x08003fa9     0x2  Code  Wk  stm32f4xx_hal_tim.o [1]
HAL_TIM_PeriodElapsedCallback
                        0x080039a1     0x4  Code  Gb  stm32f4xx_hal_timebase_TIM.o [1]
HAL_TIM_TriggerCallback
                        0x08003fab     0x2  Code  Wk  stm32f4xx_hal_tim.o [1]
HAL_UART_ErrorCallback  0x08004343     0x2  Code  Wk  stm32f4xx_hal_uart.o [1]
HAL_UART_IRQHandler     0x08004217   0x128  Code  Gb  stm32f4xx_hal_uart.o [1]
HAL_UART_Init           0x08004071    0x28  Code  Gb  stm32f4xx_hal_uart.o [1]
HAL_UART_MspInit        0x080030b3   0x186  Code  Gb  stm32f4xx_hal_msp.o [1]
HAL_UART_Receive        0x0800416f    0x9a  Code  Gb  stm32f4xx_hal_uart.o [1]
HAL_UART_RxCpltCallback
                        0x08004341     0x2  Code  Wk  stm32f4xx_hal_uart.o [1]
HAL_UART_Transmit       0x080040df    0x90  Code  Gb  stm32f4xx_hal_uart.o [1]
HAL_UART_TxCpltCallback
                        0x0800433f     0x2  Code  Wk  stm32f4xx_hal_uart.o [1]
HEAP$$Base              0x200005b0           --   Gb  - Linker created -
HEAP$$Limit             0x200007b0           --   Gb  - Linker created -
HKHandle                0x20004644     0x4  Data  Gb  main.o [1]
HK_task                 0x080054c9     0x2  Code  Gb  main.o [1]
LoadInt                 0x080007d7    0x6e  Code  Lc  xprintffull.o [3]
MX_FATFS_Init           0x08005cc9    0x10  Code  Gb  fatfs.o [1]
MX_GPIO_Init            0x08005355    0xc8  Code  Lc  main.o [1]
NVIC_SetPriority        0x08003425    0x1a  Code  Lc  stm32f4xx_hal_cortex.o [1]
PendSV_Handler          0x08004f35          Code  Gb  portasm.o [1]
RTC_Bcd2ToByte          0x08005aa7    0x10  Code  Gb  stm32f4xx_hal_rtc.o [1]
RTC_ByteToBcd2          0x08005a91    0x16  Code  Gb  stm32f4xx_hal_rtc.o [1]
RTC_EnterInitMode       0x08005a5d    0x34  Code  Gb  stm32f4xx_hal_rtc.o [1]
Region$$Table$$Base     0x08005fd0           --   Gb  - Linker created -
Region$$Table$$Limit    0x08005ff0           --   Gb  - Linker created -
SDCardInfo              0x20004710    0x58  Data  Gb  main.o [1]
SDIO_DataConfig         0x08003391    0x24  Code  Gb  stm32f4xx_ll_sdmmc.o [1]
SDIO_GetCommandResponse
                        0x08003377     0x6  Code  Gb  stm32f4xx_ll_sdmmc.o [1]
SDIO_GetPowerState      0x0800334d     0x8  Code  Gb  stm32f4xx_ll_sdmmc.o [1]
SDIO_GetResponse        0x0800337d    0x14  Code  Gb  stm32f4xx_ll_sdmmc.o [1]
SDIO_IRQHandler         0x08005e6f     0x6  Code  Gb  stm32f4xx_it.o [1]
SDIO_Init               0x08003311    0x26  Code  Gb  stm32f4xx_ll_sdmmc.o [1]
SDIO_PowerState_ON      0x08003343     0x4  Code  Gb  stm32f4xx_ll_sdmmc.o [1]
SDIO_ReadFIFO           0x08003337     0x2  Code  Gb  stm32f4xx_ll_sdmmc.o [1]
SDIO_SendCommand        0x08003355    0x22  Code  Gb  stm32f4xx_ll_sdmmc.o [1]
SDIO_WriteFIFO          0x08003339     0xa  Code  Gb  stm32f4xx_ll_sdmmc.o [1]
SD_CmdResp1Error        0x08002bc1    0xce  Code  Lc  stm32f4xx_hal_sd.o [1]
SD_CmdResp2Error        0x08002c8f    0x30  Code  Lc  stm32f4xx_hal_sd.o [1]
SD_Driver               0x08006034    0x14  Data  Gb  sd_diskio.o [1]
SD_FindSCR              0x08002cbf   0x114  Code  Lc  stm32f4xx_hal_sd.o [1]
SD_Initialize_Cards     0x08002917   0x10a  Code  Lc  stm32f4xx_hal_sd.o [1]
SD_IsCardProgramming    0x08002de5   0x136  Code  Lc  stm32f4xx_hal_sd.o [1]
SD_Path                 0x20004974     0x4  Data  Gb  fatfs.o [1]
SD_PowerON              0x08002a2f   0x168  Code  Lc  stm32f4xx_hal_sd.o [1]
SD_initialize           0x08005d25     0xe  Code  Gb  sd_diskio.o [1]
SD_ioctl                0x08005d7d    0x48  Code  Gb  sd_diskio.o [1]
SD_read                 0x08005d4d     0xc  Code  Gb  sd_diskio.o [1]
SD_status               0x08005d33     0xc  Code  Gb  sd_diskio.o [1]
SD_write                0x08005d59     0xa  Code  Gb  sd_diskio.o [1]
SVC_Handler             0x08004f8d          Code  Gb  portasm.o [1]
StartDefaultTask        0x08005443    0x3a  Code  Gb  main.o [1]
Stat                    0x200001a8     0x1  Data  Lc  sd_diskio.o [1]
SysTick_Handler         0x08005e41     0x4  Code  Gb  stm32f4xx_it.o [1]
SystemClock_Config      0x0800529f    0xb6  Code  Gb  main.o [1]
SystemCoreClock         0x2000000c     0x4  Data  Gb  system_stm32f4xx.o [1]
SystemInit              0x08005ebd    0x3a  Code  Gb  system_stm32f4xx.o [1]
TIM1_UP_TIM10_IRQHandler
                        0x08005e57     0x6  Code  Gb  stm32f4xx_it.o [1]
TIM_Base_SetConfig      0x08003fad    0x90  Code  Gb  stm32f4xx_hal_tim.o [1]
UART4_IRQHandler        0x08005e75     0x6  Code  Gb  stm32f4xx_it.o [1]
UART_Receive_IT         0x080043e1    0x90  Code  Lc  stm32f4xx_hal_uart.o [1]
UART_SetConfig          0x08004471   0x13a  Code  Lc  stm32f4xx_hal_uart.o [1]
UART_WaitOnFlagUntilTimeout
                        0x08004345    0x8c  Code  Lc  stm32f4xx_hal_uart.o [1]
USART1_IRQHandler       0x08005e5d     0x6  Code  Gb  stm32f4xx_it.o [1]
USART2_IRQHandler       0x08005e63     0x6  Code  Gb  stm32f4xx_it.o [1]
USART3_IRQHandler       0x08005e69     0x6  Code  Gb  stm32f4xx_it.o [1]
USART6_IRQHandler       0x08005e87     0x6  Code  Gb  stm32f4xx_it.o [1]
_EncodingSb_Mbtowc      0x08001ee3    0x30  Code  Gb  xencoding_sb.o [3]
_EncodingSb_Wctomb      0x08001ec9    0x1a  Code  Gb  xencoding_sb.o [3]
_GenldFull              0x0800105b   0x24c  Code  Lc  xprintffull.o [3]
_IsdstStr               0x20000138     0x4  Data  Gb  setlocale.o [3]
_LdtobFull              0x08000c59   0x3fc  Code  Lc  xprintffull.o [3]
_LitobFull              0x08000b51   0x106  Code  Lc  xprintffull.o [3]
_LocaleEncoding         0x08001eb5     0xe  Code  Gb  setlocale.o [3]
_LocaleReturnString     0x20000158    0x50  Data  Lc  setlocale.o [3]
_Locale_Profile         0x2000013c    0x1c  Data  Gb  setlocale.o [3]
_Locale_aeabi_lconv     0x200000fc    0x38  Data  Gb  localeconv.o [3]
_Locale_lconv           0x200000ac    0x50  Data  Gb  localeconv.o [3]
_Mbtowc                 0x080012ef    0x20  Code  Gb  xmbtowc.o [3]
_PrintfFull             0x08000189   0x638  Code  Gb  xprintffull.o [3]
_PutcharsFull           0x080012a7    0x2e  Code  Lc  xprintffull.o [3]
_PutstrFull             0x08000845   0x306  Code  Lc  xprintffull.o [3]
_SProut                 0x0800130f     0xa  Code  Gb  xsprout.o [3]
_TzoneStr               0x20000134     0x4  Data  Gb  setlocale.o [3]
_Wctomb                 0x0800147d    0x1a  Code  Gb  xwctomb.o [3]
__aeabi_cdcmple         0x080016c1          Code  Gb  DblCmpLe.o [4]
__aeabi_cdrcmple        0x080016f1          Code  Gb  DblCmpGe.o [4]
__aeabi_d2iz            0x08001835          Code  Gb  DblToI32.o [4]
__aeabi_d2uiz           0x08001861          Code  Gb  DblToI32.o [4]
__aeabi_ddiv            0x08001be1          Code  Gb  DblDiv.o [4]
__aeabi_dmul            0x08001a3d          Code  Gb  DblMul.o [4]
__aeabi_dsub            0x080018bd          Code  Gb  DblSub.o [4]
__aeabi_i2d             0x0800188d          Code  Gb  I32ToDbl.o [4]
__aeabi_ldiv0           0x08001f55          Code  Gb  I64DivZer.o [5]
__aeabi_memset4         0x08004ef9          Code  Gb  ABImemset48.o [5]
__aeabi_memset8         0x08004ef9          Code  Gb  ABImemset48.o [5]
__aeabi_ui2d            0x080018a1          Code  Gb  I32ToDbl.o [4]
__aeabi_uldivmod        0x08001591          Code  Gb  I64DivMod.o [5]
__cmain                 0x08005ff1          Code  Gb  cmain.o [5]
__data_Aldata           0x20004978     0x8  Data  Gb  xxmemxmalloc.o [3]
__data_GetMemChunk      0x08001f29    0x2c  Code  Gb  xgetmemchunk.o [3]
__exit                  0x08006021    0x14  Code  Gb  exit.o [6]
__iar_Dnorm             0x0800167f    0x42  Code  Gb  xdnorm.o [4]
__iar_Dscale            0x08001721   0x114  Code  Gb  xdscale.o [4]
__iar_Locale_lconv_init
                        0x08001e39    0x3a  Code  Gb  localeconv.o [3]
__iar_Mbcurmax          0x080013c1     0xa  Code  Gb  xmbcurmax.o [3]
__iar_Memchr            0x08001369          Code  Gb  memchr.o [5]
__iar_Memset4_word      0x08004f01          Code  Gb  ABImemset48.o [5]
__iar_Memset8_word      0x08004f01          Code  Gb  ABImemset48.o [5]
__iar_Strchr            0x08001319          Code  Gb  strchr.o [5]
__iar_d2uiz             0x0800186d          Code  Gb  DblToI32.o [4]
__iar_dadd              0x08001f59          Code  Gb  DblAdd.o [4]
__iar_data_init3        0x08005f85    0x28  Code  Gb  data_init.o [5]
__iar_dlib_perthread_access
                        0x0800202d     0x2  Code  Gb  xtls.o [3]
__iar_dsub              0x080018d1          Code  Gb  DblSub.o [4]
__iar_dsubStart         0x080018e3          Code  Gb  DblSub.o [4]
__iar_init_vfp          0x08005fad          Code  Gb  fpinit_M.o [4]
__iar_packbits_init_single3
                        0x08005f4d    0x38  Code  Gb  packbits_init_single.o [5]
__iar_program_start     0x08006069          Code  Gb  cstartup_M.o [5]
__iar_ui2d              0x080018a5          Code  Gb  I32ToDbl.o [4]
__iar_unaligned___aeabi_memcpy
                        0x08001499          Code  Gb  ABImemcpy_unaligned.o [5]
__iar_unaligned___aeabi_memcpy4
                        0x080014b9          Code  Gb  ABImemcpy_unaligned.o [5]
__iar_unaligned___aeabi_memcpy8
                        0x080014b9          Code  Gb  ABImemcpy_unaligned.o [5]
__iar_zero_init3        0x08005f0d    0x40  Code  Gb  zero_init3.o [5]
__low_level_init        0x0800600b     0x4  Code  Gb  low_level_init.o [3]
__vector_table          0x08000000          Data  Gb  startup_stm32f405xx.o [1]
_call_main              0x08005ffd          Code  Gb  cmain.o [5]
_exit                   0x08006015          Code  Gb  cexit.o [5]
_main                   0x08006007          Code  Gb  cmain.o [5]
c                       0x20004960     0x1  Data  Gb  main.o [1]
defaultTaskHandle       0x20004640     0x4  Data  Gb  main.o [1]
disk                    0x20004964     0xc  Data  Gb  ff_gen_drv.o [1]
div                     0x08001ea5     0xe  Code  Gb  div.o [3]
exit                    0x0800600f     0x4  Code  Gb  exit.o [3]
free                    0x08001511    0x7a  Code  Gb  xxmemxfree.o [3]
hadc1                   0x200043c8    0x48  Data  Gb  main.o [1]
hdma_uart4_tx           0x20004768    0x58  Data  Gb  main.o [1]
hdma_usart1_tx          0x200047c0    0x58  Data  Gb  main.o [1]
hdma_usart2_tx          0x20004818    0x58  Data  Gb  main.o [1]
hdma_usart3_tx          0x20004870    0x58  Data  Gb  main.o [1]
hdma_usart6_tx          0x200048c8    0x58  Data  Gb  main.o [1]
hrtc                    0x200045c0    0x20  Data  Gb  main.o [1]
hsd                     0x200045e0    0x60  Data  Gb  main.o [1]
hspi1                   0x20004410    0x58  Data  Gb  main.o [1]
hspi2                   0x20004468    0x58  Data  Gb  main.o [1]
htim1                   0x200046d4    0x3c  Data  Gb  stm32f4xx_hal_timebase_TIM.o [1]
huart1                  0x20004500    0x40  Data  Gb  main.o [1]
huart2                  0x20004540    0x40  Data  Gb  main.o [1]
huart3                  0x20004920    0x40  Data  Gb  main.o [1]
huart4                  0x200044c0    0x40  Data  Gb  main.o [1]
huart6                  0x20004580    0x40  Data  Gb  main.o [1]
key_test                0x0800c000  0x3ffc  Data  Gb  main.o [1]
localeconv              0x08001e73    0x16  Code  Gb  localeconv.o [3]
main                    0x08004fdd   0x2b8  Code  Gb  main.o [1]
makeFreeRtosPriority    0x08005b05     0xc  Code  Lc  cmsis_os.o [1]
malloc                  0x080013cd    0xac  Code  Gb  xxmemxmalloc.o [3]
memchr                  0x08001369          Code  Gb  memchr.o [5]
osDelay                 0x08005b51     0xe  Code  Gb  cmsis_os.o [1]
osKernelStart           0x08005b11     0xa  Code  Gb  cmsis_os.o [1]
osSystickHandler        0x08005b5f    0x14  Code  Gb  cmsis_os.o [1]
osThreadCreate          0x08005b1b    0x36  Code  Gb  cmsis_os.o [1]
prvAddCurrentTaskToDelayedList
                        0x08004a4f    0x30  Code  Lc  tasks.o [1]
prvAllocateTCBAndStack  0x08004a7f    0x38  Code  Lc  tasks.o [1]
prvIdleTask             0x080049a1    0x5a  Code  Lc  tasks.o [1]
prvInitialiseTCBVariables
                        0x080049fb    0x54  Code  Lc  tasks.o [1]
prvInsertBlockIntoFreeList
                        0x08004eab    0x46  Code  Lc  heap_4.o [1]
prvResetNextTaskUnblockTime
                        0x08004ab7    0x1a  Code  Lc  tasks.o [1]
prvTaskExitError        0x08004b45    0x28  Code  Lc  port.o [1]
pvPortMalloc            0x08004d4d    0xfa  Code  Gb  heap_4.o [1]
pxCurrentTCB            0x20000038     0x4  Data  Gb  tasks.o [1]
pxDelayedTaskList       0x2000003c     0x4  Data  Lc  tasks.o [1]
pxEnd                   0x200007b8     0x4  Data  Lc  heap_4.o [1]
pxOverflowDelayedTaskList
                        0x20000040     0x4  Data  Lc  tasks.o [1]
pxPortInitialiseStack   0x08004b21    0x22  Code  Gb  port.o [1]
pxReadyTasksLists       0x20004648    0x8c  Data  Lc  tasks.o [1]
retSD                   0x20004970     0x1  Data  Gb  fatfs.o [1]
sprintf                 0x08005b75    0x34  Code  Gb  sprintf.o [3]
strchr                  0x08001319          Code  Gb  strchr.o [5]
strlen                  0x08001331          Code  Gb  strlen.o [5]
ucHeap                  0x200007c8  0x3c00  Data  Lc  heap_4.o [1]
ucMaxSysCallPriority    0x20000000     0x1  Data  Lc  port.o [1]
ulMaxPRIGROUPValue      0x20000008     0x4  Data  Lc  port.o [1]
uwTick                  0x20004980     0x4  Data  Gb  stm32f4xx_hal.o [1]
uxCriticalNesting       0x20000004     0x4  Data  Lc  port.o [1]
uxCurrentNumberOfTasks  0x2000005c     0x4  Data  Lc  tasks.o [1]
uxListRemove            0x08004d27    0x24  Code  Gb  list.o [1]
uxPendedTicks           0x2000006c     0x4  Data  Lc  tasks.o [1]
uxSchedulerSuspended    0x20000080     0x4  Data  Lc  tasks.o [1]
uxTaskNumber            0x20000078     0x4  Data  Lc  tasks.o [1]
uxTasksDeleted          0x20000044     0x4  Data  Lc  tasks.o [1]
uxTopReadyPriority      0x20000064     0x4  Data  Lc  tasks.o [1]
vListInitialise         0x08004cbd    0x1a  Code  Gb  list.o [1]
vListInitialiseItem     0x08004cd7     0x6  Code  Gb  list.o [1]
vListInsert             0x08004cf5    0x32  Code  Gb  list.o [1]
vListInsertEnd          0x08004cdd    0x18  Code  Gb  list.o [1]
vPortEnableVFP          0x08004fc1          Code  Gb  portasm.o [1]
vPortEnterCritical      0x08004c05    0x32  Code  Gb  port.o [1]
vPortExitCritical       0x08004c37    0x24  Code  Gb  port.o [1]
vPortFree               0x08004e59    0x44  Code  Gb  heap_4.o [1]
vPortSetupTimerInterrupt
                        0x08004c81    0x18  Code  Wk  port.o [1]
vPortStartFirstTask     0x08004fa9          Code  Gb  portasm.o [1]
vTaskDelay              0x08004703    0x3a  Code  Gb  tasks.o [1]
vTaskStartScheduler     0x08004771    0x54  Code  Gb  tasks.o [1]
vTaskSuspendAll         0x080047c5     0xc  Code  Gb  tasks.o [1]
vTaskSwitchContext      0x08004931    0x52  Code  Gb  tasks.o [1]
xBlockAllocatedBit      0x200007c4     0x4  Data  Lc  heap_4.o [1]
xDelayedTaskList1       0x20000084    0x14  Data  Lc  tasks.o [1]
xDelayedTaskList2       0x20000098    0x14  Data  Lc  tasks.o [1]
xFreeBytesRemaining     0x200007bc     0x4  Data  Lc  heap_4.o [1]
xMinimumEverFreeBytesRemaining
                        0x200007c0     0x4  Data  Lc  heap_4.o [1]
xNextTaskUnblockTime    0x2000007c     0x4  Data  Lc  tasks.o [1]
xNumOfOverflows         0x20000074     0x4  Data  Lc  tasks.o [1]
xPendingReadyList       0x20000010    0x14  Data  Lc  tasks.o [1]
xPortStartScheduler     0x08004b6d    0x84  Code  Gb  port.o [1]
xPortSysTickHandler     0x08004c5b    0x26  Code  Gb  port.o [1]
xSchedulerRunning       0x20000068     0x4  Data  Lc  tasks.o [1]
xStart                  0x200007b0     0x8  Data  Lc  heap_4.o [1]
xSuspendedTaskList      0x20000048    0x14  Data  Lc  tasks.o [1]
xTaskGenericCreate      0x080045f1   0x112  Code  Gb  tasks.o [1]
xTaskGetSchedulerState  0x08004ad1    0x16  Code  Gb  tasks.o [1]
xTaskIncrementTick      0x08004875    0xbc  Code  Gb  tasks.o [1]
xTaskResumeAll          0x080047d1    0x90  Code  Gb  tasks.o [1]
xTasksWaitingTermination
                        0x20000024    0x14  Data  Lc  tasks.o [1]
xTickCount              0x20000060     0x4  Data  Lc  tasks.o [1]
xYieldPending           0x20000070     0x4  Data  Lc  tasks.o [1]


[1] = F:\nik\UPSAT-OBC-SOFTWARE\cubeMX\disco\EWARM\disco\Obj
[2] = command line
[3] = dl7M_tlf.a
[4] = m7M_tls.a
[5] = rt7M_tl.a
[6] = shb_l.a

  24 910 bytes of readonly  code memory
      97 bytes of readonly  data memory (+ 16 380 absolute)
  18 817 bytes of readwrite data memory

Errors: none
Warnings: none
